Microchip MPLAB XC8 Compiler V2.36

Linker command line:

-W-3 --edf=C:\Program Files\Microchip\xc8\v2.36\pic\dat\en_msgs.txt -cn \
  -h+dist/default/production\Projet_pic18.X.production.sym \
  --cmf=dist/default/production\Projet_pic18.X.production.cmf -z -Q18F4620 \
  -oC:\Users\NATHAN~1\AppData\Local\Temp\xcAs8b8.4 --defsym=__MPLAB_BUILD=1 \
  -Mdist/default/production/Projet_pic18.X.production.map \
  --md=C:\Users\NATHAN~1\AppData\Local\Temp\xcAs8b8.dat -E1 \
  -ver=XC8 Compiler --acfsm=1493 -ACODE=00h-0FFFFh -ACONST=00h-0FFFFh \
  -ASMALLCONST=01000h-010FFhx240 -AMEDIUMCONST=01000h-0FFFFh \
  -ACOMRAM=01h-07Fh -AABS1=00h-0F7Fh -ABIGRAM=01h-0F7Fh \
  -ARAM=080h-0FFh,0100h-01FFhx14,0F00h-0F7Fh -ABANK0=080h-0FFh \
  -ABANK1=0100h-01FFh -ABANK2=0200h-02FFh -ABANK3=0300h-03FFh \
  -ABANK4=0400h-04FFh -ABANK5=0500h-05FFh -ABANK6=0600h-06FFh \
  -ABANK7=0700h-07FFh -ABANK8=0800h-08FFh -ABANK9=0900h-09FFh \
  -ABANK10=0A00h-0AFFh -ABANK11=0B00h-0BFFh -ABANK12=0C00h-0CFFh \
  -ABANK13=0D00h-0DFFh -ABANK14=0E00h-0EFFh -ABANK15=0F00h-0F7Fh \
  -ASFR=0F80h-0FFFh -ABIGSFR=0F80h-0FFFh -ACONFIG=0300000h-030000Dh \
  -AIDLOC=0200000h-0200007h -AEEDATA=0F00000h-0F003FFh -peeprom_data=EEDATA \
  -preset_vec=00h,intcode=08h,intcodelo,powerup,init -pramtop=01000h \
  -psmallconst=SMALLCONST -pmediumconst=MEDIUMCONST -pconst=CONST \
  -AFARRAM=00h-00h \
  -prdata=COMRAM,nvrram=COMRAM,nvbit=COMRAM,rbss=COMRAM,rbit=COMRAM \
  -pfarbss=FARRAM,fardata=FARRAM,nvFARRAM=FARRAM \
  -pintsave_regs=BIGRAM,bigbss=BIGRAM,bigdata=BIGRAM -pbss=RAM \
  -pidata=CODE,irdata=CODE,ibigdata=CODE,ifardata=CODE -prparam=COMRAM \
  C:\Users\NATHAN~1\AppData\Local\Temp\xcAs8b8.o \
  dist/default/production\Projet_pic18.X.production.o 

Object code version is 3.11

Machine type is 18F4620



                Name                               Link     Load   Length Selector   Space Scale
C:\Users\NATHAN~1\AppData\Local\Temp\xcAs8b8.o
                config                           300000   300000        E        0       4
                init                                  E        E        4        4       0
                reset_vec                             0        0        4        0       0
dist/default/production\Projet_pic18.X.production.o
                intcode                               8        8        6        4       0
                config                           300000   300000        E        0       4
                temp                                 7F       7F        1        1       1
                mediumconst                        FB3C     FB3C      4C4     7D9E       0
                text216                            D68A     D68A        E        4       0
                text215                            D6C2     D6C2        A        4       0
                text214                            D6EC     D6EC        8        4       0
                text213                            D67C     D67C        E        4       0
                text212                            D6E4     D6E4        8        4       0
                text211                            D66E     D66E        E        4       0
                text210                            D4D0     D4D0       1E        4       0
                text209                            D434     D434       22        4       0
                text208                            D5CC     D5CC       16        4       0
                text207                            D5B6     D5B6       16        4       0
                text206                            C608     C608       54        4       0
                text205                            D5A0     D5A0       16        4       0
                text204                            C9CA     C9CA       4A        4       0
                text203                            D526     D526       1C        4       0
                text202                            C06C     C06C       6A        4       0
                text201                            D50A     D50A       1C        4       0
                text200                            AF0C     AF0C       C4        4       0
                text199                            B35A     B35A       B0        4       0
                text198                            8CF8     8CF8      17A        4       0
                text197                            D626     D626       10        4       0
                text196                            89F6     89F6      186        4       0
                text195                            D4B2     D4B2       1E        4       0
                text194                            D33E     D33E       26        4       0
                text193                            D066     D066       38        4       0
                text192                            CD14     CD14       44        4       0
                text191                            7E82     7E82      1C8        4       0
                text190                            886E     886E      188        4       0
                text189                            942A     942A      164        4       0
                text188                            CE1C     CE1C       40        4       0
                text187                            D55C     D55C       18        4       0
                text186                            D6B8     D6B8        A        4       0
                text185                            ACB6     ACB6       CA        4       0
                text184                            CCD0     CCD0       44        4       0
                text183                            C896     C896       50        4       0
                text182                            AE46     AE46       C6        4       0
                text181                            6DF8     6DF8      2E4        4       0
                text180                            60D4     60D4      39A        4       0
                text179                            B564     B564       AA        4       0
                text178                            9FEA     9FEA      104        4       0
                text177                            590E     590E      42A        4       0
                text176                            D02E     D02E       38        4       0
                text175                            5022     5022      4C0        4       0
                text174                            CBBE     CBBE       46        4       0
                text173                            9EE4     9EE4      106        4       0
                text172                            A3EC     A3EC       FE        4       0
                text171                            7A9A     7A9A      212        4       0
                text170                            C450     C450       5E        4       0
                text169                            D720     D720        2        4       0
                text168                            CB78     CB78       46        4       0
                text167                            1CD6     1CD6      C24        4       0
                text166                            A970     A970       DC        4       0
                text165                            D71E     D71E        2        4       0
                text164                            D71C     D71C        2        4       0
                text163                            CC8C     CC8C       44        4       0
                text162                            7394     7394      2A6        4       0
                text161                            38F0     38F0      7B6        4       0
                text160                            C26C     C26C       64        4       0
                text159                            D2A4     D2A4       28        4       0
                text158                            915A     915A      16A        4       0
                text157                            9AAE     9AAE      116        4       0
                text156                            D456     D456       20        4       0
                text155                            C3F0     C3F0       60        4       0
                text154                            D1CC     D1CC       30        4       0
                text153                            A5E0     A5E0       F6        4       0
                text152                            8202     8202      1B4        4       0
                text151                            D09E     D09E       36        4       0
                text150                            67C6     67C6      336        4       0
                text149                            C13E     C13E       66        4       0
                text148                            8B7C     8B7C      17C        4       0
                text147                            CB32     CB32       46        4       0
                text146                            BDD4     BDD4       72        4       0
                text145                            D1FC     D1FC       2E        4       0
                text144                            BC70     BC70       7A        4       0
                text143                            BF94     BF94       6E        4       0
                text142                            C390     C390       60        4       0
                text141                            8FE8     8FE8      172        4       0
                text140                            A892     A892       DE        4       0
                text139                            763A     763A      24A        4       0
                text138                            C846     C846       50        4       0
                text137                            C97E     C97E       4C        4       0
                text136                            B980     B980       84        4       0
                text135                            D108     D108       34        4       0
                text134                            D6DC     D6DC        8        4       0
                text133                            D6AE     D6AE        A        4       0
                text132                            B75A     B75A       8C        4       0
                text131                            BBF6     BBF6       7A        4       0
                text130                            D388     D388       24        4       0
                text129                            A1EE     A1EE      100        4       0
                text128                            B40A     B40A       AE        4       0
                text127                            86E4     86E4      18A        4       0
                text126                            D698     D698        C        4       0
                text125                            BD62     BD62       72        4       0
                text124                            D318     D318       26        4       0
                text123                            C508     C508       58        4       0
                text122                            BEB6     BEB6       70        4       0
                text121                            AFD0     AFD0       BC        4       0
                text120                            D712     D712        6        4       0
                text119                            D5E2     D5E2       14        4       0
                text118                            D70C     D70C        6        4       0
                text117                            D2F2     D2F2       26        4       0
                text116                            C932     C932       4C        4       0
                text115                            C7A4     C7A4       52        4       0
                text114                            CC48     CC48       44        4       0
                text113                            CFBC     CFBC       3A        4       0
                text112                            B2A8     B2A8       B2        4       0
                text111                            958E     958E      15E        4       0
                text110                            96EC     96EC      14C        4       0
                text109                            CFF6     CFF6       38        4       0
                text108                            D22A     D22A       2A        4       0
                text107                            D660     D660        E        4       0
                text106                            D706     D706        6        4       0
                text105                            D700     D700        6        4       0
                text104                            C002     C002       6A        4       0
                text103                            BE46     BE46       70        4       0
                text102                            D412     D412       22        4       0
                text101                              12       12     1098        4       0
                text100                            D2CC     D2CC       26        4       0
                text99                             BB7C     BB7C       7A        4       0
                text98                             BB00     BB00       7C        4       0
                text97                             CDDC     CDDC       40        4       0
                text96                             C752     C752       52        4       0
                text95                             83B6     83B6      1A4        4       0
                text94                             B142     B142       B4        4       0
                text93                             BCEA     BCEA       78        4       0
                text92                             D494     D494       1E        4       0
                text91                             D19C     D19C       30        4       0
                text90                             C330     C330       60        4       0
                text89                             28FA     28FA      826        4       0
                text88                             40A6     40A6      5B2        4       0
                text87                             997A     997A      134        4       0
                text86                             8E72     8E72      176        4       0
                text85                             C8E6     C8E6       4C        4       0
                text84                             9838     9838      142        4       0
                text83                             B8FA     B8FA       86        4       0
                text82                             D616     D616       10        4       0
                text81                             D16C     D16C       30        4       0
                intcode_body                       A4EA     A4EA       F6        4       0
                text79                             D6A4     D6A4        A        4       0
                text78                             D6D4     D6D4        8        4       0
                text77                             D652     D652        E        4       0
                text76                             D6CC     D6CC        8        4       0
                text75                             D644     D644        E        4       0
                text74                             D476     D476       1E        4       0
                text73                             D3F0     D3F0       22        4       0
                text72                             D58A     D58A       16        4       0
                text71                             D574     D574       16        4       0
                text70                             C4AE     C4AE       5A        4       0
                text69                             D542     D542       1A        4       0
                text68                             C700     C700       52        4       0
                text67                             D3CE     D3CE       22        4       0
                text66                             D606     D606       10        4       0
                text65                             9BC4     9BC4      112        4       0
                text64                             BF26     BF26       6E        4       0
                text63                             D3AC     D3AC       22        4       0
                text62                             CC04     CC04       44        4       0
                text61                             D364     D364       24        4       0
                text60                             C208     C208       64        4       0
                text59                             D0D4     D0D4       34        4       0
                text58                             A2EE     A2EE       FE        4       0
                text57                             AD80     AD80       C6        4       0
                text56                             CF82     CF82       3A        4       0
                text55                             646E     646E      358        4       0
                text54                             C0D6     C0D6       68        4       0
                text53                             D27C     D27C       28        4       0
                text52                             CF48     CF48       3A        4       0
                text51                             C5B4     C5B4       54        4       0
                text50                             7CAC     7CAC      1D6        4       0
                text49                             855A     855A      18A        4       0
                text48                             92C4     92C4      166        4       0
                text47                             CD9A     CD9A       42        4       0
                text46                             D4EE     D4EE       1C        4       0
                text45                             D636     D636        E        4       0
                text44                             ABEA     ABEA       CC        4       0
                text43                             CAA4     CAA4       48        4       0
                text42                             C560     C560       54        4       0
                text41                             AB1E     AB1E       CC        4       0
                text40                             6AFC     6AFC      2FC        4       0
                text39                             B1F6     B1F6       B2        4       0
                text38                             5D38     5D38      39C        4       0
                text37                             B4B8     B4B8       AC        4       0
                text36                             9DDE     9DDE      106        4       0
                text35                             54E2     54E2      42C        4       0
                text34                             CF0E     CF0E       3A        4       0
                text33                             4B60     4B60      4C2        4       0
                text32                             CA5C     CA5C       48        4       0
                text31                             9CD6     9CD6      108        4       0
                text30                             A0EE     A0EE      100        4       0
                text29                             7884     7884      216        4       0
                text28                             C2D0     C2D0       60        4       0
                text27                             CED4     CED4       3A        4       0
                text26                             CA14     CA14       48        4       0
                text25                             10AA     10AA      C2C        4       0
                text24                             A7B4     A7B4       DE        4       0
                text23                             CE5C     CE5C       3E        4       0
                text22                             CE9A     CE9A       3A        4       0
                text21                             CAEC     CAEC       46        4       0
                text20                             70DC     70DC      2B8        4       0
                text19                             3120     3120      7D0        4       0
                text18                             C1A4     C1A4       64        4       0
                text17                             C6AE     C6AE       52        4       0
                text16                             AA4C     AA4C       D2        4       0
                text15                             D5F6     D5F6       10        4       0
                text14                             BA84     BA84       7C        4       0
                text13                             CD58     CD58       42        4       0
                text12                             B870     B870       8A        4       0
                text11                             B60E     B60E       A8        4       0
                text10                             D718     D718        4        4       0
                text9                              BA04     BA04       80        4       0
                text8                              B6B6     B6B6       A4        4       0
                text7                              D13C     D13C       30        4       0
                text6                              A6D6     A6D6       DE        4       0
                text5                              B08C     B08C       B6        4       0
                text4                              804A     804A      1B8        4       0
                text3                              4658     4658      508        4       0
                text2                              C65C     C65C       52        4       0
                text1                              C7F6     C7F6       50        4       0
                text0                              D254     D254       28        4       0
                cstackCOMRAM                          1        1       7E        1       1
                cstackBANK0                          80       80       7D       80       1
                cstackBANK1                         100      100       5F      100       1
                cstackBANK2                         200      200       85      200       1
                cstackBANK3                         3C4      3C4       37      300       1
                cstackBANK4                         400      400        F      400       1
                bssBIGRAM                           40F      40F      400      40F       1
                bssBANK3                            300      300       C4      300       1
                dataBANK2                           2FA      2FA        6      200       1
                bssBANK2                            285      285       75      200       1
                dataBANK1                           1B4      1B4        6      100       1
                bssBANK1                            15F      15F       55      100       1
                bssBANK0                             FD       FD        3       80       1
                cinit                              B7E6     B7E6       8A        4       0
                nvBANK1                             1BA      1BA        1      100       1
                idataBANK2                         D6FA     D6FA        6        4       0
                idataBANK1                         D6F4     D6F4        6        4       0

TOTAL           Name                               Link     Load   Length     Space
        CLASS   CODE           
                intcode                               8        8        6         0
                init                                  E        E        4         0
                reset_vec                             0        0        4         0
                text216                            D68A     D68A        E         0
                text215                            D6C2     D6C2        A         0
                text214                            D6EC     D6EC        8         0
                text213                            D67C     D67C        E         0
                text212                            D6E4     D6E4        8         0
                text211                            D66E     D66E        E         0
                text210                            D4D0     D4D0       1E         0
                text209                            D434     D434       22         0
                text208                            D5CC     D5CC       16         0
                text207                            D5B6     D5B6       16         0
                text206                            C608     C608       54         0
                text205                            D5A0     D5A0       16         0
                text204                            C9CA     C9CA       4A         0
                text203                            D526     D526       1C         0
                text202                            C06C     C06C       6A         0
                text201                            D50A     D50A       1C         0
                text200                            AF0C     AF0C       C4         0
                text199                            B35A     B35A       B0         0
                text198                            8CF8     8CF8      17A         0
                text197                            D626     D626       10         0
                text196                            89F6     89F6      186         0
                text195                            D4B2     D4B2       1E         0
                text194                            D33E     D33E       26         0
                text193                            D066     D066       38         0
                text192                            CD14     CD14       44         0
                text191                            7E82     7E82      1C8         0
                text190                            886E     886E      188         0
                text189                            942A     942A      164         0
                text188                            CE1C     CE1C       40         0
                text187                            D55C     D55C       18         0
                text186                            D6B8     D6B8        A         0
                text185                            ACB6     ACB6       CA         0
                text184                            CCD0     CCD0       44         0
                text183                            C896     C896       50         0
                text182                            AE46     AE46       C6         0
                text181                            6DF8     6DF8      2E4         0
                text180                            60D4     60D4      39A         0
                text179                            B564     B564       AA         0
                text178                            9FEA     9FEA      104         0
                text177                            590E     590E      42A         0
                text176                            D02E     D02E       38         0
                text175                            5022     5022      4C0         0
                text174                            CBBE     CBBE       46         0
                text173                            9EE4     9EE4      106         0
                text172                            A3EC     A3EC       FE         0
                text171                            7A9A     7A9A      212         0
                text170                            C450     C450       5E         0
                text169                            D720     D720        2         0
                text168                            CB78     CB78       46         0
                text167                            1CD6     1CD6      C24         0
                text166                            A970     A970       DC         0
                text165                            D71E     D71E        2         0
                text164                            D71C     D71C        2         0
                text163                            CC8C     CC8C       44         0
                text162                            7394     7394      2A6         0
                text161                            38F0     38F0      7B6         0
                text160                            C26C     C26C       64         0
                text159                            D2A4     D2A4       28         0
                text158                            915A     915A      16A         0
                text157                            9AAE     9AAE      116         0
                text156                            D456     D456       20         0
                text155                            C3F0     C3F0       60         0
                text154                            D1CC     D1CC       30         0
                text153                            A5E0     A5E0       F6         0
                text152                            8202     8202      1B4         0
                text151                            D09E     D09E       36         0
                text150                            67C6     67C6      336         0
                text149                            C13E     C13E       66         0
                text148                            8B7C     8B7C      17C         0
                text147                            CB32     CB32       46         0
                text146                            BDD4     BDD4       72         0
                text145                            D1FC     D1FC       2E         0
                text144                            BC70     BC70       7A         0
                text143                            BF94     BF94       6E         0
                text142                            C390     C390       60         0
                text141                            8FE8     8FE8      172         0
                text140                            A892     A892       DE         0
                text139                            763A     763A      24A         0
                text138                            C846     C846       50         0
                text137                            C97E     C97E       4C         0
                text136                            B980     B980       84         0
                text135                            D108     D108       34         0
                text134                            D6DC     D6DC        8         0
                text133                            D6AE     D6AE        A         0
                text132                            B75A     B75A       8C         0
                text131                            BBF6     BBF6       7A         0
                text130                            D388     D388       24         0
                text129                            A1EE     A1EE      100         0
                text128                            B40A     B40A       AE         0
                text127                            86E4     86E4      18A         0
                text126                            D698     D698        C         0
                text125                            BD62     BD62       72         0
                text124                            D318     D318       26         0
                text123                            C508     C508       58         0
                text122                            BEB6     BEB6       70         0
                text121                            AFD0     AFD0       BC         0
                text120                            D712     D712        6         0
                text119                            D5E2     D5E2       14         0
                text118                            D70C     D70C        6         0
                text117                            D2F2     D2F2       26         0
                text116                            C932     C932       4C         0
                text115                            C7A4     C7A4       52         0
                text114                            CC48     CC48       44         0
                text113                            CFBC     CFBC       3A         0
                text112                            B2A8     B2A8       B2         0
                text111                            958E     958E      15E         0
                text110                            96EC     96EC      14C         0
                text109                            CFF6     CFF6       38         0
                text108                            D22A     D22A       2A         0
                text107                            D660     D660        E         0
                text106                            D706     D706        6         0
                text105                            D700     D700        6         0
                text104                            C002     C002       6A         0
                text103                            BE46     BE46       70         0
                text102                            D412     D412       22         0
                text101                              12       12     1098         0
                text100                            D2CC     D2CC       26         0
                text99                             BB7C     BB7C       7A         0
                text98                             BB00     BB00       7C         0
                text97                             CDDC     CDDC       40         0
                text96                             C752     C752       52         0
                text95                             83B6     83B6      1A4         0
                text94                             B142     B142       B4         0
                text93                             BCEA     BCEA       78         0
                text92                             D494     D494       1E         0
                text91                             D19C     D19C       30         0
                text90                             C330     C330       60         0
                text89                             28FA     28FA      826         0
                text88                             40A6     40A6      5B2         0
                text87                             997A     997A      134         0
                text86                             8E72     8E72      176         0
                text85                             C8E6     C8E6       4C         0
                text84                             9838     9838      142         0
                text83                             B8FA     B8FA       86         0
                text82                             D616     D616       10         0
                text81                             D16C     D16C       30         0
                intcode_body                       A4EA     A4EA       F6         0
                text79                             D6A4     D6A4        A         0
                text78                             D6D4     D6D4        8         0
                text77                             D652     D652        E         0
                text76                             D6CC     D6CC        8         0
                text75                             D644     D644        E         0
                text74                             D476     D476       1E         0
                text73                             D3F0     D3F0       22         0
                text72                             D58A     D58A       16         0
                text71                             D574     D574       16         0
                text70                             C4AE     C4AE       5A         0
                text69                             D542     D542       1A         0
                text68                             C700     C700       52         0
                text67                             D3CE     D3CE       22         0
                text66                             D606     D606       10         0
                text65                             9BC4     9BC4      112         0
                text64                             BF26     BF26       6E         0
                text63                             D3AC     D3AC       22         0
                text62                             CC04     CC04       44         0
                text61                             D364     D364       24         0
                text60                             C208     C208       64         0
                text59                             D0D4     D0D4       34         0
                text58                             A2EE     A2EE       FE         0
                text57                             AD80     AD80       C6         0
                text56                             CF82     CF82       3A         0
                text55                             646E     646E      358         0
                text54                             C0D6     C0D6       68         0
                text53                             D27C     D27C       28         0
                text52                             CF48     CF48       3A         0
                text51                             C5B4     C5B4       54         0
                text50                             7CAC     7CAC      1D6         0
                text49                             855A     855A      18A         0
                text48                             92C4     92C4      166         0
                text47                             CD9A     CD9A       42         0
                text46                             D4EE     D4EE       1C         0
                text45                             D636     D636        E         0
                text44                             ABEA     ABEA       CC         0
                text43                             CAA4     CAA4       48         0
                text42                             C560     C560       54         0
                text41                             AB1E     AB1E       CC         0
                text40                             6AFC     6AFC      2FC         0
                text39                             B1F6     B1F6       B2         0
                text38                             5D38     5D38      39C         0
                text37                             B4B8     B4B8       AC         0
                text36                             9DDE     9DDE      106         0
                text35                             54E2     54E2      42C         0
                text34                             CF0E     CF0E       3A         0
                text33                             4B60     4B60      4C2         0
                text32                             CA5C     CA5C       48         0
                text31                             9CD6     9CD6      108         0
                text30                             A0EE     A0EE      100         0
                text29                             7884     7884      216         0
                text28                             C2D0     C2D0       60         0
                text27                             CED4     CED4       3A         0
                text26                             CA14     CA14       48         0
                text25                             10AA     10AA      C2C         0
                text24                             A7B4     A7B4       DE         0
                text23                             CE5C     CE5C       3E         0
                text22                             CE9A     CE9A       3A         0
                text21                             CAEC     CAEC       46         0
                text20                             70DC     70DC      2B8         0
                text19                             3120     3120      7D0         0
                text18                             C1A4     C1A4       64         0
                text17                             C6AE     C6AE       52         0
                text16                             AA4C     AA4C       D2         0
                text15                             D5F6     D5F6       10         0
                text14                             BA84     BA84       7C         0
                text13                             CD58     CD58       42         0
                text12                             B870     B870       8A         0
                text11                             B60E     B60E       A8         0
                text10                             D718     D718        4         0
                text9                              BA04     BA04       80         0
                text8                              B6B6     B6B6       A4         0
                text7                              D13C     D13C       30         0
                text6                              A6D6     A6D6       DE         0
                text5                              B08C     B08C       B6         0
                text4                              804A     804A      1B8         0
                text3                              4658     4658      508         0
                text2                              C65C     C65C       52         0
                text1                              C7F6     C7F6       50         0
                text0                              D254     D254       28         0
                cinit                              B7E6     B7E6       8A         0
                idataBANK2                         D6FA     D6FA        6         0
                idataBANK1                         D6F4     D6F4        6         0

        CLASS   CONST          

        CLASS   SMALLCONST     

        CLASS   MEDIUMCONST    
                mediumconst                        FB3C     FB3C      4C4         0

        CLASS   COMRAM         
                temp                                 7F       7F        1         1
                cstackCOMRAM                          1        1       7E         1

        CLASS   ABS1           

        CLASS   BIGRAM         
                bssBIGRAM                           40F      40F      400         1

        CLASS   RAM            

        CLASS   BANK0          
                cstackBANK0                          80       80       7D         1
                bssBANK0                             FD       FD        3         1

        CLASS   BANK1          
                cstackBANK1                         100      100       5F         1
                dataBANK1                           1B4      1B4        6         1
                bssBANK1                            15F      15F       55         1
                nvBANK1                             1BA      1BA        1         1

        CLASS   BANK2          
                cstackBANK2                         200      200       85         1
                dataBANK2                           2FA      2FA        6         1
                bssBANK2                            285      285       75         1

        CLASS   BANK3          
                cstackBANK3                         3C4      3C4       37         1
                bssBANK3                            300      300       C4         1

        CLASS   BANK4          
                cstackBANK4                         400      400        F         1

        CLASS   BANK5          

        CLASS   BANK6          

        CLASS   BANK7          

        CLASS   BANK8          

        CLASS   BANK9          

        CLASS   BANK10         

        CLASS   BANK11         

        CLASS   BANK12         

        CLASS   BANK13         

        CLASS   BANK14         

        CLASS   BANK15         

        CLASS   SFR            

        CLASS   BIGSFR         

        CLASS   CONFIG         
                config                           300000   300000        E         4

        CLASS   IDLOC          

        CLASS   EEDATA         

        CLASS   FARRAM         

        CLASS   HEAP           

        CLASS   STACK          



SEGMENTS        Name                           Load    Length   Top    Selector   Space  Class

                reset_vec                      000000  000004  000004         0       0  CODE    
                cstackCOMRAM                   000001  00007F  000080         1       1  COMRAM  
                intcode                        000008  00D71A  00D722         4       0  CODE    
                cstackBANK0                    000080  000080  000100        80       1  BANK0   
                cstackBANK1                    000100  0000BB  0001BB       100       1  BANK1   
                cstackBANK2                    000200  000100  000300       200       1  BANK2   
                bssBANK3                       000300  0000FB  0003FB       300       1  BANK3   
                cstackBANK4                    000400  00000F  00040F       400       1  BANK4   
                bssBIGRAM                      00040F  000400  00080F       40F       1  BIGRAM  
                mediumconst                    00FB3C  0004C4  010000      7D9E       0  MEDIUMCO


UNUSED ADDRESS RANGES

        Name                Unused          Largest block    Delta
        BANK1            0001BB-0001FF               45
        BANK10           000A00-000AFF              100
        BANK11           000B00-000BFF              100
        BANK12           000C00-000CFF              100
        BANK13           000D00-000DFF              100
        BANK14           000E00-000EFF              100
        BANK15           000F00-000F7F               80
        BANK3            0003FB-0003FF                5
        BANK8            00080F-0008FF               F1
        BANK9            000900-0009FF              100
        BIGRAM           0001BB-0001FF               45
                         0003FB-0003FF                5
                         00080F-000F7F              771
        BIGSFR           000F80-000FFF               80
        CODE             000004-000007                4
                         00D722-00FB3B             241A
        CONST            000004-000007                4
                         00D722-00FB3B             241A
        EEDATA           F00000-F003FF              400
        IDLOC            200000-200007                8
        MEDIUMCONST      00D722-00FB3B             241A
        RAM              0001BB-0001FF               45
                         0003FB-0003FF                5
                         00080F-000F7F              100
        SFR              000F80-000FFF               80
        SMALLCONST       00D722-00FB3B              100

                                  Symbol Table

?_Get_DS1307_RTC_Date                                 cstackCOMRAM 000011
?_Get_DS1307_RTC_Time                                 cstackCOMRAM 000011
?_OneWireTemp                                         cstackCOMRAM 000028
?___aodiv                                             cstackBANK2  000200
?___aomod                                             cstackBANK2  000200
?___awdiv                                             cstackBANK2  000200
?___awmod                                             cstackBANK2  000200
?___fladd                                             cstackBANK2  000227
?___fldiv                                             cstackBANK2  00020E
?___flmul                                             cstackBANK2  000200
?___flneg                                             cstackBANK2  000200
?___flsub                                             cstackBANK2  000237
?___fltol                                             cstackBANK2  000200
?___fpclassifyf                                       cstackBANK2  000200
?___lmul                                              cstackCOMRAM 000001
?___wmul                                              cstackBANK2  000200
?___xxtofl                                            cstackBANK2  000200
?_abs                                                 cstackBANK2  000212
?_atof                                                cstackCOMRAM 00007A
?_atoi                                                cstackBANK2  000207
?_dtoa                                                cstackBANK2  00021D
?_efgtoa                                              cstackBANK2  00023F
?_floorf                                              cstackBANK2  000227
?_isalpha                                             cstackBANK2  000200
?_isdigit                                             cstackBANK2  000200
?_islower                                             cstackBANK2  000200
?_isspace                                             cstackBANK2  000200
?_isupper                                             cstackBANK2  000200
?_isxdigit                                            cstackCOMRAM 000007
?_nanf                                                cstackCOMRAM 000001
?_pad                                                 cstackBANK2  000212
?_printf                                              cstackBANK0  0000D2
?_snprintf                                            cstackBANK0  0000D2
?_sprintf                                             cstackBANK3  0003E8
?_strchr                                              cstackCOMRAM 000001
?_strlen                                              cstackBANK2  000200
?_strncmp                                             cstackBANK2  000200
?_strtof                                              cstackCOMRAM 000065
?_tolower                                             cstackBANK2  000206
?_toupper                                             cstackBANK2  000206
?_vfpfcnvrt                                           cstackBANK2  00027D
?_vfprintf                                            cstackBANK3  0003E2
?_xtoa                                                cstackBANK2  00021D
?i2___aodiv                                           cstackCOMRAM 000001
?i2___aomod                                           cstackCOMRAM 000001
?i2___awdiv                                           cstackCOMRAM 000001
?i2___awmod                                           cstackCOMRAM 000001
?i2___fladd                                           cstackCOMRAM 000028
?i2___fldiv                                           cstackCOMRAM 00000F
?i2___flmul                                           cstackCOMRAM 000040
?i2___flneg                                           cstackCOMRAM 000001
?i2___flsub                                           cstackCOMRAM 000038
?i2___fltol                                           cstackCOMRAM 000059
?i2___fpclassifyf                                     cstackCOMRAM 000001
?i2___wmul                                            cstackCOMRAM 000001
?i2___xxtofl                                          cstackCOMRAM 000001
?i2_abs                                               cstackCOMRAM 000013
?i2_atoi                                              cstackCOMRAM 000007
?i2_dtoa                                              cstackCOMRAM 00001E
?i2_efgtoa                                            cstackCOMRAM 000065
?i2_floorf                                            cstackCOMRAM 000028
?i2_isdigit                                           cstackCOMRAM 000001
?i2_pad                                               cstackCOMRAM 000013
?i2_sprintf                                           cstackBANK0  0000D2
?i2_strlen                                            cstackCOMRAM 000001
?i2_strncmp                                           cstackCOMRAM 000005
?i2_tolower                                           cstackCOMRAM 000003
?i2_toupper                                           cstackCOMRAM 000003
?i2_vfpfcnvrt                                         cstackCOMRAM 000071
?i2_vfprintf                                          cstackBANK0  0000CC
?i2_xtoa                                              cstackCOMRAM 00001E
DisplayDateOnLCD@pDate                                cstackCOMRAM 00000D
DisplayDateOnLCD@tens                                 cstackCOMRAM 000010
DisplayDateOnLCD@units                                cstackCOMRAM 000011
DisplayTimeToLCD@pTime                                cstackCOMRAM 00000D
DisplayTimeToLCD@tens                                 cstackCOMRAM 000010
DisplayTimeToLCD@units                                cstackCOMRAM 000011
Get_DS1307_RTC_Date@Temp                              cstackCOMRAM 00001E
Get_DS1307_RTC_Date@currentDate                       cstackCOMRAM 00001A
Get_DS1307_RTC_Date@pRTCArray                         cstackCOMRAM 000016
Get_DS1307_RTC_Time@Temp                              cstackCOMRAM 000019
Get_DS1307_RTC_Time@currentTime                       cstackCOMRAM 00001A
Get_DS1307_RTC_Time@pRTCArray                         cstackCOMRAM 000016
I2C_ReadFromAddress@deviceAddress                     cstackBANK2  000204
I2C_ReadRegister@deviceAddress                        cstackCOMRAM 000009
I2C_ReadRegister@registerAddress                      cstackCOMRAM 000007
I2C_ReadRegister@result                               cstackCOMRAM 000008
I2C_ReadResult@readback                               cstackBANK2  000202
I2C_ReadResult@x                                      cstackBANK2  000200
I2C_ReadResult_withAck@readback                       cstackCOMRAM 000003
I2C_ReadResult_withAck@x                              cstackCOMRAM 000001
I2C_WriteByte@temp                                    cstackBANK2  000203
I2C_WriteByte@theByte                                 cstackBANK2  000200
I2C_WriteByte@x                                       cstackBANK2  000201
I2C_WriteToAddress@deviceAddress                      cstackBANK2  000204
I2C_WriteToAddress@temp                               cstackBANK2  000205
LCD_CMD@CMD                                           cstackBANK2  000207
LCD_Init@I2C_Add                                      cstackBANK2  00020A
LCD_Set_Cursor@COL                                    cstackBANK2  000208
LCD_Set_Cursor@ROW                                    cstackBANK2  00020B
LCD_Write_4Bit@Nibble                                 cstackBANK2  000206
LCD_Write_Char@Data                                   cstackBANK2  000207
LCD_Write_String@Str                                  cstackBANK2  000208
LCD_Write_String@i                                    cstackBANK2  00020A
OneWireReadBit@out                                    cstackCOMRAM 000001
OneWireReadByte@i                                     cstackCOMRAM 000003
OneWireReadByte@out                                   cstackCOMRAM 000005
OneWireTemp@LSB                                       cstackCOMRAM 000034
OneWireTemp@MSB                                       cstackCOMRAM 000035
OneWireTemp@data                                      cstackCOMRAM 000032
OneWireTemp@temperature                               cstackCOMRAM 00002E
OneWireWriteBit@b                                     cstackCOMRAM 000001
OneWireWriteByte@b                                    cstackCOMRAM 000004
OneWireWriteByte@i                                    cstackCOMRAM 000002
Read_Bytes_From_DS1307_RTC@Address                    cstackCOMRAM 00000E
Read_Bytes_From_DS1307_RTC@NoOfBytes                  cstackCOMRAM 00000C
Read_Bytes_From_DS1307_RTC@i                          cstackCOMRAM 00000F
Read_Bytes_From_DS1307_RTC@pData                      cstackCOMRAM 00000A
SD_ACMD@arg                                           cstackCOMRAM 00000B
SD_ACMD@cmd                                           cstackCOMRAM 00000F
SD_Command@arg                                        cstackCOMRAM 000004
SD_Command@cmd                                        cstackCOMRAM 000009
SD_Command@n                                          cstackCOMRAM 000008
SD_Command@response                                   cstackCOMRAM 00000A
SD_EraseBlocks@firstBlock                             cstackCOMRAM 00000B
SD_EraseBlocks@lastBlock                              cstackCOMRAM 00000F
SD_MBR_Receive@bufReceive                             cstackCOMRAM 000004
SD_MBR_Receive@i                                      cstackCOMRAM 000006
SD_MBR_Start@response                                 cstackCOMRAM 000010
SD_MBR_Start@startBlock                               cstackCOMRAM 00000B
SD_SendDummyBytes@n                                   cstackCOMRAM 000005
SD_SendDummyBytes@numBytes                            cstackCOMRAM 000004
SD_SingleBlockWrite@arr                               cstackCOMRAM 00000F
SD_SingleBlockWrite@block                             cstackCOMRAM 00000B
SD_SingleBlockWrite@i                                 cstackCOMRAM 000014
SD_SingleBlockWrite@response                          cstackCOMRAM 000013
SSD1306_ClearDisplay@i                                cstackBANK2  000207
SSD1306_GotoXY@x                                      cstackBANK2  000201
SSD1306_GotoXY@y                                      cstackBANK2  000200
SSD1306_Init@i2caddr                                  cstackBANK2  000207
SSD1306_Init@vccstate                                 cstackBANK2  000208
SSD1306_PutStretchC@F3715                             bssBANK2     0002CD
SSD1306_PutStretchC@b                                 cstackBANK2  000210
SSD1306_PutStretchC@bn                                cstackBANK2  000215
SSD1306_PutStretchC@bn_2795                           cstackBANK2  00021A
SSD1306_PutStretchC@c                                 cstackBANK2  00021D
SSD1306_PutStretchC@font_c                            cstackBANK2  000218
SSD1306_PutStretchC@i                                 cstackBANK2  000216
SSD1306_PutStretchC@i_2786                            cstackBANK2  00021C
SSD1306_PutStretchC@i_2790                            cstackBANK2  00021E
SSD1306_PutStretchC@i_2794                            cstackBANK2  000217
SSD1306_PutStretchC@offs                              cstackBANK2  000219
SSD1306_PutStretchC@p                                 cstackBANK2  00021B
SSD1306_PutStretchC@pos                               cstackBANK2  000214
SSD1306_PutStretchC@size_mult                         cstackBANK2  000208
Timer1_DefaultInterruptHandler@cpt_ms_buzzer          bssBANK2     0002E3
Timer1_DefaultInterruptHandler@cpt_ms_lcd             bssBANK2     0002E7
Timer1_DefaultInterruptHandler@cpt_ms_oled            bssBANK2     0002E5
Timer1_DefaultInterruptHandler@cpt_ms_sd              bssBANK2     0002D1
Timer1_DefaultInterruptHandler@cpt_ms_temp_management bssBANK0     0000FD
Timer1_Init@_timer                                    cstackBANK2  000202
Timer1_Mode_Selection@_timer                          cstackBANK2  000200
USART_ASYNCRONOUS_RX_Init@_usart                      cstackBANK2  000200
USART_ASYNCRONOUS_TX_Init@_usart                      cstackBANK2  000200
USART_Asynchronous_Initialize@_usart                  cstackBANK2  000243
USART_Asynchronous_Initialize@ret                     cstackBANK2  000245
USART_Asynchronous_ReadByte_NonBlocking@_data         cstackCOMRAM 000001
USART_Asynchronous_ReadByte_NonBlocking@ret           cstackCOMRAM 000003
USART_Asynchronous_WriteByte_Blocking@_data           cstackBANK2  000200
USART_Baud_Rate_Calculation@Baud_Rate_Temp_Value      cstackBANK2  00023B
USART_Baud_Rate_Calculation@_usart                    cstackBANK2  000237
USART_FramingDefaultErrorHandler@_data_               cstackCOMRAM 000004
USART_RxDefaultInterruptHandler@i                     cstackBANK0  0000FB
_ACMD22                                               mediumconst  00FD20
_BAUDCONbits                                          (abs)        000FB8
_BackLight_State                                      dataBANK1    0001B9
_CCP1CON                                              (abs)        000FBD
_CCPR1L                                               (abs)        000FBE
_CMD13                                                mediumconst  00FD2B
_DisplayDateOnLCD                                     text198      008CF8
_DisplayTimeToLCD                                     text196      0089F6
_Font                                                 mediumconst  00FB3D
_Font2                                                mediumconst  00FC3C
_Get_DS1307_RTC_Date                                  text122      00BEB6
_Get_DS1307_RTC_Time                                  text121      00AFD0
_I2C_Delay                                            text79       00D6A4
_I2C_ReadFromAddress                                  text15       00D5F6
_I2C_ReadRegister                                     text124      00D318
_I2C_ReadResult                                       text14       00BA84
_I2C_ReadResult_withAck                               text99       00BB7C
_I2C_SendOne                                          text72       00D58A
_I2C_SendZero                                         text71       00D574
_I2C_Start                                            text74       00D476
_I2C_Stop                                             text73       00D3F0
_I2C_WriteByte                                        text70       00C4AE
_I2C_WriteToAddress                                   text69       00D542
_INTCONbits                                           (abs)        000FF2
_InterruptManager                                     intcode      000008
_LATAbits                                             (abs)        000F89
_LATEbits                                             (abs)        000F8D
_LCD_CMD                                              text67       00D3CE
_LCD_Clear                                            text66       00D606
_LCD_Init                                             text65       009BC4
_LCD_Set_Cursor                                       text64       00BF26
_LCD_Write_4Bit                                       text68       00C700
_LCD_Write_Char                                       text63       00D3AC
_LCD_Write_String                                     text62       00CC04
_OSCCON                                               (abs)        000FD3
_OSCCONbits                                           (abs)        000FD3
_OSCTUNE                                              (abs)        000F9B
_OneWireHigh                                          text120      00D712
_OneWireRead                                          text119      00D5E2
_OneWireReadBit                                       text117      00D2F2
_OneWireReadByte                                      text116      00C932
_OneWireRelease                                       text118      00D70C
_OneWireReset                                         text115      00C7A4
_OneWireTemp                                          text112      00B2A8
_OneWireWriteBit                                      text114      00CC48
_OneWireWriteByte                                     text113      00CFBC
_PIE1bits                                             (abs)        000F9D
_PIR1bits                                             (abs)        000F9E
_PORTA                                                (abs)        000F80
_PORTCbits                                            (abs)        000F82
_PORTD                                                (abs)        000F83
_PORTDbits                                            (abs)        000F83
_PORTE                                                (abs)        000F84
_PR2                                                  (abs)        000FCB
_RCREG                                                (abs)        000FAE
_RCSTAbits                                            (abs)        000FAB
_RS                                                   bssBANK1     0001AE
_Read_Bytes_From_DS1307_RTC                           text123      00C508
_SCL_High                                             text78       00D6D4
_SCL_Low                                              text77       00D652
_SDA_High                                             text76       00D6CC
_SDA_Low                                              text75       00D644
_SDCard                                               bssBANK1     00015F
_SD_ACMD                                              text91       00D19C
_SD_Command                                           text132      00B75A
_SD_EraseBlocks                                       text131      00BBF6
_SD_MBR_Receive                                       text94       00B142
_SD_MBR_Start                                         text93       00BCEA
_SD_MBR_Stop                                          text92       00D494
_SD_SendDummyBytes                                    text130      00D388
_SD_SingleBlockWrite                                  text129      00A1EE
_SDreadBuffer                                         bssBIGRAM    00040F
_SDwriteBuffer                                        bssBIGRAM    00060F
_SPBRG                                                (abs)        000FAF
_SPBRGH                                               (abs)        000FB0
_SSD1306_ClearDisplay                                 text60       00C208
_SSD1306_GotoXY                                       text59       00D0D4
_SSD1306_Init                                         text58       00A2EE
_SSD1306_PutStretchC                                  text55       00646E
_SSPBUF                                               (abs)        000FC9
_SSPCON1                                              (abs)        000FC6
_SSPCON1bits                                          (abs)        000FC6
_SSPIF                                                (abs)        007CF3
_SSPSTAT                                              (abs)        000FC7
_SSPSTATbits                                          (abs)        000FC7
_T0CONbits                                            (abs)        000FD5
_T1CONbits                                            (abs)        000FCD
_T2CON                                                (abs)        000FCA
_T2CONbits                                            (abs)        000FCA
_TMR0H                                                (abs)        000FD7
_TMR0L                                                (abs)        000FD6
_TMR0_ISR                                             text216      00D68A
_TMR0_InterruptHandler                                bssBANK2     0002E1
_TMR1H                                                (abs)        000FCF
_TMR1L                                                (abs)        000FCE
_TMR1_ISR                                             text109      00CFF6
_TMR1_InterruptHandler                                bssBANK1     00019A
_TMR2                                                 (abs)        000FCC
_TRISA                                                (abs)        000F92
_TRISAbits                                            (abs)        000F92
_TRISCbits                                            (abs)        000F94
_TRISD                                                (abs)        000F95
_TRISDbits                                            (abs)        000F95
_TRISEbits                                            (abs)        000F96
_TXREG                                                (abs)        000FAD
_TXSTAbits                                            (abs)        000FAC
_Temp                                                 bssBANK1     0001AF
_Timer1_DefaultInterruptHandler                       text110      0096EC
_Timer1_Init                                          text8        00B6B6
_Timer1_Mode_Selection                                text9        00BA04
_USART_ASYNCRONOUS_RX_Init                            text6        00A6D6
_USART_ASYNCRONOUS_TX_Init                            text5        00B08C
_USART_Asynchronous_Initialize                        text2        00C65C
_USART_Asynchronous_ReadByte_NonBlocking              text108      00D22A
_USART_Asynchronous_Restart_RX                        text106      00D706
_USART_Asynchronous_WriteByte_Blocking                text46       00D4EE
_USART_Baud_Rate_Calculation                          text3        004658
_USART_Baud_Rate_Calculation$4452                     cstackBANK2  00023F
_USART_FramingDefaultErrorHandler                     text107      00D660
_USART_FramingErrorHandler                            bssBANK1     0001A2
_USART_OverrunDefaultErrorHandler                     text105      00D700
_USART_OverrunErrorHandler                            bssBANK1     0001A0
_USART_RX_ISR                                         text83       00B8FA
_USART_RxDefaultInterruptHandler                      text84       009838
_USART_RxDefaultInterruptHandler@hal_usart$F944       bssBANK1     0001A4
_USART_TX_ISR                                         text81       00D16C
_USART_TxDefaultInterruptHandler                      text82       00D616
_USART_TxDefaultInterruptHandler@hal_usart$F939       bssBANK1     0001A6
__HRAM                                                (abs)        000000
__Habs1                                               abs1         000000
__Hbank0                                              bank0        000000
__Hbank1                                              bank1        000000
__Hbank10                                             bank10       000000
__Hbank11                                             bank11       000000
__Hbank12                                             bank12       000000
__Hbank13                                             bank13       000000
__Hbank14                                             bank14       000000
__Hbank15                                             bank15       000000
__Hbank2                                              bank2        000000
__Hbank3                                              bank3        000000
__Hbank4                                              bank4        000000
__Hbank5                                              bank5        000000
__Hbank6                                              bank6        000000
__Hbank7                                              bank7        000000
__Hbank8                                              bank8        000000
__Hbank9                                              bank9        000000
__Hbigbss                                             bigbss       000000
__Hbigdata                                            bigdata      000000
__Hbigram                                             bigram       000000
__Hbigsfr                                             bigsfr       000000
__Hbss                                                bss          000000
__HbssBANK0                                           bssBANK0     000000
__HbssBANK1                                           bssBANK1     000000
__HbssBANK2                                           bssBANK2     000000
__HbssBANK3                                           bssBANK3     000000
__HbssBIGRAM                                          bssBIGRAM    000000
__Hcinit                                              cinit        000000
__Hclrtext                                            clrtext      000000
__Hcomram                                             comram       000000
__Hconfig                                             config       30000E
__Hconst                                              const        000000
__HcstackBANK0                                        cstackBANK0  000000
__HcstackBANK1                                        cstackBANK1  000000
__HcstackBANK2                                        cstackBANK2  000000
__HcstackBANK3                                        cstackBANK3  000000
__HcstackBANK4                                        cstackBANK4  000000
__HcstackCOMRAM                                       cstackCOMRAM 000000
__Hdata                                               data         000000
__HdataBANK1                                          dataBANK1    000000
__HdataBANK2                                          dataBANK2    000000
__Heeprom_data                                        eeprom_data  000000
__Hfarbss                                             farbss       000000
__Hfardata                                            fardata      000000
__Hheap                                               heap         000000
__Hibigdata                                           ibigdata     000000
__Hidata                                              idata        000000
__HidataBANK1                                         idataBANK1   000000
__HidataBANK2                                         idataBANK2   000000
__Hidloc                                              idloc        000000
__Hifardata                                           ifardata     000000
__Hinit                                               init         000012
__Hintcode                                            intcode      00000E
__Hintcode_body                                       intcode_body 000000
__Hintcodelo                                          intcodelo    00000E
__Hintentry                                           intentry     000000
__Hintret                                             intret       000000
__Hintsave_regs                                       intsave_regs 000000
__Hirdata                                             irdata       000000
__Hmediumconst                                        mediumconst  010000
__HnvBANK1                                            nvBANK1      000000
__HnvFARRAM                                           nvFARRAM     000000
__Hnvbit                                              nvbit        000000
__Hnvrram                                             nvrram       000000
__Hparam                                              rparam       000000
__Hpowerup                                            powerup      00000E
__Hram                                                ram          000000
__Hramtop                                             ramtop       001000
__Hrbit                                               rbit         000000
__Hrbss                                               rbss         000000
__Hrdata                                              rdata        000000
__Hreset_vec                                          reset_vec    000004
__Hrparam                                             rparam       000000
__Hsfr                                                sfr          000000
__Hsmallconst                                         smallconst   000000
__Hspace_0                                            (abs)        010000
__Hspace_1                                            (abs)        00080F
__Hspace_2                                            (abs)        000000
__Hspace_4                                            (abs)        60000E
__Hstack                                              stack        000000
__Hstruct                                             struct       000000
__Htemp                                               temp         000080
__Htext                                               text         000000
__Htext0                                              text0        000000
__Htext1                                              text1        000000
__Htext10                                             text10       000000
__Htext100                                            text100      000000
__Htext101                                            text101      000000
__Htext102                                            text102      000000
__Htext103                                            text103      000000
__Htext104                                            text104      000000
__Htext105                                            text105      000000
__Htext106                                            text106      000000
__Htext107                                            text107      000000
__Htext108                                            text108      000000
__Htext109                                            text109      000000
__Htext11                                             text11       000000
__Htext110                                            text110      000000
__Htext111                                            text111      000000
__Htext112                                            text112      000000
__Htext113                                            text113      000000
__Htext114                                            text114      000000
__Htext115                                            text115      000000
__Htext116                                            text116      000000
__Htext117                                            text117      000000
__Htext118                                            text118      000000
__Htext119                                            text119      000000
__Htext12                                             text12       000000
__Htext120                                            text120      000000
__Htext121                                            text121      000000
__Htext122                                            text122      000000
__Htext123                                            text123      000000
__Htext124                                            text124      000000
__Htext125                                            text125      000000
__Htext126                                            text126      000000
__Htext127                                            text127      000000
__Htext128                                            text128      000000
__Htext129                                            text129      000000
__Htext13                                             text13       000000
__Htext130                                            text130      000000
__Htext131                                            text131      000000
__Htext132                                            text132      000000
__Htext133                                            text133      000000
__Htext134                                            text134      000000
__Htext135                                            text135      000000
__Htext136                                            text136      000000
__Htext137                                            text137      000000
__Htext138                                            text138      000000
__Htext139                                            text139      000000
__Htext14                                             text14       000000
__Htext140                                            text140      000000
[...]


MODULE INFORMATION

Module		Function		Class		Link	Load	Size
hal_timer1.c
		_Timer1_Mode_Selection		CODE           	BA04	0000	128
		_Timer1_Init   		CODE           	B6B6	0000	164
		_TMR1_ISR      		CODE           	CFF6	0000	56

hal_timer1.c estimated size: 348

C:\Program Files\Microchip\xc8\v2.36\pic\sources\c99\common\nanf.c
		_nanf          		CODE           	D412	0000	34

C:\Program Files\Microchip\xc8\v2.36\pic\sources\c99\common\nanf.c estimated size: 34

hal_usart.c
		_USART_RX_ISR  		CODE           	B8FA	0000	134
		_USART_Baud_Rate_Calculation		CODE           	4658	0000	1288
		_USART_Asynchronous_Restart_RX		CODE           	D706	0000	6
		_USART_ASYNCRONOUS_RX_Init		CODE           	A6D6	0000	222
		_USART_TX_ISR  		CODE           	D16C	0000	48
		_USART_ASYNCRONOUS_TX_Init		CODE           	B08C	0000	182
		_USART_Asynchronous_WriteByte_Blocking		CODE           	D4EE	0000	28
		_USART_Asynchronous_Initialize		CODE           	C65C	0000	82
		_USART_Asynchronous_ReadByte_NonBlocking		CODE           	D22A	0000	42

hal_usart.c estimated size: 2032

AT24C32.c
		_read_one_page_in_eeprom		CODE           	BB00	0000	124
		_read_one_byte_in_eeprom		CODE           	CD58	0000	66
		_write_one_page_in_eeprom		CODE           	C390	0000	96
		_write_one_byte_in_eeprom		CODE           	D1FC	0000	46

AT24C32.c estimated size: 332

C:\Program Files\Microchip\xc8\v2.36\pic\sources\c99\common\nf_fputs.c
		_fputs         		CODE           	CAA4	0000	72

C:\Program Files\Microchip\xc8\v2.36\pic\sources\c99\common\nf_fputs.c estimated size: 72

C:\Program Files\Microchip\xc8\v2.36\pic\sources\c99\common\aomod.c
		___aomod       		CODE           	92C4	0000	358

C:\Program Files\Microchip\xc8\v2.36\pic\sources\c99\common\aomod.c estimated size: 358

C:\Program Files\Microchip\xc8\v2.36\pic\sources\c99\common\printf.c
		_printf        		CODE           	D2A4	0000	40

C:\Program Files\Microchip\xc8\v2.36\pic\sources\c99\common\printf.c estimated size: 40

SD_PIC.c
		_SD_SendDummyBytes		CODE           	D388	0000	36
		_SD_MBR_Stop   		CODE           	D494	0000	30
		_SD_MBR_Start  		CODE           	BCEA	0000	120
		_SD_MBR_Receive		CODE           	B142	0000	180
		_single_block_write		CODE           	B40A	0000	174
		_SD_SingleBlockWrite		CODE           	A1EE	0000	256
		_initSD        		CODE           	28FA	0000	2086
		_SD_EraseBlocks		CODE           	BBF6	0000	122
		_SD_Command    		CODE           	B75A	0000	140
		_SD_ACMD       		CODE           	D19C	0000	48

SD_PIC.c estimated size: 3192

C:\Program Files\Microchip\xc8\v2.36\pic\sources\c99\common\islower.c
		_islower       		CODE           	CE9A	0000	58

C:\Program Files\Microchip\xc8\v2.36\pic\sources\c99\common\islower.c estimated size: 58

buzzer.c
		_buzzer        		CODE           	D4B2	0000	30

buzzer.c estimated size: 30

i2c_soft.c
		_I2C_ReadFromAddress		CODE           	D5F6	0000	16
		_SCL_High      		CODE           	D6D4	0000	8
		_I2C_WriteToAddress		CODE           	D542	0000	26
		_I2C_ReadResult_withAck		CODE           	BB7C	0000	122
		_SDA_Low       		CODE           	D644	0000	14
		_I2C_Stop      		CODE           	D3F0	0000	34
		_I2C_WriteByte 		CODE           	C4AE	0000	90
		_I2C_SendOne   		CODE           	D58A	0000	22
		_I2C_Delay     		CODE           	D6A4	0000	10
		_I2C_ReadRegister		CODE           	D318	0000	38
		_I2C_SendZero  		CODE           	D574	0000	22
		_SDA_High      		CODE           	D6CC	0000	8
		_I2C_ReadResult		CODE           	BA84	0000	124
		_I2C_Start     		CODE           	D476	0000	30
		_SCL_Low       		CODE           	D652	0000	14

i2c_soft.c estimated size: 578

C:\Program Files\Microchip\xc8\v2.36\pic\sources\c99\common\strncmp.c
		_strncmp       		CODE           	A7B4	0000	222

C:\Program Files\Microchip\xc8\v2.36\pic\sources\c99\common\strncmp.c estimated size: 222

C:\Program Files\Microchip\xc8\v2.36\pic\sources\c99\common\tolower.c
		_tolower       		CODE           	CA14	0000	72

C:\Program Files\Microchip\xc8\v2.36\pic\sources\c99\common\tolower.c estimated size: 72

C:\Program Files\Microchip\xc8\v2.36\pic\sources\c99\common\__fpclassifyf.c
		___fpclassifyf 		CODE           	A0EE	0000	256

C:\Program Files\Microchip\xc8\v2.36\pic\sources\c99\common\__fpclassifyf.c estimated size: 256

C:\Program Files\Microchip\xc8\v2.36\pic\sources\c99\common\sprcmul.c
		___flmul       		CODE           	54E2	0000	1068

C:\Program Files\Microchip\xc8\v2.36\pic\sources\c99\common\sprcmul.c estimated size: 1068

heater.c
		_heater_set_mode		CODE           	CB32	0000	70

heater.c estimated size: 70

C:\Program Files\Microchip\xc8\v2.36\pic\sources\c99\common\floorf.c
		_floorf        		CODE           	7884	0000	534

C:\Program Files\Microchip\xc8\v2.36\pic\sources\c99\common\floorf.c estimated size: 534

C:\Program Files\Microchip\xc8\v2.36\pic\sources\c99\common\sprcdiv.c
		___fldiv       		CODE           	5D38	0000	924

C:\Program Files\Microchip\xc8\v2.36\pic\sources\c99\common\sprcdiv.c estimated size: 924

C:\Program Files\Microchip\xc8\v2.36\pic\sources\c99\common\atoi.c
		_atoi          		CODE           	7CAC	0000	470

C:\Program Files\Microchip\xc8\v2.36\pic\sources\c99\common\atoi.c estimated size: 470

C:\Program Files\Microchip\xc8\v2.36\pic\sources\c99\common\fleq.c
		___fleq        		CODE           	B4B8	0000	172

C:\Program Files\Microchip\xc8\v2.36\pic\sources\c99\common\fleq.c estimated size: 172

C:\Program Files\Microchip\xc8\v2.36\pic\sources\c99\common\toupper.c
		_toupper       		CODE           	CAEC	0000	70

C:\Program Files\Microchip\xc8\v2.36\pic\sources\c99\common\toupper.c estimated size: 70

C:\Program Files\Microchip\xc8\v2.36\pic\sources\c99\common\awmod.c
		___awmod       		CODE           	B1F6	0000	178

C:\Program Files\Microchip\xc8\v2.36\pic\sources\c99\common\awmod.c estimated size: 178

C:\Program Files\Microchip\xc8\v2.36\pic\sources\c99\common\Umul32.c
		___lmul        		CODE           	C002	0000	106

C:\Program Files\Microchip\xc8\v2.36\pic\sources\c99\common\Umul32.c estimated size: 106

C:\Program Files\Microchip\xc8\v2.36\pic\sources\c99\common\nf_sprintf.c
		_sprintf       		CODE           	C6AE	0000	82

C:\Program Files\Microchip\xc8\v2.36\pic\sources\c99\common\nf_sprintf.c estimated size: 82

C:\Program Files\Microchip\xc8\v2.36\pic\sources\c99\common\isalpha.c
		_isalpha       		CODE           	CE5C	0000	62

C:\Program Files\Microchip\xc8\v2.36\pic\sources\c99\common\isalpha.c estimated size: 62

C:\Program Files\Microchip\xc8\v2.36\pic\sources\c99\common\isspace.c
		_isspace       		CODE           	C5B4	0000	84

C:\Program Files\Microchip\xc8\v2.36\pic\sources\c99\common\isspace.c estimated size: 84

temp_monitoring.c
		_launch_screen 		CODE           	AA4C	0000	210
		_reset_eep_address_in_eeprom		CODE           	BC70	0000	122
		_save_eep_address_in_eeprom		CODE           	BF94	0000	110
		_read_eep_address_in_eeprom		CODE           	B870	0000	138
		_reset_sd_address_in_eeprom		CODE           	C97E	0000	76
		_print_temperature		CODE           	8B7C	0000	380
		_save_sd_address_in_eeprom		CODE           	B980	0000	132
		_update_SD_tab 		CODE           	86E4	0000	394
		_save_in_eeprom		CODE           	8FE8	0000	370
		_read_sd_address_in_eeprom		CODE           	B60E	0000	168
		_log_system    		CODE           	915A	0000	362
		_extract_data_for_days		CODE           	40A6	0000	1458
		_update_system_data		CODE           	958E	0000	350
		_extract_all_alarms		CODE           	83B6	0000	420
		_temp_management		CODE           	763A	0000	586

temp_monitoring.c estimated size: 5276

C:\Program Files\Microchip\xc8\v2.36\pic\sources\c99\common\xxtofl.c
		___xxtofl      		CODE           	804A	0000	440

C:\Program Files\Microchip\xc8\v2.36\pic\sources\c99\common\xxtofl.c estimated size: 440

C:\Program Files\Microchip\xc8\v2.36\pic\sources\c99\common\strlen.c
		_strlen        		CODE           	C560	0000	84

C:\Program Files\Microchip\xc8\v2.36\pic\sources\c99\common\strlen.c estimated size: 84

C:\Program Files\Microchip\xc8\v2.36\pic\sources\c99\common\strchr.c
		_strchr        		CODE           	C8E6	0000	76

C:\Program Files\Microchip\xc8\v2.36\pic\sources\c99\common\strchr.c estimated size: 76

C:\Program Files\Microchip\xc8\v2.36\pic\sources\c99\common\strcpy.c
		_strcpy        		CODE           	C2D0	0000	96

C:\Program Files\Microchip\xc8\v2.36\pic\sources\c99\common\strcpy.c estimated size: 96

C:\Program Files\Microchip\xc8\v2.36\pic\sources\c99\common\aodiv.c
		___aodiv       		CODE           	855A	0000	394

C:\Program Files\Microchip\xc8\v2.36\pic\sources\c99\common\aodiv.c estimated size: 394

C:\Program Files\Microchip\xc8\v2.36\pic\sources\c99\common\memset.c
		_memset        		CODE           	8E72	0000	374

C:\Program Files\Microchip\xc8\v2.36\pic\sources\c99\common\memset.c estimated size: 374

C:\Program Files\Microchip\xc8\v2.36\pic\sources\c99\common\nf_fputc.c
		_fputc         		CODE           	ABEA	0000	204

C:\Program Files\Microchip\xc8\v2.36\pic\sources\c99\common\nf_fputc.c estimated size: 204

C:\Program Files\Microchip\xc8\v2.36\pic\sources\c99\common\isdigit.c
		_isdigit       		CODE           	CF48	0000	58

C:\Program Files\Microchip\xc8\v2.36\pic\sources\c99\common\isdigit.c estimated size: 58

hal_timer0.c
		_TMR0_ISR      		CODE           	D68A	0000	14

hal_timer0.c estimated size: 14

C:\Program Files\Microchip\xc8\v2.36\pic\sources\c99\common\sprcadd.c
		___flsub       		CODE           	CA5C	0000	72
		___fladd       		CODE           	4B60	0000	1218

C:\Program Files\Microchip\xc8\v2.36\pic\sources\c99\common\sprcadd.c estimated size: 1290

SPI_PIC.c
		_spiTransfer   		CODE           	D108	0000	52
		_spiReceive    		CODE           	D6DC	0000	8
		_spiInit       		CODE           	C330	0000	96
		_spiSend       		CODE           	D6AE	0000	10

SPI_PIC.c estimated size: 166

C:\Program Files\Microchip\xc8\v2.36\pic\sources\c99\common\awdiv.c
		___awdiv       		CODE           	AD80	0000	198

C:\Program Files\Microchip\xc8\v2.36\pic\sources\c99\common\awdiv.c estimated size: 198

PWM.c
		_start_pwm     		CODE           	D718	0000	4
		_set_pwm_duty  		CODE           	A892	0000	222

PWM.c estimated size: 226

C:\Program Files\Microchip\xc8\v2.36\pic\sources\c99\common\doprnt.c
		_vfpfcnvrt     		CODE           	3120	0000	2000
		_efgtoa        		CODE           	10AA	0000	3116
		_pad           		CODE           	AB1E	0000	204
		_dtoa          		CODE           	6AFC	0000	764
		_vfprintf      		CODE           	C1A4	0000	100
		_xtoa          		CODE           	70DC	0000	696

C:\Program Files\Microchip\xc8\v2.36\pic\sources\c99\common\doprnt.c estimated size: 6880

C:\Program Files\Microchip\xc8\v2.36\pic\sources\c99\common\fltol.c
		___fltol       		CODE           	9CD6	0000	264

C:\Program Files\Microchip\xc8\v2.36\pic\sources\c99\common\fltol.c estimated size: 264

C:\Program Files\Microchip\xc8\v2.36\pic\sources\c99\common\lbmod.c
		___lbmod       		CODE           	CF82	0000	58

C:\Program Files\Microchip\xc8\v2.36\pic\sources\c99\common\lbmod.c estimated size: 58

shared
		_CMD8CRC       		MEDIUMCONST    	0000	0000	0
		_CMD17         		MEDIUMCONST    	0000	0000	0
		_CMD55         		MEDIUMCONST    	0000	0000	0
		i2_vfpfcnvrt   		CODE           	38F0	0000	1974
		i2_SSD1306_GotoXY		CODE           	D1CC	0000	48
		i2_LCD_Write_4Bit		CODE           	C9CA	0000	74
		i2_pad         		CODE           	AE46	0000	198
		i2_atoi        		CODE           	7E82	0000	456
		i2_SCL_Low     		CODE           	D67C	0000	14
		i2_abs         		CODE           	CE1C	0000	64
		i2_floorf      		CODE           	7A9A	0000	530
		i2_LCD_Write_Char		CODE           	D50A	0000	28
		_R1_ILLEGAL_COMMAND		MEDIUMCONST    	0000	0000	0
		i2_putch       		CODE           	D6B8	0000	10
		i2___fleq      		CODE           	B564	0000	170
		i2_isspace     		CODE           	CD14	0000	68
		i2_I2C_Delay   		CODE           	D6C2	0000	10
		_ACMD22        		MEDIUMCONST    	FD20	0000	1
		_ACMD41        		MEDIUMCONST    	0000	0000	0
		_START_BLOCK   		MEDIUMCONST    	0000	0000	0
		_CMD12         		MEDIUMCONST    	0000	0000	0
		_CMD8          		MEDIUMCONST    	0000	0000	0
		i2_strncmp     		CODE           	A970	0000	220
		i2_LCD_CMD     		CODE           	D526	0000	28
		_CMD18         		MEDIUMCONST    	0000	0000	0
		i2_LCD_Clear   		CODE           	D626	0000	16
		i2___lbmod     		CODE           	D09E	0000	54
		_CMD9          		MEDIUMCONST    	0000	0000	0
		i2_SDA_Low     		CODE           	D66E	0000	14
		i2_vfprintf    		CODE           	C26C	0000	100
		i2_I2C_ReadFromAddress		CODE           	D698	0000	12
		i2_isdigit     		CODE           	D066	0000	56
		i2_xtoa        		CODE           	7394	0000	678
		_CMD0CRC       		MEDIUMCONST    	0000	0000	0
		i2_SCL_High    		CODE           	D6EC	0000	8
		i2_SSD1306_Init		CODE           	A5E0	0000	246
		i2___flneg     		CODE           	D02E	0000	56
		i2_strcpy      		CODE           	C450	0000	94
		_R1_READY_STATE		MEDIUMCONST    	0000	0000	0
		_CMD13         		MEDIUMCONST    	FD2B	0000	1
		_CMD32         		MEDIUMCONST    	0000	0000	0
		i2___awdiv     		CODE           	AF0C	0000	196
		_CMD38         		MEDIUMCONST    	0000	0000	0
		i2___fladd     		CODE           	5022	0000	1216
		i2___wmul      		CODE           	D33E	0000	38
		i2_LCD_Set_Cursor		CODE           	C06C	0000	106
		i2_dtoa        		CODE           	6DF8	0000	740
		i2___fldiv     		CODE           	60D4	0000	922
		i2_I2C_WriteToAddress		CODE           	D5A0	0000	22
		i2_I2C_Stop    		CODE           	D434	0000	34
		i2___fltol     		CODE           	9EE4	0000	262
		i2_I2C_Start   		CODE           	D4D0	0000	30
		_CMD0          		MEDIUMCONST    	0000	0000	0
		__initialization		CODE           	B7E6	0000	128
		i2_LCD_Write_String		CODE           	CDDC	0000	64
		_ACMD23        		MEDIUMCONST    	0000	0000	0
		_Font2         		MEDIUMCONST    	FC3C	0000	220
		i2___flge      		CODE           	9FEA	0000	260
		_CMD33         		MEDIUMCONST    	0000	0000	0
		i2_SDA_High    		CODE           	D6E4	0000	8
		i2_SSD1306_PutStretchC		CODE           	67C6	0000	822
		_CMD58         		MEDIUMCONST    	0000	0000	0
		i2___awmod     		CODE           	B35A	0000	176
		i2_I2C_SendOne 		CODE           	D5CC	0000	22
		_CMD1          		MEDIUMCONST    	0000	0000	0
		_CMD24         		MEDIUMCONST    	0000	0000	0
		i2___aodiv     		CODE           	886E	0000	392
		i2___flmul     		CODE           	590E	0000	1066
		i2_sprintf     		CODE           	C752	0000	82
		i2___xxtofl    		CODE           	8202	0000	436
		_STOP_TRAN     		MEDIUMCONST    	0000	0000	0
		i2_USART_Asynchronous_WriteByte_Blocking		CODE           	D55C	0000	24
		i2___fpclassifyf		CODE           	A3EC	0000	254
		i2_I2C_SendZero		CODE           	D5B6	0000	22
		i2_islower     		CODE           	D71C	0000	2
		i2_I2C_WriteByte		CODE           	C608	0000	84
		_R1_IDLE_STATE 		MEDIUMCONST    	0000	0000	0
		_START_BLOCK_TOKEN		MEDIUMCONST    	0000	0000	0
		i2___flsub     		CODE           	CBBE	0000	70
		_CMD25         		MEDIUMCONST    	0000	0000	0
		i2_efgtoa      		CODE           	1CD6	0000	3108
		i2_isupper     		CODE           	D720	0000	2
		i2___aomod     		CODE           	942A	0000	356
		_CMD10         		MEDIUMCONST    	0000	0000	0
		i2_fputc       		CODE           	ACB6	0000	202
		i2_fputs       		CODE           	CCD0	0000	68
		_CMD16         		MEDIUMCONST    	0000	0000	0
		i2_strlen      		CODE           	C896	0000	80
		i2_tolower     		CODE           	CB78	0000	70
		i2_ssd1306_command		CODE           	D456	0000	32
		_Font          		MEDIUMCONST    	FB3D	0000	255
		i2_oled_puts   		CODE           	C13E	0000	102
		i2_toupper     		CODE           	CC8C	0000	68
		i2_I2C_ReadResult		CODE           	BD62	0000	114
		i2_SSD1306_ClearDisplay		CODE           	C3F0	0000	96
		i2_isalpha     		CODE           	D71E	0000	2

shared estimated size: 17481

C:\Program Files\Microchip\xc8\v2.36\pic\sources\c99\common\isxdigit.c
		_isxdigit      		CODE           	BE46	0000	112

C:\Program Files\Microchip\xc8\v2.36\pic\sources\c99\common\isxdigit.c estimated size: 112

C:\Program Files\Microchip\xc8\v2.36\pic\sources\c99\common\abs.c
		_abs           		CODE           	CD9A	0000	66

C:\Program Files\Microchip\xc8\v2.36\pic\sources\c99\common\abs.c estimated size: 66

C:\Program Files\Microchip\xc8\v2.36\pic\sources\c99\common\strtof.c
		_atof          		CODE           	D2CC	0000	38
		_strtof        		CODE           	0012	0000	4248

C:\Program Files\Microchip\xc8\v2.36\pic\sources\c99\common\strtof.c estimated size: 4286

C:\Program Files\Microchip\xc8\v2.36\pic\sources\c99\common\nf_snprintf.c
		_snprintf      		CODE           	9AAE	0000	278

C:\Program Files\Microchip\xc8\v2.36\pic\sources\c99\common\nf_snprintf.c estimated size: 278

ds18b20.c
		_OneWireRelease		CODE           	D70C	0000	6
		_OneWireReadBit		CODE           	D2F2	0000	38
		_OneWireReadByte		CODE           	C932	0000	76
		_OneWireWriteBit		CODE           	CC48	0000	68
		_OneWireRead   		CODE           	D5E2	0000	20
		_OneWireHigh   		CODE           	D712	0000	6
		_OneWireTemp   		CODE           	B2A8	0000	178
		_OneWireReset  		CODE           	C7A4	0000	82
		_OneWireWriteByte		CODE           	CFBC	0000	58

ds18b20.c estimated size: 532

C:\Program Files\Microchip\xc8\v2.36\pic\sources\c99\common\flge.c
		___flge        		CODE           	9DDE	0000	262

C:\Program Files\Microchip\xc8\v2.36\pic\sources\c99\common\flge.c estimated size: 262

./ssd1306_unbuffered.h
		_ssd1306_command		CODE           	D364	0000	36
		_SSD1306_Init  		CODE           	A2EE	0000	254
		_SSD1306_ClearDisplay		CODE           	C208	0000	100
		_SSD1306_GotoXY		CODE           	D0D4	0000	52
		_SSD1306_PutStretchC		CODE           	646E	0000	856
		_oled_puts     		CODE           	C0D6	0000	104

./ssd1306_unbuffered.h estimated size: 1402

lcd.c
		_LCD_Init      		CODE           	9BC4	0000	274
		_LCD_Write_4Bit		CODE           	C700	0000	82
		_LCD_Write_Char		CODE           	D3AC	0000	34
		_LCD_CMD       		CODE           	D3CE	0000	34
		_LCD_Set_Cursor		CODE           	BF26	0000	110
		_LCD_Clear     		CODE           	D606	0000	16
		_LCD_Write_String		CODE           	CC04	0000	68

lcd.c estimated size: 618

C:\Program Files\Microchip\xc8\v2.36\pic\sources\c99\common\memcpy.c
		_memcpy        		CODE           	C846	0000	80

C:\Program Files\Microchip\xc8\v2.36\pic\sources\c99\common\memcpy.c estimated size: 80

mcal_interrupt_manager.c
		_InterruptManager		CODE           	0008	0000	252

mcal_interrupt_manager.c estimated size: 252

main.c
		_USART_OverrunDefaultErrorHandler		CODE           	D700	0000	6
		_timer1_timer_init		CODE           	D13C	0000	48
		_putch         		CODE           	D636	0000	14
		_main          		CODE           	D254	0000	40
		_Timer1_DefaultInterruptHandler		CODE           	96EC	0000	332
		_USART_RxDefaultInterruptHandler		CODE           	9838	0000	322
		_execute_rx_command		CODE           	997A	0000	308
		_usart_module_init		CODE           	C7F6	0000	80
		_USART_FramingDefaultErrorHandler		CODE           	D660	0000	14
		_USART_TxDefaultInterruptHandler		CODE           	D616	0000	16

main.c estimated size: 1180

RTC.c
		_DisplayDateOnLCD		CODE           	8CF8	0000	378
		_DisplayTimeToLCD		CODE           	89F6	0000	390
		_Get_DS1307_RTC_Date		CODE           	BEB6	0000	112
		_Read_Bytes_From_DS1307_RTC		CODE           	C508	0000	88
		_Get_DS1307_RTC_Time		CODE           	AFD0	0000	188

RTC.c estimated size: 1156

C:\Program Files\Microchip\xc8\v2.36\pic\sources\c99\common\Umul16.c
		___wmul        		CODE           	D27C	0000	40

C:\Program Files\Microchip\xc8\v2.36\pic\sources\c99\common\Umul16.c estimated size: 40

C:\Program Files\Microchip\xc8\v2.36\pic\sources\c99\common\flneg.c
		___flneg       		CODE           	CF0E	0000	58

C:\Program Files\Microchip\xc8\v2.36\pic\sources\c99\common\flneg.c estimated size: 58

led.c
		_led_set_mode  		CODE           	BDD4	0000	114

led.c estimated size: 114

C:\Program Files\Microchip\xc8\v2.36\pic\sources\c99\common\isupper.c
		_isupper       		CODE           	CED4	0000	58

C:\Program Files\Microchip\xc8\v2.36\pic\sources\c99\common\isupper.c estimated size: 58

