Microchip MPLAB XC8 Compiler V2.36

Linker command line:

-W-3 --edf=C:\Program Files\Microchip\xc8\v2.36\pic\dat\en_msgs.txt -cn \
  -h+dist/default/production\Projet_pic18.X.production.sym \
  --cmf=dist/default/production\Projet_pic18.X.production.cmf -z -Q18F4620 \
  -oC:\Users\NATHAN~1\AppData\Local\Temp\xcAscp8.5 --defsym=__MPLAB_BUILD=1 \
  -Mdist/default/production/Projet_pic18.X.production.map \
  --md=C:\Users\NATHAN~1\AppData\Local\Temp\xcBscp8.dat -E1 \
  -ver=XC8 Compiler --acfsm=1493 -ACODE=00h-0FFFFh -ACONST=00h-0FFFFh \
  -ASMALLCONST=01000h-010FFhx240 -AMEDIUMCONST=01000h-0FFFFh \
  -ACOMRAM=01h-07Fh -AABS1=00h-0F7Fh -ABIGRAM=01h-0F7Fh \
  -ARAM=080h-0FFh,0100h-01FFhx14,0F00h-0F7Fh -ABANK0=080h-0FFh \
  -ABANK1=0100h-01FFh -ABANK2=0200h-02FFh -ABANK3=0300h-03FFh \
  -ABANK4=0400h-04FFh -ABANK5=0500h-05FFh -ABANK6=0600h-06FFh \
  -ABANK7=0700h-07FFh -ABANK8=0800h-08FFh -ABANK9=0900h-09FFh \
  -ABANK10=0A00h-0AFFh -ABANK11=0B00h-0BFFh -ABANK12=0C00h-0CFFh \
  -ABANK13=0D00h-0DFFh -ABANK14=0E00h-0EFFh -ABANK15=0F00h-0F7Fh \
  -ASFR=0F80h-0FFFh -ABIGSFR=0F80h-0FFFh -ACONFIG=0300000h-030000Dh \
  -AIDLOC=0200000h-0200007h -AEEDATA=0F00000h-0F003FFh -peeprom_data=EEDATA \
  -preset_vec=00h,intcode=08h,intcodelo,powerup,init -pramtop=01000h \
  -psmallconst=SMALLCONST -pmediumconst=MEDIUMCONST -pconst=CONST \
  -AFARRAM=00h-00h \
  -prdata=COMRAM,nvrram=COMRAM,nvbit=COMRAM,rbss=COMRAM,rbit=COMRAM \
  -pfarbss=FARRAM,fardata=FARRAM,nvFARRAM=FARRAM \
  -pintsave_regs=BIGRAM,bigbss=BIGRAM,bigdata=BIGRAM -pbss=RAM \
  -pidata=CODE,irdata=CODE,ibigdata=CODE,ifardata=CODE -prparam=COMRAM \
  C:\Users\NATHAN~1\AppData\Local\Temp\xcAscp8.o \
  dist/default/production\Projet_pic18.X.production.o 

Object code version is 3.11

Machine type is 18F4620



                Name                               Link     Load   Length Selector   Space Scale
C:\Users\NATHAN~1\AppData\Local\Temp\xcAscp8.o
                config                           300000   300000        E        0       4
                init                                  E        E        4        4       0
                reset_vec                             0        0        4        0       0
dist/default/production\Projet_pic18.X.production.o
                intcode                               8        8        6        4       0
                config                           300000   300000        E        0       4
                temp                                 7F       7F        1        1       1
                mediumconst                        FBCE     FBCE      432     7DE7       0
                text171                            9F46     9F46        E        4       0
                text170                            9F74     9F74        A        4       0
                text169                            9F9E     9F9E        8        4       0
                text168                            9F38     9F38        E        4       0
                text167                            9F96     9F96        8        4       0
                text166                            9F2A     9F2A        E        4       0
                text165                            9D72     9D72       1E        4       0
                text164                            9CF2     9CF2       22        4       0
                text163                            9E8A     9E8A       16        4       0
                text162                            9E74     9E74       16        4       0
                text161                            926C     926C       54        4       0
                text160                            9E5E     9E5E       16        4       0
                text159                            944C     944C       4A        4       0
                text158                            9DE4     9DE4       1C        4       0
                text157                            8DE8     8DE8       6A        4       0
                text156                            9DC8     9DC8       1C        4       0
                text155                            8298     8298       C4        4       0
                text154                            86EA     86EA       B0        4       0
                text153                            66F8     66F8      17A        4       0
                text152                            9ED4     9ED4       10        4       0
                text151                            6572     6572      186        4       0
                text150                            9D34     9D34       20        4       0
                text149                            90A8     90A8       60        4       0
                text148                            9B86     9B86       30        4       0
                text147                            75CA     75CA       F6        4       0
                text146                            9AF0     9AF0       36        4       0
                text145                            515A     515A      32E        4       0
                text144                            8EBA     8EBA       66        4       0
                text143                            9CAA     9CAA       26        4       0
                text142                            9FD0     9FD0        2     4FD7       0
                text141                            970C     970C       44        4       0
                text140                            69D6     69D6      160        4       0
                text139                            4A44     4A44      39A        4       0
                text138                            8846     8846       AA        4       0
                text137                            71D2     71D2      104        4       0
                text136                            427E     427E      42A        4       0
                text135                            9A16     9A16       38        4       0
                text134                            3992     3992      4C0        4       0
                text133                            95FA     95FA       46        4       0
                text132                            70CC     70CC      106        4       0
                text131                            73D6     73D6       FE        4       0
                text130                            5BEA     5BEA      212        4       0
                text129                            9E1A     9E1A       18        4       0
                text128                            9F6A     9F6A        A        4       0
                text127                            8042     8042       CA        4       0
                text126                            96C8     96C8       44        4       0
                text125                            9ABA     9ABA       36        4       0
                text124                            81D2     81D2       C6        4       0
                text123                            9108     9108       5E        4       0
                text122                            9FCE     9FCE        2     4FD7       0
                text121                            95B4     95B4       46        4       0
                text120                             C28      C28      BF0        4       0
                text119                            7C2E     7C2E       DC        4       0
                text118                            77B2     77B2       F0        4       0
                text117                            7DDC     7DDC       D0        4       0
                text116                            6002     6002      204        4       0
                text115                            9FCC     9FCC        2     4FD7       0
                text114                            9FCA     9FCA        2     4FD7       0
                text113                            9684     9684       44        4       0
                text112                            572E     572E      2A6        4       0
                text111                            20A2     20A2      79E        4       0
                text110                            8D7C     8D7C       6C        4       0
                text109                            6DAA     6DAA      114        4       0
                text108                            8C9A     8C9A       72        4       0
                text107                            9BB6     9BB6       2E        4       0
                text106                            980E     980E       3C        4       0
                text105                            9F54     9F54        C        4       0
                text104                            8C28     8C28       72        4       0
                text103                            9C84     9C84       26        4       0
                text102                            91C0     91C0       58        4       0
                text101                            8D0C     8D0C       70        4       0
                text100                            835C     835C       BC        4       0
                text99                             9FC0     9FC0        6     4FD7       0
                text98                             9EA0     9EA0       14        4       0
                text97                             9FBA     9FBA        6     4FD7       0
                text96                             9C5E     9C5E       26        4       0
                text95                             9400     9400       4C        4       0
                text94                             9A84     9A84       36        4       0
                text93                             9640     9640       44        4       0
                text92                             996C     996C       3A        4       0
                text91                             63BE     63BE      1B4        4       0
                text90                             8638     8638       B2        4       0
                text89                             9048     9048       60        4       0
                text88                             6C94     6C94      116        4       0
                text87                             6B36     6B36      15E        4       0
                text86                             8418     8418       B8        4       0
                text85                             99DE     99DE       38        4       0
                text84                             9BE4     9BE4       2A        4       0
                text83                             9F1C     9F1C        E        4       0
                text82                             9FB4     9FB4        6     4FD7       0
                text81                             9FAE     9FAE        6     4FD7       0
                text80                             9DAC     9DAC       1C        4       0
                text79                             8A32     8A32       86        4       0
                text78                             9EC4     9EC4       10        4       0
                text77                             9B56     9B56       30        4       0
                intcode_body                       74D4     74D4       F6        4       0
                text75                             9F60     9F60        A        4       0
                text74                             9F8E     9F8E        8        4       0
                text73                             9F0E     9F0E        E        4       0
                text72                             9F86     9F86        8        4       0
                text71                             9F00     9F00        E        4       0
                text70                             9D54     9D54       1E        4       0
                text69                             9CD0     9CD0       22        4       0
                text68                             9E48     9E48       16        4       0
                text67                             9E32     9E32       16        4       0
                text66                             9166     9166       5A        4       0
                text65                             9E00     9E00       1A        4       0
                text64                             93B4     93B4       4C        4       0
                text63                             9D14     9D14       20        4       0
                text62                             78A2     78A2       EA        4       0
                text61                             9C36     9C36       28        4       0
                text60                             9932     9932       3A        4       0
                text59                             9218     9218       54        4       0
                text58                             6872     6872      164        4       0
                text57                             810C     810C       C6        4       0
                text56                             8586     8586       B2        4       0
                text55                             46A8     46A8      39C        4       0
                text54                             879A     879A       AC        4       0
                text53                             6FC6     6FC6      106        4       0
                text52                             3E52     3E52      42C        4       0
                text51                             98F8     98F8       3A        4       0
                text50                             34D0     34D0      4C2        4       0
                text49                             9526     9526       48        4       0
                text48                             6EBE     6EBE      108        4       0
                text47                             72D6     72D6      100        4       0
                text46                             59D4     59D4      216        4       0
                text45                             9D90     9D90       1C        4       0
                text44                             9EF2     9EF2        E        4       0
                text43                             7EAC     7EAC       CC        4       0
                text42                             94DE     94DE       48        4       0
                text41                             98BE     98BE       3A        4       0
                text40                             7F78     7F78       CA        4       0
                text39                             8FE8     8FE8       60        4       0
                text38                             9884     9884       3A        4       0
                text37                             9496     9496       48        4       0
                text36                               12       12      C16        4       0
                text35                             7B50     7B50       DE        4       0
                text34                             76C0     76C0       F2        4       0
                text33                             7D0A     7D0A       D2        4       0
                text32                             5DFC     5DFC      206        4       0
                text31                             97D0     97D0       3E        4       0
                text30                             984A     984A       3A        4       0
                text29                             956E     956E       46        4       0
                text28                             5488     5488      2A6        4       0
                text27                             2840     2840      788        4       0
                text26                             8F84     8F84       64        4       0
                text25                             9C0E     9C0E       28        4       0
                text24                             9EB4     9EB4       10        4       0
                text23                             8B38     8B38       7C        4       0
                text22                             9750     9750       42        4       0
                text21                             8E52     8E52       68        4       0
                text20                             99A6     99A6       38        4       0
                text19                             9F7E     9F7E        8        4       0
                text18                             9EE4     9EE4        E        4       0
                text17                             8994     8994       9E        4       0
                text16                             9A4E     9A4E       36        4       0
                text15                             6206     6206      1B8        4       0
                text14                             8F20     8F20       64        4       0
                text13                             1818     1818      88A        4       0
                text12                             4DDE     4DDE      37C        4       0
                text11                             9312     9312       52        4       0
                text10                             798C     798C       E6        4       0
                text9                              9FC6     9FC6        4     4FD7       0
                text8                              8AB8     8AB8       80        4       0
                text7                              88F0     88F0       A4        4       0
                text6                              9B26     9B26       30        4       0
                text5                              7A72     7A72       DE        4       0
                text4                              84D0     84D0       B6        4       0
                text3                              2FC8     2FC8      508        4       0
                text2                              92C0     92C0       52        4       0
                text1                              9364     9364       50        4       0
                text0                              9792     9792       3E        4       0
                cstackCOMRAM                          1        1       7D        1       1
                cstackBANK0                          80       80       4D       80       1
                cstackBANK1                         100      100       C3      100       1
                cstackBANK2                         29F      29F       1A      200       1
                bssBIGRAM                           2B9      2B9      400      2B9       1
                bssBANK2                            200      200       9F      200       1
                dataBANK1                           1EA      1EA        7      100       1
                bssBANK1                            1C3      1C3       27      100       1
                bssBANK0                             CD       CD       27       80       1
                dataCOMRAM                           7E       7E        1        1       1
                cinit                              8BB4     8BB4       74        4       0
                idataBANK1                         9FA6     9FA6        7        4       0
                idataCOMRAM                        9FD2     9FD2        1     4FD7       0

TOTAL           Name                               Link     Load   Length     Space
        CLASS   CODE           
                intcode                               8        8        6         0
                init                                  E        E        4         0
                reset_vec                             0        0        4         0
                text171                            9F46     9F46        E         0
                text170                            9F74     9F74        A         0
                text169                            9F9E     9F9E        8         0
                text168                            9F38     9F38        E         0
                text167                            9F96     9F96        8         0
                text166                            9F2A     9F2A        E         0
                text165                            9D72     9D72       1E         0
                text164                            9CF2     9CF2       22         0
                text163                            9E8A     9E8A       16         0
                text162                            9E74     9E74       16         0
                text161                            926C     926C       54         0
                text160                            9E5E     9E5E       16         0
                text159                            944C     944C       4A         0
                text158                            9DE4     9DE4       1C         0
                text157                            8DE8     8DE8       6A         0
                text156                            9DC8     9DC8       1C         0
                text155                            8298     8298       C4         0
                text154                            86EA     86EA       B0         0
                text153                            66F8     66F8      17A         0
                text152                            9ED4     9ED4       10         0
                text151                            6572     6572      186         0
                text150                            9D34     9D34       20         0
                text149                            90A8     90A8       60         0
                text148                            9B86     9B86       30         0
                text147                            75CA     75CA       F6         0
                text146                            9AF0     9AF0       36         0
                text145                            515A     515A      32E         0
                text144                            8EBA     8EBA       66         0
                text143                            9CAA     9CAA       26         0
                text142                            9FD0     9FD0        2         0
                text141                            970C     970C       44         0
                text140                            69D6     69D6      160         0
                text139                            4A44     4A44      39A         0
                text138                            8846     8846       AA         0
                text137                            71D2     71D2      104         0
                text136                            427E     427E      42A         0
                text135                            9A16     9A16       38         0
                text134                            3992     3992      4C0         0
                text133                            95FA     95FA       46         0
                text132                            70CC     70CC      106         0
                text131                            73D6     73D6       FE         0
                text130                            5BEA     5BEA      212         0
                text129                            9E1A     9E1A       18         0
                text128                            9F6A     9F6A        A         0
                text127                            8042     8042       CA         0
                text126                            96C8     96C8       44         0
                text125                            9ABA     9ABA       36         0
                text124                            81D2     81D2       C6         0
                text123                            9108     9108       5E         0
                text122                            9FCE     9FCE        2         0
                text121                            95B4     95B4       46         0
                text120                             C28      C28      BF0         0
                text119                            7C2E     7C2E       DC         0
                text118                            77B2     77B2       F0         0
                text117                            7DDC     7DDC       D0         0
                text116                            6002     6002      204         0
                text115                            9FCC     9FCC        2         0
                text114                            9FCA     9FCA        2         0
                text113                            9684     9684       44         0
                text112                            572E     572E      2A6         0
                text111                            20A2     20A2      79E         0
                text110                            8D7C     8D7C       6C         0
                text109                            6DAA     6DAA      114         0
                text108                            8C9A     8C9A       72         0
                text107                            9BB6     9BB6       2E         0
                text106                            980E     980E       3C         0
                text105                            9F54     9F54        C         0
                text104                            8C28     8C28       72         0
                text103                            9C84     9C84       26         0
                text102                            91C0     91C0       58         0
                text101                            8D0C     8D0C       70         0
                text100                            835C     835C       BC         0
                text99                             9FC0     9FC0        6         0
                text98                             9EA0     9EA0       14         0
                text97                             9FBA     9FBA        6         0
                text96                             9C5E     9C5E       26         0
                text95                             9400     9400       4C         0
                text94                             9A84     9A84       36         0
                text93                             9640     9640       44         0
                text92                             996C     996C       3A         0
                text91                             63BE     63BE      1B4         0
                text90                             8638     8638       B2         0
                text89                             9048     9048       60         0
                text88                             6C94     6C94      116         0
                text87                             6B36     6B36      15E         0
                text86                             8418     8418       B8         0
                text85                             99DE     99DE       38         0
                text84                             9BE4     9BE4       2A         0
                text83                             9F1C     9F1C        E         0
                text82                             9FB4     9FB4        6         0
                text81                             9FAE     9FAE        6         0
                text80                             9DAC     9DAC       1C         0
                text79                             8A32     8A32       86         0
                text78                             9EC4     9EC4       10         0
                text77                             9B56     9B56       30         0
                intcode_body                       74D4     74D4       F6         0
                text75                             9F60     9F60        A         0
                text74                             9F8E     9F8E        8         0
                text73                             9F0E     9F0E        E         0
                text72                             9F86     9F86        8         0
                text71                             9F00     9F00        E         0
                text70                             9D54     9D54       1E         0
                text69                             9CD0     9CD0       22         0
                text68                             9E48     9E48       16         0
                text67                             9E32     9E32       16         0
                text66                             9166     9166       5A         0
                text65                             9E00     9E00       1A         0
                text64                             93B4     93B4       4C         0
                text63                             9D14     9D14       20         0
                text62                             78A2     78A2       EA         0
                text61                             9C36     9C36       28         0
                text60                             9932     9932       3A         0
                text59                             9218     9218       54         0
                text58                             6872     6872      164         0
                text57                             810C     810C       C6         0
                text56                             8586     8586       B2         0
                text55                             46A8     46A8      39C         0
                text54                             879A     879A       AC         0
                text53                             6FC6     6FC6      106         0
                text52                             3E52     3E52      42C         0
                text51                             98F8     98F8       3A         0
                text50                             34D0     34D0      4C2         0
                text49                             9526     9526       48         0
                text48                             6EBE     6EBE      108         0
                text47                             72D6     72D6      100         0
                text46                             59D4     59D4      216         0
                text45                             9D90     9D90       1C         0
                text44                             9EF2     9EF2        E         0
                text43                             7EAC     7EAC       CC         0
                text42                             94DE     94DE       48         0
                text41                             98BE     98BE       3A         0
                text40                             7F78     7F78       CA         0
                text39                             8FE8     8FE8       60         0
                text38                             9884     9884       3A         0
                text37                             9496     9496       48         0
                text36                               12       12      C16         0
                text35                             7B50     7B50       DE         0
                text34                             76C0     76C0       F2         0
                text33                             7D0A     7D0A       D2         0
                text32                             5DFC     5DFC      206         0
                text31                             97D0     97D0       3E         0
                text30                             984A     984A       3A         0
                text29                             956E     956E       46         0
                text28                             5488     5488      2A6         0
                text27                             2840     2840      788         0
                text26                             8F84     8F84       64         0
                text25                             9C0E     9C0E       28         0
                text24                             9EB4     9EB4       10         0
                text23                             8B38     8B38       7C         0
                text22                             9750     9750       42         0
                text21                             8E52     8E52       68         0
                text20                             99A6     99A6       38         0
                text19                             9F7E     9F7E        8         0
                text18                             9EE4     9EE4        E         0
                text17                             8994     8994       9E         0
                text16                             9A4E     9A4E       36         0
                text15                             6206     6206      1B8         0
                text14                             8F20     8F20       64         0
                text13                             1818     1818      88A         0
                text12                             4DDE     4DDE      37C         0
                text11                             9312     9312       52         0
                text10                             798C     798C       E6         0
                text9                              9FC6     9FC6        4         0
                text8                              8AB8     8AB8       80         0
                text7                              88F0     88F0       A4         0
                text6                              9B26     9B26       30         0
                text5                              7A72     7A72       DE         0
                text4                              84D0     84D0       B6         0
                text3                              2FC8     2FC8      508         0
                text2                              92C0     92C0       52         0
                text1                              9364     9364       50         0
                text0                              9792     9792       3E         0
                cinit                              8BB4     8BB4       74         0
                idataBANK1                         9FA6     9FA6        7         0
                idataCOMRAM                        9FD2     9FD2        1         0

        CLASS   CONST          

        CLASS   SMALLCONST     

        CLASS   MEDIUMCONST    
                mediumconst                        FBCE     FBCE      432         0

        CLASS   COMRAM         
                temp                                 7F       7F        1         1
                cstackCOMRAM                          1        1       7D         1
                dataCOMRAM                           7E       7E        1         1

        CLASS   ABS1           

        CLASS   BIGRAM         
                bssBIGRAM                           2B9      2B9      400         1

        CLASS   RAM            

        CLASS   BANK0          
                cstackBANK0                          80       80       4D         1
                bssBANK0                             CD       CD       27         1

        CLASS   BANK1          
                cstackBANK1                         100      100       C3         1
                dataBANK1                           1EA      1EA        7         1
                bssBANK1                            1C3      1C3       27         1

        CLASS   BANK2          
                cstackBANK2                         29F      29F       1A         1
                bssBANK2                            200      200       9F         1

        CLASS   BANK3          

        CLASS   BANK4          

        CLASS   BANK5          

        CLASS   BANK6          

        CLASS   BANK7          

        CLASS   BANK8          

        CLASS   BANK9          

        CLASS   BANK10         

        CLASS   BANK11         

        CLASS   BANK12         

        CLASS   BANK13         

        CLASS   BANK14         

        CLASS   BANK15         

        CLASS   SFR            

        CLASS   BIGSFR         

        CLASS   CONFIG         
                config                           300000   300000        E         4

        CLASS   IDLOC          

        CLASS   EEDATA         

        CLASS   FARRAM         

        CLASS   HEAP           

        CLASS   STACK          



SEGMENTS        Name                           Load    Length   Top    Selector   Space  Class

                reset_vec                      000000  000004  000004         0       0  CODE    
                cstackCOMRAM                   000001  00007F  000080         1       1  COMRAM  
                intcode                        000008  009FA5  009FAD         4       0  CODE    
                cstackBANK0                    000080  000074  0000F4        80       1  BANK0   
                cstackBANK1                    000100  0000F1  0001F1       100       1  BANK1   
                bssBANK2                       000200  0000B9  0002B9       200       1  BANK2   
                bssBIGRAM                      0002B9  000400  0006B9       2B9       1  BIGRAM  
                text81                         009FAE  000025  009FD3      4FD7       0  CODE    
                mediumconst                    00FBCE  000432  010000      7DE7       0  MEDIUMCO


UNUSED ADDRESS RANGES

        Name                Unused          Largest block    Delta
        BANK0            0000F4-0000FF                C
        BANK1            0001F1-0001FF                F
        BANK10           000A00-000AFF              100
        BANK11           000B00-000BFF              100
        BANK12           000C00-000CFF              100
        BANK13           000D00-000DFF              100
        BANK14           000E00-000EFF              100
        BANK15           000F00-000F7F               80
        BANK6            0006B9-0006FF               47
        BANK7            000700-0007FF              100
        BANK8            000800-0008FF              100
        BANK9            000900-0009FF              100
        BIGRAM           0000F4-0000FF                C
                         0001F1-0001FF                F
                         0006B9-000F7F              8C7
        BIGSFR           000F80-000FFF               80
        CODE             000004-000007                4
                         009FAD-009FAD                1
                         009FD3-00FBCD             5BFB
        CONST            000004-000007                4
                         009FAD-009FAD                1
                         009FD3-00FBCD             5BFB
        EEDATA           F00000-F003FF              400
        IDLOC            200000-200007                8
        MEDIUMCONST      009FAD-009FAD                1
                         009FD3-00FBCD             5BFB
        RAM              0000F4-0000FF                C
                         0001F1-0001FF                F
                         0006B9-000F7F              100
        SFR              000F80-000FFF               80
        SMALLCONST       009FAD-009FAD                1
                         009FD3-00FBCD              100

                                  Symbol Table

?_Get_DS1307_RTC_Date                            cstackCOMRAM 000011
?_Get_DS1307_RTC_Time                            cstackCOMRAM 000011
?_OneWireTemp                                    cstackCOMRAM 00001A
?___awdiv                                        cstackBANK1  00010E
?___awmod                                        cstackBANK1  00010E
?___fladd                                        cstackBANK1  000135
?___fldiv                                        cstackBANK1  00011C
?___flmul                                        cstackBANK1  000135
?___flneg                                        cstackBANK1  00010E
?___flsub                                        cstackBANK1  00014E
?___fltol                                        cstackBANK1  00014E
?___fpclassifyf                                  cstackBANK1  00010E
?___lodiv                                        cstackBANK1  00010E
?___lomod                                        cstackBANK1  00010E
?___wmul                                         cstackBANK1  00010E
?___xxtofl                                       cstackBANK1  00010E
?_atoi                                           cstackBANK1  000115
?_efgtoa                                         cstackBANK1  00015A
?_floorf                                         cstackBANK1  000135
?_isalpha                                        cstackBANK1  00010E
?_isdigit                                        cstackBANK1  00010E
?_islower                                        cstackBANK1  00010E
?_isspace                                        cstackBANK1  00010E
?_isupper                                        cstackBANK1  00010E
?_pad                                            cstackBANK1  000120
?_printf                                         cstackBANK2  00029F
?_snprintf                                       cstackBANK0  0000A2
?_strlen                                         cstackBANK1  00010E
?_strncmp                                        cstackBANK1  00010E
?_tolower                                        cstackBANK1  000114
?_toupper                                        cstackBANK1  000114
?_utoa                                           cstackBANK1  00012B
?_vfpfcnvrt                                      cstackBANK1  000198
?_vfprintf                                       cstackBANK1  0001B4
?_xtoa                                           cstackBANK1  00012B
?i2___awdiv                                      cstackCOMRAM 000001
?i2___awmod                                      cstackCOMRAM 000001
?i2___fladd                                      cstackCOMRAM 000001
?i2___fldiv                                      cstackCOMRAM 000001
?i2___flmul                                      cstackCOMRAM 000019
?i2___flneg                                      cstackCOMRAM 000001
?i2___flsub                                      cstackCOMRAM 000011
?i2___fltol                                      cstackCOMRAM 000032
?i2___fpclassifyf                                cstackCOMRAM 000001
?i2___lodiv                                      cstackCOMRAM 000001
?i2___lomod                                      cstackCOMRAM 000001
?i2___wmul                                       cstackCOMRAM 000001
?i2___xxtofl                                     cstackCOMRAM 000001
?i2_atoi                                         cstackCOMRAM 000007
?i2_efgtoa                                       cstackCOMRAM 00003E
?i2_floorf                                       cstackCOMRAM 00001A
?i2_pad                                          cstackCOMRAM 000013
?i2_strlen                                       cstackCOMRAM 000001
?i2_strncmp                                      cstackCOMRAM 000001
?i2_tolower                                      cstackCOMRAM 000003
?i2_toupper                                      cstackCOMRAM 000003
?i2_utoa                                         cstackCOMRAM 00001E
?i2_vfpfcnvrt                                    cstackBANK0  000080
?i2_vfprintf                                     cstackBANK0  00009C
?i2_xtoa                                         cstackCOMRAM 00001E
DisplayDateOnLCD@pDate                           cstackCOMRAM 00000D
DisplayDateOnLCD@tens                            cstackCOMRAM 000010
DisplayDateOnLCD@units                           cstackCOMRAM 000011
DisplayTimeToLCD@pTime                           cstackCOMRAM 00000D
DisplayTimeToLCD@tens                            cstackCOMRAM 000010
DisplayTimeToLCD@units                           cstackCOMRAM 000011
Get_DS1307_RTC_Date@Temp                         cstackCOMRAM 00001E
Get_DS1307_RTC_Date@currentDate                  cstackCOMRAM 00001A
Get_DS1307_RTC_Date@pRTCArray                    cstackCOMRAM 000016
Get_DS1307_RTC_Time@Temp                         cstackCOMRAM 00001D
Get_DS1307_RTC_Time@currentTime                  cstackCOMRAM 000019
Get_DS1307_RTC_Time@pRTCArray                    cstackCOMRAM 000016
I2C_ReadFromAddress@deviceAddress                cstackBANK1  000112
I2C_ReadRegister@deviceAddress                   cstackCOMRAM 000009
I2C_ReadRegister@registerAddress                 cstackCOMRAM 000007
I2C_ReadRegister@result                          cstackCOMRAM 000008
I2C_ReadResult@readback                          cstackBANK1  000110
I2C_ReadResult@x                                 cstackBANK1  00010E
I2C_WriteByte@temp                               cstackBANK1  000111
I2C_WriteByte@theByte                            cstackBANK1  00010E
I2C_WriteByte@x                                  cstackBANK1  00010F
I2C_WriteToAddress@deviceAddress                 cstackBANK1  000112
I2C_WriteToAddress@temp                          cstackBANK1  000113
LCD_CMD@CMD                                      cstackBANK1  000115
LCD_Init@I2C_Add                                 cstackBANK1  000117
LCD_Set_Cursor@COL                               cstackCOMRAM 000009
LCD_Set_Cursor@ROW                               cstackCOMRAM 00000C
LCD_Write_4Bit@Nibble                            cstackBANK1  000114
LCD_Write_Char@Data                              cstackCOMRAM 000008
OneWireReadBit@out                               cstackCOMRAM 000001
OneWireReadByte@i                                cstackCOMRAM 000003
OneWireReadByte@out                              cstackCOMRAM 000005
OneWireTemp@LSB                                  cstackCOMRAM 000026
OneWireTemp@MSB                                  cstackCOMRAM 000027
OneWireTemp@data                                 cstackCOMRAM 000024
OneWireTemp@temperature                          cstackCOMRAM 000020
OneWireWriteBit@b                                cstackCOMRAM 000001
OneWireWriteByte@b                               cstackCOMRAM 000004
OneWireWriteByte@i                               cstackCOMRAM 000002
Read_Bytes_From_DS1307_RTC@Address               cstackCOMRAM 00000E
Read_Bytes_From_DS1307_RTC@NoOfBytes             cstackCOMRAM 00000C
Read_Bytes_From_DS1307_RTC@i                     cstackCOMRAM 00000F
Read_Bytes_From_DS1307_RTC@pData                 cstackCOMRAM 00000A
SD_ACMD@arg                                      cstackBANK1  000118
SD_ACMD@cmd                                      cstackBANK1  00011C
SD_Command@arg                                   cstackBANK1  000111
SD_Command@cmd                                   cstackBANK1  000116
SD_Command@n                                     cstackBANK1  000115
SD_Command@response                              cstackBANK1  000117
SSD1306_ClearDisplay@i                           cstackCOMRAM 000008
SSD1306_GotoXY@x                                 cstackCOMRAM 000002
SSD1306_GotoXY@y                                 cstackCOMRAM 000001
SSD1306_Init@i2caddr                             cstackCOMRAM 000008
SSD1306_Init@vccstate                            cstackCOMRAM 000009
SSD1306_PutStretchC@F3301                        bssBANK0     0000D5
SSD1306_PutStretchC@b                            cstackCOMRAM 000011
SSD1306_PutStretchC@bn                           cstackCOMRAM 000016
SSD1306_PutStretchC@bn_1270                      cstackCOMRAM 00001B
SSD1306_PutStretchC@c                            cstackCOMRAM 00001E
SSD1306_PutStretchC@font_c                       cstackCOMRAM 000019
SSD1306_PutStretchC@i                            cstackCOMRAM 000017
SSD1306_PutStretchC@i_1261                       cstackCOMRAM 00001D
SSD1306_PutStretchC@i_1265                       cstackCOMRAM 00001F
SSD1306_PutStretchC@i_1269                       cstackCOMRAM 000018
SSD1306_PutStretchC@offs                         cstackCOMRAM 00001A
SSD1306_PutStretchC@p                            cstackCOMRAM 00001C
SSD1306_PutStretchC@pos                          cstackCOMRAM 000015
SSD1306_PutStretchC@size_mult                    cstackCOMRAM 000009
Timer1_DefaultInterruptHandler@cpt_ms_eeprom     bssBANK0     0000EB
Timer1_DefaultInterruptHandler@cpt_ms_lcd        bssBANK0     0000EF
Timer1_DefaultInterruptHandler@cpt_ms_oled       bssBANK0     0000ED
Timer1_Init@_timer                               cstackBANK1  000110
Timer1_Mode_Selection@_timer                     cstackBANK1  00010E
USART_ASYNCRONOUS_RX_Init@_usart                 cstackBANK1  00010E
USART_ASYNCRONOUS_TX_Init@_usart                 cstackBANK1  00010E
USART_Asynchronous_Initialize@_usart             cstackBANK1  000164
USART_Asynchronous_Initialize@ret                cstackBANK1  000166
USART_Asynchronous_ReadByte_NonBlocking@_data    cstackCOMRAM 000001
USART_Asynchronous_ReadByte_NonBlocking@ret      cstackCOMRAM 000003
USART_Asynchronous_WriteByte_Blocking@_data      cstackBANK1  00010E
USART_Baud_Rate_Calculation@Baud_Rate_Temp_Value cstackBANK1  00015C
USART_Baud_Rate_Calculation@_usart               cstackBANK1  000158
USART_FramingDefaultErrorHandler@_data_          cstackCOMRAM 000004
_ACMD22                                          mediumconst  00FDB2
_BAUDCONbits                                     (abs)        000FB8
_BackLight_State                                 dataBANK1    0001F0
_CCP1CON                                         (abs)        000FBD
_CCPR1L                                          (abs)        000FBE
_CMD13                                           mediumconst  00FDBD
_DisplayDateOnLCD                                text153      0066F8
_DisplayTimeToLCD                                text151      006572
_Font                                            mediumconst  00FBCF
_Font2                                           mediumconst  00FCCE
_Get_DS1307_RTC_Date                             text101      008D0C
_Get_DS1307_RTC_Time                             text100      00835C
_I2C_Delay                                       text75       009F60
_I2C_ReadFromAddress                             text24       009EB4
_I2C_ReadRegister                                text103      009C84
_I2C_ReadResult                                  text23       008B38
_I2C_SendOne                                     text68       009E48
_I2C_SendZero                                    text67       009E32
_I2C_Start                                       text70       009D54
_I2C_Stop                                        text69       009CD0
_I2C_WriteByte                                   text66       009166
_I2C_WriteToAddress                              text65       009E00
_INTCONbits                                      (abs)        000FF2
_InterruptManager                                intcode      000008
_LATAbits                                        (abs)        000F89
_LATEbits                                        (abs)        000F8D
_LCD_CMD                                         text63       009D14
_LCD_Clear                                       text152      009ED4
_LCD_Init                                        text62       0078A2
_LCD_Set_Cursor                                  text157      008DE8
_LCD_Write_4Bit                                  text64       0093B4
_LCD_Write_Char                                  text156      009DC8
_OSCCON                                          (abs)        000FD3
_OSCCONbits                                      (abs)        000FD3
_OSCTUNE                                         (abs)        000F9B
_OSCTUNEbits                                     (abs)        000F9B
_OneWireHigh                                     text99       009FC0
_OneWireRead                                     text98       009EA0
_OneWireReadBit                                  text96       009C5E
_OneWireReadByte                                 text95       009400
_OneWireRelease                                  text97       009FBA
_OneWireReset                                    text94       009A84
_OneWireTemp                                     text90       008638
_OneWireWriteBit                                 text93       009640
_OneWireWriteByte                                text92       00996C
_PIE1bits                                        (abs)        000F9D
_PIR1bits                                        (abs)        000F9E
_PORTA                                           (abs)        000F80
_PORTCbits                                       (abs)        000F82
_PORTD                                           (abs)        000F83
_PORTDbits                                       (abs)        000F83
_PORTE                                           (abs)        000F84
_PR2                                             (abs)        000FCB
_RCREG                                           (abs)        000FAE
_RCSTAbits                                       (abs)        000FAB
_RS                                              bssBANK1     0001E5
_Read_Bytes_From_DS1307_RTC                      text102      0091C0
_SCL_High                                        text74       009F8E
_SCL_Low                                         text73       009F0E
_SDA_High                                        text72       009F86
_SDA_Low                                         text71       009F00
_SDCard                                          bssBANK2     000200
_SD_ACMD                                         text16       009A4E
_SD_Command                                      text17       008994
_SPBRG                                           (abs)        000FAF
_SPBRGH                                          (abs)        000FB0
_SSD1306_ClearDisplay                            text149      0090A8
_SSD1306_GotoXY                                  text148      009B86
_SSD1306_Init                                    text147      0075CA
_SSD1306_PutStretchC                             text145      00515A
_SSPBUF                                          (abs)        000FC9
_SSPCON1                                         (abs)        000FC6
_SSPCON1bits                                     (abs)        000FC6
_SSPIF                                           (abs)        007CF3
_SSPSTAT                                         (abs)        000FC7
_SSPSTATbits                                     (abs)        000FC7
_T0CONbits                                       (abs)        000FD5
_T1CONbits                                       (abs)        000FCD
_T2CON                                           (abs)        000FCA
_T2CONbits                                       (abs)        000FCA
_TMR0H                                           (abs)        000FD7
_TMR0L                                           (abs)        000FD6
_TMR0_ISR                                        text171      009F46
_TMR0_InterruptHandler                           bssBANK0     0000E7
_TMR1H                                           (abs)        000FCF
_TMR1L                                           (abs)        000FCE
_TMR1_ISR                                        text85       0099DE
_TMR1_InterruptHandler                           bssBANK0     0000E3
_TMR2                                            (abs)        000FCC
_TRISA                                           (abs)        000F92
_TRISAbits                                       (abs)        000F92
_TRISCbits                                       (abs)        000F94
_TRISD                                           (abs)        000F95
_TRISDbits                                       (abs)        000F95
_TRISEbits                                       (abs)        000F96
_TXREG                                           (abs)        000FAD
_TXSTAbits                                       (abs)        000FAC
_Temp                                            bssBANK0     0000F2
_Timer1_DefaultInterruptHandler                  text86       008418
_Timer1_Init                                     text7        0088F0
_Timer1_Mode_Selection                           text8        008AB8
_USART_ASYNCRONOUS_RX_Init                       text5        007A72
_USART_ASYNCRONOUS_TX_Init                       text4        0084D0
_USART_Asynchronous_Initialize                   text2        0092C0
_USART_Asynchronous_ReadByte_NonBlocking         text84       009BE4
_USART_Asynchronous_Restart_RX                   text82       009FB4
_USART_Asynchronous_WriteByte_Blocking           text45       009D90
_USART_Baud_Rate_Calculation                     text3        002FC8
_USART_Baud_Rate_Calculation$4004                cstackBANK1  000160
_USART_FramingDefaultErrorHandler                text83       009F1C
_USART_FramingErrorHandler                       bssBANK1     0001DD
_USART_OverrunDefaultErrorHandler                text81       009FAE
_USART_OverrunErrorHandler                       bssBANK1     0001DB
_USART_RX_ISR                                    text79       008A32
_USART_RxDefaultInterruptHandler                 text80       009DAC
_USART_RxDefaultInterruptHandler@hal_usart$F865  bssBANK1     0001DF
_USART_TX_ISR                                    text77       009B56
_USART_TxDefaultInterruptHandler                 text78       009EC4
_USART_TxDefaultInterruptHandler@hal_usart$F859  bssBANK1     0001E1
__HRAM                                           (abs)        000000
__Habs1                                          abs1         000000
__Hbank0                                         bank0        000000
__Hbank1                                         bank1        000000
__Hbank10                                        bank10       000000
__Hbank11                                        bank11       000000
__Hbank12                                        bank12       000000
__Hbank13                                        bank13       000000
__Hbank14                                        bank14       000000
__Hbank15                                        bank15       000000
__Hbank2                                         bank2        000000
__Hbank3                                         bank3        000000
__Hbank4                                         bank4        000000
__Hbank5                                         bank5        000000
__Hbank6                                         bank6        000000
__Hbank7                                         bank7        000000
__Hbank8                                         bank8        000000
__Hbank9                                         bank9        000000
__Hbigbss                                        bigbss       000000
__Hbigdata                                       bigdata      000000
__Hbigram                                        bigram       000000
__Hbigsfr                                        bigsfr       000000
__Hbss                                           bss          000000
__HbssBANK0                                      bssBANK0     000000
__HbssBANK1                                      bssBANK1     000000
__HbssBANK2                                      bssBANK2     000000
__HbssBIGRAM                                     bssBIGRAM    000000
__Hcinit                                         cinit        000000
__Hclrtext                                       clrtext      000000
__Hcomram                                        comram       000000
__Hconfig                                        config       30000E
__Hconst                                         const        000000
__HcstackBANK0                                   cstackBANK0  000000
__HcstackBANK1                                   cstackBANK1  000000
__HcstackBANK2                                   cstackBANK2  000000
__HcstackCOMRAM                                  cstackCOMRAM 000000
__Hdata                                          data         000000
__HdataBANK1                                     dataBANK1    000000
__HdataCOMRAM                                    dataCOMRAM   000000
__Heeprom_data                                   eeprom_data  000000
__Hfarbss                                        farbss       000000
__Hfardata                                       fardata      000000
__Hheap                                          heap         000000
__Hibigdata                                      ibigdata     000000
__Hidata                                         idata        000000
__HidataBANK1                                    idataBANK1   000000
__HidataCOMRAM                                   idataCOMRAM  000000
__Hidloc                                         idloc        000000
__Hifardata                                      ifardata     000000
__Hinit                                          init         000012
__Hintcode                                       intcode      00000E
__Hintcode_body                                  intcode_body 000000
__Hintcodelo                                     intcodelo    00000E
__Hintentry                                      intentry     000000
__Hintret                                        intret       000000
__Hintsave_regs                                  intsave_regs 000000
__Hirdata                                        irdata       000000
__Hmediumconst                                   mediumconst  010000
__HnvFARRAM                                      nvFARRAM     000000
__Hnvbit                                         nvbit        000000
__Hnvrram                                        nvrram       000000
__Hparam                                         rparam       000000
__Hpowerup                                       powerup      00000E
__Hram                                           ram          000000
__Hramtop                                        ramtop       001000
__Hrbit                                          rbit         000000
__Hrbss                                          rbss         000000
__Hrdata                                         rdata        000000
__Hreset_vec                                     reset_vec    000004
__Hrparam                                        rparam       000000
__Hsfr                                           sfr          000000
__Hsmallconst                                    smallconst   000000
__Hspace_0                                       (abs)        010000
__Hspace_1                                       (abs)        0006B9
__Hspace_2                                       (abs)        000000
__Hspace_4                                       (abs)        60000E
__Hstack                                         stack        000000
__Hstruct                                        struct       000000
__Htemp                                          temp         000080
__Htext                                          text         000000
__Htext0                                         text0        000000
__Htext1                                         text1        000000
__Htext10                                        text10       000000
__Htext100                                       text100      000000
__Htext101                                       text101      000000
__Htext102                                       text102      000000
__Htext103                                       text103      000000
__Htext104                                       text104      000000
__Htext105                                       text105      000000
__Htext106                                       text106      000000
__Htext107                                       text107      000000
__Htext108                                       text108      000000
__Htext109                                       text109      000000
__Htext11                                        text11       000000
__Htext110                                       text110      000000
__Htext111                                       text111      000000
__Htext112                                       text112      000000
__Htext113                                       text113      000000
__Htext114                                       text114      000000
__Htext115                                       text115      000000
__Htext116                                       text116      000000
__Htext117                                       text117      000000
__Htext118                                       text118      000000
__Htext119                                       text119      000000
__Htext12                                        text12       000000
__Htext120                                       text120      000000
__Htext121                                       text121      000000
__Htext122                                       text122      000000
__Htext123                                       text123      000000
__Htext124                                       text124      000000
__Htext125                                       text125      000000
__Htext126                                       text126      000000
__Htext127                                       text127      000000
__Htext128                                       text128      000000
__Htext129                                       text129      000000
__Htext13                                        text13       000000
__Htext130                                       text130      000000
__Htext131                                       text131      000000
__Htext132                                       text132      000000
__Htext133                                       text133      000000
__Htext134                                       text134      000000
__Htext135                                       text135      000000
__Htext136                                       text136      000000
__Htext137                                       text137      000000
__Htext138                                       text138      000000
__Htext139                                       text139      000000
__Htext14                                        text14       000000
__Htext140                                       text140      000000
__Htext141                                       text141      000000
__Htext142                                       text142      000000
__Htext143                                       text143      000000
__Htext144                                       text144      000000
__Htext145                                       text145      000000
__Htext146                                       text146      000000
__Htext147                                       text147      000000
__Htext148                                       text148      000000
__Htext149                                       text149      000000
__Htext15                                        text15       000000
__Htext150                                       text150      000000
__Htext151                                       text151      000000
__Htext152                                       text152      000000
__Htext153                                       text153      000000
__Htext154                                       text154      000000
__Htext155                                       text155      000000
__Htext156                                       text156      000000
__Htext157                                       text157      000000
__Htext158                                       text158      000000
__Htext159                                       text159      000000
__Htext16                                        text16       000000
__Htext160                                       text160      000000
__Htext161                                       text161      000000
__Htext162                                       text162      000000
__Htext163                                       text163      000000
__Htext164                                       text164      000000
__Htext165                                       text165      000000
__Htext166                                       text166      000000
__Htext167                                       text167      000000
__Htext168                                       text168      000000
__Htext169                                       text169      000000
__Htext17                                        text17       000000
__Htext170                                       text170      000000
__Htext171                                       text171      000000
__Htext172                                       text172      000000
__Htext18                                        text18       000000
__Htext19                                        text19       000000
__Htext2                                         text2        000000
__Htext20                                        text20       000000
__Htext21                                        text21       000000
__Htext22                                        text22       000000
__Htext23                                        text23       000000
__Htext24                                        text24       000000
__Htext25                                        text25       000000
__Htext26                                        text26       000000
__Htext27                                        text27       000000
__Htext28                                        text28       000000
__Htext29                                        text29       000000
__Htext3                                         text3        000000
__Htext30                                        text30       000000
__Htext31                                        text31       000000
__Htext32                                        text32       000000
__Htext33                                        text33       000000
__Htext34                                        text34       000000
__Htext35                                        text35       000000
__Htext36                                        text36       000000
__Htext37                                        text37       000000
__Htext38                                        text38       000000
__Htext39                                        text39       000000
__Htext4                                         text4        000000
__Htext40                                        text40       000000
__Htext41                                        text41       000000
__Htext42                                        text42       000000
__Htext43                                        text43       000000
__Htext44                                        text44       000000
__Htext45                                        text45       000000
__Htext46                                        text46       000000
__Htext47                                        text47       000000
__Htext48                                        text48       000000
__Htext49                                        text49       000000
__Htext5                                         text5        000000
__Htext50                                        text50       000000
__Htext51                                        text51       000000
__Htext52                                        text52       000000
__Htext53                                        text53       000000
__Htext54                                        text54       000000
__Htext55                                        text55       000000
__Htext56                                        text56       000000
__Htext57                                        text57       000000
__Htext58                                        text58       000000
__Htext59                                        text59       000000
__Htext6                                         text6        000000
__Htext60                                        text60       000000
__Htext61                                        text61       000000
__Htext62                                        text62       000000
__Htext63                                        text63       000000
__Htext64                                        text64       000000
__Htext65                                        text65       000000
__Htext66                                        text66       000000
__Htext67                                        text67       000000
__Htext68                                        text68       000000
__Htext69                                        text69       000000
__Htext7                                         text7        000000
__Htext70                                        text70       000000
__Htext71                                        text71       000000
__Htext72                                        text72       000000
__Htext73                                        text73       000000
__Htext74                                        text74       000000
__Htext75                                        text75       000000
__Htext77                                        text77       000000
__Htext78                                        text78       000000
__Htext79                                        text79       000000
__Htext8                                         text8        000000
__Htext80                                        text80       000000
__Htext81                                        text81       000000
__Htext82                                        text82       000000
__Htext83                                        text83       000000
__Htext84                                        text84       000000
__Htext85                                        text85       000000
__Htext86                                        text86       000000
__Htext87                                        text87       000000
__Htext88                                        text88       000000
__Htext89                                        text89       000000
__Htext9                                         text9        000000
__Htext90                                        text90       000000
__Htext91                                        text91       000000
__Htext92                                        text92       000000
__Htext93                                        text93       000000
__Htext94                                        text94       000000
__Htext95                                        text95       000000
__Htext96                                        text96       000000
__Htext97                                        text97       000000
__Htext98                                        text98       000000
__Htext99                                        text99       000000
__LRAM                                           (abs)        000001
__Labs1                                          abs1         000000
__Lbank0                                         bank0        000000
__Lbank1                                         bank1        000000
__Lbank10                                        bank10       000000
__Lbank11                                        bank11       000000
__Lbank12                                        bank12       000000
__Lbank13                                        bank13       000000
__Lbank14                                        bank14       000000
__Lbank15                                        bank15       000000
__Lbank2                                         bank2        000000
__Lbank3                                         bank3        000000
__Lbank4                                         bank4        000000
__Lbank5                                         bank5        000000
__Lbank6                                         bank6        000000
__Lbank7                                         bank7        000000
__Lbank8                                         bank8        000000
__Lbank9                                         bank9        000000
__Lbigbss                                        bigbss       000000
__Lbigdata                                       bigdata      000000
__Lbigram                                        bigram       000000
__Lbigsfr                                        bigsfr       000000
__Lbss                                           bss          000000
__LbssBANK0                                      bssBANK0     000000
__LbssBANK1                                      bssBANK1     000000
__LbssBANK2                                      bssBANK2     000000
__LbssBIGRAM                                     bssBIGRAM    000000
__Lcinit                                         cinit        000000
__Lclrtext                                       clrtext      000000
__Lcomram                                        comram       000000
__Lconfig                                        config       000000
__Lconst                                         const        000000
__LcstackBANK0                                   cstackBANK0  000000
__LcstackBANK1                                   cstackBANK1  000000
__LcstackBANK2                                   cstackBANK2  000000
__LcstackCOMRAM                                  cstackCOMRAM 000000
__Ldata                                          data         000000
__LdataBANK1                                     dataBANK1    000000
__LdataCOMRAM                                    dataCOMRAM   000000
__Leeprom_data                                   eeprom_data  000000
__Lfarbss                                        farbss       000000
__Lfardata                                       fardata      000000
__Lheap                                          heap         000000
__Libigdata                                      ibigdata     000000
__Lidata                                         idata        000000
__LidataBANK1                                    idataBANK1   000000
__LidataCOMRAM                                   idataCOMRAM  000000
__Lidloc                                         idloc        000000
__Lifardata                                      ifardata     000000
__Linit                                          init         00000E
__Lintcode                                       intcode      000008
__Lintcode_body                                  intcode_body 000000
__Lintcodelo                                     intcodelo    00000E
__Lintentry                                      intentry     000000
__Lintret                                        intret       000000
__Lintsave_regs                                  intsave_regs 000000
__Lirdata                                        irdata       000000
__Lmediumconst                                   mediumconst  00FBCE
__LnvFARRAM                                      nvFARRAM     000000
__Lnvbit                                         nvbit        000000
__Lnvrram                                        nvrram       000000
__Lparam                                         rparam       000000
__Lpowerup                                       powerup      00000E
__Lram                                           ram          000000
__Lramtop                                        ramtop       001000
__Lrbit                                          rbit         000000
__Lrbss                                          rbss         000000
__Lrdata                                         rdata        000000
__Lreset_vec                                     reset_vec    000000
__Lrparam                                        rparam       000000
__Lsfr                                           sfr          000000
__Lsmallconst                                    smallconst   000000
[...]
strlen@a                                         cstackBANK1  000110
strlen@s                                         cstackBANK1  00010E
strncmp@_l                                       cstackBANK1  00010E
strncmp@_r                                       cstackBANK1  000110
strncmp@l                                        cstackBANK1  000115
strncmp@n                                        cstackBANK1  000112
strncmp@r                                        cstackBANK1  000117
timer1_timer_init@timer_obj                      cstackBANK1  000114
tolower@c                                        cstackBANK1  000114
toupper@c                                        cstackBANK1  000114
ttemp5                                           temp         000080
ttemp6                                           temp         000083
ttemp7                                           temp         000087
update_system_data@date                          cstackCOMRAM 000044
update_system_data@pSystem_data                  cstackCOMRAM 00003C
update_system_data@temp                          cstackCOMRAM 000040
update_system_data@temp_frac                     cstackCOMRAM 00003E
update_system_data@temp_int                      cstackCOMRAM 00003F
update_system_data@time                          cstackCOMRAM 000048
usart_module_init@usart_obj                      cstackBANK1  000167
utoa@d                                           cstackBANK1  00012D
utoa@fp                                          cstackBANK1  00012B
utoa@i                                           cstackBANK1  000149
utoa@n                                           cstackBANK1  000141
utoa@p                                           cstackBANK1  00013D
utoa@w                                           cstackBANK1  00013F
vfpfcnvrt@ap                                     cstackBANK1  00019C
vfpfcnvrt@c                                      cstackBANK1  0001B3
vfpfcnvrt@ct                                     cstackBANK1  0001B0
vfpfcnvrt@done                                   cstackBANK1  0001A2
vfpfcnvrt@f                                      cstackBANK1  0001AC
vfpfcnvrt@fmt                                    cstackBANK1  00019A
vfpfcnvrt@fp                                     cstackBANK1  000198
vfpfcnvrt@llu                                    cstackBANK1  0001A4
vfprintf@ap                                      cstackBANK1  0001B8
vfprintf@cfmt                                    cstackBANK1  0001BA
vfprintf@fmt                                     cstackBANK1  0001B6
vfprintf@fp                                      cstackBANK1  0001B4
write_one_byte_in_eeprom@address_lower_byte      cstackCOMRAM 00000B
write_one_byte_in_eeprom@address_upper_byte      cstackCOMRAM 00000A
write_one_byte_in_eeprom@c                       cstackCOMRAM 000009
write_one_byte_in_eeprom@register_address        cstackCOMRAM 000007
write_one_page_in_eeprom@address_lower_byte      cstackCOMRAM 00000C
write_one_page_in_eeprom@address_upper_byte      cstackCOMRAM 00000B
write_one_page_in_eeprom@c                       cstackCOMRAM 000007
write_one_page_in_eeprom@i                       cstackCOMRAM 00000D
write_one_page_in_eeprom@register_address        cstackCOMRAM 000009
wtemp8                                           temp         000080
xtoa@c                                           cstackBANK1  00014C
xtoa@d                                           cstackBANK1  00012D
xtoa@fp                                          cstackBANK1  00012B
xtoa@i                                           cstackBANK1  00014A
xtoa@n                                           cstackBANK1  000142
xtoa@p                                           cstackBANK1  00013E
xtoa@w                                           cstackBANK1  000140
xtoa@x                                           cstackBANK1  000135


MODULE INFORMATION

Module		Function		Class		Link	Load	Size
hal_timer1.c
		_Timer1_Mode_Selection		CODE           	8AB8	0000	128
		_Timer1_Init   		CODE           	88F0	0000	164
		_TMR1_ISR      		CODE           	99DE	0000	56

hal_timer1.c estimated size: 348

hal_usart.c
		_USART_RX_ISR  		CODE           	8A32	0000	134
		_USART_Baud_Rate_Calculation		CODE           	2FC8	0000	1288
		_USART_Asynchronous_Restart_RX		CODE           	9FB4	0000	6
		_USART_ASYNCRONOUS_RX_Init		CODE           	7A72	0000	222
		_USART_TX_ISR  		CODE           	9B56	0000	48
		_USART_ASYNCRONOUS_TX_Init		CODE           	84D0	0000	182
		_USART_Asynchronous_WriteByte_Blocking		CODE           	9D90	0000	28
		_USART_Asynchronous_Initialize		CODE           	92C0	0000	82
		_USART_Asynchronous_ReadByte_NonBlocking		CODE           	9BE4	0000	42

hal_usart.c estimated size: 2032

AT24C32.c
		_read_one_byte_in_eeprom		CODE           	9750	0000	66
		_write_one_page_in_eeprom		CODE           	9048	0000	96
		_write_one_byte_in_eeprom		CODE           	9BB6	0000	46

AT24C32.c estimated size: 208

C:\Program Files\Microchip\xc8\v2.36\pic\sources\c99\common\lomod.c
		___lomod       		CODE           	7D0A	0000	210

C:\Program Files\Microchip\xc8\v2.36\pic\sources\c99\common\lomod.c estimated size: 210

C:\Program Files\Microchip\xc8\v2.36\pic\sources\c99\common\nf_fputs.c
		_fputs         		CODE           	94DE	0000	72

C:\Program Files\Microchip\xc8\v2.36\pic\sources\c99\common\nf_fputs.c estimated size: 72

C:\Program Files\Microchip\xc8\v2.36\pic\sources\c99\common\printf.c
		_printf        		CODE           	9C0E	0000	40

C:\Program Files\Microchip\xc8\v2.36\pic\sources\c99\common\printf.c estimated size: 40

SD_PIC.c
		_read_init_sd_card		CODE           	4DDE	0000	892
		_initSD        		CODE           	1818	0000	2186
		_SD_Command    		CODE           	8994	0000	158
		_SD_ACMD       		CODE           	9A4E	0000	54

SD_PIC.c estimated size: 3290

C:\Program Files\Microchip\xc8\v2.36\pic\sources\c99\common\islower.c
		_islower       		CODE           	984A	0000	58

C:\Program Files\Microchip\xc8\v2.36\pic\sources\c99\common\islower.c estimated size: 58

i2c_soft.c
		_I2C_ReadFromAddress		CODE           	9EB4	0000	16
		_SCL_High      		CODE           	9F8E	0000	8
		_I2C_WriteToAddress		CODE           	9E00	0000	26
		_SDA_Low       		CODE           	9F00	0000	14
		_I2C_Stop      		CODE           	9CD0	0000	34
		_I2C_WriteByte 		CODE           	9166	0000	90
		_I2C_SendOne   		CODE           	9E48	0000	22
		_I2C_Delay     		CODE           	9F60	0000	10
		_I2C_ReadRegister		CODE           	9C84	0000	38
		_I2C_SendZero  		CODE           	9E32	0000	22
		_SDA_High      		CODE           	9F86	0000	8
		_I2C_ReadResult		CODE           	8B38	0000	124
		_I2C_Start     		CODE           	9D54	0000	30
		_SCL_Low       		CODE           	9F0E	0000	14

i2c_soft.c estimated size: 456

C:\Program Files\Microchip\xc8\v2.36\pic\sources\c99\common\strncmp.c
		_strncmp       		CODE           	7B50	0000	222

C:\Program Files\Microchip\xc8\v2.36\pic\sources\c99\common\strncmp.c estimated size: 222

C:\Program Files\Microchip\xc8\v2.36\pic\sources\c99\common\tolower.c
		_tolower       		CODE           	9496	0000	72

C:\Program Files\Microchip\xc8\v2.36\pic\sources\c99\common\tolower.c estimated size: 72

C:\Program Files\Microchip\xc8\v2.36\pic\sources\c99\common\__fpclassifyf.c
		___fpclassifyf 		CODE           	72D6	0000	256

C:\Program Files\Microchip\xc8\v2.36\pic\sources\c99\common\__fpclassifyf.c estimated size: 256

C:\Program Files\Microchip\xc8\v2.36\pic\sources\c99\common\sprcmul.c
		___flmul       		CODE           	3E52	0000	1068

C:\Program Files\Microchip\xc8\v2.36\pic\sources\c99\common\sprcmul.c estimated size: 1068

C:\Program Files\Microchip\xc8\v2.36\pic\sources\c99\common\floorf.c
		_floorf        		CODE           	59D4	0000	534

C:\Program Files\Microchip\xc8\v2.36\pic\sources\c99\common\floorf.c estimated size: 534

C:\Program Files\Microchip\xc8\v2.36\pic\sources\c99\common\sprcdiv.c
		___fldiv       		CODE           	46A8	0000	924

C:\Program Files\Microchip\xc8\v2.36\pic\sources\c99\common\sprcdiv.c estimated size: 924

C:\Program Files\Microchip\xc8\v2.36\pic\sources\c99\common\atoi.c
		_atoi          		CODE           	6872	0000	356

C:\Program Files\Microchip\xc8\v2.36\pic\sources\c99\common\atoi.c estimated size: 356

C:\Program Files\Microchip\xc8\v2.36\pic\sources\c99\common\fleq.c
		___fleq        		CODE           	879A	0000	172

C:\Program Files\Microchip\xc8\v2.36\pic\sources\c99\common\fleq.c estimated size: 172

C:\Program Files\Microchip\xc8\v2.36\pic\sources\c99\common\toupper.c
		_toupper       		CODE           	956E	0000	70

C:\Program Files\Microchip\xc8\v2.36\pic\sources\c99\common\toupper.c estimated size: 70

C:\Program Files\Microchip\xc8\v2.36\pic\sources\c99\common\awmod.c
		___awmod       		CODE           	8586	0000	178

C:\Program Files\Microchip\xc8\v2.36\pic\sources\c99\common\awmod.c estimated size: 178

C:\Program Files\Microchip\xc8\v2.36\pic\sources\c99\common\isalpha.c
		_isalpha       		CODE           	97D0	0000	62

C:\Program Files\Microchip\xc8\v2.36\pic\sources\c99\common\isalpha.c estimated size: 62

C:\Program Files\Microchip\xc8\v2.36\pic\sources\c99\common\isspace.c
		_isspace       		CODE           	9218	0000	84

C:\Program Files\Microchip\xc8\v2.36\pic\sources\c99\common\isspace.c estimated size: 84

temp_monitoring.c
		_save_address_in_eeprom		CODE           	980E	0000	60
		_read_address_in_eeprom		CODE           	8E52	0000	104
		_save_in_eeprom		CODE           	6C94	0000	278
		_update_system_data		CODE           	6B36	0000	350

temp_monitoring.c estimated size: 792

C:\Program Files\Microchip\xc8\v2.36\pic\sources\c99\common\xxtofl.c
		___xxtofl      		CODE           	6206	0000	440

C:\Program Files\Microchip\xc8\v2.36\pic\sources\c99\common\xxtofl.c estimated size: 440

C:\Program Files\Microchip\xc8\v2.36\pic\sources\c99\common\strlen.c
		_strlen        		CODE           	98BE	0000	58

C:\Program Files\Microchip\xc8\v2.36\pic\sources\c99\common\strlen.c estimated size: 58

C:\Program Files\Microchip\xc8\v2.36\pic\sources\c99\common\lodiv.c
		___lodiv       		CODE           	76C0	0000	242

C:\Program Files\Microchip\xc8\v2.36\pic\sources\c99\common\lodiv.c estimated size: 242

C:\Program Files\Microchip\xc8\v2.36\pic\sources\c99\common\strcpy.c
		_strcpy        		CODE           	8FE8	0000	96

C:\Program Files\Microchip\xc8\v2.36\pic\sources\c99\common\strcpy.c estimated size: 96

C:\Program Files\Microchip\xc8\v2.36\pic\sources\c99\common\nf_fputc.c
		_fputc         		CODE           	7EAC	0000	204

C:\Program Files\Microchip\xc8\v2.36\pic\sources\c99\common\nf_fputc.c estimated size: 204

C:\Program Files\Microchip\xc8\v2.36\pic\sources\c99\common\isdigit.c
		_isdigit       		CODE           	9932	0000	58

C:\Program Files\Microchip\xc8\v2.36\pic\sources\c99\common\isdigit.c estimated size: 58

hal_timer0.c
		_TMR0_ISR      		CODE           	9F46	0000	14

hal_timer0.c estimated size: 14

SPI_PIC.c
		_spiTransfer   		CODE           	99A6	0000	56
		_spiReceive    		CODE           	9F7E	0000	8
		_spiInit       		CODE           	8F20	0000	100
		_spiSend       		CODE           	9EE4	0000	14

SPI_PIC.c estimated size: 178

C:\Program Files\Microchip\xc8\v2.36\pic\sources\c99\common\sprcadd.c
		___flsub       		CODE           	9526	0000	72
		___fladd       		CODE           	34D0	0000	1218

C:\Program Files\Microchip\xc8\v2.36\pic\sources\c99\common\sprcadd.c estimated size: 1290

C:\Program Files\Microchip\xc8\v2.36\pic\sources\c99\common\awdiv.c
		___awdiv       		CODE           	810C	0000	198

C:\Program Files\Microchip\xc8\v2.36\pic\sources\c99\common\awdiv.c estimated size: 198

PWM.c
		_start_pwm     		CODE           	9FC6	0000	4
		_set_pwm_duty  		CODE           	798C	0000	230

PWM.c estimated size: 234

C:\Program Files\Microchip\xc8\v2.36\pic\sources\c99\common\doprnt.c
		_vfpfcnvrt     		CODE           	2840	0000	1928
		_efgtoa        		CODE           	0012	0000	3094
		_pad           		CODE           	7F78	0000	202
		_vfprintf      		CODE           	8F84	0000	100
		_utoa          		CODE           	5DFC	0000	518
		_xtoa          		CODE           	5488	0000	678

C:\Program Files\Microchip\xc8\v2.36\pic\sources\c99\common\doprnt.c estimated size: 6520

C:\Program Files\Microchip\xc8\v2.36\pic\sources\c99\common\fltol.c
		___fltol       		CODE           	6EBE	0000	264

C:\Program Files\Microchip\xc8\v2.36\pic\sources\c99\common\fltol.c estimated size: 264

C:\Program Files\Microchip\xc8\v2.36\pic\sources\c99\common\lbmod.c
		___lbmod       		CODE           	9AF0	0000	54

C:\Program Files\Microchip\xc8\v2.36\pic\sources\c99\common\lbmod.c estimated size: 54

shared
		_CMD8CRC       		MEDIUMCONST    	0000	0000	0
		_CMD17         		MEDIUMCONST    	0000	0000	0
		_CMD55         		MEDIUMCONST    	0000	0000	0
		i2_vfpfcnvrt   		CODE           	20A2	0000	1950
		i2_LCD_Write_4Bit		CODE           	944C	0000	74
		i2_pad         		CODE           	81D2	0000	198
		i2_atoi        		CODE           	69D6	0000	352
		i2_SCL_Low     		CODE           	9F38	0000	14
		i2_floorf      		CODE           	5BEA	0000	530
		_R1_ILLEGAL_COMMAND		MEDIUMCONST    	0000	0000	0
		i2_putch       		CODE           	9F6A	0000	10
		i2___fleq      		CODE           	8846	0000	170
		i2_isspace     		CODE           	970C	0000	68
		i2_I2C_Delay   		CODE           	9F74	0000	10
		_ACMD22        		MEDIUMCONST    	FDB2	0000	1
		_ACMD41        		MEDIUMCONST    	0000	0000	0
		i2_utoa        		CODE           	6002	0000	516
		_START_BLOCK   		MEDIUMCONST    	0000	0000	0
		_CMD12         		MEDIUMCONST    	0000	0000	0
		_CMD8          		MEDIUMCONST    	0000	0000	0
		i2_strncmp     		CODE           	7C2E	0000	220
		i2_LCD_CMD     		CODE           	9DE4	0000	28
		_CMD18         		MEDIUMCONST    	0000	0000	0
		_CMD9          		MEDIUMCONST    	0000	0000	0
		i2_SDA_Low     		CODE           	9F2A	0000	14
		i2_vfprintf    		CODE           	8D7C	0000	108
		i2_I2C_ReadFromAddress		CODE           	9F54	0000	12
		i2_isdigit     		CODE           	9FD0	0000	2
		i2_xtoa        		CODE           	572E	0000	678
		_CMD0CRC       		MEDIUMCONST    	0000	0000	0
		i2_SCL_High    		CODE           	9F9E	0000	8
		i2___flneg     		CODE           	9A16	0000	56
		i2_strcpy      		CODE           	9108	0000	94
		_R1_READY_STATE		MEDIUMCONST    	0000	0000	0
		_CMD13         		MEDIUMCONST    	FDBD	0000	1
		_CMD32         		MEDIUMCONST    	0000	0000	0
		i2___awdiv     		CODE           	8298	0000	196
		_CMD38         		MEDIUMCONST    	0000	0000	0
		i2___fladd     		CODE           	3992	0000	1216
		i2___wmul      		CODE           	9CAA	0000	38
		i2___fldiv     		CODE           	4A44	0000	922
		i2_I2C_WriteToAddress		CODE           	9E5E	0000	22
		i2_I2C_Stop    		CODE           	9CF2	0000	34
		i2___fltol     		CODE           	70CC	0000	262
		i2_I2C_Start   		CODE           	9D72	0000	30
		_CMD0          		MEDIUMCONST    	0000	0000	0
		__initialization		CODE           	8BB4	0000	106
		_ACMD23        		MEDIUMCONST    	0000	0000	0
		_Font2         		MEDIUMCONST    	FCCE	0000	220
		i2___flge      		CODE           	71D2	0000	260
		i2___lodiv     		CODE           	77B2	0000	240
		_CMD33         		MEDIUMCONST    	0000	0000	0
		i2_SDA_High    		CODE           	9F96	0000	8
		_CMD58         		MEDIUMCONST    	0000	0000	0
		i2___awmod     		CODE           	86EA	0000	176
		i2_I2C_SendOne 		CODE           	9E8A	0000	22
		_CMD1          		MEDIUMCONST    	0000	0000	0
		_CMD24         		MEDIUMCONST    	0000	0000	0
		i2___flmul     		CODE           	427E	0000	1066
		i2___xxtofl    		CODE           	63BE	0000	436
		_STOP_TRAN     		MEDIUMCONST    	0000	0000	0
		i2_USART_Asynchronous_WriteByte_Blocking		CODE           	9E1A	0000	24
		i2___lomod     		CODE           	7DDC	0000	208
		i2___fpclassifyf		CODE           	73D6	0000	254
		i2_I2C_SendZero		CODE           	9E74	0000	22
		i2_islower     		CODE           	9FCA	0000	2
		i2_I2C_WriteByte		CODE           	926C	0000	84
		_R1_IDLE_STATE 		MEDIUMCONST    	0000	0000	0
		_START_BLOCK_TOKEN		MEDIUMCONST    	0000	0000	0
		i2___flsub     		CODE           	95FA	0000	70
		_CMD25         		MEDIUMCONST    	0000	0000	0
		i2_efgtoa      		CODE           	0C28	0000	3056
		i2_isupper     		CODE           	9FCE	0000	2
		_CMD10         		MEDIUMCONST    	0000	0000	0
		i2_fputc       		CODE           	8042	0000	202
		i2_fputs       		CODE           	96C8	0000	68
		_CMD16         		MEDIUMCONST    	0000	0000	0
		i2_strlen      		CODE           	9ABA	0000	54
		i2_tolower     		CODE           	95B4	0000	70
		_Font          		MEDIUMCONST    	FBCF	0000	255
		i2_toupper     		CODE           	9684	0000	68
		i2_I2C_ReadResult		CODE           	8C28	0000	114
		i2_isalpha     		CODE           	9FCC	0000	2

shared estimated size: 14923

C:\Program Files\Microchip\xc8\v2.36\pic\sources\c99\common\nf_snprintf.c
		_snprintf      		CODE           	6DAA	0000	276

C:\Program Files\Microchip\xc8\v2.36\pic\sources\c99\common\nf_snprintf.c estimated size: 276

ds18b20.c
		_OneWireRelease		CODE           	9FBA	0000	6
		_OneWireReadBit		CODE           	9C5E	0000	38
		_OneWireReadByte		CODE           	9400	0000	76
		_OneWireWriteBit		CODE           	9640	0000	68
		_print_temperature		CODE           	8C9A	0000	114
		_OneWireRead   		CODE           	9EA0	0000	20
		_OneWireHigh   		CODE           	9FC0	0000	6
		_OneWireTemp   		CODE           	8638	0000	178
		_OneWireReset  		CODE           	9A84	0000	54
		_OneWireWriteByte		CODE           	996C	0000	58

ds18b20.c estimated size: 618

C:\Program Files\Microchip\xc8\v2.36\pic\sources\c99\common\flge.c
		___flge        		CODE           	6FC6	0000	262

C:\Program Files\Microchip\xc8\v2.36\pic\sources\c99\common\flge.c estimated size: 262

./ssd1306_unbuffered.h
		_ssd1306_command		CODE           	9D34	0000	32
		_SSD1306_Init  		CODE           	75CA	0000	246
		_SSD1306_ClearDisplay		CODE           	90A8	0000	96
		_SSD1306_GotoXY		CODE           	9B86	0000	48
		_SSD1306_PutStretchC		CODE           	515A	0000	814
		_oled_puts     		CODE           	8EBA	0000	102

./ssd1306_unbuffered.h estimated size: 1338

lcd.c
		_LCD_Init      		CODE           	78A2	0000	234
		_LCD_Write_4Bit		CODE           	93B4	0000	76
		_LCD_Write_Char		CODE           	9DC8	0000	28
		_LCD_CMD       		CODE           	9D14	0000	32
		_LCD_Set_Cursor		CODE           	8DE8	0000	106
		_LCD_Clear     		CODE           	9ED4	0000	16

lcd.c estimated size: 492

mcal_interrupt_manager.c
		_InterruptManager		CODE           	0008	0000	252

mcal_interrupt_manager.c estimated size: 252

main.c
		_USART_OverrunDefaultErrorHandler		CODE           	9FAE	0000	6
		_timer1_timer_init		CODE           	9B26	0000	48
		_putch         		CODE           	9EF2	0000	14
		_main          		CODE           	9792	0000	62
		_Timer1_DefaultInterruptHandler		CODE           	8418	0000	184
		_USART_RxDefaultInterruptHandler		CODE           	9DAC	0000	28
		_usart_module_init		CODE           	9364	0000	80
		_USART_FramingDefaultErrorHandler		CODE           	9F1C	0000	14
		_USART_TxDefaultInterruptHandler		CODE           	9EC4	0000	16

main.c estimated size: 452

RTC.c
		_DisplayDateOnLCD		CODE           	66F8	0000	378
		_DisplayTimeToLCD		CODE           	6572	0000	390
		_Get_DS1307_RTC_Date		CODE           	8D0C	0000	112
		_Read_Bytes_From_DS1307_RTC		CODE           	91C0	0000	88
		_Get_DS1307_RTC_Time		CODE           	835C	0000	188

RTC.c estimated size: 1156

C:\Program Files\Microchip\xc8\v2.36\pic\sources\c99\common\Umul16.c
		___wmul        		CODE           	9C36	0000	40

C:\Program Files\Microchip\xc8\v2.36\pic\sources\c99\common\Umul16.c estimated size: 40

C:\Program Files\Microchip\xc8\v2.36\pic\sources\c99\common\flneg.c
		___flneg       		CODE           	98F8	0000	58

C:\Program Files\Microchip\xc8\v2.36\pic\sources\c99\common\flneg.c estimated size: 58

led.c
		_set_mode      		CODE           	9312	0000	82

led.c estimated size: 82

C:\Program Files\Microchip\xc8\v2.36\pic\sources\c99\common\isupper.c
		_isupper       		CODE           	9884	0000	58

C:\Program Files\Microchip\xc8\v2.36\pic\sources\c99\common\isupper.c estimated size: 58

