Microchip MPLAB XC8 Compiler V2.36

Linker command line:

-W-3 --edf=C:\Program Files\Microchip\xc8\v2.36\pic\dat\en_msgs.txt -cn \
  -h+dist/default/production\Projet_pic18.X.production.sym \
  --cmf=dist/default/production\Projet_pic18.X.production.cmf -z -Q18F4620 \
  -oC:\Users\NATHAN~1\AppData\Local\Temp\xcAsdq8.5 --defsym=__MPLAB_BUILD=1 \
  -Mdist/default/production/Projet_pic18.X.production.map \
  --md=C:\Users\NATHAN~1\AppData\Local\Temp\xcAsdq8.dat -E1 \
  -ver=XC8 Compiler --acfsm=1493 -ACODE=00h-0FFFFh -ACONST=00h-0FFFFh \
  -ASMALLCONST=01000h-010FFhx240 -AMEDIUMCONST=01000h-0FFFFh \
  -ACOMRAM=01h-07Fh -AABS1=00h-0F7Fh -ABIGRAM=01h-0F7Fh \
  -ARAM=080h-0FFh,0100h-01FFhx14,0F00h-0F7Fh -ABANK0=080h-0FFh \
  -ABANK1=0100h-01FFh -ABANK2=0200h-02FFh -ABANK3=0300h-03FFh \
  -ABANK4=0400h-04FFh -ABANK5=0500h-05FFh -ABANK6=0600h-06FFh \
  -ABANK7=0700h-07FFh -ABANK8=0800h-08FFh -ABANK9=0900h-09FFh \
  -ABANK10=0A00h-0AFFh -ABANK11=0B00h-0BFFh -ABANK12=0C00h-0CFFh \
  -ABANK13=0D00h-0DFFh -ABANK14=0E00h-0EFFh -ABANK15=0F00h-0F7Fh \
  -ASFR=0F80h-0FFFh -ABIGSFR=0F80h-0FFFh -ACONFIG=0300000h-030000Dh \
  -AIDLOC=0200000h-0200007h -AEEDATA=0F00000h-0F003FFh -peeprom_data=EEDATA \
  -preset_vec=00h,intcode=08h,intcodelo,powerup,init -pramtop=01000h \
  -psmallconst=SMALLCONST -pmediumconst=MEDIUMCONST -pconst=CONST \
  -AFARRAM=00h-00h \
  -prdata=COMRAM,nvrram=COMRAM,nvbit=COMRAM,rbss=COMRAM,rbit=COMRAM \
  -pfarbss=FARRAM,fardata=FARRAM,nvFARRAM=FARRAM \
  -pintsave_regs=BIGRAM,bigbss=BIGRAM,bigdata=BIGRAM -pbss=RAM \
  -pidata=CODE,irdata=CODE,ibigdata=CODE,ifardata=CODE -prparam=COMRAM \
  C:\Users\NATHAN~1\AppData\Local\Temp\xcAsdq8.o \
  dist/default/production\Projet_pic18.X.production.o 

Object code version is 3.11

Machine type is 18F4620



                Name                               Link     Load   Length Selector   Space Scale
C:\Users\NATHAN~1\AppData\Local\Temp\xcAsdq8.o
                config                           300000   300000        E        0       4
                init                                  E        E        4        4       0
                reset_vec                             0        0        4        0       0
dist/default/production\Projet_pic18.X.production.o
                intcode                               8        8        6        4       0
                config                           300000   300000        E        0       4
                temp                                 7F       7F        1        1       1
                mediumconst                        FB5A     FB5A      4A6     7DAD       0
                text169                            A11A     A11A        E        4       0
                text168                            A152     A152        A        4       0
                text167                            A17C     A17C        8        4       0
                text166                            A10C     A10C        E        4       0
                text165                            A174     A174        8        4       0
                text164                            A0FE     A0FE        E        4       0
                text163                            9F98     9F98       1E        4       0
                text162                            9EFC     9EFC       22        4       0
                text161                            A07A     A07A       16        4       0
                text160                            A064     A064       16        4       0
                text159                            945E     945E       54        4       0
                text158                            A04E     A04E       16        4       0
                text157                            97CE     97CE       4A        4       0
                text156                            9FD2     9FD2       1C        4       0
                text155                            90A6     90A6       6A        4       0
                text154                            9FB6     9FB6       1C        4       0
                text153                            8112     8112       C4        4       0
                text152                            84AE     84AE       B0        4       0
                text151                            6776     6776      17A        4       0
                text150                            A0C4     A0C4       10        4       0
                text149                            6474     6474      186        4       0
                text148                            9F7A     9F7A       1E        4       0
                text147                            9E4C     9E4C       26        4       0
                text146                            9BCE     9BCE       38        4       0
                text145                            95A8     95A8       52        4       0
                text144                            5A8A     5A8A      1C8        4       0
                text143                            62EC     62EC      188        4       0
                text142                            6D42     6D42      164        4       0
                text141                            9A38     9A38       40        4       0
                text140                            A008     A008       1A        4       0
                text139                            A148     A148        A        4       0
                text138                            7F82     7F82       CA        4       0
                text137                            9972     9972       44        4       0
                text136                            969A     969A       50        4       0
                text135                            804C     804C       C6        4       0
                text134                            5098     5098      2EA        4       0
                text133                            860C     860C       AA        4       0
                text132                            77FC     77FC      104        4       0
                text131                            459E     459E      42A        4       0
                text130                            9B96     9B96       38        4       0
                text129                            3CB0     3CB0      4C0        4       0
                text128                            98A4     98A4       46        4       0
                text127                            7A00     7A00       FE        4       0
                text126                            5878     5878      212        4       0
                text125                            92FA     92FA       5E        4       0
                text124                            9B5E     9B5E       38        4       0
                text123                            985E     985E       46        4       0
                text122                            49C8     49C8      39A        4       0
                text121                            76F6     76F6      106        4       0
                text120                            10AA     10AA      C16        4       0
                text119                            7EA6     7EA6       DC        4       0
                text118                            9A78     9A78       3C        4       0
                text117                            9B26     9B26       38        4       0
                text116                            992E     992E       44        4       0
                text115                            5382     5382      2AC        4       0
                text114                            24E6     24E6      7AE        4       0
                text113                            9176     9176       64        4       0
                text112                            9DB2     9DB2       28        4       0
                text111                            6BD8     6BD8      16A        4       0
                text110                            9F1E     9F1E       20        4       0
                text109                            929A     929A       60        4       0
                text108                            9D00     9D00       30        4       0
                text107                            7BF4     7BF4       F6        4       0
                text106                            9C06     9C06       36        4       0
                text105                            4D62     4D62      336        4       0
                text104                            9110     9110       66        4       0
                text103                            73C6     73C6      116        4       0
                text102                            5E0A     5E0A      1B4        4       0
                text101                            65FA     65FA      17C        4       0
                text100                            9818     9818       46        4       0
                text99                             8E7C     8E7C       72        4       0
                text98                             9D30     9D30       2E        4       0
                text97                             8D18     8D18       7A        4       0
                text96                             8FCE     8FCE       6E        4       0
                text95                             923A     923A       60        4       0
                text94                             6A66     6A66      172        4       0
                text93                             7DC8     7DC8       DE        4       0
                text92                             562E     562E      24A        4       0
                text91                             964A     964A       50        4       0
                text90                             9782     9782       4C        4       0
                text89                             8A28     8A28       84        4       0
                text88                             9C3C     9C3C       34        4       0
                text87                             A16C     A16C        8        4       0
                text86                             A13E     A13E        A        4       0
                text85                             8802     8802       8C        4       0
                text84                             8C9E     8C9E       7A        4       0
                text83                             9E72     9E72       24        4       0
                text82                             7900     7900      100        4       0
                text81                             855E     855E       AE        4       0
                text80                             6162     6162      18A        4       0
                text79                             A128     A128        C        4       0
                text78                             8E0A     8E0A       72        4       0
                text77                             9E26     9E26       26        4       0
                text76                             93B2     93B2       58        4       0
                text75                             8F5E     8F5E       70        4       0
                text74                             81D6     81D6       BC        4       0
                text73                             A1A2     A1A2        6        4       0
                text72                             A090     A090       14        4       0
                text71                             A19C     A19C        6        4       0
                text70                             9E00     9E00       26        4       0
                text69                             9736     9736       4C        4       0
                text68                             9556     9556       52        4       0
                text67                             98EA     98EA       44        4       0
                text66                             9AB4     9AB4       3A        4       0
                text65                             83FC     83FC       B2        4       0
                text64                             6EA6     6EA6      15E        4       0
                text63                             7004     7004      14C        4       0
                text62                             9AEE     9AEE       38        4       0
                text61                             9D88     9D88       2A        4       0
                text60                             A0F0     A0F0        E        4       0
                text59                             A196     A196        6        4       0
                text58                             A190     A190        6        4       0
                text57                             903C     903C       6A        4       0
                text56                             8EEE     8EEE       70        4       0
                text55                             9EDA     9EDA       22        4       0
                text54                               12       12     1098        4       0
                text53                             9DDA     9DDA       26        4       0
                text52                             99F8     99F8       40        4       0
                text51                             8C24     8C24       7A        4       0
                text50                             8BA8     8BA8       7C        4       0
                text49                             9504     9504       52        4       0
                text48                             5FBE     5FBE      1A4        4       0
                text47                             8348     8348       B4        4       0
                text46                             8D92     8D92       78        4       0
                text45                             9F5C     9F5C       1E        4       0
                text44                             9CD0     9CD0       30        4       0
                text43                             91DA     91DA       60        4       0
                text42                             1CC0     1CC0      826        4       0
                text41                             2C94     2C94      5B2        4       0
                text40                             7292     7292      134        4       0
                text39                             68F0     68F0      176        4       0
                text38                             96EA     96EA       4C        4       0
                text37                             7150     7150      142        4       0
                text36                             89A2     89A2       86        4       0
                text35                             A0B4     A0B4       10        4       0
                text34                             9CA0     9CA0       30        4       0
                intcode_body                       7AFE     7AFE       F6        4       0
                text32                             A134     A134        A        4       0
                text31                             A164     A164        8        4       0
                text30                             A0E2     A0E2        E        4       0
                text29                             A15C     A15C        8        4       0
                text28                             A0D4     A0D4        E        4       0
                text27                             9F3E     9F3E       1E        4       0
                text26                             9EB8     9EB8       22        4       0
                text25                             A038     A038       16        4       0
                text24                             A022     A022       16        4       0
                text23                             9358     9358       5A        4       0
                text22                             9FEE     9FEE       1A        4       0
                text21                             94B2     94B2       52        4       0
                text20                             9E96     9E96       22        4       0
                text19                             74DC     74DC      112        4       0
                text18                             A0A4     A0A4       10        4       0
                text17                             8B2C     8B2C       7C        4       0
                text16                             99B6     99B6       42        4       0
                text15                             8918     8918       8A        4       0
                text14                             86B6     86B6       A8        4       0
                text13                             A1A8     A1A8        4        4       0
                text12                             8AAC     8AAC       80        4       0
                text11                             875E     875E       A4        4       0
                text10                             9C70     9C70       30        4       0
                text9                              7CEA     7CEA       DE        4       0
                text8                              8292     8292       B6        4       0
                text7                              3246     3246      55E        4       0
                text6                              4170     4170      42E        4       0
                text5                              75EE     75EE      108        4       0
                text4                              5C52     5C52      1B8        4       0
                text3                              37A4     37A4      50C        4       0
                text2                              940A     940A       54        4       0
                text1                              95FA     95FA       50        4       0
                text0                              9D5E     9D5E       2A        4       0
                cstackCOMRAM                          1        1       7E        1       1
                cstackBANK0                          80       80       7D       80       1
                cstackBANK1                         100      100       5F      100       1
                cstackBANK2                         2D5      2D5       25      200       1
                cstackBANK3                         364      364       33      300       1
                bssBIGRAM                           397      397      400      397       1
                bssBANK3                            300      300       64      300       1
                dataBANK2                           2FA      2FA        6      200       1
                bssBANK2                            200      200       D5      200       1
                dataBANK1                           1B5      1B5        6      100       1
                bssBANK1                            15F      15F       56      100       1
                bssBANK0                             FD       FD        3       80       1
                cinit                              888E     888E       8A        4       0
                idataBANK2                         A18A     A18A        6        4       0
                idataBANK1                         A184     A184        6        4       0

TOTAL           Name                               Link     Load   Length     Space
        CLASS   CODE           
                intcode                               8        8        6         0
                init                                  E        E        4         0
                reset_vec                             0        0        4         0
                text169                            A11A     A11A        E         0
                text168                            A152     A152        A         0
                text167                            A17C     A17C        8         0
                text166                            A10C     A10C        E         0
                text165                            A174     A174        8         0
                text164                            A0FE     A0FE        E         0
                text163                            9F98     9F98       1E         0
                text162                            9EFC     9EFC       22         0
                text161                            A07A     A07A       16         0
                text160                            A064     A064       16         0
                text159                            945E     945E       54         0
                text158                            A04E     A04E       16         0
                text157                            97CE     97CE       4A         0
                text156                            9FD2     9FD2       1C         0
                text155                            90A6     90A6       6A         0
                text154                            9FB6     9FB6       1C         0
                text153                            8112     8112       C4         0
                text152                            84AE     84AE       B0         0
                text151                            6776     6776      17A         0
                text150                            A0C4     A0C4       10         0
                text149                            6474     6474      186         0
                text148                            9F7A     9F7A       1E         0
                text147                            9E4C     9E4C       26         0
                text146                            9BCE     9BCE       38         0
                text145                            95A8     95A8       52         0
                text144                            5A8A     5A8A      1C8         0
                text143                            62EC     62EC      188         0
                text142                            6D42     6D42      164         0
                text141                            9A38     9A38       40         0
                text140                            A008     A008       1A         0
                text139                            A148     A148        A         0
                text138                            7F82     7F82       CA         0
                text137                            9972     9972       44         0
                text136                            969A     969A       50         0
                text135                            804C     804C       C6         0
                text134                            5098     5098      2EA         0
                text133                            860C     860C       AA         0
                text132                            77FC     77FC      104         0
                text131                            459E     459E      42A         0
                text130                            9B96     9B96       38         0
                text129                            3CB0     3CB0      4C0         0
                text128                            98A4     98A4       46         0
                text127                            7A00     7A00       FE         0
                text126                            5878     5878      212         0
                text125                            92FA     92FA       5E         0
                text124                            9B5E     9B5E       38         0
                text123                            985E     985E       46         0
                text122                            49C8     49C8      39A         0
                text121                            76F6     76F6      106         0
                text120                            10AA     10AA      C16         0
                text119                            7EA6     7EA6       DC         0
                text118                            9A78     9A78       3C         0
                text117                            9B26     9B26       38         0
                text116                            992E     992E       44         0
                text115                            5382     5382      2AC         0
                text114                            24E6     24E6      7AE         0
                text113                            9176     9176       64         0
                text112                            9DB2     9DB2       28         0
                text111                            6BD8     6BD8      16A         0
                text110                            9F1E     9F1E       20         0
                text109                            929A     929A       60         0
                text108                            9D00     9D00       30         0
                text107                            7BF4     7BF4       F6         0
                text106                            9C06     9C06       36         0
                text105                            4D62     4D62      336         0
                text104                            9110     9110       66         0
                text103                            73C6     73C6      116         0
                text102                            5E0A     5E0A      1B4         0
                text101                            65FA     65FA      17C         0
                text100                            9818     9818       46         0
                text99                             8E7C     8E7C       72         0
                text98                             9D30     9D30       2E         0
                text97                             8D18     8D18       7A         0
                text96                             8FCE     8FCE       6E         0
                text95                             923A     923A       60         0
                text94                             6A66     6A66      172         0
                text93                             7DC8     7DC8       DE         0
                text92                             562E     562E      24A         0
                text91                             964A     964A       50         0
                text90                             9782     9782       4C         0
                text89                             8A28     8A28       84         0
                text88                             9C3C     9C3C       34         0
                text87                             A16C     A16C        8         0
                text86                             A13E     A13E        A         0
                text85                             8802     8802       8C         0
                text84                             8C9E     8C9E       7A         0
                text83                             9E72     9E72       24         0
                text82                             7900     7900      100         0
                text81                             855E     855E       AE         0
                text80                             6162     6162      18A         0
                text79                             A128     A128        C         0
                text78                             8E0A     8E0A       72         0
                text77                             9E26     9E26       26         0
                text76                             93B2     93B2       58         0
                text75                             8F5E     8F5E       70         0
                text74                             81D6     81D6       BC         0
                text73                             A1A2     A1A2        6         0
                text72                             A090     A090       14         0
                text71                             A19C     A19C        6         0
                text70                             9E00     9E00       26         0
                text69                             9736     9736       4C         0
                text68                             9556     9556       52         0
                text67                             98EA     98EA       44         0
                text66                             9AB4     9AB4       3A         0
                text65                             83FC     83FC       B2         0
                text64                             6EA6     6EA6      15E         0
                text63                             7004     7004      14C         0
                text62                             9AEE     9AEE       38         0
                text61                             9D88     9D88       2A         0
                text60                             A0F0     A0F0        E         0
                text59                             A196     A196        6         0
                text58                             A190     A190        6         0
                text57                             903C     903C       6A         0
                text56                             8EEE     8EEE       70         0
                text55                             9EDA     9EDA       22         0
                text54                               12       12     1098         0
                text53                             9DDA     9DDA       26         0
                text52                             99F8     99F8       40         0
                text51                             8C24     8C24       7A         0
                text50                             8BA8     8BA8       7C         0
                text49                             9504     9504       52         0
                text48                             5FBE     5FBE      1A4         0
                text47                             8348     8348       B4         0
                text46                             8D92     8D92       78         0
                text45                             9F5C     9F5C       1E         0
                text44                             9CD0     9CD0       30         0
                text43                             91DA     91DA       60         0
                text42                             1CC0     1CC0      826         0
                text41                             2C94     2C94      5B2         0
                text40                             7292     7292      134         0
                text39                             68F0     68F0      176         0
                text38                             96EA     96EA       4C         0
                text37                             7150     7150      142         0
                text36                             89A2     89A2       86         0
                text35                             A0B4     A0B4       10         0
                text34                             9CA0     9CA0       30         0
                intcode_body                       7AFE     7AFE       F6         0
                text32                             A134     A134        A         0
                text31                             A164     A164        8         0
                text30                             A0E2     A0E2        E         0
                text29                             A15C     A15C        8         0
                text28                             A0D4     A0D4        E         0
                text27                             9F3E     9F3E       1E         0
                text26                             9EB8     9EB8       22         0
                text25                             A038     A038       16         0
                text24                             A022     A022       16         0
                text23                             9358     9358       5A         0
                text22                             9FEE     9FEE       1A         0
                text21                             94B2     94B2       52         0
                text20                             9E96     9E96       22         0
                text19                             74DC     74DC      112         0
                text18                             A0A4     A0A4       10         0
                text17                             8B2C     8B2C       7C         0
                text16                             99B6     99B6       42         0
                text15                             8918     8918       8A         0
                text14                             86B6     86B6       A8         0
                text13                             A1A8     A1A8        4         0
                text12                             8AAC     8AAC       80         0
                text11                             875E     875E       A4         0
                text10                             9C70     9C70       30         0
                text9                              7CEA     7CEA       DE         0
                text8                              8292     8292       B6         0
                text7                              3246     3246      55E         0
                text6                              4170     4170      42E         0
                text5                              75EE     75EE      108         0
                text4                              5C52     5C52      1B8         0
                text3                              37A4     37A4      50C         0
                text2                              940A     940A       54         0
                text1                              95FA     95FA       50         0
                text0                              9D5E     9D5E       2A         0
                cinit                              888E     888E       8A         0
                idataBANK2                         A18A     A18A        6         0
                idataBANK1                         A184     A184        6         0

        CLASS   CONST          

        CLASS   SMALLCONST     

        CLASS   MEDIUMCONST    
                mediumconst                        FB5A     FB5A      4A6         0

        CLASS   COMRAM         
                temp                                 7F       7F        1         1
                cstackCOMRAM                          1        1       7E         1

        CLASS   ABS1           

        CLASS   BIGRAM         
                bssBIGRAM                           397      397      400         1

        CLASS   RAM            

        CLASS   BANK0          
                cstackBANK0                          80       80       7D         1
                bssBANK0                             FD       FD        3         1

        CLASS   BANK1          
                cstackBANK1                         100      100       5F         1
                dataBANK1                           1B5      1B5        6         1
                bssBANK1                            15F      15F       56         1

        CLASS   BANK2          
                cstackBANK2                         2D5      2D5       25         1
                dataBANK2                           2FA      2FA        6         1
                bssBANK2                            200      200       D5         1

        CLASS   BANK3          
                cstackBANK3                         364      364       33         1
                bssBANK3                            300      300       64         1

        CLASS   BANK4          

        CLASS   BANK5          

        CLASS   BANK6          

        CLASS   BANK7          

        CLASS   BANK8          

        CLASS   BANK9          

        CLASS   BANK10         

        CLASS   BANK11         

        CLASS   BANK12         

        CLASS   BANK13         

        CLASS   BANK14         

        CLASS   BANK15         

        CLASS   SFR            

        CLASS   BIGSFR         

        CLASS   CONFIG         
                config                           300000   300000        E         4

        CLASS   IDLOC          

        CLASS   EEDATA         

        CLASS   FARRAM         

        CLASS   HEAP           

        CLASS   STACK          



SEGMENTS        Name                           Load    Length   Top    Selector   Space  Class

                reset_vec                      000000  000004  000004         0       0  CODE    
                cstackCOMRAM                   000001  00007F  000080         1       1  COMRAM  
                intcode                        000008  00A1A4  00A1AC         4       0  CODE    
                cstackBANK0                    000080  000080  000100        80       1  BANK0   
                cstackBANK1                    000100  0000BB  0001BB       100       1  BANK1   
                bssBANK2                       000200  000100  000300       200       1  BANK2   
                bssBANK3                       000300  000097  000397       300       1  BANK3   
                bssBIGRAM                      000397  000400  000797       397       1  BIGRAM  
                mediumconst                    00FB5A  0004A6  010000      7DAD       0  MEDIUMCO


UNUSED ADDRESS RANGES

        Name                Unused          Largest block    Delta
        BANK1            0001BB-0001FF               45
        BANK10           000A00-000AFF              100
        BANK11           000B00-000BFF              100
        BANK12           000C00-000CFF              100
        BANK13           000D00-000DFF              100
        BANK14           000E00-000EFF              100
        BANK15           000F00-000F7F               80
        BANK7            000797-0007FF               69
        BANK8            000800-0008FF              100
        BANK9            000900-0009FF              100
        BIGRAM           0001BB-0001FF               45
                         000797-000F7F              7E9
        BIGSFR           000F80-000FFF               80
        CODE             000004-000007                4
                         00A1AC-00FB59             59AE
        CONST            000004-000007                4
                         00A1AC-00FB59             59AE
        EEDATA           F00000-F003FF              400
        IDLOC            200000-200007                8
        MEDIUMCONST      00A1AC-00FB59             59AE
        RAM              0001BB-0001FF               45
                         000797-000F7F              100
        SFR              000F80-000FFF               80
        SMALLCONST       00A1AC-00FB59              100

                                  Symbol Table

?_Get_DS1307_RTC_Date                                 cstackCOMRAM 000011
?_Get_DS1307_RTC_Time                                 cstackCOMRAM 000011
?_OneWireTemp                                         cstackCOMRAM 000028
?___aodiv                                             cstackCOMRAM 000001
?___aomod                                             cstackCOMRAM 000001
?___awdiv                                             cstackCOMRAM 000001
?___awmod                                             cstackCOMRAM 000001
?___fladd                                             cstackBANK2  0002EF
?___fldiv                                             cstackBANK2  0002E3
?___flmul                                             cstackCOMRAM 000040
?___flneg                                             cstackCOMRAM 000001
?___flsub                                             cstackCOMRAM 000038
?___fltol                                             cstackBANK2  0002D5
?___fpclassifyf                                       cstackCOMRAM 000001
?___lmul                                              cstackCOMRAM 000001
?___wmul                                              cstackCOMRAM 000001
?___xxtofl                                            cstackBANK2  0002D5
?_abs                                                 cstackCOMRAM 000013
?_atof                                                cstackCOMRAM 00007A
?_atoi                                                cstackCOMRAM 000008
?_dtoa                                                cstackCOMRAM 00001E
?_efgtoa                                              cstackCOMRAM 000065
?_floorf                                              cstackCOMRAM 000028
?_isalpha                                             cstackCOMRAM 000001
?_isdigit                                             cstackCOMRAM 000001
?_islower                                             cstackCOMRAM 000001
?_isspace                                             cstackCOMRAM 000001
?_isupper                                             cstackCOMRAM 000001
?_isxdigit                                            cstackCOMRAM 000007
?_nanf                                                cstackCOMRAM 000001
?_pad                                                 cstackCOMRAM 000013
?_printf                                              cstackBANK0  0000D2
?_snprintf                                            cstackBANK0  0000D2
?_sprintf                                             cstackBANK0  0000D2
?_strchr                                              cstackCOMRAM 000001
?_strlen                                              cstackCOMRAM 000001
?_strncmp                                             cstackCOMRAM 000005
?_strtof                                              cstackCOMRAM 000065
?_tolower                                             cstackCOMRAM 000007
?_toupper                                             cstackCOMRAM 000007
?_vfpfcnvrt                                           cstackCOMRAM 000071
?_vfprintf                                            cstackBANK0  0000CC
?_xtoa                                                cstackCOMRAM 00001E
?i2___fladd                                           cstackCOMRAM 000028
?i2___fldiv                                           cstackCOMRAM 00000F
?i2___fltol                                           cstackCOMRAM 000059
?i2___xxtofl                                          cstackCOMRAM 000001
DisplayDateOnLCD@pDate                                cstackCOMRAM 00000D
DisplayDateOnLCD@tens                                 cstackCOMRAM 000010
DisplayDateOnLCD@units                                cstackCOMRAM 000011
DisplayTimeToLCD@pTime                                cstackCOMRAM 00000D
DisplayTimeToLCD@tens                                 cstackCOMRAM 000010
DisplayTimeToLCD@units                                cstackCOMRAM 000011
Get_DS1307_RTC_Date@Temp                              cstackCOMRAM 00001E
Get_DS1307_RTC_Date@currentDate                       cstackCOMRAM 00001A
Get_DS1307_RTC_Date@pRTCArray                         cstackCOMRAM 000016
Get_DS1307_RTC_Time@Temp                              cstackCOMRAM 00001D
Get_DS1307_RTC_Time@currentTime                       cstackCOMRAM 000019
Get_DS1307_RTC_Time@pRTCArray                         cstackCOMRAM 000016
I2C_ReadFromAddress@deviceAddress                     cstackBANK2  0002D9
I2C_ReadRegister@deviceAddress                        cstackCOMRAM 000009
I2C_ReadRegister@registerAddress                      cstackCOMRAM 000007
I2C_ReadRegister@result                               cstackCOMRAM 000008
I2C_ReadResult@readback                               cstackBANK2  0002D7
I2C_ReadResult@x                                      cstackBANK2  0002D5
I2C_ReadResult_withAck@readback                       cstackCOMRAM 000003
I2C_ReadResult_withAck@x                              cstackCOMRAM 000001
I2C_WriteByte@temp                                    cstackBANK2  0002D8
I2C_WriteByte@theByte                                 cstackBANK2  0002D5
I2C_WriteByte@x                                       cstackBANK2  0002D6
I2C_WriteToAddress@deviceAddress                      cstackBANK2  0002D9
I2C_WriteToAddress@temp                               cstackBANK2  0002DA
LCD_CMD@CMD                                           cstackBANK2  0002DC
LCD_Init@I2C_Add                                      cstackBANK2  0002DF
LCD_Set_Cursor@COL                                    cstackCOMRAM 000009
LCD_Set_Cursor@ROW                                    cstackCOMRAM 00000C
LCD_Write_4Bit@Nibble                                 cstackBANK2  0002DB
LCD_Write_Char@Data                                   cstackCOMRAM 000008
LCD_Write_String@Str                                  cstackCOMRAM 000009
LCD_Write_String@i                                    cstackCOMRAM 00000B
OneWireReadBit@out                                    cstackCOMRAM 000001
OneWireReadByte@i                                     cstackCOMRAM 000003
OneWireReadByte@out                                   cstackCOMRAM 000005
OneWireTemp@LSB                                       cstackCOMRAM 000034
OneWireTemp@MSB                                       cstackCOMRAM 000035
OneWireTemp@data                                      cstackCOMRAM 000032
OneWireTemp@temperature                               cstackCOMRAM 00002E
OneWireWriteBit@b                                     cstackCOMRAM 000001
OneWireWriteByte@b                                    cstackCOMRAM 000004
OneWireWriteByte@i                                    cstackCOMRAM 000002
Read_Bytes_From_DS1307_RTC@Address                    cstackCOMRAM 00000E
Read_Bytes_From_DS1307_RTC@NoOfBytes                  cstackCOMRAM 00000C
Read_Bytes_From_DS1307_RTC@i                          cstackCOMRAM 00000F
Read_Bytes_From_DS1307_RTC@pData                      cstackCOMRAM 00000A
SD_ACMD@arg                                           cstackCOMRAM 00000B
SD_ACMD@cmd                                           cstackCOMRAM 00000F
SD_Command@arg                                        cstackCOMRAM 000004
SD_Command@cmd                                        cstackCOMRAM 000009
SD_Command@n                                          cstackCOMRAM 000008
SD_Command@response                                   cstackCOMRAM 00000A
SD_EraseBlocks@firstBlock                             cstackCOMRAM 00000B
SD_EraseBlocks@lastBlock                              cstackCOMRAM 00000F
SD_MBR_Receive@bufReceive                             cstackCOMRAM 000004
SD_MBR_Receive@i                                      cstackCOMRAM 000006
SD_MBR_Start@response                                 cstackCOMRAM 000010
SD_MBR_Start@startBlock                               cstackCOMRAM 00000B
SD_SendDummyBytes@n                                   cstackCOMRAM 000005
SD_SendDummyBytes@numBytes                            cstackCOMRAM 000004
SD_SingleBlockWrite@arr                               cstackCOMRAM 00000F
SD_SingleBlockWrite@block                             cstackCOMRAM 00000B
SD_SingleBlockWrite@i                                 cstackCOMRAM 000014
SD_SingleBlockWrite@response                          cstackCOMRAM 000013
SSD1306_ClearDisplay@i                                cstackCOMRAM 000008
SSD1306_GotoXY@x                                      cstackCOMRAM 000002
SSD1306_GotoXY@y                                      cstackCOMRAM 000001
SSD1306_Init@i2caddr                                  cstackCOMRAM 000008
SSD1306_Init@vccstate                                 cstackCOMRAM 000009
SSD1306_PutStretchC@F3513                             bssBANK2     000258
SSD1306_PutStretchC@b                                 cstackCOMRAM 000011
SSD1306_PutStretchC@bn                                cstackCOMRAM 000016
SSD1306_PutStretchC@bn_1371                           cstackCOMRAM 00001B
SSD1306_PutStretchC@c                                 cstackCOMRAM 00001E
SSD1306_PutStretchC@font_c                            cstackCOMRAM 000019
SSD1306_PutStretchC@i                                 cstackCOMRAM 000017
SSD1306_PutStretchC@i_1362                            cstackCOMRAM 00001D
SSD1306_PutStretchC@i_1366                            cstackCOMRAM 00001F
SSD1306_PutStretchC@i_1370                            cstackCOMRAM 000018
SSD1306_PutStretchC@offs                              cstackCOMRAM 00001A
SSD1306_PutStretchC@p                                 cstackCOMRAM 00001C
SSD1306_PutStretchC@pos                               cstackCOMRAM 000015
SSD1306_PutStretchC@size_mult                         cstackCOMRAM 000009
Timer1_DefaultInterruptHandler@cpt_ms_buzzer          bssBANK2     00026E
Timer1_DefaultInterruptHandler@cpt_ms_lcd             bssBANK2     000272
Timer1_DefaultInterruptHandler@cpt_ms_oled            bssBANK2     000270
Timer1_DefaultInterruptHandler@cpt_ms_sd              bssBANK2     00025C
Timer1_DefaultInterruptHandler@cpt_ms_temp_management bssBANK1     0001AE
Timer1_Init@_timer                                    cstackBANK2  0002D7
Timer1_Mode_Selection@_timer                          cstackBANK2  0002D5
USART_ASYNCRONOUS_RX_Init@_usart                      cstackBANK2  0002D5
USART_ASYNCRONOUS_TX_Init@_usart                      cstackBANK2  0002D5
USART_Asynchronous_Initialize@_usart                  cstackBANK3  000383
USART_Asynchronous_Initialize@ret                     cstackBANK2  0002F9
USART_Asynchronous_ReadByte_NonBlocking@_data         cstackCOMRAM 000001
USART_Asynchronous_ReadByte_NonBlocking@ret           cstackCOMRAM 000003
USART_Asynchronous_WriteByte_Blocking@_data           cstackCOMRAM 000001
USART_Baud_Rate_Calculation@Baud_Rate_Temp_Value      cstackBANK3  00037B
USART_Baud_Rate_Calculation@_usart                    cstackBANK2  0002F7
USART_FramingDefaultErrorHandler@_data_               cstackCOMRAM 000004
USART_RxDefaultInterruptHandler@i                     cstackBANK0  0000FB
_ACMD22                                               mediumconst  00FD3E
_BAUDCONbits                                          (abs)        000FB8
_BackLight_State                                      dataBANK1    0001BA
_CCP1CON                                              (abs)        000FBD
_CCPR1L                                               (abs)        000FBE
_CMD13                                                mediumconst  00FD49
_DisplayDateOnLCD                                     text151      006776
_DisplayTimeToLCD                                     text149      006474
_Font                                                 mediumconst  00FB5B
_Font2                                                mediumconst  00FC5A
_Get_DS1307_RTC_Date                                  text75       008F5E
_Get_DS1307_RTC_Time                                  text74       0081D6
_I2C_Delay                                            text32       00A134
_I2C_ReadFromAddress                                  text18       00A0A4
_I2C_ReadRegister                                     text77       009E26
_I2C_ReadResult                                       text17       008B2C
_I2C_ReadResult_withAck                               text51       008C24
_I2C_SendOne                                          text25       00A038
_I2C_SendZero                                         text24       00A022
_I2C_Start                                            text27       009F3E
_I2C_Stop                                             text26       009EB8
_I2C_WriteByte                                        text23       009358
_I2C_WriteToAddress                                   text22       009FEE
_INTCONbits                                           (abs)        000FF2
_InterruptManager                                     intcode      000008
_LATAbits                                             (abs)        000F89
_LATEbits                                             (abs)        000F8D
_LCD_CMD                                              text20       009E96
_LCD_Clear                                            text150      00A0C4
_LCD_Init                                             text19       0074DC
_LCD_Set_Cursor                                       text155      0090A6
_LCD_Write_4Bit                                       text21       0094B2
_LCD_Write_Char                                       text154      009FB6
_LCD_Write_String                                     text52       0099F8
_OSCCON                                               (abs)        000FD3
_OSCCONbits                                           (abs)        000FD3
_OSCTUNE                                              (abs)        000F9B
_OneWireHigh                                          text73       00A1A2
_OneWireRead                                          text72       00A090
_OneWireReadBit                                       text70       009E00
_OneWireReadByte                                      text69       009736
_OneWireRelease                                       text71       00A19C
_OneWireReset                                         text68       009556
_OneWireTemp                                          text65       0083FC
_OneWireWriteBit                                      text67       0098EA
_OneWireWriteByte                                     text66       009AB4
_PIE1bits                                             (abs)        000F9D
_PIR1bits                                             (abs)        000F9E
_PORTA                                                (abs)        000F80
_PORTCbits                                            (abs)        000F82
_PORTD                                                (abs)        000F83
_PORTDbits                                            (abs)        000F83
_PORTE                                                (abs)        000F84
_PR2                                                  (abs)        000FCB
_RCREG                                                (abs)        000FAE
_RCSTAbits                                            (abs)        000FAB
_RS                                                   bssBANK1     0001AD
_Read_Bytes_From_DS1307_RTC                           text76       0093B2
_SCL_High                                             text31       00A164
_SCL_Low                                              text30       00A0E2
_SDA_High                                             text29       00A15C
_SDA_Low                                              text28       00A0D4
_SDCard                                               bssBANK1     00015F
_SD_ACMD                                              text44       009CD0
_SD_Command                                           text85       008802
_SD_EraseBlocks                                       text84       008C9E
_SD_MBR_Receive                                       text47       008348
_SD_MBR_Start                                         text46       008D92
_SD_MBR_Stop                                          text45       009F5C
_SD_SendDummyBytes                                    text83       009E72
_SD_SingleBlockWrite                                  text82       007900
_SDreadBuffer                                         bssBIGRAM    000397
_SDwriteBuffer                                        bssBIGRAM    000597
_SPBRG                                                (abs)        000FAF
_SPBRGH                                               (abs)        000FB0
_SSD1306_ClearDisplay                                 text109      00929A
_SSD1306_GotoXY                                       text108      009D00
_SSD1306_Init                                         text107      007BF4
_SSD1306_PutStretchC                                  text105      004D62
_SSPBUF                                               (abs)        000FC9
_SSPCON1                                              (abs)        000FC6
_SSPCON1bits                                          (abs)        000FC6
_SSPIF                                                (abs)        007CF3
_SSPSTAT                                              (abs)        000FC7
_SSPSTATbits                                          (abs)        000FC7
_T0CONbits                                            (abs)        000FD5
_T1CONbits                                            (abs)        000FCD
_T2CON                                                (abs)        000FCA
_T2CONbits                                            (abs)        000FCA
_TMR0H                                                (abs)        000FD7
_TMR0L                                                (abs)        000FD6
_TMR0_ISR                                             text169      00A11A
_TMR0_InterruptHandler                                bssBANK2     00026C
_TMR1H                                                (abs)        000FCF
_TMR1L                                                (abs)        000FCE
_TMR1_ISR                                             text62       009AEE
_TMR1_InterruptHandler                                bssBANK1     000198
_TMR2                                                 (abs)        000FCC
_TRISA                                                (abs)        000F92
_TRISAbits                                            (abs)        000F92
_TRISCbits                                            (abs)        000F94
_TRISD                                                (abs)        000F95
_TRISDbits                                            (abs)        000F95
_TRISEbits                                            (abs)        000F96
_TXREG                                                (abs)        000FAD
_TXSTAbits                                            (abs)        000FAC
_Temp                                                 bssBANK1     0001AF
_Timer1_DefaultInterruptHandler                       text63       007004
_Timer1_Init                                          text11       00875E
_Timer1_Mode_Selection                                text12       008AAC
_USART_ASYNCRONOUS_RX_Init                            text9        007CEA
_USART_ASYNCRONOUS_TX_Init                            text8        008292
_USART_Asynchronous_Initialize                        text2        00940A
_USART_Asynchronous_ReadByte_NonBlocking              text61       009D88
_USART_Asynchronous_Restart_RX                        text59       00A196
_USART_Asynchronous_WriteByte_Blocking                text140      00A008
_USART_Baud_Rate_Calculation                          text3        0037A4
_USART_Baud_Rate_Calculation$4465                     cstackBANK3  00037F
_USART_FramingDefaultErrorHandler                     text60       00A0F0
_USART_FramingErrorHandler                            bssBANK1     0001A0
_USART_OverrunDefaultErrorHandler                     text58       00A190
_USART_OverrunErrorHandler                            bssBANK1     00019E
_USART_RX_ISR                                         text36       0089A2
_USART_RxDefaultInterruptHandler                      text37       007150
_USART_RxDefaultInterruptHandler@hal_usart$F947       bssBANK1     0001A2
_USART_TX_ISR                                         text34       009CA0
_USART_TxDefaultInterruptHandler                      text35       00A0B4
_USART_TxDefaultInterruptHandler@hal_usart$F942       bssBANK1     0001A4
__HRAM                                                (abs)        000000
__Habs1                                               abs1         000000
__Hbank0                                              bank0        000000
__Hbank1                                              bank1        000000
__Hbank10                                             bank10       000000
__Hbank11                                             bank11       000000
__Hbank12                                             bank12       000000
__Hbank13                                             bank13       000000
__Hbank14                                             bank14       000000
__Hbank15                                             bank15       000000
__Hbank2                                              bank2        000000
__Hbank3                                              bank3        000000
__Hbank4                                              bank4        000000
__Hbank5                                              bank5        000000
__Hbank6                                              bank6        000000
__Hbank7                                              bank7        000000
__Hbank8                                              bank8        000000
__Hbank9                                              bank9        000000
__Hbigbss                                             bigbss       000000
__Hbigdata                                            bigdata      000000
__Hbigram                                             bigram       000000
__Hbigsfr                                             bigsfr       000000
__Hbss                                                bss          000000
__HbssBANK0                                           bssBANK0     000000
__HbssBANK1                                           bssBANK1     000000
__HbssBANK2                                           bssBANK2     000000
__HbssBANK3                                           bssBANK3     000000
__HbssBIGRAM                                          bssBIGRAM    000000
__Hcinit                                              cinit        000000
__Hclrtext                                            clrtext      000000
__Hcomram                                             comram       000000
__Hconfig                                             config       30000E
__Hconst                                              const        000000
__HcstackBANK0                                        cstackBANK0  000000
__HcstackBANK1                                        cstackBANK1  000000
__HcstackBANK2                                        cstackBANK2  000000
__HcstackBANK3                                        cstackBANK3  000000
__HcstackCOMRAM                                       cstackCOMRAM 000000
__Hdata                                               data         000000
__HdataBANK1                                          dataBANK1    000000
__HdataBANK2                                          dataBANK2    000000
__Heeprom_data                                        eeprom_data  000000
__Hfarbss                                             farbss       000000
__Hfardata                                            fardata      000000
__Hheap                                               heap         000000
__Hibigdata                                           ibigdata     000000
__Hidata                                              idata        000000
__HidataBANK1                                         idataBANK1   000000
__HidataBANK2                                         idataBANK2   000000
__Hidloc                                              idloc        000000
__Hifardata                                           ifardata     000000
__Hinit                                               init         000012
__Hintcode                                            intcode      00000E
__Hintcode_body                                       intcode_body 000000
__Hintcodelo                                          intcodelo    00000E
__Hintentry                                           intentry     000000
__Hintret                                             intret       000000
__Hintsave_regs                                       intsave_regs 000000
__Hirdata                                             irdata       000000
__Hmediumconst                                        mediumconst  010000
__HnvFARRAM                                           nvFARRAM     000000
__Hnvbit                                              nvbit        000000
__Hnvrram                                             nvrram       000000
__Hparam                                              rparam       000000
__Hpowerup                                            powerup      00000E
__Hram                                                ram          000000
__Hramtop                                             ramtop       001000
__Hrbit                                               rbit         000000
__Hrbss                                               rbss         000000
__Hrdata                                              rdata        000000
__Hreset_vec                                          reset_vec    000004
__Hrparam                                             rparam       000000
__Hsfr                                                sfr          000000
__Hsmallconst                                         smallconst   000000
__Hspace_0                                            (abs)        010000
__Hspace_1                                            (abs)        000797
__Hspace_2                                            (abs)        000000
__Hspace_4                                            (abs)        60000E
__Hstack                                              stack        000000
__Hstruct                                             struct       000000
__Htemp                                               temp         000080
__Htext                                               text         000000
__Htext0                                              text0        000000
__Htext1                                              text1        000000
__Htext10                                             text10       000000
__Htext100                                            text100      000000
__Htext101                                            text101      000000
__Htext102                                            text102      000000
__Htext103                                            text103      000000
__Htext104                                            text104      000000
__Htext105                                            text105      000000
__Htext106                                            text106      000000
__Htext107                                            text107      000000
__Htext108                                            text108      000000
__Htext109                                            text109      000000
__Htext11                                             text11       000000
__Htext110                                            text110      000000
__Htext111                                            text111      000000
__Htext112                                            text112      000000
__Htext113                                            text113      000000
__Htext114                                            text114      000000
__Htext115                                            text115      000000
__Htext116                                            text116      000000
__Htext117                                            text117      000000
__Htext118                                            text118      000000
__Htext119                                            text119      000000
__Htext12                                             text12       000000
__Htext120                                            text120      000000
__Htext121                                            text121      000000
__Htext122                                            text122      000000
__Htext123                                            text123      000000
__Htext124                                            text124      000000
__Htext125                                            text125      000000
__Htext126                                            text126      000000
__Htext127                                            text127      000000
__Htext128                                            text128      000000
__Htext129                                            text129      000000
__Htext13                                             text13       000000
__Htext130                                            text130      000000
__Htext131                                            text131      000000
__Htext132                                            text132      000000
__Htext133                                            text133      000000
__Htext134                                            text134      000000
__Htext135                                            text135      000000
__Htext136                                            text136      000000
__Htext137                                            text137      000000
__Htext138                                            text138      000000
__Htext139                                            text139      000000
__Htext14                                             text14       000000
__Htext140                                            text140      000000
__Htext141                                            text141      000000
__Htext142                                            text142      000000
__Htext143                                            text143      000000
__Htext144                                            text144      000000
__Htext145                                            text145      000000
__Htext146                                            text146      000000
__Htext147                                            text147      000000
__Htext148                                            text148      000000
__Htext149                                            text149      000000
__Htext15                                             text15       000000
__Htext150                                            text150      000000
__Htext151                                            text151      000000
__Htext152                                            text152      000000
__Htext153                                            text153      000000
__Htext154                                            text154      000000
__Htext155                                            text155      000000
__Htext156                                            text156      000000
__Htext157                                            text157      000000
__Htext158                                            text158      000000
__Htext159                                            text159      000000
__Htext16                                             text16       000000
__Htext160                                            text160      000000
__Htext161                                            text161      000000
__Htext162                                            text162      000000
__Htext163                                            text163      000000
__Htext164                                            text164      000000
__Htext165                                            text165      000000
__Htext166                                            text166      000000
__Htext167                                            text167      000000
__Htext168                                            text168      000000
__Htext169                                            text169      000000
__Htext17                                             text17       000000
__Htext170                                            text170      000000
__Htext18                                             text18       000000
__Htext19                                             text19       000000
__Htext2                                              text2        000000
__Htext20                                             text20       000000
__Htext21                                             text21       000000
__Htext22                                             text22       000000
__Htext23                                             text23       000000
__Htext24                                             text24       000000
__Htext25                                             text25       000000
__Htext26                                             text26       000000
__Htext27                                             text27       000000
__Htext28                                             text28       000000
__Htext29                                             text29       000000
__Htext3                                              text3        000000
__Htext30                                             text30       000000
__Htext31                                             text31       000000
__Htext32                                             text32       000000
__Htext34                                             text34       000000
__Htext35                                             text35       000000
__Htext36                                             text36       000000
__Htext37                                             text37       000000
__Htext38                                             text38       000000
__Htext39                                             text39       000000
__Htext4                                              text4        000000
__Htext40                                             text40       000000
__Htext41                                             text41       000000
__Htext42                                             text42       000000
__Htext43                                             text43       000000
__Htext44                                             text44       000000
__Htext45                                             text45       000000
__Htext46                                             text46       000000
__Htext47                                             text47       000000
__Htext48                                             text48       000000
__Htext49                                             text49       000000
__Htext5                                              text5        000000
__Htext50                                             text50       000000
__Htext51                                             text51       000000
__Htext52                                             text52       000000
__Htext53                                             text53       000000
__Htext54                                             text54       000000
__Htext55                                             text55       000000
__Htext56                                             text56       000000
__Htext57                                             text57       000000
__Htext58                                             text58       000000
__Htext59                                             text59       000000
__Htext6                                              text6        000000
__Htext60                                             text60       000000
__Htext61                                             text61       000000
__Htext62                                             text62       000000
__Htext63                                             text63       000000
__Htext64                                             text64       000000
__Htext65                                             text65       000000
__Htext66                                             text66       000000
__Htext67                                             text67       000000
__Htext68                                             text68       000000
__Htext69                                             text69       000000
__Htext7                                              text7        000000
__Htext70                                             text70       000000
__Htext71                                             text71       000000
__Htext72                                             text72       000000
__Htext73                                             text73       000000
__Htext74                                             text74       000000
__Htext75                                             text75       000000
__Htext76                                             text76       000000
__Htext77                                             text77       000000
__Htext78                                             text78       000000
__Htext79                                             text79       000000
__Htext8                                              text8        000000
__Htext80                                             text80       000000
__Htext81                                             text81       000000
__Htext82                                             text82       000000
__Htext83                                             text83       000000
__Htext84                                             text84       000000
__Htext85                                             text85       000000
__Htext86                                             text86       000000
__Htext87                                             text87       000000
__Htext88                                             text88       000000
__Htext89                                             text89       000000
__Htext9                                              text9        000000
__Htext90                                             text90       000000
__Htext91                                             text91       000000
__Htext92                                             text92       000000
__Htext93                                             text93       000000
__Htext94                                             text94       000000
__Htext95                                             text95       000000
__Htext96                                             text96       000000
__Htext97                                             text97       000000
__Htext98                                             text98       000000
__Htext99                                             text99       000000
__LRAM                                                (abs)        000001
__Labs1                                               abs1         000000
__Lbank0                                              bank0        000000
__Lbank1                                              bank1        000000
__Lbank10                                             bank10       000000
__Lbank11                                             bank11       000000
__Lbank12                                             bank12       000000
__Lbank13                                             bank13       000000
__Lbank14                                             bank14       000000
__Lbank15                                             bank15       000000
__Lbank2                                              bank2        000000
__Lbank3                                              bank3        000000
__Lbank4                                              bank4        000000
__Lbank5                                              bank5        000000
__Lbank6                                              bank6        000000
__Lbank7                                              bank7        000000
__Lbank8                                              bank8        000000
__Lbank9                                              bank9        000000
__Lbigbss                                             bigbss       000000
__Lbigdata                                            bigdata      000000
__Lbigram                                             bigram       000000
__Lbigsfr                                             bigsfr       000000
__Lbss                                                bss          000000
[...]
usart_module_init@usart_obj                           cstackBANK3  000385
vfpfcnvrt@ap                                          cstackCOMRAM 000075
vfpfcnvrt@c                                           cstackBANK0  0000CB
vfpfcnvrt@ct                                          cstackBANK0  0000C4
vfpfcnvrt@done                                        cstackBANK0  0000C2
vfpfcnvrt@f                                           cstackBANK0  0000C7
vfpfcnvrt@fmt                                         cstackCOMRAM 000073
vfpfcnvrt@fp                                          cstackCOMRAM 000071
vfpfcnvrt@ll                                          cstackBANK0  0000B2
vfpfcnvrt@llu                                         cstackBANK0  0000BA
vfprintf@ap                                           cstackBANK0  0000D0
vfprintf@cfmt                                         cstackCOMRAM 00007B
vfprintf@fmt                                          cstackBANK0  0000CE
vfprintf@fp                                           cstackBANK0  0000CC
write_one_byte_in_eeprom@address_lower_byte           cstackCOMRAM 00000B
write_one_byte_in_eeprom@address_upper_byte           cstackCOMRAM 00000A
write_one_byte_in_eeprom@c                            cstackCOMRAM 000009
write_one_byte_in_eeprom@register_address             cstackCOMRAM 000007
write_one_page_in_eeprom@address_lower_byte           cstackCOMRAM 00000C
write_one_page_in_eeprom@address_upper_byte           cstackCOMRAM 00000B
write_one_page_in_eeprom@c                            cstackCOMRAM 000007
write_one_page_in_eeprom@i                            cstackCOMRAM 00000D
write_one_page_in_eeprom@register_address             cstackCOMRAM 000009
wtemp8                                                temp         000080
xtoa@c                                                cstackCOMRAM 00003F
xtoa@d                                                cstackCOMRAM 000020
xtoa@fp                                               cstackCOMRAM 00001E
xtoa@i                                                cstackCOMRAM 00003D
xtoa@n                                                cstackCOMRAM 000035
xtoa@p                                                cstackCOMRAM 000031
xtoa@w                                                cstackCOMRAM 000033
xtoa@x                                                cstackCOMRAM 000028


MODULE INFORMATION

Module		Function		Class		Link	Load	Size
hal_timer1.c
		_Timer1_Mode_Selection		CODE           	8AAC	0000	128
		_Timer1_Init   		CODE           	875E	0000	164
		_TMR1_ISR      		CODE           	9AEE	0000	56

hal_timer1.c estimated size: 348

C:\Program Files\Microchip\xc8\v2.36\pic\sources\c99\common\nanf.c
		_nanf          		CODE           	9EDA	0000	34

C:\Program Files\Microchip\xc8\v2.36\pic\sources\c99\common\nanf.c estimated size: 34

hal_usart.c
		_USART_RX_ISR  		CODE           	89A2	0000	134
		_USART_Baud_Rate_Calculation		CODE           	37A4	0000	1292
		_USART_Asynchronous_Restart_RX		CODE           	A196	0000	6
		_USART_ASYNCRONOUS_RX_Init		CODE           	7CEA	0000	222
		_USART_TX_ISR  		CODE           	9CA0	0000	48
		_USART_ASYNCRONOUS_TX_Init		CODE           	8292	0000	182
		_USART_Asynchronous_WriteByte_Blocking		CODE           	A008	0000	26
		_USART_Asynchronous_Initialize		CODE           	940A	0000	84
		_USART_Asynchronous_ReadByte_NonBlocking		CODE           	9D88	0000	42

hal_usart.c estimated size: 2036

AT24C32.c
		_read_one_page_in_eeprom		CODE           	8BA8	0000	124
		_read_one_byte_in_eeprom		CODE           	99B6	0000	66
		_write_one_page_in_eeprom		CODE           	923A	0000	96
		_write_one_byte_in_eeprom		CODE           	9D30	0000	46

AT24C32.c estimated size: 332

C:\Program Files\Microchip\xc8\v2.36\pic\sources\c99\common\nf_fputs.c
		_fputs         		CODE           	9972	0000	68

C:\Program Files\Microchip\xc8\v2.36\pic\sources\c99\common\nf_fputs.c estimated size: 68

C:\Program Files\Microchip\xc8\v2.36\pic\sources\c99\common\printf.c
		_printf        		CODE           	9DB2	0000	40

C:\Program Files\Microchip\xc8\v2.36\pic\sources\c99\common\printf.c estimated size: 40

C:\Program Files\Microchip\xc8\v2.36\pic\sources\c99\common\aomod.c
		___aomod       		CODE           	6D42	0000	356

C:\Program Files\Microchip\xc8\v2.36\pic\sources\c99\common\aomod.c estimated size: 356

SD_PIC.c
		_SD_SendDummyBytes		CODE           	9E72	0000	36
		_SD_MBR_Stop   		CODE           	9F5C	0000	30
		_SD_MBR_Start  		CODE           	8D92	0000	120
		_SD_MBR_Receive		CODE           	8348	0000	180
		_single_block_write		CODE           	855E	0000	174
		_SD_SingleBlockWrite		CODE           	7900	0000	256
		_initSD        		CODE           	1CC0	0000	2086
		_SD_EraseBlocks		CODE           	8C9E	0000	122
		_SD_Command    		CODE           	8802	0000	140
		_SD_ACMD       		CODE           	9CD0	0000	48

SD_PIC.c estimated size: 3192

C:\Program Files\Microchip\xc8\v2.36\pic\sources\c99\common\islower.c
		_islower       		CODE           	9B26	0000	56

C:\Program Files\Microchip\xc8\v2.36\pic\sources\c99\common\islower.c estimated size: 56

buzzer.c
		_buzzer        		CODE           	9F7A	0000	30

buzzer.c estimated size: 30

i2c_soft.c
		_I2C_ReadFromAddress		CODE           	A0A4	0000	16
		_SCL_High      		CODE           	A164	0000	8
		_I2C_WriteToAddress		CODE           	9FEE	0000	26
		_I2C_ReadResult_withAck		CODE           	8C24	0000	122
		_SDA_Low       		CODE           	A0D4	0000	14
		_I2C_Stop      		CODE           	9EB8	0000	34
		_I2C_WriteByte 		CODE           	9358	0000	90
		_I2C_SendOne   		CODE           	A038	0000	22
		_I2C_Delay     		CODE           	A134	0000	10
		_I2C_ReadRegister		CODE           	9E26	0000	38
		_I2C_SendZero  		CODE           	A022	0000	22
		_SDA_High      		CODE           	A15C	0000	8
		_I2C_ReadResult		CODE           	8B2C	0000	124
		_I2C_Start     		CODE           	9F3E	0000	30
		_SCL_Low       		CODE           	A0E2	0000	14

i2c_soft.c estimated size: 578

C:\Program Files\Microchip\xc8\v2.36\pic\sources\c99\common\strncmp.c
		_strncmp       		CODE           	7EA6	0000	220

C:\Program Files\Microchip\xc8\v2.36\pic\sources\c99\common\strncmp.c estimated size: 220

C:\Program Files\Microchip\xc8\v2.36\pic\sources\c99\common\tolower.c
		_tolower       		CODE           	985E	0000	70

C:\Program Files\Microchip\xc8\v2.36\pic\sources\c99\common\tolower.c estimated size: 70

C:\Program Files\Microchip\xc8\v2.36\pic\sources\c99\common\__fpclassifyf.c
		___fpclassifyf 		CODE           	7A00	0000	254

C:\Program Files\Microchip\xc8\v2.36\pic\sources\c99\common\__fpclassifyf.c estimated size: 254

C:\Program Files\Microchip\xc8\v2.36\pic\sources\c99\common\sprcmul.c
		___flmul       		CODE           	459E	0000	1066

C:\Program Files\Microchip\xc8\v2.36\pic\sources\c99\common\sprcmul.c estimated size: 1066

heater.c
		_heater_set_mode		CODE           	9818	0000	70

heater.c estimated size: 70

C:\Program Files\Microchip\xc8\v2.36\pic\sources\c99\common\floorf.c
		_floorf        		CODE           	5878	0000	530

C:\Program Files\Microchip\xc8\v2.36\pic\sources\c99\common\floorf.c estimated size: 530

C:\Program Files\Microchip\xc8\v2.36\pic\sources\c99\common\sprcdiv.c
		___fldiv       		CODE           	4170	0000	1070

C:\Program Files\Microchip\xc8\v2.36\pic\sources\c99\common\sprcdiv.c estimated size: 1070

C:\Program Files\Microchip\xc8\v2.36\pic\sources\c99\common\atoi.c
		_atoi          		CODE           	5A8A	0000	456

C:\Program Files\Microchip\xc8\v2.36\pic\sources\c99\common\atoi.c estimated size: 456

C:\Program Files\Microchip\xc8\v2.36\pic\sources\c99\common\fleq.c
		___fleq        		CODE           	860C	0000	170

C:\Program Files\Microchip\xc8\v2.36\pic\sources\c99\common\fleq.c estimated size: 170

C:\Program Files\Microchip\xc8\v2.36\pic\sources\c99\common\toupper.c
		_toupper       		CODE           	992E	0000	68

C:\Program Files\Microchip\xc8\v2.36\pic\sources\c99\common\toupper.c estimated size: 68

C:\Program Files\Microchip\xc8\v2.36\pic\sources\c99\common\Umul32.c
		___lmul        		CODE           	903C	0000	106

C:\Program Files\Microchip\xc8\v2.36\pic\sources\c99\common\Umul32.c estimated size: 106

C:\Program Files\Microchip\xc8\v2.36\pic\sources\c99\common\awmod.c
		___awmod       		CODE           	84AE	0000	176

C:\Program Files\Microchip\xc8\v2.36\pic\sources\c99\common\awmod.c estimated size: 176

C:\Program Files\Microchip\xc8\v2.36\pic\sources\c99\common\nf_sprintf.c
		_sprintf       		CODE           	9504	0000	82

C:\Program Files\Microchip\xc8\v2.36\pic\sources\c99\common\nf_sprintf.c estimated size: 82

C:\Program Files\Microchip\xc8\v2.36\pic\sources\c99\common\isalpha.c
		_isalpha       		CODE           	9A78	0000	60

C:\Program Files\Microchip\xc8\v2.36\pic\sources\c99\common\isalpha.c estimated size: 60

C:\Program Files\Microchip\xc8\v2.36\pic\sources\c99\common\isspace.c
		_isspace       		CODE           	95A8	0000	82

C:\Program Files\Microchip\xc8\v2.36\pic\sources\c99\common\isspace.c estimated size: 82

temp_monitoring.c
		_reset_eep_address_in_eeprom		CODE           	8D18	0000	122
		_save_eep_address_in_eeprom		CODE           	8FCE	0000	110
		_read_eep_address_in_eeprom		CODE           	8918	0000	138
		_reset_sd_address_in_eeprom		CODE           	9782	0000	76
		_save_sd_address_in_eeprom		CODE           	8A28	0000	132
		_update_SD_tab 		CODE           	6162	0000	394
		_save_in_eeprom		CODE           	6A66	0000	370
		_read_sd_address_in_eeprom		CODE           	86B6	0000	168
		_log_system    		CODE           	6BD8	0000	362
		_extract_data_for_days		CODE           	2C94	0000	1458
		_update_system_data		CODE           	6EA6	0000	350
		_extract_all_alarms		CODE           	5FBE	0000	420
		_temp_management		CODE           	562E	0000	586

temp_monitoring.c estimated size: 4686

C:\Program Files\Microchip\xc8\v2.36\pic\sources\c99\common\xxtofl.c
		___xxtofl      		CODE           	5C52	0000	440

C:\Program Files\Microchip\xc8\v2.36\pic\sources\c99\common\xxtofl.c estimated size: 440

C:\Program Files\Microchip\xc8\v2.36\pic\sources\c99\common\strlen.c
		_strlen        		CODE           	969A	0000	80

C:\Program Files\Microchip\xc8\v2.36\pic\sources\c99\common\strlen.c estimated size: 80

C:\Program Files\Microchip\xc8\v2.36\pic\sources\c99\common\strchr.c
		_strchr        		CODE           	96EA	0000	76

C:\Program Files\Microchip\xc8\v2.36\pic\sources\c99\common\strchr.c estimated size: 76

C:\Program Files\Microchip\xc8\v2.36\pic\sources\c99\common\strcpy.c
		_strcpy        		CODE           	92FA	0000	94

C:\Program Files\Microchip\xc8\v2.36\pic\sources\c99\common\strcpy.c estimated size: 94

C:\Program Files\Microchip\xc8\v2.36\pic\sources\c99\common\aodiv.c
		___aodiv       		CODE           	62EC	0000	392

C:\Program Files\Microchip\xc8\v2.36\pic\sources\c99\common\aodiv.c estimated size: 392

C:\Program Files\Microchip\xc8\v2.36\pic\sources\c99\common\memset.c
		_memset        		CODE           	68F0	0000	374

C:\Program Files\Microchip\xc8\v2.36\pic\sources\c99\common\memset.c estimated size: 374

C:\Program Files\Microchip\xc8\v2.36\pic\sources\c99\common\nf_fputc.c
		_fputc         		CODE           	7F82	0000	202

C:\Program Files\Microchip\xc8\v2.36\pic\sources\c99\common\nf_fputc.c estimated size: 202

C:\Program Files\Microchip\xc8\v2.36\pic\sources\c99\common\isdigit.c
		_isdigit       		CODE           	9BCE	0000	56

C:\Program Files\Microchip\xc8\v2.36\pic\sources\c99\common\isdigit.c estimated size: 56

hal_timer0.c
		_TMR0_ISR      		CODE           	A11A	0000	14

hal_timer0.c estimated size: 14

C:\Program Files\Microchip\xc8\v2.36\pic\sources\c99\common\sprcadd.c
		___flsub       		CODE           	98A4	0000	70
		___fladd       		CODE           	3246	0000	1374

C:\Program Files\Microchip\xc8\v2.36\pic\sources\c99\common\sprcadd.c estimated size: 1444

SPI_PIC.c
		_spiTransfer   		CODE           	9C3C	0000	52
		_spiReceive    		CODE           	A16C	0000	8
		_spiInit       		CODE           	91DA	0000	96
		_spiSend       		CODE           	A13E	0000	10

SPI_PIC.c estimated size: 166

C:\Program Files\Microchip\xc8\v2.36\pic\sources\c99\common\awdiv.c
		___awdiv       		CODE           	8112	0000	196

C:\Program Files\Microchip\xc8\v2.36\pic\sources\c99\common\awdiv.c estimated size: 196

C:\Program Files\Microchip\xc8\v2.36\pic\sources\c99\common\fltol.c
		___fltol       		CODE           	75EE	0000	264

C:\Program Files\Microchip\xc8\v2.36\pic\sources\c99\common\fltol.c estimated size: 264

PWM.c
		_start_pwm     		CODE           	A1A8	0000	4
		_set_pwm_duty  		CODE           	7DC8	0000	222

PWM.c estimated size: 226

C:\Program Files\Microchip\xc8\v2.36\pic\sources\c99\common\doprnt.c
		_vfpfcnvrt     		CODE           	24E6	0000	1966
		_efgtoa        		CODE           	10AA	0000	3094
		_pad           		CODE           	804C	0000	198
		_dtoa          		CODE           	5098	0000	746
		_vfprintf      		CODE           	9176	0000	100
		_xtoa          		CODE           	5382	0000	684

C:\Program Files\Microchip\xc8\v2.36\pic\sources\c99\common\doprnt.c estimated size: 6788

C:\Program Files\Microchip\xc8\v2.36\pic\sources\c99\common\lbmod.c
		___lbmod       		CODE           	9C06	0000	54

C:\Program Files\Microchip\xc8\v2.36\pic\sources\c99\common\lbmod.c estimated size: 54

shared
		_CMD8CRC       		MEDIUMCONST    	0000	0000	0
		_CMD17         		MEDIUMCONST    	0000	0000	0
		_CMD55         		MEDIUMCONST    	0000	0000	0
		i2_LCD_Write_4Bit		CODE           	97CE	0000	74
		i2_SCL_Low     		CODE           	A10C	0000	14
		_R1_ILLEGAL_COMMAND		MEDIUMCONST    	0000	0000	0
		i2_I2C_Delay   		CODE           	A152	0000	10
		_ACMD22        		MEDIUMCONST    	FD3E	0000	1
		_ACMD41        		MEDIUMCONST    	0000	0000	0
		_START_BLOCK   		MEDIUMCONST    	0000	0000	0
		_CMD12         		MEDIUMCONST    	0000	0000	0
		_CMD8          		MEDIUMCONST    	0000	0000	0
		i2_LCD_CMD     		CODE           	9FD2	0000	28
		_CMD18         		MEDIUMCONST    	0000	0000	0
		_CMD9          		MEDIUMCONST    	0000	0000	0
		i2_SDA_Low     		CODE           	A0FE	0000	14
		i2_I2C_ReadFromAddress		CODE           	A128	0000	12
		_CMD0CRC       		MEDIUMCONST    	0000	0000	0
		i2_SCL_High    		CODE           	A17C	0000	8
		_R1_READY_STATE		MEDIUMCONST    	0000	0000	0
		_CMD13         		MEDIUMCONST    	FD49	0000	1
		_CMD32         		MEDIUMCONST    	0000	0000	0
		_CMD38         		MEDIUMCONST    	0000	0000	0
		i2___fladd     		CODE           	3CB0	0000	1216
		i2___fldiv     		CODE           	49C8	0000	922
		i2_I2C_WriteToAddress		CODE           	A04E	0000	22
		i2_I2C_Stop    		CODE           	9EFC	0000	34
		i2___fltol     		CODE           	76F6	0000	262
		i2_I2C_Start   		CODE           	9F98	0000	30
		_CMD0          		MEDIUMCONST    	0000	0000	0
		__initialization		CODE           	888E	0000	128
		_ACMD23        		MEDIUMCONST    	0000	0000	0
		_Font2         		MEDIUMCONST    	FC5A	0000	220
		_CMD33         		MEDIUMCONST    	0000	0000	0
		i2_SDA_High    		CODE           	A174	0000	8
		_CMD58         		MEDIUMCONST    	0000	0000	0
		i2_I2C_SendOne 		CODE           	A07A	0000	22
		_CMD1          		MEDIUMCONST    	0000	0000	0
		_CMD24         		MEDIUMCONST    	0000	0000	0
		i2___xxtofl    		CODE           	5E0A	0000	436
		_STOP_TRAN     		MEDIUMCONST    	0000	0000	0
		i2_I2C_SendZero		CODE           	A064	0000	22
		i2_I2C_WriteByte		CODE           	945E	0000	84
		_R1_IDLE_STATE 		MEDIUMCONST    	0000	0000	0
		_START_BLOCK_TOKEN		MEDIUMCONST    	0000	0000	0
		_CMD25         		MEDIUMCONST    	0000	0000	0
		_CMD10         		MEDIUMCONST    	0000	0000	0
		_CMD16         		MEDIUMCONST    	0000	0000	0
		_Font          		MEDIUMCONST    	FB5B	0000	255
		i2_I2C_ReadResult		CODE           	8E0A	0000	114

shared estimated size: 3937

C:\Program Files\Microchip\xc8\v2.36\pic\sources\c99\common\isxdigit.c
		_isxdigit      		CODE           	8EEE	0000	112

C:\Program Files\Microchip\xc8\v2.36\pic\sources\c99\common\isxdigit.c estimated size: 112

C:\Program Files\Microchip\xc8\v2.36\pic\sources\c99\common\abs.c
		_abs           		CODE           	9A38	0000	64

C:\Program Files\Microchip\xc8\v2.36\pic\sources\c99\common\abs.c estimated size: 64

C:\Program Files\Microchip\xc8\v2.36\pic\sources\c99\common\strtof.c
		_atof          		CODE           	9DDA	0000	38
		_strtof        		CODE           	0012	0000	4248

C:\Program Files\Microchip\xc8\v2.36\pic\sources\c99\common\strtof.c estimated size: 4286

C:\Program Files\Microchip\xc8\v2.36\pic\sources\c99\common\nf_snprintf.c
		_snprintf      		CODE           	73C6	0000	278

C:\Program Files\Microchip\xc8\v2.36\pic\sources\c99\common\nf_snprintf.c estimated size: 278

ds18b20.c
		_OneWireRelease		CODE           	A19C	0000	6
		_OneWireReadBit		CODE           	9E00	0000	38
		_OneWireReadByte		CODE           	9736	0000	76
		_OneWireWriteBit		CODE           	98EA	0000	68
		_print_temperature		CODE           	65FA	0000	380
		_OneWireRead   		CODE           	A090	0000	20
		_OneWireHigh   		CODE           	A1A2	0000	6
		_OneWireTemp   		CODE           	83FC	0000	178
		_OneWireReset  		CODE           	9556	0000	82
		_OneWireWriteByte		CODE           	9AB4	0000	58

ds18b20.c estimated size: 912

C:\Program Files\Microchip\xc8\v2.36\pic\sources\c99\common\flge.c
		___flge        		CODE           	77FC	0000	260

C:\Program Files\Microchip\xc8\v2.36\pic\sources\c99\common\flge.c estimated size: 260

./ssd1306_unbuffered.h
		_ssd1306_command		CODE           	9F1E	0000	32
		_SSD1306_Init  		CODE           	7BF4	0000	246
		_SSD1306_ClearDisplay		CODE           	929A	0000	96
		_SSD1306_GotoXY		CODE           	9D00	0000	48
		_SSD1306_PutStretchC		CODE           	4D62	0000	822
		_oled_puts     		CODE           	9110	0000	102

./ssd1306_unbuffered.h estimated size: 1346

lcd.c
		_LCD_Init      		CODE           	74DC	0000	274
		_LCD_Write_4Bit		CODE           	94B2	0000	82
		_LCD_Write_Char		CODE           	9FB6	0000	28
		_LCD_CMD       		CODE           	9E96	0000	34
		_LCD_Set_Cursor		CODE           	90A6	0000	106
		_LCD_Clear     		CODE           	A0C4	0000	16
		_LCD_Write_String		CODE           	99F8	0000	64

lcd.c estimated size: 604

C:\Program Files\Microchip\xc8\v2.36\pic\sources\c99\common\memcpy.c
		_memcpy        		CODE           	964A	0000	80

C:\Program Files\Microchip\xc8\v2.36\pic\sources\c99\common\memcpy.c estimated size: 80

mcal_interrupt_manager.c
		_InterruptManager		CODE           	0008	0000	252

mcal_interrupt_manager.c estimated size: 252

main.c
		_USART_OverrunDefaultErrorHandler		CODE           	A190	0000	6
		_timer1_timer_init		CODE           	9C70	0000	48
		_putch         		CODE           	A148	0000	10
		_main          		CODE           	9D5E	0000	42
		_Timer1_DefaultInterruptHandler		CODE           	7004	0000	332
		_USART_RxDefaultInterruptHandler		CODE           	7150	0000	322
		_execute_rx_command		CODE           	7292	0000	308
		_usart_module_init		CODE           	95FA	0000	80
		_USART_FramingDefaultErrorHandler		CODE           	A0F0	0000	14
		_USART_TxDefaultInterruptHandler		CODE           	A0B4	0000	16

main.c estimated size: 1178

RTC.c
		_DisplayDateOnLCD		CODE           	6776	0000	378
		_DisplayTimeToLCD		CODE           	6474	0000	390
		_Get_DS1307_RTC_Date		CODE           	8F5E	0000	112
		_Read_Bytes_From_DS1307_RTC		CODE           	93B2	0000	88
		_Get_DS1307_RTC_Time		CODE           	81D6	0000	188

RTC.c estimated size: 1156

C:\Program Files\Microchip\xc8\v2.36\pic\sources\c99\common\Umul16.c
		___wmul        		CODE           	9E4C	0000	38

C:\Program Files\Microchip\xc8\v2.36\pic\sources\c99\common\Umul16.c estimated size: 38

C:\Program Files\Microchip\xc8\v2.36\pic\sources\c99\common\flneg.c
		___flneg       		CODE           	9B96	0000	56

C:\Program Files\Microchip\xc8\v2.36\pic\sources\c99\common\flneg.c estimated size: 56

led.c
		_led_set_mode  		CODE           	8E7C	0000	114

led.c estimated size: 114

C:\Program Files\Microchip\xc8\v2.36\pic\sources\c99\common\isupper.c
		_isupper       		CODE           	9B5E	0000	56

C:\Program Files\Microchip\xc8\v2.36\pic\sources\c99\common\isupper.c estimated size: 56

