Microchip MPLAB XC8 Compiler V2.36

Linker command line:

-W-3 --edf=C:\Program Files\Microchip\xc8\v2.36\pic\dat\en_msgs.txt -cn \
  -h+dist/default/production\Projet_pic18.X.production.sym \
  --cmf=dist/default/production\Projet_pic18.X.production.cmf -z -Q18F4620 \
  -oC:\Users\NATHAN~1\AppData\Local\Temp\xcAs2qk.4 --defsym=__MPLAB_BUILD=1 \
  -Mdist/default/production/Projet_pic18.X.production.map \
  --md=C:\Users\NATHAN~1\AppData\Local\Temp\xcAs2qk.dat -E1 \
  -ver=XC8 Compiler --acfsm=1493 -ACODE=00h-0FFFFh -ACONST=00h-0FFFFh \
  -ASMALLCONST=01000h-010FFhx240 -AMEDIUMCONST=01000h-0FFFFh \
  -ACOMRAM=01h-07Fh -AABS1=00h-0F7Fh -ABIGRAM=01h-0F7Fh \
  -ARAM=080h-0FFh,0100h-01FFhx14,0F00h-0F7Fh -ABANK0=080h-0FFh \
  -ABANK1=0100h-01FFh -ABANK2=0200h-02FFh -ABANK3=0300h-03FFh \
  -ABANK4=0400h-04FFh -ABANK5=0500h-05FFh -ABANK6=0600h-06FFh \
  -ABANK7=0700h-07FFh -ABANK8=0800h-08FFh -ABANK9=0900h-09FFh \
  -ABANK10=0A00h-0AFFh -ABANK11=0B00h-0BFFh -ABANK12=0C00h-0CFFh \
  -ABANK13=0D00h-0DFFh -ABANK14=0E00h-0EFFh -ABANK15=0F00h-0F7Fh \
  -ASFR=0F80h-0FFFh -ABIGSFR=0F80h-0FFFh -ACONFIG=0300000h-030000Dh \
  -AIDLOC=0200000h-0200007h -AEEDATA=0F00000h-0F003FFh -peeprom_data=EEDATA \
  -preset_vec=00h,intcode=08h,intcodelo,powerup,init -pramtop=01000h \
  -psmallconst=SMALLCONST -pmediumconst=MEDIUMCONST -pconst=CONST \
  -AFARRAM=00h-00h \
  -prdata=COMRAM,nvrram=COMRAM,nvbit=COMRAM,rbss=COMRAM,rbit=COMRAM \
  -pfarbss=FARRAM,fardata=FARRAM,nvFARRAM=FARRAM \
  -pintsave_regs=BIGRAM,bigbss=BIGRAM,bigdata=BIGRAM -pbss=RAM \
  -pidata=CODE,irdata=CODE,ibigdata=CODE,ifardata=CODE -prparam=COMRAM \
  C:\Users\NATHAN~1\AppData\Local\Temp\xcAs2qk.o \
  dist/default/production\Projet_pic18.X.production.o 

Object code version is 3.11

Machine type is 18F4620



                Name                               Link     Load   Length Selector   Space Scale
C:\Users\NATHAN~1\AppData\Local\Temp\xcAs2qk.o
                config                           300000   300000        E        0       4
                init                                  E        E        4        4       0
                reset_vec                             0        0        4        0       0
dist/default/production\Projet_pic18.X.production.o
                intcode                               8        8        6        4       0
                config                           300000   300000        E        0       4
                temp                                 7F       7F        1        1       1
                mediumconst                        FB4A     FB4A      4B6     7DA5       0
                text168                            9564     9564        E        4       0
                text167                            9592     9592        A        4       0
                text166                            95B4     95B4        8        4       0
                text165                            9556     9556        E        4       0
                text164                            95AC     95AC        8        4       0
                text163                            9548     9548        E        4       0
                text162                            939E     939E       1E        4       0
                text161                            931E     931E       22        4       0
                text160                            94B6     94B6       16        4       0
                text159                            94A0     94A0       16        4       0
                text158                            8912     8912       54        4       0
                text157                            948A     948A       16        4       0
                text156                            8B38     8B38       4A        4       0
                text155                            9410     9410       1C        4       0
                text154                            8500     8500       6A        4       0
                text153                            93F4     93F4       1C        4       0
                text152                            7838     7838       C4        4       0
                text151                            7C8A     7C8A       B0        4       0
                text150                            5C88     5C88      17A        4       0
                text149                            9500     9500       10        4       0
                text148                            5B02     5B02      186        4       0
                text147                            8252     8252       7A        4       0
                text146                            9572     9572        C        4       0
                text145                            83B2     83B2       72        4       0
                text144                            815C     815C       7C        4       0
                text143                            92D6     92D6       26        4       0
                text142                            95E6     95E6        2        4       0
                text141                            8DF8     8DF8       44        4       0
                text140                            5F66     5F66      160        4       0
                text139                            41BA     41BA      39A        4       0
                text138                            7DE6     7DE6       AA        4       0
                text137                            6772     6772      104        4       0
                text136                            39F4     39F4      42A        4       0
                text135                            9050     9050       38        4       0
                text134                            3108     3108      4C0        4       0
                text133                            8CE6     8CE6       46        4       0
                text132                            666C     666C      106        4       0
                text131                            6976     6976       FE        4       0
                text130                            4FEC     4FEC      212        4       0
                text129                            9446     9446       18        4       0
                text128                            9588     9588        A        4       0
                text127                            75E2     75E2       CA        4       0
                text126                            8DB4     8DB4       44        4       0
                text125                            90F4     90F4       36        4       0
                text124                            7772     7772       C6        4       0
                text123                            8754     8754       5E        4       0
                text122                            95E4     95E4        2        4       0
                text121                            8CA0     8CA0       46        4       0
                text120                             C28      C28      BF0        4       0
                text119                            71CE     71CE       DC        4       0
                text118                            6D52     6D52       F0        4       0
                text117                            737C     737C       D0        4       0
                text116                            5404     5404      204        4       0
                text115                            95E2     95E2        2        4       0
                text114                            95E0     95E0        2        4       0
                text113                            8D70     8D70       44        4       0
                text112                            4B30     4B30      2A6        4       0
                text111                            1818     1818      79E        4       0
                text110                            8494     8494       6C        4       0
                text109                            9262     9262       28        4       0
                text108                            6224     6224      126        4       0
                text107                            9360     9360       20        4       0
                text106                            86F4     86F4       60        4       0
                text105                            918A     918A       30        4       0
                text104                            6B6A     6B6A       F6        4       0
                text103                            90BE     90BE       36        4       0
                text102                            4554     4554      336        4       0
                text101                            856A     856A       66        4       0
                text100                            634A     634A      114        4       0
                text99                             8340     8340       72        4       0
                text98                             91BA     91BA       2E        4       0
                text97                             880C     880C       5A        4       0
                text96                             8694     8694       60        4       0
                text95                             5974     5974      18E        4       0
                text94                             92B0     92B0       26        4       0
                text93                             8866     8866       58        4       0
                text92                             8424     8424       70        4       0
                text91                             78FC     78FC       BC        4       0
                text90                             95D4     95D4        6        4       0
                text89                             94CC     94CC       14        4       0
                text88                             95CE     95CE        6        4       0
                text87                             928A     928A       26        4       0
                text86                             8AA2     8AA2       4C        4       0
                text85                             9088     9088       36        4       0
                text84                             8D2C     8D2C       44        4       0
                text83                             8FDE     8FDE       3A        4       0
                text82                             57C0     57C0      1B4        4       0
                text81                             7BD8     7BD8       B2        4       0
                text80                             60C6     60C6      15E        4       0
                text79                             79B8     79B8       B8        4       0
                text78                             9018     9018       38        4       0
                text77                             91E8     91E8       2A        4       0
                text76                             953A     953A        E        4       0
                text75                             95C8     95C8        6        4       0
                text74                             95C2     95C2        6        4       0
                text73                             93D8     93D8       1C        4       0
                text72                             7FDA     7FDA       86        4       0
                text71                             94F0     94F0       10        4       0
                text70                             915A     915A       30        4       0
                intcode_body                       6A74     6A74       F6        4       0
                text68                             957E     957E        A        4       0
                text67                             95A4     95A4        8        4       0
                text66                             952C     952C        E        4       0
                text65                             959C     959C        8        4       0
                text64                             951E     951E        E        4       0
                text63                             9380     9380       1E        4       0
                text62                             92FC     92FC       22        4       0
                text61                             9474     9474       16        4       0
                text60                             945E     945E       16        4       0
                text59                             87B2     87B2       5A        4       0
                text58                             942C     942C       1A        4       0
                text57                             8A56     8A56       4C        4       0
                text56                             9340     9340       20        4       0
                text55                             6E42     6E42       EA        4       0
                text54                             8AEE     8AEE       4A        4       0
                text53                             82CC     82CC       74        4       0
                text52                             923A     923A       28        4       0
                text51                             8FA4     8FA4       3A        4       0
                text50                             88BE     88BE       54        4       0
                text49                             5E02     5E02      164        4       0
                text48                             76AC     76AC       C6        4       0
                text47                             7B26     7B26       B2        4       0
                text46                             3E1E     3E1E      39C        4       0
                text45                             7D3A     7D3A       AC        4       0
                text44                             6566     6566      106        4       0
                text43                             35C8     35C8      42C        4       0
                text42                             8F6A     8F6A       3A        4       0
                text41                             2C46     2C46      4C2        4       0
                text40                             8C12     8C12       48        4       0
                text39                             645E     645E      108        4       0
                text38                             6876     6876      100        4       0
                text37                             4DD6     4DD6      216        4       0
                text36                             93BC     93BC       1C        4       0
                text35                             9510     9510        E        4       0
                text34                             744C     744C       CC        4       0
                text33                             8BCA     8BCA       48        4       0
                text32                             8F30     8F30       3A        4       0
                text31                             7518     7518       CA        4       0
                text30                             8634     8634       60        4       0
                text29                             8EF6     8EF6       3A        4       0
                text28                             8B82     8B82       48        4       0
                text27                               12       12      C16        4       0
                text26                             70F0     70F0       DE        4       0
                text25                             6C60     6C60       F2        4       0
                text24                             72AA     72AA       D2        4       0
                text23                             51FE     51FE      206        4       0
                text22                             8E7E     8E7E       3E        4       0
                text21                             8EBC     8EBC       3A        4       0
                text20                             8C5A     8C5A       46        4       0
                text19                             488A     488A      2A6        4       0
                text18                             1FB6     1FB6      788        4       0
                text17                             85D0     85D0       64        4       0
                text16                             9212     9212       28        4       0
                text15                             94E0     94E0       10        4       0
                text14                             80E0     80E0       7C        4       0
                text13                             8E3C     8E3C       42        4       0
                text12                             7E90     7E90       A6        4       0
                text11                             5608     5608      1B8        4       0
                text10                             6F2C     6F2C       E6        4       0
                text9                              95DA     95DA        4        4       0
                text8                              8060     8060       80        4       0
                text7                              7F36     7F36       A4        4       0
                text6                              912A     912A       30        4       0
                text5                              7012     7012       DE        4       0
                text4                              7A70     7A70       B6        4       0
                text3                              273E     273E      508        4       0
                text2                              8966     8966       52        4       0
                text1                              89B8     89B8       50        4       0
                text0                              8A08     8A08       4E        4       0
                cstackCOMRAM                          1        1       7E        1       1
                cstackBANK0                          80       80       6B       80       1
                cstackBANK1                         100      100       C6      100       1
                bssBIGRAM                           2C0      2C0      400      2C0       1
                bssBANK2                            200      200       C0      200       1
                dataBANK1                           1FA      1FA        6      100       1
                bssBANK1                            1C6      1C6       34      100       1
                dataBANK0                            FE       FE        2       80       1
                bssBANK0                             EB       EB       13       80       1
                cinit                              81D8     81D8       7A        4       0
                idataBANK1                         95BC     95BC        6        4       0
                idataBANK0                         95DE     95DE        2        4       0

TOTAL           Name                               Link     Load   Length     Space
        CLASS   CODE           
                intcode                               8        8        6         0
                init                                  E        E        4         0
                reset_vec                             0        0        4         0
                text168                            9564     9564        E         0
                text167                            9592     9592        A         0
                text166                            95B4     95B4        8         0
                text165                            9556     9556        E         0
                text164                            95AC     95AC        8         0
                text163                            9548     9548        E         0
                text162                            939E     939E       1E         0
                text161                            931E     931E       22         0
                text160                            94B6     94B6       16         0
                text159                            94A0     94A0       16         0
                text158                            8912     8912       54         0
                text157                            948A     948A       16         0
                text156                            8B38     8B38       4A         0
                text155                            9410     9410       1C         0
                text154                            8500     8500       6A         0
                text153                            93F4     93F4       1C         0
                text152                            7838     7838       C4         0
                text151                            7C8A     7C8A       B0         0
                text150                            5C88     5C88      17A         0
                text149                            9500     9500       10         0
                text148                            5B02     5B02      186         0
                text147                            8252     8252       7A         0
                text146                            9572     9572        C         0
                text145                            83B2     83B2       72         0
                text144                            815C     815C       7C         0
                text143                            92D6     92D6       26         0
                text142                            95E6     95E6        2         0
                text141                            8DF8     8DF8       44         0
                text140                            5F66     5F66      160         0
                text139                            41BA     41BA      39A         0
                text138                            7DE6     7DE6       AA         0
                text137                            6772     6772      104         0
                text136                            39F4     39F4      42A         0
                text135                            9050     9050       38         0
                text134                            3108     3108      4C0         0
                text133                            8CE6     8CE6       46         0
                text132                            666C     666C      106         0
                text131                            6976     6976       FE         0
                text130                            4FEC     4FEC      212         0
                text129                            9446     9446       18         0
                text128                            9588     9588        A         0
                text127                            75E2     75E2       CA         0
                text126                            8DB4     8DB4       44         0
                text125                            90F4     90F4       36         0
                text124                            7772     7772       C6         0
                text123                            8754     8754       5E         0
                text122                            95E4     95E4        2         0
                text121                            8CA0     8CA0       46         0
                text120                             C28      C28      BF0         0
                text119                            71CE     71CE       DC         0
                text118                            6D52     6D52       F0         0
                text117                            737C     737C       D0         0
                text116                            5404     5404      204         0
                text115                            95E2     95E2        2         0
                text114                            95E0     95E0        2         0
                text113                            8D70     8D70       44         0
                text112                            4B30     4B30      2A6         0
                text111                            1818     1818      79E         0
                text110                            8494     8494       6C         0
                text109                            9262     9262       28         0
                text108                            6224     6224      126         0
                text107                            9360     9360       20         0
                text106                            86F4     86F4       60         0
                text105                            918A     918A       30         0
                text104                            6B6A     6B6A       F6         0
                text103                            90BE     90BE       36         0
                text102                            4554     4554      336         0
                text101                            856A     856A       66         0
                text100                            634A     634A      114         0
                text99                             8340     8340       72         0
                text98                             91BA     91BA       2E         0
                text97                             880C     880C       5A         0
                text96                             8694     8694       60         0
                text95                             5974     5974      18E         0
                text94                             92B0     92B0       26         0
                text93                             8866     8866       58         0
                text92                             8424     8424       70         0
                text91                             78FC     78FC       BC         0
                text90                             95D4     95D4        6         0
                text89                             94CC     94CC       14         0
                text88                             95CE     95CE        6         0
                text87                             928A     928A       26         0
                text86                             8AA2     8AA2       4C         0
                text85                             9088     9088       36         0
                text84                             8D2C     8D2C       44         0
                text83                             8FDE     8FDE       3A         0
                text82                             57C0     57C0      1B4         0
                text81                             7BD8     7BD8       B2         0
                text80                             60C6     60C6      15E         0
                text79                             79B8     79B8       B8         0
                text78                             9018     9018       38         0
                text77                             91E8     91E8       2A         0
                text76                             953A     953A        E         0
                text75                             95C8     95C8        6         0
                text74                             95C2     95C2        6         0
                text73                             93D8     93D8       1C         0
                text72                             7FDA     7FDA       86         0
                text71                             94F0     94F0       10         0
                text70                             915A     915A       30         0
                intcode_body                       6A74     6A74       F6         0
                text68                             957E     957E        A         0
                text67                             95A4     95A4        8         0
                text66                             952C     952C        E         0
                text65                             959C     959C        8         0
                text64                             951E     951E        E         0
                text63                             9380     9380       1E         0
                text62                             92FC     92FC       22         0
                text61                             9474     9474       16         0
                text60                             945E     945E       16         0
                text59                             87B2     87B2       5A         0
                text58                             942C     942C       1A         0
                text57                             8A56     8A56       4C         0
                text56                             9340     9340       20         0
                text55                             6E42     6E42       EA         0
                text54                             8AEE     8AEE       4A         0
                text53                             82CC     82CC       74         0
                text52                             923A     923A       28         0
                text51                             8FA4     8FA4       3A         0
                text50                             88BE     88BE       54         0
                text49                             5E02     5E02      164         0
                text48                             76AC     76AC       C6         0
                text47                             7B26     7B26       B2         0
                text46                             3E1E     3E1E      39C         0
                text45                             7D3A     7D3A       AC         0
                text44                             6566     6566      106         0
                text43                             35C8     35C8      42C         0
                text42                             8F6A     8F6A       3A         0
                text41                             2C46     2C46      4C2         0
                text40                             8C12     8C12       48         0
                text39                             645E     645E      108         0
                text38                             6876     6876      100         0
                text37                             4DD6     4DD6      216         0
                text36                             93BC     93BC       1C         0
                text35                             9510     9510        E         0
                text34                             744C     744C       CC         0
                text33                             8BCA     8BCA       48         0
                text32                             8F30     8F30       3A         0
                text31                             7518     7518       CA         0
                text30                             8634     8634       60         0
                text29                             8EF6     8EF6       3A         0
                text28                             8B82     8B82       48         0
                text27                               12       12      C16         0
                text26                             70F0     70F0       DE         0
                text25                             6C60     6C60       F2         0
                text24                             72AA     72AA       D2         0
                text23                             51FE     51FE      206         0
                text22                             8E7E     8E7E       3E         0
                text21                             8EBC     8EBC       3A         0
                text20                             8C5A     8C5A       46         0
                text19                             488A     488A      2A6         0
                text18                             1FB6     1FB6      788         0
                text17                             85D0     85D0       64         0
                text16                             9212     9212       28         0
                text15                             94E0     94E0       10         0
                text14                             80E0     80E0       7C         0
                text13                             8E3C     8E3C       42         0
                text12                             7E90     7E90       A6         0
                text11                             5608     5608      1B8         0
                text10                             6F2C     6F2C       E6         0
                text9                              95DA     95DA        4         0
                text8                              8060     8060       80         0
                text7                              7F36     7F36       A4         0
                text6                              912A     912A       30         0
                text5                              7012     7012       DE         0
                text4                              7A70     7A70       B6         0
                text3                              273E     273E      508         0
                text2                              8966     8966       52         0
                text1                              89B8     89B8       50         0
                text0                              8A08     8A08       4E         0
                cinit                              81D8     81D8       7A         0
                idataBANK1                         95BC     95BC        6         0
                idataBANK0                         95DE     95DE        2         0

        CLASS   CONST          

        CLASS   SMALLCONST     

        CLASS   MEDIUMCONST    
                mediumconst                        FB4A     FB4A      4B6         0

        CLASS   COMRAM         
                temp                                 7F       7F        1         1
                cstackCOMRAM                          1        1       7E         1

        CLASS   ABS1           

        CLASS   BIGRAM         
                bssBIGRAM                           2C0      2C0      400         1

        CLASS   RAM            

        CLASS   BANK0          
                cstackBANK0                          80       80       6B         1
                dataBANK0                            FE       FE        2         1
                bssBANK0                             EB       EB       13         1

        CLASS   BANK1          
                cstackBANK1                         100      100       C6         1
                dataBANK1                           1FA      1FA        6         1
                bssBANK1                            1C6      1C6       34         1

        CLASS   BANK2          
                bssBANK2                            200      200       C0         1

        CLASS   BANK3          

        CLASS   BANK4          

        CLASS   BANK5          

        CLASS   BANK6          

        CLASS   BANK7          

        CLASS   BANK8          

        CLASS   BANK9          

        CLASS   BANK10         

        CLASS   BANK11         

        CLASS   BANK12         

        CLASS   BANK13         

        CLASS   BANK14         

        CLASS   BANK15         

        CLASS   SFR            

        CLASS   BIGSFR         

        CLASS   CONFIG         
                config                           300000   300000        E         4

        CLASS   IDLOC          

        CLASS   EEDATA         

        CLASS   FARRAM         

        CLASS   HEAP           

        CLASS   STACK          



SEGMENTS        Name                           Load    Length   Top    Selector   Space  Class

                reset_vec                      000000  000004  000004         0       0  CODE    
                cstackCOMRAM                   000001  00007F  000080         1       1  COMRAM  
                intcode                        000008  0095E0  0095E8         4       0  CODE    
                cstackBANK0                    000080  000080  000100        80       1  BANK0   
                cstackBANK1                    000100  000100  000200       100       1  BANK1   
                bssBANK2                       000200  0000C0  0002C0       200       1  BANK2   
                bssBIGRAM                      0002C0  000400  0006C0       2C0       1  BIGRAM  
                mediumconst                    00FB4A  0004B6  010000      7DA5       0  MEDIUMCO


UNUSED ADDRESS RANGES

        Name                Unused          Largest block    Delta
        BANK10           000A00-000AFF              100
        BANK11           000B00-000BFF              100
        BANK12           000C00-000CFF              100
        BANK13           000D00-000DFF              100
        BANK14           000E00-000EFF              100
        BANK15           000F00-000F7F               80
        BANK6            0006C0-0006FF               40
        BANK7            000700-0007FF              100
        BANK8            000800-0008FF              100
        BANK9            000900-0009FF              100
        BIGRAM           0006C0-000F7F              8C0
        BIGSFR           000F80-000FFF               80
        CODE             000004-000007                4
                         0095E8-00FB49             6562
        CONST            000004-000007                4
                         0095E8-00FB49             6562
        EEDATA           F00000-F003FF              400
        IDLOC            200000-200007                8
        MEDIUMCONST      0095E8-00FB49             6562
        RAM              0006C0-000F7F              100
        SFR              000F80-000FFF               80
        SMALLCONST       0095E8-00FB49              100

                                  Symbol Table

?_Get_DS1307_RTC_Date                            cstackCOMRAM 000011
?_Get_DS1307_RTC_Time                            cstackCOMRAM 000011
?_OneWireTemp                                    cstackCOMRAM 00001A
?___awdiv                                        cstackBANK1  000100
?___awmod                                        cstackBANK1  000100
?___fladd                                        cstackBANK1  000127
?___fldiv                                        cstackBANK1  00010E
?___flmul                                        cstackBANK1  000127
?___flneg                                        cstackBANK1  000100
?___flsub                                        cstackBANK1  000140
?___fltol                                        cstackBANK1  000100
?___fpclassifyf                                  cstackBANK1  000100
?___lodiv                                        cstackBANK1  000100
?___lomod                                        cstackBANK1  000100
?___wmul                                         cstackBANK1  000100
?___xxtofl                                       cstackBANK1  000100
?_atoi                                           cstackBANK1  000107
?_efgtoa                                         cstackBANK1  00014C
?_floorf                                         cstackBANK1  000127
?_isalpha                                        cstackBANK1  000100
?_isdigit                                        cstackBANK1  000100
?_islower                                        cstackBANK1  000100
?_isspace                                        cstackBANK1  000100
?_isupper                                        cstackBANK1  000100
?_pad                                            cstackBANK1  000112
?_printf                                         cstackBANK1  0001AE
?_snprintf                                       cstackBANK0  0000A2
?_strlen                                         cstackBANK1  000100
?_strncmp                                        cstackBANK1  000100
?_tolower                                        cstackBANK1  000106
?_toupper                                        cstackBANK1  000106
?_utoa                                           cstackBANK1  00011D
?_vfpfcnvrt                                      cstackBANK1  00018A
?_vfprintf                                       cstackBANK1  0001A6
?_xtoa                                           cstackBANK1  00011D
?i2___awdiv                                      cstackCOMRAM 000001
?i2___awmod                                      cstackCOMRAM 000001
?i2___fladd                                      cstackCOMRAM 000001
?i2___fldiv                                      cstackCOMRAM 000001
?i2___flmul                                      cstackCOMRAM 000019
?i2___flneg                                      cstackCOMRAM 000001
?i2___flsub                                      cstackCOMRAM 000011
?i2___fltol                                      cstackCOMRAM 000032
?i2___fpclassifyf                                cstackCOMRAM 000001
?i2___lodiv                                      cstackCOMRAM 000001
?i2___lomod                                      cstackCOMRAM 000001
?i2___wmul                                       cstackCOMRAM 000001
?i2___xxtofl                                     cstackCOMRAM 000001
?i2_atoi                                         cstackCOMRAM 000007
?i2_efgtoa                                       cstackCOMRAM 00003E
?i2_floorf                                       cstackCOMRAM 00001A
?i2_pad                                          cstackCOMRAM 000013
?i2_printf                                       cstackBANK0  0000A2
?i2_strlen                                       cstackCOMRAM 000001
?i2_strncmp                                      cstackCOMRAM 000001
?i2_tolower                                      cstackCOMRAM 000003
?i2_toupper                                      cstackCOMRAM 000003
?i2_utoa                                         cstackCOMRAM 00001E
?i2_vfpfcnvrt                                    cstackBANK0  000080
?i2_vfprintf                                     cstackBANK0  00009C
?i2_xtoa                                         cstackCOMRAM 00001E
DisplayDateOnLCD@pDate                           cstackCOMRAM 00000D
DisplayDateOnLCD@tens                            cstackCOMRAM 000010
DisplayDateOnLCD@units                           cstackCOMRAM 000011
DisplayTimeToLCD@pTime                           cstackCOMRAM 00000D
DisplayTimeToLCD@tens                            cstackCOMRAM 000010
DisplayTimeToLCD@units                           cstackCOMRAM 000011
Get_DS1307_RTC_Date@Temp                         cstackCOMRAM 00001E
Get_DS1307_RTC_Date@currentDate                  cstackCOMRAM 00001A
Get_DS1307_RTC_Date@pRTCArray                    cstackCOMRAM 000016
Get_DS1307_RTC_Time@Temp                         cstackCOMRAM 00001D
Get_DS1307_RTC_Time@currentTime                  cstackCOMRAM 000019
Get_DS1307_RTC_Time@pRTCArray                    cstackCOMRAM 000016
I2C_ReadFromAddress@deviceAddress                cstackBANK1  000104
I2C_ReadRegister@deviceAddress                   cstackCOMRAM 000009
I2C_ReadRegister@registerAddress                 cstackCOMRAM 000007
I2C_ReadRegister@result                          cstackCOMRAM 000008
I2C_ReadResult@readback                          cstackBANK1  000102
I2C_ReadResult@x                                 cstackBANK1  000100
I2C_ReadResult_withAck@readback                  cstackCOMRAM 000003
I2C_ReadResult_withAck@x                         cstackCOMRAM 000001
I2C_WriteByte@temp                               cstackBANK1  000103
I2C_WriteByte@theByte                            cstackBANK1  000100
I2C_WriteByte@x                                  cstackBANK1  000101
I2C_WriteToAddress@deviceAddress                 cstackBANK1  000104
I2C_WriteToAddress@temp                          cstackBANK1  000105
LCD_CMD@CMD                                      cstackBANK1  000107
LCD_Init@I2C_Add                                 cstackBANK1  000109
LCD_Set_Cursor@COL                               cstackCOMRAM 000009
LCD_Set_Cursor@ROW                               cstackCOMRAM 00000C
LCD_Write_4Bit@Nibble                            cstackBANK1  000106
LCD_Write_Char@Data                              cstackCOMRAM 000008
OneWireReadBit@out                               cstackCOMRAM 000001
OneWireReadByte@i                                cstackCOMRAM 000003
OneWireReadByte@out                              cstackCOMRAM 000005
OneWireTemp@LSB                                  cstackCOMRAM 000026
OneWireTemp@MSB                                  cstackCOMRAM 000027
OneWireTemp@data                                 cstackCOMRAM 000024
OneWireTemp@temperature                          cstackCOMRAM 000020
OneWireWriteBit@b                                cstackCOMRAM 000001
OneWireWriteByte@b                               cstackCOMRAM 000004
OneWireWriteByte@i                               cstackCOMRAM 000002
Read_Bytes_From_DS1307_RTC@Address               cstackCOMRAM 00000E
Read_Bytes_From_DS1307_RTC@NoOfBytes             cstackCOMRAM 00000C
Read_Bytes_From_DS1307_RTC@i                     cstackCOMRAM 00000F
Read_Bytes_From_DS1307_RTC@pData                 cstackCOMRAM 00000A
SSD1306_ClearDisplay@i                           cstackCOMRAM 000008
SSD1306_GotoXY@x                                 cstackCOMRAM 000002
SSD1306_GotoXY@y                                 cstackCOMRAM 000001
SSD1306_Init@i2caddr                             cstackCOMRAM 000008
SSD1306_Init@vccstate                            cstackCOMRAM 000009
SSD1306_PutStretchC@F3305                        bssBANK1     0001D6
SSD1306_PutStretchC@b                            cstackCOMRAM 000011
SSD1306_PutStretchC@bn                           cstackCOMRAM 000016
SSD1306_PutStretchC@bn_1284                      cstackCOMRAM 00001B
SSD1306_PutStretchC@c                            cstackCOMRAM 00001E
SSD1306_PutStretchC@font_c                       cstackCOMRAM 000019
SSD1306_PutStretchC@i                            cstackCOMRAM 000017
SSD1306_PutStretchC@i_1275                       cstackCOMRAM 00001D
SSD1306_PutStretchC@i_1279                       cstackCOMRAM 00001F
SSD1306_PutStretchC@i_1283                       cstackCOMRAM 000018
SSD1306_PutStretchC@offs                         cstackCOMRAM 00001A
SSD1306_PutStretchC@p                            cstackCOMRAM 00001C
SSD1306_PutStretchC@pos                          cstackCOMRAM 000015
SSD1306_PutStretchC@size_mult                    cstackCOMRAM 000009
Timer1_DefaultInterruptHandler@cpt_ms_eeprom     bssBANK0     0000F5
Timer1_DefaultInterruptHandler@cpt_ms_lcd        bssBANK0     0000F9
Timer1_DefaultInterruptHandler@cpt_ms_oled       bssBANK0     0000F7
Timer1_Init@_timer                               cstackBANK1  000102
Timer1_Mode_Selection@_timer                     cstackBANK1  000100
USART_ASYNCRONOUS_RX_Init@_usart                 cstackBANK1  000100
USART_ASYNCRONOUS_TX_Init@_usart                 cstackBANK1  000100
USART_Asynchronous_Initialize@_usart             cstackBANK1  000143
USART_Asynchronous_Initialize@ret                cstackBANK1  000145
USART_Asynchronous_ReadByte_NonBlocking@_data    cstackCOMRAM 000001
USART_Asynchronous_ReadByte_NonBlocking@ret      cstackCOMRAM 000003
USART_Asynchronous_WriteByte_Blocking@_data      cstackBANK1  000100
USART_Baud_Rate_Calculation@Baud_Rate_Temp_Value cstackBANK1  00013B
USART_Baud_Rate_Calculation@_usart               cstackBANK1  000137
USART_FramingDefaultErrorHandler@_data_          cstackCOMRAM 000004
_ACMD22                                          mediumconst  00FD2E
_BAUDCONbits                                     (abs)        000FB8
_BackLight_State                                 dataBANK1    0001FF
_CCP1CON                                         (abs)        000FBD
_CCPR1L                                          (abs)        000FBE
_CMD13                                           mediumconst  00FD39
_DisplayDateOnLCD                                text150      005C88
_DisplayTimeToLCD                                text148      005B02
_Font                                            mediumconst  00FB4B
_Font2                                           mediumconst  00FC4A
_Get_DS1307_RTC_Date                             text92       008424
_Get_DS1307_RTC_Time                             text91       0078FC
_I2C_Delay                                       text68       00957E
_I2C_ReadFromAddress                             text15       0094E0
_I2C_ReadRegister                                text94       0092B0
_I2C_ReadResult                                  text14       0080E0
_I2C_ReadResult_withAck                          text147      008252
_I2C_SendOne                                     text61       009474
_I2C_SendZero                                    text60       00945E
_I2C_Start                                       text63       009380
_I2C_Stop                                        text62       0092FC
_I2C_WriteByte                                   text59       0087B2
_I2C_WriteToAddress                              text58       00942C
_INTCONbits                                      (abs)        000FF2
_InterruptManager                                intcode      000008
_LATAbits                                        (abs)        000F89
_LATEbits                                        (abs)        000F8D
_LCD_CMD                                         text56       009340
_LCD_Clear                                       text149      009500
_LCD_Init                                        text55       006E42
_LCD_Set_Cursor                                  text154      008500
_LCD_Write_4Bit                                  text57       008A56
_LCD_Write_Char                                  text153      0093F4
_OSCCON                                          (abs)        000FD3
_OSCCONbits                                      (abs)        000FD3
_OSCTUNE                                         (abs)        000F9B
_OSCTUNEbits                                     (abs)        000F9B
_OneWireHigh                                     text90       0095D4
_OneWireRead                                     text89       0094CC
_OneWireReadBit                                  text87       00928A
_OneWireReadByte                                 text86       008AA2
_OneWireRelease                                  text88       0095CE
_OneWireReset                                    text85       009088
_OneWireTemp                                     text81       007BD8
_OneWireWriteBit                                 text84       008D2C
_OneWireWriteByte                                text83       008FDE
_PIE1bits                                        (abs)        000F9D
_PIR1bits                                        (abs)        000F9E
_PORTA                                           (abs)        000F80
_PORTCbits                                       (abs)        000F82
_PORTD                                           (abs)        000F83
_PORTDbits                                       (abs)        000F83
_PORTE                                           (abs)        000F84
_PR2                                             (abs)        000FCB
_RCREG                                           (abs)        000FAE
_RCSTAbits                                       (abs)        000FAB
_RS                                              bssBANK1     0001F5
_Read_Bytes_From_DS1307_RTC                      text93       008866
_SCL_High                                        text67       0095A4
_SCL_Low                                         text66       00952C
_SDA_High                                        text65       00959C
_SDA_Low                                         text64       00951E
_SDCard                                          bssBANK2     000200
_SPBRG                                           (abs)        000FAF
_SPBRGH                                          (abs)        000FB0
_SSD1306_ClearDisplay                            text106      0086F4
_SSD1306_GotoXY                                  text105      00918A
_SSD1306_Init                                    text104      006B6A
_SSD1306_PutStretchC                             text102      004554
_SSPBUF                                          (abs)        000FC9
_SSPCON1                                         (abs)        000FC6
_SSPCON1bits                                     (abs)        000FC6
_SSPIF                                           (abs)        007CF3
_SSPSTAT                                         (abs)        000FC7
_SSPSTATbits                                     (abs)        000FC7
_T0CONbits                                       (abs)        000FD5
_T1CONbits                                       (abs)        000FCD
_T2CON                                           (abs)        000FCA
_T2CONbits                                       (abs)        000FCA
_TMR0H                                           (abs)        000FD7
_TMR0L                                           (abs)        000FD6
_TMR0_ISR                                        text168      009564
_TMR0_InterruptHandler                           bssBANK0     0000F1
_TMR1H                                           (abs)        000FCF
_TMR1L                                           (abs)        000FCE
_TMR1_ISR                                        text78       009018
_TMR1_InterruptHandler                           bssBANK0     0000ED
_TMR2                                            (abs)        000FCC
_TRISA                                           (abs)        000F92
_TRISAbits                                       (abs)        000F92
_TRISCbits                                       (abs)        000F94
_TRISD                                           (abs)        000F95
_TRISDbits                                       (abs)        000F95
_TRISEbits                                       (abs)        000F96
_TXREG                                           (abs)        000FAD
_TXSTAbits                                       (abs)        000FAC
_Temp                                            bssBANK0     0000FC
_Timer1_DefaultInterruptHandler                  text79       0079B8
_Timer1_Init                                     text7        007F36
_Timer1_Mode_Selection                           text8        008060
_USART_ASYNCRONOUS_RX_Init                       text5        007012
_USART_ASYNCRONOUS_TX_Init                       text4        007A70
_USART_Asynchronous_Initialize                   text2        008966
_USART_Asynchronous_ReadByte_NonBlocking         text77       0091E8
_USART_Asynchronous_Restart_RX                   text75       0095C8
_USART_Asynchronous_WriteByte_Blocking           text36       0093BC
_USART_Baud_Rate_Calculation                     text3        00273E
_USART_Baud_Rate_Calculation$4139                cstackBANK1  00013F
_USART_FramingDefaultErrorHandler                text76       00953A
_USART_FramingErrorHandler                       bssBANK1     0001EC
_USART_OverrunDefaultErrorHandler                text74       0095C2
_USART_OverrunErrorHandler                       bssBANK1     0001EA
_USART_RX_ISR                                    text72       007FDA
_USART_RxDefaultInterruptHandler                 text73       0093D8
_USART_RxDefaultInterruptHandler@hal_usart$F879  bssBANK1     0001EE
_USART_TX_ISR                                    text70       00915A
_USART_TxDefaultInterruptHandler                 text71       0094F0
_USART_TxDefaultInterruptHandler@hal_usart$F873  bssBANK1     0001F0
__HRAM                                           (abs)        000000
__Habs1                                          abs1         000000
__Hbank0                                         bank0        000000
__Hbank1                                         bank1        000000
__Hbank10                                        bank10       000000
__Hbank11                                        bank11       000000
__Hbank12                                        bank12       000000
__Hbank13                                        bank13       000000
__Hbank14                                        bank14       000000
__Hbank15                                        bank15       000000
__Hbank2                                         bank2        000000
__Hbank3                                         bank3        000000
__Hbank4                                         bank4        000000
__Hbank5                                         bank5        000000
__Hbank6                                         bank6        000000
__Hbank7                                         bank7        000000
__Hbank8                                         bank8        000000
__Hbank9                                         bank9        000000
__Hbigbss                                        bigbss       000000
__Hbigdata                                       bigdata      000000
__Hbigram                                        bigram       000000
__Hbigsfr                                        bigsfr       000000
__Hbss                                           bss          000000
__HbssBANK0                                      bssBANK0     000000
__HbssBANK1                                      bssBANK1     000000
__HbssBANK2                                      bssBANK2     000000
__HbssBIGRAM                                     bssBIGRAM    000000
__Hcinit                                         cinit        000000
__Hclrtext                                       clrtext      000000
__Hcomram                                        comram       000000
__Hconfig                                        config       30000E
__Hconst                                         const        000000
__HcstackBANK0                                   cstackBANK0  000000
__HcstackBANK1                                   cstackBANK1  000000
__HcstackCOMRAM                                  cstackCOMRAM 000000
__Hdata                                          data         000000
__HdataBANK0                                     dataBANK0    000000
__HdataBANK1                                     dataBANK1    000000
__Heeprom_data                                   eeprom_data  000000
__Hfarbss                                        farbss       000000
__Hfardata                                       fardata      000000
__Hheap                                          heap         000000
__Hibigdata                                      ibigdata     000000
__Hidata                                         idata        000000
__HidataBANK0                                    idataBANK0   000000
__HidataBANK1                                    idataBANK1   000000
__Hidloc                                         idloc        000000
__Hifardata                                      ifardata     000000
__Hinit                                          init         000012
__Hintcode                                       intcode      00000E
__Hintcode_body                                  intcode_body 000000
__Hintcodelo                                     intcodelo    00000E
__Hintentry                                      intentry     000000
__Hintret                                        intret       000000
__Hintsave_regs                                  intsave_regs 000000
__Hirdata                                        irdata       000000
__Hmediumconst                                   mediumconst  010000
__HnvFARRAM                                      nvFARRAM     000000
__Hnvbit                                         nvbit        000000
__Hnvrram                                        nvrram       000000
__Hparam                                         rparam       000000
__Hpowerup                                       powerup      00000E
__Hram                                           ram          000000
__Hramtop                                        ramtop       001000
__Hrbit                                          rbit         000000
__Hrbss                                          rbss         000000
__Hrdata                                         rdata        000000
__Hreset_vec                                     reset_vec    000004
__Hrparam                                        rparam       000000
__Hsfr                                           sfr          000000
__Hsmallconst                                    smallconst   000000
__Hspace_0                                       (abs)        010000
__Hspace_1                                       (abs)        0006C0
__Hspace_2                                       (abs)        000000
__Hspace_4                                       (abs)        60000E
__Hstack                                         stack        000000
__Hstruct                                        struct       000000
__Htemp                                          temp         000080
__Htext                                          text         000000
__Htext0                                         text0        000000
__Htext1                                         text1        000000
__Htext10                                        text10       000000
__Htext100                                       text100      000000
__Htext101                                       text101      000000
__Htext102                                       text102      000000
__Htext103                                       text103      000000
__Htext104                                       text104      000000
__Htext105                                       text105      000000
__Htext106                                       text106      000000
__Htext107                                       text107      000000
__Htext108                                       text108      000000
__Htext109                                       text109      000000
__Htext11                                        text11       000000
__Htext110                                       text110      000000
__Htext111                                       text111      000000
__Htext112                                       text112      000000
__Htext113                                       text113      000000
__Htext114                                       text114      000000
__Htext115                                       text115      000000
__Htext116                                       text116      000000
__Htext117                                       text117      000000
__Htext118                                       text118      000000
__Htext119                                       text119      000000
__Htext12                                        text12       000000
__Htext120                                       text120      000000
__Htext121                                       text121      000000
__Htext122                                       text122      000000
__Htext123                                       text123      000000
__Htext124                                       text124      000000
__Htext125                                       text125      000000
__Htext126                                       text126      000000
__Htext127                                       text127      000000
__Htext128                                       text128      000000
__Htext129                                       text129      000000
__Htext13                                        text13       000000
__Htext130                                       text130      000000
__Htext131                                       text131      000000
__Htext132                                       text132      000000
__Htext133                                       text133      000000
__Htext134                                       text134      000000
__Htext135                                       text135      000000
__Htext136                                       text136      000000
__Htext137                                       text137      000000
__Htext138                                       text138      000000
__Htext139                                       text139      000000
__Htext14                                        text14       000000
__Htext140                                       text140      000000
__Htext141                                       text141      000000
__Htext142                                       text142      000000
__Htext143                                       text143      000000
__Htext144                                       text144      000000
__Htext145                                       text145      000000
__Htext146                                       text146      000000
__Htext147                                       text147      000000
__Htext148                                       text148      000000
__Htext149                                       text149      000000
__Htext15                                        text15       000000
__Htext150                                       text150      000000
__Htext151                                       text151      000000
__Htext152                                       text152      000000
__Htext153                                       text153      000000
__Htext154                                       text154      000000
__Htext155                                       text155      000000
__Htext156                                       text156      000000
__Htext157                                       text157      000000
__Htext158                                       text158      000000
__Htext159                                       text159      000000
__Htext16                                        text16       000000
__Htext160                                       text160      000000
__Htext161                                       text161      000000
__Htext162                                       text162      000000
__Htext163                                       text163      000000
__Htext164                                       text164      000000
__Htext165                                       text165      000000
__Htext166                                       text166      000000
__Htext167                                       text167      000000
__Htext168                                       text168      000000
__Htext169                                       text169      000000
__Htext17                                        text17       000000
__Htext18                                        text18       000000
__Htext19                                        text19       000000
__Htext2                                         text2        000000
__Htext20                                        text20       000000
__Htext21                                        text21       000000
__Htext22                                        text22       000000
__Htext23                                        text23       000000
__Htext24                                        text24       000000
__Htext25                                        text25       000000
__Htext26                                        text26       000000
__Htext27                                        text27       000000
__Htext28                                        text28       000000
__Htext29                                        text29       000000
__Htext3                                         text3        000000
__Htext30                                        text30       000000
__Htext31                                        text31       000000
__Htext32                                        text32       000000
__Htext33                                        text33       000000
__Htext34                                        text34       000000
__Htext35                                        text35       000000
__Htext36                                        text36       000000
__Htext37                                        text37       000000
__Htext38                                        text38       000000
__Htext39                                        text39       000000
__Htext4                                         text4        000000
__Htext40                                        text40       000000
__Htext41                                        text41       000000
__Htext42                                        text42       000000
__Htext43                                        text43       000000
__Htext44                                        text44       000000
__Htext45                                        text45       000000
__Htext46                                        text46       000000
__Htext47                                        text47       000000
__Htext48                                        text48       000000
__Htext49                                        text49       000000
__Htext5                                         text5        000000
__Htext50                                        text50       000000
__Htext51                                        text51       000000
__Htext52                                        text52       000000
__Htext53                                        text53       000000
__Htext54                                        text54       000000
__Htext55                                        text55       000000
__Htext56                                        text56       000000
__Htext57                                        text57       000000
__Htext58                                        text58       000000
__Htext59                                        text59       000000
__Htext6                                         text6        000000
__Htext60                                        text60       000000
__Htext61                                        text61       000000
__Htext62                                        text62       000000
__Htext63                                        text63       000000
__Htext64                                        text64       000000
__Htext65                                        text65       000000
__Htext66                                        text66       000000
__Htext67                                        text67       000000
__Htext68                                        text68       000000
__Htext7                                         text7        000000
__Htext70                                        text70       000000
__Htext71                                        text71       000000
__Htext72                                        text72       000000
__Htext73                                        text73       000000
__Htext74                                        text74       000000
__Htext75                                        text75       000000
__Htext76                                        text76       000000
__Htext77                                        text77       000000
__Htext78                                        text78       000000
__Htext79                                        text79       000000
__Htext8                                         text8        000000
__Htext80                                        text80       000000
__Htext81                                        text81       000000
__Htext82                                        text82       000000
__Htext83                                        text83       000000
__Htext84                                        text84       000000
__Htext85                                        text85       000000
__Htext86                                        text86       000000
__Htext87                                        text87       000000
__Htext88                                        text88       000000
__Htext89                                        text89       000000
__Htext9                                         text9        000000
__Htext90                                        text90       000000
__Htext91                                        text91       000000
__Htext92                                        text92       000000
__Htext93                                        text93       000000
__Htext94                                        text94       000000
__Htext95                                        text95       000000
__Htext96                                        text96       000000
__Htext97                                        text97       000000
__Htext98                                        text98       000000
__Htext99                                        text99       000000
__LRAM                                           (abs)        000001
__Labs1                                          abs1         000000
__Lbank0                                         bank0        000000
__Lbank1                                         bank1        000000
__Lbank10                                        bank10       000000
__Lbank11                                        bank11       000000
__Lbank12                                        bank12       000000
__Lbank13                                        bank13       000000
__Lbank14                                        bank14       000000
__Lbank15                                        bank15       000000
__Lbank2                                         bank2        000000
__Lbank3                                         bank3        000000
__Lbank4                                         bank4        000000
__Lbank5                                         bank5        000000
__Lbank6                                         bank6        000000
__Lbank7                                         bank7        000000
__Lbank8                                         bank8        000000
__Lbank9                                         bank9        000000
__Lbigbss                                        bigbss       000000
__Lbigdata                                       bigdata      000000
__Lbigram                                        bigram       000000
__Lbigsfr                                        bigsfr       000000
__Lbss                                           bss          000000
__LbssBANK0                                      bssBANK0     000000
__LbssBANK1                                      bssBANK1     000000
__LbssBANK2                                      bssBANK2     000000
__LbssBIGRAM                                     bssBIGRAM    000000
__Lcinit                                         cinit        000000
__Lclrtext                                       clrtext      000000
__Lcomram                                        comram       000000
__Lconfig                                        config       000000
__Lconst                                         const        000000
__LcstackBANK0                                   cstackBANK0  000000
__LcstackBANK1                                   cstackBANK1  000000
__LcstackCOMRAM                                  cstackCOMRAM 000000
__Ldata                                          data         000000
__LdataBANK0                                     dataBANK0    000000
__LdataBANK1                                     dataBANK1    000000
__Leeprom_data                                   eeprom_data  000000
__Lfarbss                                        farbss       000000
__Lfardata                                       fardata      000000
__Lheap                                          heap         000000
__Libigdata                                      ibigdata     000000
__Lidata                                         idata        000000
__LidataBANK0                                    idataBANK0   000000
__LidataBANK1                                    idataBANK1   000000
__Lidloc                                         idloc        000000
__Lifardata                                      ifardata     000000
__Linit                                          init         00000E
__Lintcode                                       intcode      000008
__Lintcode_body                                  intcode_body 000000
__Lintcodelo                                     intcodelo    00000E
__Lintentry                                      intentry     000000
__Lintret                                        intret       000000
__Lintsave_regs                                  intsave_regs 000000
__Lirdata                                        irdata       000000
__Lmediumconst                                   mediumconst  00FB4A
__LnvFARRAM                                      nvFARRAM     000000
__Lnvbit                                         nvbit        000000
__Lnvrram                                        nvrram       000000
__Lparam                                         rparam       000000
__Lpowerup                                       powerup      00000E
__Lram                                           ram          000000
__Lramtop                                        ramtop       001000
__Lrbit                                          rbit         000000
__Lrbss                                          rbss         000000
__Lrdata                                         rdata        000000
__Lreset_vec                                     reset_vec    000000
__Lrparam                                        rparam       000000
__Lsfr                                           sfr          000000
__Lsmallconst                                    smallconst   000000
__Lspace_0                                       (abs)        000000
__Lspace_1                                       (abs)        000000
__Lspace_2                                       (abs)        000000
__Lspace_4                                       (abs)        000000
__Lstack                                         stack        000000
__Lstruct                                        struct       000000
__Ltemp                                          temp         00007F
__Ltext                                          text         000000
__Ltext0                                         text0        000000
__Ltext1                                         text1        000000
__Ltext10                                        text10       000000
__Ltext100                                       text100      000000
__Ltext101                                       text101      000000
__Ltext102                                       text102      000000
__Ltext103                                       text103      000000
__Ltext104                                       text104      000000
__Ltext105                                       text105      000000
__Ltext106                                       text106      000000
__Ltext107                                       text107      000000
__Ltext108                                       text108      000000
__Ltext109                                       text109      000000
__Ltext11                                        text11       000000
__Ltext110                                       text110      000000
__Ltext111                                       text111      000000
__Ltext112                                       text112      000000
__Ltext113                                       text113      000000
__Ltext114                                       text114      000000
__Ltext115                                       text115      000000
[...]
strcpy@s                                         cstackBANK1  000106
strcpy@src                                       cstackBANK1  000102
strlen@a                                         cstackBANK1  000102
strlen@s                                         cstackBANK1  000100
strncmp@_l                                       cstackBANK1  000100
strncmp@_r                                       cstackBANK1  000102
strncmp@l                                        cstackBANK1  000107
strncmp@n                                        cstackBANK1  000104
strncmp@r                                        cstackBANK1  000109
timer1_timer_init@timer_obj                      cstackBANK1  000106
tolower@c                                        cstackBANK1  000106
toupper@c                                        cstackBANK1  000106
ttemp5                                           temp         000080
ttemp6                                           temp         000083
ttemp7                                           temp         000087
update_system_data@date                          cstackCOMRAM 000044
update_system_data@pSystem_data                  cstackCOMRAM 00003C
update_system_data@temp                          cstackCOMRAM 000040
update_system_data@temp_frac                     cstackCOMRAM 00003E
update_system_data@temp_int                      cstackCOMRAM 00003F
update_system_data@time                          cstackCOMRAM 000048
usart_module_init@usart_obj                      cstackBANK1  000146
utoa@d                                           cstackBANK1  00011F
utoa@fp                                          cstackBANK1  00011D
utoa@i                                           cstackBANK1  00013B
utoa@n                                           cstackBANK1  000133
utoa@p                                           cstackBANK1  00012F
utoa@w                                           cstackBANK1  000131
vfpfcnvrt@ap                                     cstackBANK1  00018E
vfpfcnvrt@c                                      cstackBANK1  0001A5
vfpfcnvrt@ct                                     cstackBANK1  0001A2
vfpfcnvrt@done                                   cstackBANK1  000194
vfpfcnvrt@f                                      cstackBANK1  00019E
vfpfcnvrt@fmt                                    cstackBANK1  00018C
vfpfcnvrt@fp                                     cstackBANK1  00018A
vfpfcnvrt@llu                                    cstackBANK1  000196
vfprintf@ap                                      cstackBANK1  0001AA
vfprintf@cfmt                                    cstackBANK1  0001AC
vfprintf@fmt                                     cstackBANK1  0001A8
vfprintf@fp                                      cstackBANK1  0001A6
write_one_byte_in_eeprom@address_lower_byte      cstackCOMRAM 00000B
write_one_byte_in_eeprom@address_upper_byte      cstackCOMRAM 00000A
write_one_byte_in_eeprom@c                       cstackCOMRAM 000009
write_one_byte_in_eeprom@register_address        cstackCOMRAM 000007
write_one_page_in_eeprom@address_lower_byte      cstackCOMRAM 00000C
write_one_page_in_eeprom@address_upper_byte      cstackCOMRAM 00000B
write_one_page_in_eeprom@c                       cstackCOMRAM 000007
write_one_page_in_eeprom@i                       cstackCOMRAM 00000D
write_one_page_in_eeprom@register_address        cstackCOMRAM 000009
wtemp8                                           temp         000080
xtoa@c                                           cstackBANK1  00013E
xtoa@d                                           cstackBANK1  00011F
xtoa@fp                                          cstackBANK1  00011D
xtoa@i                                           cstackBANK1  00013C
xtoa@n                                           cstackBANK1  000134
xtoa@p                                           cstackBANK1  000130
xtoa@w                                           cstackBANK1  000132
xtoa@x                                           cstackBANK1  000127


MODULE INFORMATION

Module		Function		Class		Link	Load	Size
hal_timer1.c
		_Timer1_Mode_Selection		CODE           	8060	0000	128
		_Timer1_Init   		CODE           	7F36	0000	164
		_TMR1_ISR      		CODE           	9018	0000	56

hal_timer1.c estimated size: 348

hal_usart.c
		_USART_RX_ISR  		CODE           	7FDA	0000	134
		_USART_Baud_Rate_Calculation		CODE           	273E	0000	1288
		_USART_Asynchronous_Restart_RX		CODE           	95C8	0000	6
		_USART_ASYNCRONOUS_RX_Init		CODE           	7012	0000	222
		_USART_TX_ISR  		CODE           	915A	0000	48
		_USART_ASYNCRONOUS_TX_Init		CODE           	7A70	0000	182
		_USART_Asynchronous_WriteByte_Blocking		CODE           	93BC	0000	28
		_USART_Asynchronous_Initialize		CODE           	8966	0000	82
		_USART_Asynchronous_ReadByte_NonBlocking		CODE           	91E8	0000	42

hal_usart.c estimated size: 2032

AT24C32.c
		_read_one_page_in_eeprom		CODE           	815C	0000	124
		_read_one_byte_in_eeprom		CODE           	8E3C	0000	66
		_write_one_page_in_eeprom		CODE           	8694	0000	96
		_write_one_byte_in_eeprom		CODE           	91BA	0000	46

AT24C32.c estimated size: 332

C:\Program Files\Microchip\xc8\v2.36\pic\sources\c99\common\lomod.c
		___lomod       		CODE           	72AA	0000	210

C:\Program Files\Microchip\xc8\v2.36\pic\sources\c99\common\lomod.c estimated size: 210

C:\Program Files\Microchip\xc8\v2.36\pic\sources\c99\common\nf_fputs.c
		_fputs         		CODE           	8BCA	0000	72

C:\Program Files\Microchip\xc8\v2.36\pic\sources\c99\common\nf_fputs.c estimated size: 72

C:\Program Files\Microchip\xc8\v2.36\pic\sources\c99\common\printf.c
		_printf        		CODE           	9212	0000	40

C:\Program Files\Microchip\xc8\v2.36\pic\sources\c99\common\printf.c estimated size: 40

C:\Program Files\Microchip\xc8\v2.36\pic\sources\c99\common\islower.c
		_islower       		CODE           	8EBC	0000	58

C:\Program Files\Microchip\xc8\v2.36\pic\sources\c99\common\islower.c estimated size: 58

i2c_soft.c
		_I2C_ReadFromAddress		CODE           	94E0	0000	16
		_SCL_High      		CODE           	95A4	0000	8
		_I2C_WriteToAddress		CODE           	942C	0000	26
		_I2C_ReadResult_withAck		CODE           	8252	0000	122
		_SDA_Low       		CODE           	951E	0000	14
		_I2C_Stop      		CODE           	92FC	0000	34
		_I2C_WriteByte 		CODE           	87B2	0000	90
		_I2C_SendOne   		CODE           	9474	0000	22
		_I2C_Delay     		CODE           	957E	0000	10
		_I2C_ReadRegister		CODE           	92B0	0000	38
		_I2C_SendZero  		CODE           	945E	0000	22
		_SDA_High      		CODE           	959C	0000	8
		_I2C_ReadResult		CODE           	80E0	0000	124
		_I2C_Start     		CODE           	9380	0000	30
		_SCL_Low       		CODE           	952C	0000	14

i2c_soft.c estimated size: 578

C:\Program Files\Microchip\xc8\v2.36\pic\sources\c99\common\strncmp.c
		_strncmp       		CODE           	70F0	0000	222

C:\Program Files\Microchip\xc8\v2.36\pic\sources\c99\common\strncmp.c estimated size: 222

C:\Program Files\Microchip\xc8\v2.36\pic\sources\c99\common\tolower.c
		_tolower       		CODE           	8B82	0000	72

C:\Program Files\Microchip\xc8\v2.36\pic\sources\c99\common\tolower.c estimated size: 72

C:\Program Files\Microchip\xc8\v2.36\pic\sources\c99\common\__fpclassifyf.c
		___fpclassifyf 		CODE           	6876	0000	256

C:\Program Files\Microchip\xc8\v2.36\pic\sources\c99\common\__fpclassifyf.c estimated size: 256

C:\Program Files\Microchip\xc8\v2.36\pic\sources\c99\common\sprcmul.c
		___flmul       		CODE           	35C8	0000	1068

C:\Program Files\Microchip\xc8\v2.36\pic\sources\c99\common\sprcmul.c estimated size: 1068

heater.c
		_heater_set_mode		CODE           	8AEE	0000	74

heater.c estimated size: 74

C:\Program Files\Microchip\xc8\v2.36\pic\sources\c99\common\floorf.c
		_floorf        		CODE           	4DD6	0000	534

C:\Program Files\Microchip\xc8\v2.36\pic\sources\c99\common\floorf.c estimated size: 534

C:\Program Files\Microchip\xc8\v2.36\pic\sources\c99\common\sprcdiv.c
		___fldiv       		CODE           	3E1E	0000	924

C:\Program Files\Microchip\xc8\v2.36\pic\sources\c99\common\sprcdiv.c estimated size: 924

C:\Program Files\Microchip\xc8\v2.36\pic\sources\c99\common\atoi.c
		_atoi          		CODE           	5E02	0000	356

C:\Program Files\Microchip\xc8\v2.36\pic\sources\c99\common\atoi.c estimated size: 356

C:\Program Files\Microchip\xc8\v2.36\pic\sources\c99\common\fleq.c
		___fleq        		CODE           	7D3A	0000	172

C:\Program Files\Microchip\xc8\v2.36\pic\sources\c99\common\fleq.c estimated size: 172

C:\Program Files\Microchip\xc8\v2.36\pic\sources\c99\common\toupper.c
		_toupper       		CODE           	8C5A	0000	70

C:\Program Files\Microchip\xc8\v2.36\pic\sources\c99\common\toupper.c estimated size: 70

C:\Program Files\Microchip\xc8\v2.36\pic\sources\c99\common\awmod.c
		___awmod       		CODE           	7B26	0000	178

C:\Program Files\Microchip\xc8\v2.36\pic\sources\c99\common\awmod.c estimated size: 178

C:\Program Files\Microchip\xc8\v2.36\pic\sources\c99\common\isalpha.c
		_isalpha       		CODE           	8E7E	0000	62

C:\Program Files\Microchip\xc8\v2.36\pic\sources\c99\common\isalpha.c estimated size: 62

C:\Program Files\Microchip\xc8\v2.36\pic\sources\c99\common\isspace.c
		_isspace       		CODE           	88BE	0000	84

C:\Program Files\Microchip\xc8\v2.36\pic\sources\c99\common\isspace.c estimated size: 84

temp_monitoring.c
		_save_address_in_eeprom		CODE           	880C	0000	90
		_read_address_in_eeprom		CODE           	7E90	0000	166
		_save_in_eeprom		CODE           	5974	0000	398
		_update_system_data		CODE           	60C6	0000	350
		_extract_all_alarms		CODE           	6224	0000	294

temp_monitoring.c estimated size: 1298

C:\Program Files\Microchip\xc8\v2.36\pic\sources\c99\common\xxtofl.c
		___xxtofl      		CODE           	5608	0000	440

C:\Program Files\Microchip\xc8\v2.36\pic\sources\c99\common\xxtofl.c estimated size: 440

C:\Program Files\Microchip\xc8\v2.36\pic\sources\c99\common\strlen.c
		_strlen        		CODE           	8F30	0000	58

C:\Program Files\Microchip\xc8\v2.36\pic\sources\c99\common\strlen.c estimated size: 58

C:\Program Files\Microchip\xc8\v2.36\pic\sources\c99\common\lodiv.c
		___lodiv       		CODE           	6C60	0000	242

C:\Program Files\Microchip\xc8\v2.36\pic\sources\c99\common\lodiv.c estimated size: 242

C:\Program Files\Microchip\xc8\v2.36\pic\sources\c99\common\strcpy.c
		_strcpy        		CODE           	8634	0000	96

C:\Program Files\Microchip\xc8\v2.36\pic\sources\c99\common\strcpy.c estimated size: 96

C:\Program Files\Microchip\xc8\v2.36\pic\sources\c99\common\nf_fputc.c
		_fputc         		CODE           	744C	0000	204

C:\Program Files\Microchip\xc8\v2.36\pic\sources\c99\common\nf_fputc.c estimated size: 204

C:\Program Files\Microchip\xc8\v2.36\pic\sources\c99\common\isdigit.c
		_isdigit       		CODE           	8FA4	0000	58

C:\Program Files\Microchip\xc8\v2.36\pic\sources\c99\common\isdigit.c estimated size: 58

hal_timer0.c
		_TMR0_ISR      		CODE           	9564	0000	14

hal_timer0.c estimated size: 14

C:\Program Files\Microchip\xc8\v2.36\pic\sources\c99\common\sprcadd.c
		___flsub       		CODE           	8C12	0000	72
		___fladd       		CODE           	2C46	0000	1218

C:\Program Files\Microchip\xc8\v2.36\pic\sources\c99\common\sprcadd.c estimated size: 1290

C:\Program Files\Microchip\xc8\v2.36\pic\sources\c99\common\awdiv.c
		___awdiv       		CODE           	76AC	0000	198

C:\Program Files\Microchip\xc8\v2.36\pic\sources\c99\common\awdiv.c estimated size: 198

PWM.c
		_start_pwm     		CODE           	95DA	0000	4
		_set_pwm_duty  		CODE           	6F2C	0000	230

PWM.c estimated size: 234

C:\Program Files\Microchip\xc8\v2.36\pic\sources\c99\common\doprnt.c
		_vfpfcnvrt     		CODE           	1FB6	0000	1928
		_efgtoa        		CODE           	0012	0000	3094
		_pad           		CODE           	7518	0000	202
		_vfprintf      		CODE           	85D0	0000	100
		_utoa          		CODE           	51FE	0000	518
		_xtoa          		CODE           	488A	0000	678

C:\Program Files\Microchip\xc8\v2.36\pic\sources\c99\common\doprnt.c estimated size: 6520

C:\Program Files\Microchip\xc8\v2.36\pic\sources\c99\common\fltol.c
		___fltol       		CODE           	645E	0000	264

C:\Program Files\Microchip\xc8\v2.36\pic\sources\c99\common\fltol.c estimated size: 264

C:\Program Files\Microchip\xc8\v2.36\pic\sources\c99\common\lbmod.c
		___lbmod       		CODE           	90BE	0000	54

C:\Program Files\Microchip\xc8\v2.36\pic\sources\c99\common\lbmod.c estimated size: 54

shared
		_CMD8CRC       		MEDIUMCONST    	0000	0000	0
		i2_printf      		CODE           	9262	0000	40
		_CMD17         		MEDIUMCONST    	0000	0000	0
		_CMD55         		MEDIUMCONST    	0000	0000	0
		i2_vfpfcnvrt   		CODE           	1818	0000	1950
		i2_LCD_Write_4Bit		CODE           	8B38	0000	74
		i2_pad         		CODE           	7772	0000	198
		i2_atoi        		CODE           	5F66	0000	352
		i2_SCL_Low     		CODE           	9556	0000	14
		i2_floorf      		CODE           	4FEC	0000	530
		_R1_ILLEGAL_COMMAND		MEDIUMCONST    	0000	0000	0
		i2_putch       		CODE           	9588	0000	10
		i2___fleq      		CODE           	7DE6	0000	170
		i2_isspace     		CODE           	8DF8	0000	68
		i2_I2C_Delay   		CODE           	9592	0000	10
		_ACMD22        		MEDIUMCONST    	FD2E	0000	1
		_ACMD41        		MEDIUMCONST    	0000	0000	0
		i2_utoa        		CODE           	5404	0000	516
		_START_BLOCK   		MEDIUMCONST    	0000	0000	0
		_CMD12         		MEDIUMCONST    	0000	0000	0
		_CMD8          		MEDIUMCONST    	0000	0000	0
		i2_strncmp     		CODE           	71CE	0000	220
		i2_LCD_CMD     		CODE           	9410	0000	28
		_CMD18         		MEDIUMCONST    	0000	0000	0
		_CMD9          		MEDIUMCONST    	0000	0000	0
		i2_SDA_Low     		CODE           	9548	0000	14
		i2_vfprintf    		CODE           	8494	0000	108
		i2_I2C_ReadFromAddress		CODE           	9572	0000	12
		i2_isdigit     		CODE           	95E6	0000	2
		i2_xtoa        		CODE           	4B30	0000	678
		_CMD0CRC       		MEDIUMCONST    	0000	0000	0
		i2_SCL_High    		CODE           	95B4	0000	8
		i2___flneg     		CODE           	9050	0000	56
		i2_strcpy      		CODE           	8754	0000	94
		_R1_READY_STATE		MEDIUMCONST    	0000	0000	0
		_CMD13         		MEDIUMCONST    	FD39	0000	1
		_CMD32         		MEDIUMCONST    	0000	0000	0
		i2___awdiv     		CODE           	7838	0000	196
		_CMD38         		MEDIUMCONST    	0000	0000	0
		i2___fladd     		CODE           	3108	0000	1216
		i2___wmul      		CODE           	92D6	0000	38
		i2___fldiv     		CODE           	41BA	0000	922
		i2_I2C_WriteToAddress		CODE           	948A	0000	22
		i2_I2C_Stop    		CODE           	931E	0000	34
		i2___fltol     		CODE           	666C	0000	262
		i2_I2C_Start   		CODE           	939E	0000	30
		_CMD0          		MEDIUMCONST    	0000	0000	0
		__initialization		CODE           	81D8	0000	112
		_ACMD23        		MEDIUMCONST    	0000	0000	0
		_Font2         		MEDIUMCONST    	FC4A	0000	220
		i2___flge      		CODE           	6772	0000	260
		i2___lodiv     		CODE           	6D52	0000	240
		_CMD33         		MEDIUMCONST    	0000	0000	0
		i2_SDA_High    		CODE           	95AC	0000	8
		_CMD58         		MEDIUMCONST    	0000	0000	0
		i2___awmod     		CODE           	7C8A	0000	176
		i2_I2C_SendOne 		CODE           	94B6	0000	22
		_CMD1          		MEDIUMCONST    	0000	0000	0
		_CMD24         		MEDIUMCONST    	0000	0000	0
		i2___flmul     		CODE           	39F4	0000	1066
		i2___xxtofl    		CODE           	57C0	0000	436
		_STOP_TRAN     		MEDIUMCONST    	0000	0000	0
		i2_USART_Asynchronous_WriteByte_Blocking		CODE           	9446	0000	24
		i2___lomod     		CODE           	737C	0000	208
		i2___fpclassifyf		CODE           	6976	0000	254
		i2_I2C_SendZero		CODE           	94A0	0000	22
		i2_islower     		CODE           	95E0	0000	2
		i2_I2C_WriteByte		CODE           	8912	0000	84
		_R1_IDLE_STATE 		MEDIUMCONST    	0000	0000	0
		_START_BLOCK_TOKEN		MEDIUMCONST    	0000	0000	0
		i2___flsub     		CODE           	8CE6	0000	70
		_CMD25         		MEDIUMCONST    	0000	0000	0
		i2_efgtoa      		CODE           	0C28	0000	3056
		i2_isupper     		CODE           	95E4	0000	2
		_CMD10         		MEDIUMCONST    	0000	0000	0
		i2_fputc       		CODE           	75E2	0000	202
		i2_fputs       		CODE           	8DB4	0000	68
		_CMD16         		MEDIUMCONST    	0000	0000	0
		i2_strlen      		CODE           	90F4	0000	54
		i2_tolower     		CODE           	8CA0	0000	70
		_Font          		MEDIUMCONST    	FB4B	0000	255
		i2_toupper     		CODE           	8D70	0000	68
		i2_I2C_ReadResult		CODE           	83B2	0000	114
		i2_isalpha     		CODE           	95E2	0000	2

shared estimated size: 14969

C:\Program Files\Microchip\xc8\v2.36\pic\sources\c99\common\nf_snprintf.c
		_snprintf      		CODE           	634A	0000	276

C:\Program Files\Microchip\xc8\v2.36\pic\sources\c99\common\nf_snprintf.c estimated size: 276

ds18b20.c
		_OneWireRelease		CODE           	95CE	0000	6
		_OneWireReadBit		CODE           	928A	0000	38
		_OneWireReadByte		CODE           	8AA2	0000	76
		_OneWireWriteBit		CODE           	8D2C	0000	68
		_print_temperature		CODE           	8340	0000	114
		_OneWireRead   		CODE           	94CC	0000	20
		_OneWireHigh   		CODE           	95D4	0000	6
		_OneWireTemp   		CODE           	7BD8	0000	178
		_OneWireReset  		CODE           	9088	0000	54
		_OneWireWriteByte		CODE           	8FDE	0000	58

ds18b20.c estimated size: 618

C:\Program Files\Microchip\xc8\v2.36\pic\sources\c99\common\flge.c
		___flge        		CODE           	6566	0000	262

C:\Program Files\Microchip\xc8\v2.36\pic\sources\c99\common\flge.c estimated size: 262

./ssd1306_unbuffered.h
		_ssd1306_command		CODE           	9360	0000	32
		_SSD1306_Init  		CODE           	6B6A	0000	246
		_SSD1306_ClearDisplay		CODE           	86F4	0000	96
		_SSD1306_GotoXY		CODE           	918A	0000	48
		_SSD1306_PutStretchC		CODE           	4554	0000	822
		_oled_puts     		CODE           	856A	0000	102

./ssd1306_unbuffered.h estimated size: 1346

lcd.c
		_LCD_Init      		CODE           	6E42	0000	234
		_LCD_Write_4Bit		CODE           	8A56	0000	76
		_LCD_Write_Char		CODE           	93F4	0000	28
		_LCD_CMD       		CODE           	9340	0000	32
		_LCD_Set_Cursor		CODE           	8500	0000	106
		_LCD_Clear     		CODE           	9500	0000	16

lcd.c estimated size: 492

mcal_interrupt_manager.c
		_InterruptManager		CODE           	0008	0000	252

mcal_interrupt_manager.c estimated size: 252

main.c
		_USART_OverrunDefaultErrorHandler		CODE           	95C2	0000	6
		_timer1_timer_init		CODE           	912A	0000	48
		_putch         		CODE           	9510	0000	14
		_main          		CODE           	8A08	0000	78
		_Timer1_DefaultInterruptHandler		CODE           	79B8	0000	184
		_USART_RxDefaultInterruptHandler		CODE           	93D8	0000	28
		_usart_module_init		CODE           	89B8	0000	80
		_USART_FramingDefaultErrorHandler		CODE           	953A	0000	14
		_USART_TxDefaultInterruptHandler		CODE           	94F0	0000	16

main.c estimated size: 468

RTC.c
		_DisplayDateOnLCD		CODE           	5C88	0000	378
		_DisplayTimeToLCD		CODE           	5B02	0000	390
		_Get_DS1307_RTC_Date		CODE           	8424	0000	112
		_Read_Bytes_From_DS1307_RTC		CODE           	8866	0000	88
		_Get_DS1307_RTC_Time		CODE           	78FC	0000	188

RTC.c estimated size: 1156

C:\Program Files\Microchip\xc8\v2.36\pic\sources\c99\common\Umul16.c
		___wmul        		CODE           	923A	0000	40

C:\Program Files\Microchip\xc8\v2.36\pic\sources\c99\common\Umul16.c estimated size: 40

C:\Program Files\Microchip\xc8\v2.36\pic\sources\c99\common\flneg.c
		___flneg       		CODE           	8F6A	0000	58

C:\Program Files\Microchip\xc8\v2.36\pic\sources\c99\common\flneg.c estimated size: 58

led.c
		_led_set_mode  		CODE           	82CC	0000	116

led.c estimated size: 116

C:\Program Files\Microchip\xc8\v2.36\pic\sources\c99\common\isupper.c
		_isupper       		CODE           	8EF6	0000	58

C:\Program Files\Microchip\xc8\v2.36\pic\sources\c99\common\isupper.c estimated size: 58

