Microchip MPLAB XC8 Compiler V2.36

Linker command line:

-W-3 --edf=C:\Program Files\Microchip\xc8\v2.36\pic\dat\en_msgs.txt -cn \
  -h+dist/default/production\Projet_pic18.X.production.sym \
  --cmf=dist/default/production\Projet_pic18.X.production.cmf -z -Q18F4620 \
  -oC:\Users\NATHAN~1\AppData\Local\Temp\xcAsge8.4 --defsym=__MPLAB_BUILD=1 \
  -Mdist/default/production/Projet_pic18.X.production.map \
  --md=C:\Users\NATHAN~1\AppData\Local\Temp\xcAsge8.dat -E1 \
  -ver=XC8 Compiler --acfsm=1493 -ACODE=00h-0FFFFh -ACONST=00h-0FFFFh \
  -ASMALLCONST=01000h-010FFhx240 -AMEDIUMCONST=01000h-0FFFFh \
  -ACOMRAM=01h-07Fh -AABS1=00h-0F7Fh -ABIGRAM=01h-0F7Fh \
  -ARAM=080h-0FFh,0100h-01FFhx14,0F00h-0F7Fh -ABANK0=080h-0FFh \
  -ABANK1=0100h-01FFh -ABANK2=0200h-02FFh -ABANK3=0300h-03FFh \
  -ABANK4=0400h-04FFh -ABANK5=0500h-05FFh -ABANK6=0600h-06FFh \
  -ABANK7=0700h-07FFh -ABANK8=0800h-08FFh -ABANK9=0900h-09FFh \
  -ABANK10=0A00h-0AFFh -ABANK11=0B00h-0BFFh -ABANK12=0C00h-0CFFh \
  -ABANK13=0D00h-0DFFh -ABANK14=0E00h-0EFFh -ABANK15=0F00h-0F7Fh \
  -ASFR=0F80h-0FFFh -ABIGSFR=0F80h-0FFFh -ACONFIG=0300000h-030000Dh \
  -AIDLOC=0200000h-0200007h -AEEDATA=0F00000h-0F003FFh -peeprom_data=EEDATA \
  -preset_vec=00h,intcode=08h,intcodelo,powerup,init -pramtop=01000h \
  -psmallconst=SMALLCONST -pmediumconst=MEDIUMCONST -pconst=CONST \
  -AFARRAM=00h-00h \
  -prdata=COMRAM,nvrram=COMRAM,nvbit=COMRAM,rbss=COMRAM,rbit=COMRAM \
  -pfarbss=FARRAM,fardata=FARRAM,nvFARRAM=FARRAM \
  -pintsave_regs=BIGRAM,bigbss=BIGRAM,bigdata=BIGRAM -pbss=RAM \
  -pidata=CODE,irdata=CODE,ibigdata=CODE,ifardata=CODE -prparam=COMRAM \
  C:\Users\NATHAN~1\AppData\Local\Temp\xcAsge8.o \
  dist/default/production\Projet_pic18.X.production.o 

Object code version is 3.11

Machine type is 18F4620



                Name                               Link     Load   Length Selector   Space Scale
C:\Users\NATHAN~1\AppData\Local\Temp\xcAsge8.o
                config                           300000   300000        E        0       4
                init                                  E        E        4        4       0
                reset_vec                             0        0        4        0       0
dist/default/production\Projet_pic18.X.production.o
                intcode                               8        8        6        4       0
                config                           300000   300000        E        0       4
                temp                                 7F       7F        1        1       1
                mediumconst                        FB46     FB46      4BA     7DA3       0
                text203                            CABA     CABA        E        4       0
                text202                            CAF2     CAF2        A        4       0
                text201                            CB24     CB24        8        4       0
                text200                            CAAC     CAAC        E        4       0
                text199                            CB1C     CB1C        8        4       0
                text198                            CA9E     CA9E        E        4       0
                text197                            C902     C902       1E        4       0
                text196                            C864     C864       22        4       0
                text195                            C9FE     C9FE       16        4       0
                text194                            C9E8     C9E8       16        4       0
                text193                            BBF4     BBF4       54        4       0
                text192                            C9D2     C9D2       16        4       0
                text191                            BEB8     BEB8       4A        4       0
                text190                            C958     C958       1C        4       0
                text189                            B71A     B71A       6A        4       0
                text188                            C93C     C93C       1C        4       0
                text187                            A5B6     A5B6       C4        4       0
                text186                            AA00     AA00       B0        4       0
                text185                            863A     863A      17A        4       0
                text184                            CA48     CA48       10        4       0
                text183                            84B4     84B4      186        4       0
                text182                            C8A6     C8A6       20        4       0
                text181                            B9DC     B9DC       60        4       0
                text180                            C63C     C63C       30        4       0
                text179                            9B80     9B80       F6        4       0
                text178                            C572     C572       36        4       0
                text177                            660A     660A      336        4       0
                text176                            B7EA     B7EA       66        4       0
                text175                            C7D6     C7D6       26        4       0
                text174                            C4CE     C4CE       38        4       0
                text173                            C1BE     C1BE       44        4       0
                text172                            7C6E     7C6E      1C8        4       0
                text171                            832C     832C      188        4       0
                text170                            8BFA     8BFA      164        4       0
                text169                            C286     C286       40        4       0
                text168                            C98E     C98E       18        4       0
                text167                            CAE8     CAE8        A        4       0
                text166                            A360     A360       CA        4       0
                text165                            C17A     C17A       44        4       0
                text164                            BD3A     BD3A       50        4       0
                text163                            A4F0     A4F0       C6        4       0
                text162                            6C24     6C24      2E4        4       0
                text161                            5BC8     5BC8      39A        4       0
                text160                            AB5C     AB5C       AA        4       0
                text159                            9688     9688      104        4       0
                text158                            5402     5402      42A        4       0
                text157                            C496     C496       38        4       0
                text156                            4B16     4B16      4C0        4       0
                text155                            C0AC     C0AC       46        4       0
                text154                            9582     9582      106        4       0
                text153                            998C     998C       FE        4       0
                text152                            7886     7886      212        4       0
                text151                            BA3C     BA3C       5E        4       0
                text150                            CB58     CB58        2        4       0
                text149                            C066     C066       46        4       0
                text148                            1D3C     1D3C      C24        4       0
                text147                            A0EE     A0EE       DC        4       0
                text146                            CB56     CB56        2        4       0
                text145                            CB54     CB54        2        4       0
                text144                            C136     C136       44        4       0
                text143                            71AE     71AE      2A6        4       0
                text142                            31EA     31EA      7B6        4       0
                text141                            B918     B918       64        4       0
                text140                            925E     925E      116        4       0
                text139                            B55E     B55E       72        4       0
                text138                            C020     C020       46        4       0
                text137                            B4EC     B4EC       72        4       0
                text136                            7FEE     7FEE      1B4        4       0
                text135                            A010     A010       DE        4       0
                text134                            C716     C716       28        4       0
                text133                            7454     7454      21C        4       0
                text132                            BCEA     BCEA       50        4       0
                text131                            C66C     C66C       2E        4       0
                text130                            BE6E     BE6E       4A        4       0
                text129                            B09E     B09E       82        4       0
                text128                            C5A8     C5A8       34        4       0
                text127                            CB14     CB14        8        4       0
                text126                            CADE     CADE        A        4       0
                text125                            AE82     AE82       8C        4       0
                text124                            B312     B312       7A        4       0
                text123                            C7FC     C7FC       24        4       0
                text122                            988C     988C      100        4       0
                text121                            A950     A950       B0        4       0
                text120                            892A     892A      16A        4       0
                text119                            CAC8     CAC8        C        4       0
                text118                            B47A     B47A       72        4       0
                text117                            C7B0     C7B0       26        4       0
                text116                            BAF4     BAF4       58        4       0
                text115                            B640     B640       70        4       0
                text114                            A67A     A67A       BC        4       0
                text113                            CB4A     CB4A        6        4       0
                text112                            CA14     CA14       14        4       0
                text111                            CB44     CB44        6        4       0
                text110                            C78A     C78A       26        4       0
                text109                            BE22     BE22       4C        4       0
                text108                            C53C     C53C       36        4       0
                text107                            C0F2     C0F2       44        4       0
                text106                            C3EC     C3EC       3A        4       0
                text105                            A89E     A89E       B2        4       0
                text104                            8D5E     8D5E      15E        4       0
                text103                            9C76     9C76       F4        4       0
                text102                            C45E     C45E       38        4       0
                text101                            C6C4     C6C4       2A        4       0
                text100                            CA90     CA90        E        4       0
                text99                             CB3E     CB3E        6        4       0
                text98                             CB38     CB38        6        4       0
                text97                             B6B0     B6B0       6A        4       0
                text96                             B5D0     B5D0       70        4       0
                text95                             C842     C842       22        4       0
                text94                               12       12     1098        4       0
                text93                             C764     C764       26        4       0
                text92                             B298     B298       7A        4       0
                text91                             B21C     B21C       7C        4       0
                text90                             B784     B784       66        4       0
                text89                             9132     9132      12C        4       0
                text88                             ACAA     ACAA       A0        4       0
                text87                             B38C     B38C       78        4       0
                text86                             C8E4     C8E4       1E        4       0
                text85                             AF0E     AF0E       88        4       0
                text84                             62C6     62C6      344        4       0
                text83                             8FFE     8FFE      134        4       0
                text82                             87B4     87B4      176        4       0
                text81                             BDD6     BDD6       4C        4       0
                text80                             8EBC     8EBC      142        4       0
                text79                             AF96     AF96       86        4       0
                text78                             CA38     CA38       10        4       0
                text77                             C60C     C60C       30        4       0
                intcode_body                       9A8A     9A8A       F6        4       0
                text75                             CAD4     CAD4        A        4       0
                text74                             CB0C     CB0C        8        4       0
                text73                             CA82     CA82        E        4       0
                text72                             CB04     CB04        8        4       0
                text71                             CA74     CA74        E        4       0
                text70                             C8C6     C8C6       1E        4       0
                text69                             C820     C820       22        4       0
                text68                             C9BC     C9BC       16        4       0
                text67                             C9A6     C9A6       16        4       0
                text66                             BA9A     BA9A       5A        4       0
                text65                             C974     C974       1A        4       0
                text64                             BD8A     BD8A       4C        4       0
                text63                             C886     C886       20        4       0
                text62                             9D6A     9D6A       EA        4       0
                text61                             CA28     CA28       10        4       0
                text60                             B1A0     B1A0       7C        4       0
                text59                             C244     C244       42        4       0
                text58                             B404     B404       76        4       0
                text57                             C426     C426       38        4       0
                text56                             CAFC     CAFC        8        4       0
                text55                             CA66     CA66        E        4       0
                text54                             AD4A     AD4A       9E        4       0
                text53                             C506     C506       36        4       0
                text52                             582C     582C      39C        4       0
                text51                             4FD6     4FD6      42C        4       0
                text50                             9374     9374      108        4       0
                text49                             7E36     7E36      1B8        4       0
                text48                             B8B4     B8B4       64        4       0
                text47                             2960     2960      88A        4       0
                text46                             C6EE     C6EE       28        4       0
                text45                             C3B2     C3B2       3A        4       0
                text44                             BBA0     BBA0       54        4       0
                text43                             7A98     7A98      1D6        4       0
                text42                             81A2     81A2      18A        4       0
                text41                             8A94     8A94      166        4       0
                text40                             C202     C202       42        4       0
                text39                             C920     C920       1C        4       0
                text38                             CA58     CA58        E        4       0
                text37                             A1CA     A1CA       CC        4       0
                text36                             BF92     BF92       48        4       0
                text35                             BB4C     BB4C       54        4       0
                text34                             A296     A296       CA        4       0
                text33                             6940     6940      2E4        4       0
                text32                             A42A     A42A       C6        4       0
                text31                             A7EC     A7EC       B2        4       0
                text30                             AAB0     AAB0       AC        4       0
                text29                             947C     947C      106        4       0
                text28                             C378     C378       3A        4       0
                text27                             4654     4654      4C2        4       0
                text26                             BF4A     BF4A       48        4       0
                text25                             978C     978C      100        4       0
                text24                             7670     7670      216        4       0
                text23                             B97C     B97C       60        4       0
                text22                             C33E     C33E       3A        4       0
                text21                             BF02     BF02       48        4       0
                text20                             10AA     10AA      C92        4       0
                text19                             9F32     9F32       DE        4       0
                text18                             C2C6     C2C6       3E        4       0
                text17                             C304     C304       3A        4       0
                text16                             BFDA     BFDA       46        4       0
                text15                             6F08     6F08      2A6        4       0
                text14                             39A0     39A0      7AC        4       0
                text13                             B850     B850       64        4       0
                text12                             C69A     C69A       2A        4       0
                text11                             5F62     5F62      364        4       0
                text10                             ADE8     ADE8       9A        4       0
                text9                              CB50     CB50        4        4       0
                text8                              B120     B120       80        4       0
                text7                              AC06     AC06       A4        4       0
                text6                              C5DC     C5DC       30        4       0
                text5                              9E54     9E54       DE        4       0
                text4                              A736     A736       B6        4       0
                text3                              414C     414C      508        4       0
                text2                              BC48     BC48       52        4       0
                text1                              BC9A     BC9A       50        4       0
                text0                              C73E     C73E       26        4       0
                cstackCOMRAM                          1        1       7E        1       1
                cstackBANK0                          80       80       80       80       1
                cstackBANK1                         100      100       A5      100       1
                cstackBANK2                         2D4      2D4       1B      200       1
                cstackBANK3                         384      384       32      300       1
                bssBIGRAM                           3B6      3B6      400      3B6       1
                bssBANK3                            300      300       84      300       1
                dataBANK2                           2EF      2EF        6      200       1
                bssBANK2                            200      200       D4      200       1
                dataBANK1                           1CB      1CB        6      100       1
                bssBANK1                            1A5      1A5       26      100       1
                cinit                              B01C     B01C       82        4       0
                idataBANK2                         CB32     CB32        6        4       0
                idataBANK1                         CB2C     CB2C        6        4       0

TOTAL           Name                               Link     Load   Length     Space
        CLASS   CODE           
                intcode                               8        8        6         0
                init                                  E        E        4         0
                reset_vec                             0        0        4         0
                text203                            CABA     CABA        E         0
                text202                            CAF2     CAF2        A         0
                text201                            CB24     CB24        8         0
                text200                            CAAC     CAAC        E         0
                text199                            CB1C     CB1C        8         0
                text198                            CA9E     CA9E        E         0
                text197                            C902     C902       1E         0
                text196                            C864     C864       22         0
                text195                            C9FE     C9FE       16         0
                text194                            C9E8     C9E8       16         0
                text193                            BBF4     BBF4       54         0
                text192                            C9D2     C9D2       16         0
                text191                            BEB8     BEB8       4A         0
                text190                            C958     C958       1C         0
                text189                            B71A     B71A       6A         0
                text188                            C93C     C93C       1C         0
                text187                            A5B6     A5B6       C4         0
                text186                            AA00     AA00       B0         0
                text185                            863A     863A      17A         0
                text184                            CA48     CA48       10         0
                text183                            84B4     84B4      186         0
                text182                            C8A6     C8A6       20         0
                text181                            B9DC     B9DC       60         0
                text180                            C63C     C63C       30         0
                text179                            9B80     9B80       F6         0
                text178                            C572     C572       36         0
                text177                            660A     660A      336         0
                text176                            B7EA     B7EA       66         0
                text175                            C7D6     C7D6       26         0
                text174                            C4CE     C4CE       38         0
                text173                            C1BE     C1BE       44         0
                text172                            7C6E     7C6E      1C8         0
                text171                            832C     832C      188         0
                text170                            8BFA     8BFA      164         0
                text169                            C286     C286       40         0
                text168                            C98E     C98E       18         0
                text167                            CAE8     CAE8        A         0
                text166                            A360     A360       CA         0
                text165                            C17A     C17A       44         0
                text164                            BD3A     BD3A       50         0
                text163                            A4F0     A4F0       C6         0
                text162                            6C24     6C24      2E4         0
                text161                            5BC8     5BC8      39A         0
                text160                            AB5C     AB5C       AA         0
                text159                            9688     9688      104         0
                text158                            5402     5402      42A         0
                text157                            C496     C496       38         0
                text156                            4B16     4B16      4C0         0
                text155                            C0AC     C0AC       46         0
                text154                            9582     9582      106         0
                text153                            998C     998C       FE         0
                text152                            7886     7886      212         0
                text151                            BA3C     BA3C       5E         0
                text150                            CB58     CB58        2         0
                text149                            C066     C066       46         0
                text148                            1D3C     1D3C      C24         0
                text147                            A0EE     A0EE       DC         0
                text146                            CB56     CB56        2         0
                text145                            CB54     CB54        2         0
                text144                            C136     C136       44         0
                text143                            71AE     71AE      2A6         0
                text142                            31EA     31EA      7B6         0
                text141                            B918     B918       64         0
                text140                            925E     925E      116         0
                text139                            B55E     B55E       72         0
                text138                            C020     C020       46         0
                text137                            B4EC     B4EC       72         0
                text136                            7FEE     7FEE      1B4         0
                text135                            A010     A010       DE         0
                text134                            C716     C716       28         0
                text133                            7454     7454      21C         0
                text132                            BCEA     BCEA       50         0
                text131                            C66C     C66C       2E         0
                text130                            BE6E     BE6E       4A         0
                text129                            B09E     B09E       82         0
                text128                            C5A8     C5A8       34         0
                text127                            CB14     CB14        8         0
                text126                            CADE     CADE        A         0
                text125                            AE82     AE82       8C         0
                text124                            B312     B312       7A         0
                text123                            C7FC     C7FC       24         0
                text122                            988C     988C      100         0
                text121                            A950     A950       B0         0
                text120                            892A     892A      16A         0
                text119                            CAC8     CAC8        C         0
                text118                            B47A     B47A       72         0
                text117                            C7B0     C7B0       26         0
                text116                            BAF4     BAF4       58         0
                text115                            B640     B640       70         0
                text114                            A67A     A67A       BC         0
                text113                            CB4A     CB4A        6         0
                text112                            CA14     CA14       14         0
                text111                            CB44     CB44        6         0
                text110                            C78A     C78A       26         0
                text109                            BE22     BE22       4C         0
                text108                            C53C     C53C       36         0
                text107                            C0F2     C0F2       44         0
                text106                            C3EC     C3EC       3A         0
                text105                            A89E     A89E       B2         0
                text104                            8D5E     8D5E      15E         0
                text103                            9C76     9C76       F4         0
                text102                            C45E     C45E       38         0
                text101                            C6C4     C6C4       2A         0
                text100                            CA90     CA90        E         0
                text99                             CB3E     CB3E        6         0
                text98                             CB38     CB38        6         0
                text97                             B6B0     B6B0       6A         0
                text96                             B5D0     B5D0       70         0
                text95                             C842     C842       22         0
                text94                               12       12     1098         0
                text93                             C764     C764       26         0
                text92                             B298     B298       7A         0
                text91                             B21C     B21C       7C         0
                text90                             B784     B784       66         0
                text89                             9132     9132      12C         0
                text88                             ACAA     ACAA       A0         0
                text87                             B38C     B38C       78         0
                text86                             C8E4     C8E4       1E         0
                text85                             AF0E     AF0E       88         0
                text84                             62C6     62C6      344         0
                text83                             8FFE     8FFE      134         0
                text82                             87B4     87B4      176         0
                text81                             BDD6     BDD6       4C         0
                text80                             8EBC     8EBC      142         0
                text79                             AF96     AF96       86         0
                text78                             CA38     CA38       10         0
                text77                             C60C     C60C       30         0
                intcode_body                       9A8A     9A8A       F6         0
                text75                             CAD4     CAD4        A         0
                text74                             CB0C     CB0C        8         0
                text73                             CA82     CA82        E         0
                text72                             CB04     CB04        8         0
                text71                             CA74     CA74        E         0
                text70                             C8C6     C8C6       1E         0
                text69                             C820     C820       22         0
                text68                             C9BC     C9BC       16         0
                text67                             C9A6     C9A6       16         0
                text66                             BA9A     BA9A       5A         0
                text65                             C974     C974       1A         0
                text64                             BD8A     BD8A       4C         0
                text63                             C886     C886       20         0
                text62                             9D6A     9D6A       EA         0
                text61                             CA28     CA28       10         0
                text60                             B1A0     B1A0       7C         0
                text59                             C244     C244       42         0
                text58                             B404     B404       76         0
                text57                             C426     C426       38         0
                text56                             CAFC     CAFC        8         0
                text55                             CA66     CA66        E         0
                text54                             AD4A     AD4A       9E         0
                text53                             C506     C506       36         0
                text52                             582C     582C      39C         0
                text51                             4FD6     4FD6      42C         0
                text50                             9374     9374      108         0
                text49                             7E36     7E36      1B8         0
                text48                             B8B4     B8B4       64         0
                text47                             2960     2960      88A         0
                text46                             C6EE     C6EE       28         0
                text45                             C3B2     C3B2       3A         0
                text44                             BBA0     BBA0       54         0
                text43                             7A98     7A98      1D6         0
                text42                             81A2     81A2      18A         0
                text41                             8A94     8A94      166         0
                text40                             C202     C202       42         0
                text39                             C920     C920       1C         0
                text38                             CA58     CA58        E         0
                text37                             A1CA     A1CA       CC         0
                text36                             BF92     BF92       48         0
                text35                             BB4C     BB4C       54         0
                text34                             A296     A296       CA         0
                text33                             6940     6940      2E4         0
                text32                             A42A     A42A       C6         0
                text31                             A7EC     A7EC       B2         0
                text30                             AAB0     AAB0       AC         0
                text29                             947C     947C      106         0
                text28                             C378     C378       3A         0
                text27                             4654     4654      4C2         0
                text26                             BF4A     BF4A       48         0
                text25                             978C     978C      100         0
                text24                             7670     7670      216         0
                text23                             B97C     B97C       60         0
                text22                             C33E     C33E       3A         0
                text21                             BF02     BF02       48         0
                text20                             10AA     10AA      C92         0
                text19                             9F32     9F32       DE         0
                text18                             C2C6     C2C6       3E         0
                text17                             C304     C304       3A         0
                text16                             BFDA     BFDA       46         0
                text15                             6F08     6F08      2A6         0
                text14                             39A0     39A0      7AC         0
                text13                             B850     B850       64         0
                text12                             C69A     C69A       2A         0
                text11                             5F62     5F62      364         0
                text10                             ADE8     ADE8       9A         0
                text9                              CB50     CB50        4         0
                text8                              B120     B120       80         0
                text7                              AC06     AC06       A4         0
                text6                              C5DC     C5DC       30         0
                text5                              9E54     9E54       DE         0
                text4                              A736     A736       B6         0
                text3                              414C     414C      508         0
                text2                              BC48     BC48       52         0
                text1                              BC9A     BC9A       50         0
                text0                              C73E     C73E       26         0
                cinit                              B01C     B01C       82         0
                idataBANK2                         CB32     CB32        6         0
                idataBANK1                         CB2C     CB2C        6         0

        CLASS   CONST          

        CLASS   SMALLCONST     

        CLASS   MEDIUMCONST    
                mediumconst                        FB46     FB46      4BA         0

        CLASS   COMRAM         
                temp                                 7F       7F        1         1
                cstackCOMRAM                          1        1       7E         1

        CLASS   ABS1           

        CLASS   BIGRAM         
                bssBIGRAM                           3B6      3B6      400         1

        CLASS   RAM            

        CLASS   BANK0          
                cstackBANK0                          80       80       80         1

        CLASS   BANK1          
                cstackBANK1                         100      100       A5         1
                dataBANK1                           1CB      1CB        6         1
                bssBANK1                            1A5      1A5       26         1

        CLASS   BANK2          
                cstackBANK2                         2D4      2D4       1B         1
                dataBANK2                           2EF      2EF        6         1
                bssBANK2                            200      200       D4         1

        CLASS   BANK3          
                cstackBANK3                         384      384       32         1
                bssBANK3                            300      300       84         1

        CLASS   BANK4          

        CLASS   BANK5          

        CLASS   BANK6          

        CLASS   BANK7          

        CLASS   BANK8          

        CLASS   BANK9          

        CLASS   BANK10         

        CLASS   BANK11         

        CLASS   BANK12         

        CLASS   BANK13         

        CLASS   BANK14         

        CLASS   BANK15         

        CLASS   SFR            

        CLASS   BIGSFR         

        CLASS   CONFIG         
                config                           300000   300000        E         4

        CLASS   IDLOC          

        CLASS   EEDATA         

        CLASS   FARRAM         

        CLASS   HEAP           

        CLASS   STACK          



SEGMENTS        Name                           Load    Length   Top    Selector   Space  Class

                reset_vec                      000000  000004  000004         0       0  CODE    
                cstackCOMRAM                   000001  00007F  000080         1       1  COMRAM  
                intcode                        000008  00CB52  00CB5A         4       0  CODE    
                cstackBANK0                    000080  000080  000100        80       1  BANK0   
                cstackBANK1                    000100  0000D1  0001D1       100       1  BANK1   
                bssBANK2                       000200  0000F5  0002F5       200       1  BANK2   
                bssBANK3                       000300  0000B6  0003B6       300       1  BANK3   
                bssBIGRAM                      0003B6  000400  0007B6       3B6       1  BIGRAM  
                mediumconst                    00FB46  0004BA  010000      7DA3       0  MEDIUMCO


UNUSED ADDRESS RANGES

        Name                Unused          Largest block    Delta
        BANK1            0001D1-0001FF               2F
        BANK10           000A00-000AFF              100
        BANK11           000B00-000BFF              100
        BANK12           000C00-000CFF              100
        BANK13           000D00-000DFF              100
        BANK14           000E00-000EFF              100
        BANK15           000F00-000F7F               80
        BANK2            0002F5-0002FF                B
        BANK7            0007B6-0007FF               4A
        BANK8            000800-0008FF              100
        BANK9            000900-0009FF              100
        BIGRAM           0001D1-0001FF               2F
                         0002F5-0002FF                B
                         0007B6-000F7F              7CA
        BIGSFR           000F80-000FFF               80
        CODE             000004-000007                4
                         00CB5A-00FB45             2FEC
        CONST            000004-000007                4
                         00CB5A-00FB45             2FEC
        EEDATA           F00000-F003FF              400
        IDLOC            200000-200007                8
        MEDIUMCONST      00CB5A-00FB45             2FEC
        RAM              0001D1-0001FF               2F
                         0002F5-0002FF                B
                         0007B6-000F7F              100
        SFR              000F80-000FFF               80
        SMALLCONST       00CB5A-00FB45              100

                                  Symbol Table

?_Get_DS1307_RTC_Date                                 cstackCOMRAM 000011
?_Get_DS1307_RTC_Time                                 cstackCOMRAM 000011
?_OneWireTemp                                         cstackCOMRAM 000028
?___aodiv                                             cstackBANK1  00012E
?___aomod                                             cstackBANK1  00012E
?___awdiv                                             cstackBANK1  00012E
?___awmod                                             cstackBANK1  00012E
?___fladd                                             cstackBANK1  000155
?___fldiv                                             cstackBANK1  00013C
?___flmul                                             cstackBANK1  00013C
?___flneg                                             cstackBANK1  00012E
?___flsub                                             cstackBANK1  000165
?___fltol                                             cstackBANK1  000155
?___fpclassifyf                                       cstackBANK1  00012E
?___llmod                                             cstackCOMRAM 000001
?___lmul                                              cstackCOMRAM 000001
?___wmul                                              cstackBANK1  00012E
?___xxtofl                                            cstackBANK1  00012E
?_abs                                                 cstackBANK1  000140
?_atof                                                cstackCOMRAM 00007A
?_atoi                                                cstackBANK1  000135
?_dtoa                                                cstackBANK1  00014B
?_efgtoa                                              cstackBANK1  00016D
?_floorf                                              cstackBANK1  000155
?_isalpha                                             cstackBANK1  00012E
?_isdigit                                             cstackBANK1  00012E
?_islower                                             cstackBANK1  00012E
?_isspace                                             cstackBANK1  00012E
?_isupper                                             cstackBANK1  00012E
?_isxdigit                                            cstackCOMRAM 000007
?_nanf                                                cstackCOMRAM 000001
?_pad                                                 cstackBANK1  000140
?_printf                                              cstackBANK2  0002D4
?_snprintf                                            cstackBANK0  0000D2
?_strchr                                              cstackCOMRAM 000001
?_strlen                                              cstackBANK1  00012E
?_strncmp                                             cstackBANK1  00012E
?_strtof                                              cstackCOMRAM 000065
?_tolower                                             cstackBANK1  000134
?_toupper                                             cstackBANK1  000134
?_vfpfcnvrt                                           cstackBANK1  000179
?_vfprintf                                            cstackBANK1  00019D
?_xtoa                                                cstackBANK1  00014B
?i2___aodiv                                           cstackCOMRAM 000001
?i2___aomod                                           cstackCOMRAM 000001
?i2___awdiv                                           cstackCOMRAM 000001
?i2___awmod                                           cstackCOMRAM 000001
?i2___fladd                                           cstackCOMRAM 000028
?i2___fldiv                                           cstackCOMRAM 00000F
?i2___flmul                                           cstackCOMRAM 000040
?i2___flneg                                           cstackCOMRAM 000001
?i2___flsub                                           cstackCOMRAM 000038
?i2___fltol                                           cstackCOMRAM 000059
?i2___fpclassifyf                                     cstackCOMRAM 000001
?i2___wmul                                            cstackCOMRAM 000001
?i2___xxtofl                                          cstackCOMRAM 000001
?i2_abs                                               cstackCOMRAM 000013
?i2_atoi                                              cstackCOMRAM 000007
?i2_dtoa                                              cstackCOMRAM 00001E
?i2_efgtoa                                            cstackCOMRAM 000065
?i2_floorf                                            cstackCOMRAM 000028
?i2_isdigit                                           cstackCOMRAM 000001
?i2_pad                                               cstackCOMRAM 000013
?i2_printf                                            cstackBANK0  0000D2
?i2_strlen                                            cstackCOMRAM 000001
?i2_strncmp                                           cstackCOMRAM 000005
?i2_tolower                                           cstackCOMRAM 000003
?i2_toupper                                           cstackCOMRAM 000003
?i2_vfpfcnvrt                                         cstackCOMRAM 000071
?i2_vfprintf                                          cstackBANK0  0000CC
?i2_xtoa                                              cstackCOMRAM 00001E
DisplayDateOnLCD@pDate                                cstackCOMRAM 00000D
DisplayDateOnLCD@tens                                 cstackCOMRAM 000010
DisplayDateOnLCD@units                                cstackCOMRAM 000011
DisplayTimeToLCD@pTime                                cstackCOMRAM 00000D
DisplayTimeToLCD@tens                                 cstackCOMRAM 000010
DisplayTimeToLCD@units                                cstackCOMRAM 000011
Get_DS1307_RTC_Date@Temp                              cstackCOMRAM 00001E
Get_DS1307_RTC_Date@currentDate                       cstackCOMRAM 00001A
Get_DS1307_RTC_Date@pRTCArray                         cstackCOMRAM 000016
Get_DS1307_RTC_Time@Temp                              cstackCOMRAM 00001D
Get_DS1307_RTC_Time@currentTime                       cstackCOMRAM 000019
Get_DS1307_RTC_Time@pRTCArray                         cstackCOMRAM 000016
I2C_ReadFromAddress@deviceAddress                     cstackBANK1  000132
I2C_ReadRegister@deviceAddress                        cstackCOMRAM 000009
I2C_ReadRegister@registerAddress                      cstackCOMRAM 000007
I2C_ReadRegister@result                               cstackCOMRAM 000008
I2C_ReadResult@readback                               cstackBANK1  000130
I2C_ReadResult@x                                      cstackBANK1  00012E
I2C_ReadResult_withAck@readback                       cstackCOMRAM 000003
I2C_ReadResult_withAck@x                              cstackCOMRAM 000001
I2C_WriteByte@temp                                    cstackBANK1  000131
I2C_WriteByte@theByte                                 cstackBANK1  00012E
I2C_WriteByte@x                                       cstackBANK1  00012F
I2C_WriteToAddress@deviceAddress                      cstackBANK1  000132
I2C_WriteToAddress@temp                               cstackBANK1  000133
LCD_CMD@CMD                                           cstackBANK1  000135
LCD_Init@I2C_Add                                      cstackBANK1  000137
LCD_Set_Cursor@COL                                    cstackCOMRAM 000009
LCD_Set_Cursor@ROW                                    cstackCOMRAM 00000C
LCD_Write_4Bit@Nibble                                 cstackBANK1  000134
LCD_Write_Char@Data                                   cstackCOMRAM 000008
OneWireReadBit@out                                    cstackCOMRAM 000001
OneWireReadByte@i                                     cstackCOMRAM 000003
OneWireReadByte@out                                   cstackCOMRAM 000005
OneWireTemp@LSB                                       cstackCOMRAM 000034
OneWireTemp@MSB                                       cstackCOMRAM 000035
OneWireTemp@data                                      cstackCOMRAM 000032
OneWireTemp@temperature                               cstackCOMRAM 00002E
OneWireWriteBit@b                                     cstackCOMRAM 000001
OneWireWriteByte@b                                    cstackCOMRAM 000004
OneWireWriteByte@i                                    cstackCOMRAM 000002
Read_Bytes_From_DS1307_RTC@Address                    cstackCOMRAM 00000E
Read_Bytes_From_DS1307_RTC@NoOfBytes                  cstackCOMRAM 00000C
Read_Bytes_From_DS1307_RTC@i                          cstackCOMRAM 00000F
Read_Bytes_From_DS1307_RTC@pData                      cstackCOMRAM 00000A
SD_ACMD@arg                                           cstackBANK1  000138
SD_ACMD@cmd                                           cstackBANK1  00013C
SD_Command@arg                                        cstackBANK1  000131
SD_Command@cmd                                        cstackBANK1  000136
SD_Command@n                                          cstackBANK1  000135
SD_Command@response                                   cstackBANK1  000137
SD_EraseBlocks@firstBlock                             cstackCOMRAM 00000B
SD_EraseBlocks@lastBlock                              cstackCOMRAM 00000F
SD_MBR_Receive@bufReceive                             cstackCOMRAM 000004
SD_MBR_Receive@i                                      cstackCOMRAM 000006
SD_MBR_Start@response                                 cstackCOMRAM 000010
SD_MBR_Start@startBlock                               cstackCOMRAM 00000B
SD_SendDummyBytes@n                                   cstackCOMRAM 000005
SD_SendDummyBytes@numBytes                            cstackCOMRAM 000004
SD_SingleBlockWrite@arr                               cstackCOMRAM 00000F
SD_SingleBlockWrite@block                             cstackCOMRAM 00000B
SD_SingleBlockWrite@i                                 cstackCOMRAM 000014
SD_SingleBlockWrite@response                          cstackCOMRAM 000013
SSD1306_ClearDisplay@i                                cstackCOMRAM 000008
SSD1306_GotoXY@x                                      cstackCOMRAM 000002
SSD1306_GotoXY@y                                      cstackCOMRAM 000001
SSD1306_Init@i2caddr                                  cstackCOMRAM 000008
SSD1306_Init@vccstate                                 cstackCOMRAM 000009
SSD1306_PutStretchC@F3472                             bssBANK2     000257
SSD1306_PutStretchC@b                                 cstackCOMRAM 000011
SSD1306_PutStretchC@bn                                cstackCOMRAM 000016
SSD1306_PutStretchC@bn_1342                           cstackCOMRAM 00001B
SSD1306_PutStretchC@c                                 cstackCOMRAM 00001E
SSD1306_PutStretchC@font_c                            cstackCOMRAM 000019
SSD1306_PutStretchC@i                                 cstackCOMRAM 000017
SSD1306_PutStretchC@i_1333                            cstackCOMRAM 00001D
SSD1306_PutStretchC@i_1337                            cstackCOMRAM 00001F
SSD1306_PutStretchC@i_1341                            cstackCOMRAM 000018
SSD1306_PutStretchC@offs                              cstackCOMRAM 00001A
SSD1306_PutStretchC@p                                 cstackCOMRAM 00001C
SSD1306_PutStretchC@pos                               cstackCOMRAM 000015
SSD1306_PutStretchC@size_mult                         cstackCOMRAM 000009
Timer1_DefaultInterruptHandler@cpt_ms_lcd             bssBANK2     00026D
Timer1_DefaultInterruptHandler@cpt_ms_oled            bssBANK2     00026B
Timer1_DefaultInterruptHandler@cpt_ms_sd              bssBANK2     00025B
Timer1_DefaultInterruptHandler@cpt_ms_temp_management bssBANK1     0001C8
Timer1_Init@_timer                                    cstackBANK1  000130
Timer1_Mode_Selection@_timer                          cstackBANK1  00012E
USART_ASYNCRONOUS_RX_Init@_usart                      cstackBANK1  00012E
USART_ASYNCRONOUS_TX_Init@_usart                      cstackBANK1  00012E
USART_Asynchronous_Initialize@_usart                  cstackBANK1  000171
USART_Asynchronous_Initialize@ret                     cstackBANK1  000173
USART_Asynchronous_ReadByte_NonBlocking@_data         cstackCOMRAM 000001
USART_Asynchronous_ReadByte_NonBlocking@ret           cstackCOMRAM 000003
USART_Asynchronous_WriteByte_Blocking@_data           cstackBANK1  00012E
USART_Baud_Rate_Calculation@Baud_Rate_Temp_Value      cstackBANK1  000169
USART_Baud_Rate_Calculation@_usart                    cstackBANK1  000165
USART_FramingDefaultErrorHandler@_data_               cstackCOMRAM 000004
USART_RxDefaultInterruptHandler@i                     cstackBANK1  00011E
_ACMD22                                               mediumconst  00FD2A
_BAUDCONbits                                          (abs)        000FB8
_BackLight_State                                      dataBANK1    0001D0
_CCP1CON                                              (abs)        000FBD
_CCPR1L                                               (abs)        000FBE
_CMD13                                                mediumconst  00FD35
_DisplayDateOnLCD                                     text185      00863A
_DisplayTimeToLCD                                     text183      0084B4
_Font                                                 mediumconst  00FB47
_Font2                                                mediumconst  00FC46
_Get_DS1307_RTC_Date                                  text115      00B640
_Get_DS1307_RTC_Time                                  text114      00A67A
_I2C_Delay                                            text75       00CAD4
_I2C_ReadFromAddress                                  text61       00CA28
_I2C_ReadRegister                                     text117      00C7B0
_I2C_ReadResult                                       text60       00B1A0
_I2C_ReadResult_withAck                               text92       00B298
_I2C_SendOne                                          text68       00C9BC
_I2C_SendZero                                         text67       00C9A6
_I2C_Start                                            text70       00C8C6
_I2C_Stop                                             text69       00C820
_I2C_WriteByte                                        text66       00BA9A
_I2C_WriteToAddress                                   text65       00C974
_INTCONbits                                           (abs)        000FF2
_InterruptManager                                     intcode      000008
_LATAbits                                             (abs)        000F89
_LATEbits                                             (abs)        000F8D
_LCD_CMD                                              text63       00C886
_LCD_Clear                                            text184      00CA48
_LCD_Init                                             text62       009D6A
_LCD_Set_Cursor                                       text189      00B71A
_LCD_Write_4Bit                                       text64       00BD8A
_LCD_Write_Char                                       text188      00C93C
_OSCCON                                               (abs)        000FD3
_OSCCONbits                                           (abs)        000FD3
_OSCTUNE                                              (abs)        000F9B
_OSCTUNEbits                                          (abs)        000F9B
_OneWireHigh                                          text113      00CB4A
_OneWireRead                                          text112      00CA14
_OneWireReadBit                                       text110      00C78A
_OneWireReadByte                                      text109      00BE22
_OneWireRelease                                       text111      00CB44
_OneWireReset                                         text108      00C53C
_OneWireTemp                                          text105      00A89E
_OneWireWriteBit                                      text107      00C0F2
_OneWireWriteByte                                     text106      00C3EC
_PIE1bits                                             (abs)        000F9D
_PIR1bits                                             (abs)        000F9E
_PORTA                                                (abs)        000F80
_PORTCbits                                            (abs)        000F82
_PORTD                                                (abs)        000F83
_PORTDbits                                            (abs)        000F83
_PORTE                                                (abs)        000F84
_PR2                                                  (abs)        000FCB
_RCREG                                                (abs)        000FAE
_RCSTAbits                                            (abs)        000FAB
_RS                                                   bssBANK1     0001C7
_Read_Bytes_From_DS1307_RTC                           text116      00BAF4
_SCL_High                                             text74       00CB0C
_SCL_Low                                              text73       00CA82
_SDA_High                                             text72       00CB04
_SDA_Low                                              text71       00CA74
_SDCard                                               bssBANK2     000200
_SD_ACMD                                              text53       00C506
_SD_Command                                           text54       00AD4A
_SD_EraseBlocks                                       text124      00B312
_SD_MBR_Receive                                       text88       00ACAA
_SD_MBR_Start                                         text87       00B38C
_SD_MBR_Stop                                          text86       00C8E4
_SD_SendDummyBytes                                    text123      00C7FC
_SD_SingleBlockWrite                                  text122      00988C
_SDreadBuffer                                         bssBIGRAM    0003B6
_SDwriteBuffer                                        bssBIGRAM    0005B6
_SPBRG                                                (abs)        000FAF
_SPBRGH                                               (abs)        000FB0
_SSD1306_ClearDisplay                                 text181      00B9DC
_SSD1306_GotoXY                                       text180      00C63C
_SSD1306_Init                                         text179      009B80
_SSD1306_PutStretchC                                  text177      00660A
_SSPBUF                                               (abs)        000FC9
_SSPCON1                                              (abs)        000FC6
_SSPCON1bits                                          (abs)        000FC6
_SSPIF                                                (abs)        007CF3
_SSPSTAT                                              (abs)        000FC7
_SSPSTATbits                                          (abs)        000FC7
_T0CONbits                                            (abs)        000FD5
_T1CONbits                                            (abs)        000FCD
_T2CON                                                (abs)        000FCA
_T2CONbits                                            (abs)        000FCA
_TMR0H                                                (abs)        000FD7
_TMR0L                                                (abs)        000FD6
_TMR0_ISR                                             text203      00CABA
_TMR0_InterruptHandler                                bssBANK2     000269
_TMR1H                                                (abs)        000FCF
_TMR1L                                                (abs)        000FCE
_TMR1_ISR                                             text102      00C45E
_TMR1_InterruptHandler                                bssBANK1     0001B3
_TMR2                                                 (abs)        000FCC
_TRISA                                                (abs)        000F92
_TRISAbits                                            (abs)        000F92
_TRISCbits                                            (abs)        000F94
_TRISD                                                (abs)        000F95
_TRISDbits                                            (abs)        000F95
_TRISEbits                                            (abs)        000F96
_TXREG                                                (abs)        000FAD
_TXSTAbits                                            (abs)        000FAC
_Temp                                                 bssBANK1     0001C9
_Timer1_DefaultInterruptHandler                       text103      009C76
_Timer1_Init                                          text7        00AC06
_Timer1_Mode_Selection                                text8        00B120
_USART_ASYNCRONOUS_RX_Init                            text5        009E54
_USART_ASYNCRONOUS_TX_Init                            text4        00A736
_USART_Asynchronous_Initialize                        text2        00BC48
_USART_Asynchronous_ReadByte_NonBlocking              text101      00C6C4
_USART_Asynchronous_Restart_RX                        text99       00CB3E
_USART_Asynchronous_WriteByte_Blocking                text39       00C920
_USART_Baud_Rate_Calculation                          text3        00414C
_USART_Baud_Rate_Calculation$4393                     cstackBANK1  00016D
_USART_FramingDefaultErrorHandler                     text100      00CA90
_USART_FramingErrorHandler                            bssBANK1     0001BB
_USART_OverrunDefaultErrorHandler                     text98       00CB38
_USART_OverrunErrorHandler                            bssBANK1     0001B9
_USART_RX_ISR                                         text79       00AF96
_USART_RxDefaultInterruptHandler                      text80       008EBC
_USART_RxDefaultInterruptHandler@hal_usart$F937       bssBANK1     0001BD
_USART_TX_ISR                                         text77       00C60C
_USART_TxDefaultInterruptHandler                      text78       00CA38
_USART_TxDefaultInterruptHandler@hal_usart$F932       bssBANK1     0001BF
__HRAM                                                (abs)        000000
__Habs1                                               abs1         000000
__Hbank0                                              bank0        000000
__Hbank1                                              bank1        000000
__Hbank10                                             bank10       000000
__Hbank11                                             bank11       000000
__Hbank12                                             bank12       000000
__Hbank13                                             bank13       000000
__Hbank14                                             bank14       000000
__Hbank15                                             bank15       000000
__Hbank2                                              bank2        000000
__Hbank3                                              bank3        000000
__Hbank4                                              bank4        000000
__Hbank5                                              bank5        000000
__Hbank6                                              bank6        000000
__Hbank7                                              bank7        000000
__Hbank8                                              bank8        000000
__Hbank9                                              bank9        000000
__Hbigbss                                             bigbss       000000
__Hbigdata                                            bigdata      000000
__Hbigram                                             bigram       000000
__Hbigsfr                                             bigsfr       000000
__Hbss                                                bss          000000
__HbssBANK1                                           bssBANK1     000000
__HbssBANK2                                           bssBANK2     000000
__HbssBANK3                                           bssBANK3     000000
__HbssBIGRAM                                          bssBIGRAM    000000
__Hcinit                                              cinit        000000
__Hclrtext                                            clrtext      000000
__Hcomram                                             comram       000000
__Hconfig                                             config       30000E
__Hconst                                              const        000000
__HcstackBANK0                                        cstackBANK0  000000
__HcstackBANK1                                        cstackBANK1  000000
__HcstackBANK2                                        cstackBANK2  000000
__HcstackBANK3                                        cstackBANK3  000000
__HcstackCOMRAM                                       cstackCOMRAM 000000
__Hdata                                               data         000000
__HdataBANK1                                          dataBANK1    000000
__HdataBANK2                                          dataBANK2    000000
__Heeprom_data                                        eeprom_data  000000
__Hfarbss                                             farbss       000000
__Hfardata                                            fardata      000000
__Hheap                                               heap         000000
__Hibigdata                                           ibigdata     000000
__Hidata                                              idata        000000
__HidataBANK1                                         idataBANK1   000000
__HidataBANK2                                         idataBANK2   000000
__Hidloc                                              idloc        000000
__Hifardata                                           ifardata     000000
__Hinit                                               init         000012
__Hintcode                                            intcode      00000E
__Hintcode_body                                       intcode_body 000000
__Hintcodelo                                          intcodelo    00000E
__Hintentry                                           intentry     000000
__Hintret                                             intret       000000
__Hintsave_regs                                       intsave_regs 000000
__Hirdata                                             irdata       000000
__Hmediumconst                                        mediumconst  010000
__HnvFARRAM                                           nvFARRAM     000000
__Hnvbit                                              nvbit        000000
__Hnvrram                                             nvrram       000000
__Hparam                                              rparam       000000
__Hpowerup                                            powerup      00000E
__Hram                                                ram          000000
__Hramtop                                             ramtop       001000
__Hrbit                                               rbit         000000
__Hrbss                                               rbss         000000
__Hrdata                                              rdata        000000
__Hreset_vec                                          reset_vec    000004
__Hrparam                                             rparam       000000
__Hsfr                                                sfr          000000
__Hsmallconst                                         smallconst   000000
__Hspace_0                                            (abs)        010000
__Hspace_1                                            (abs)        0007B6
__Hspace_2                                            (abs)        000000
__Hspace_4                                            (abs)        60000E
__Hstack                                              stack        000000
__Hstruct                                             struct       000000
__Htemp                                               temp         000080
__Htext                                               text         000000
__Htext0                                              text0        000000
__Htext1                                              text1        000000
__Htext10                                             text10       000000
__Htext100                                            text100      000000
__Htext101                                            text101      000000
__Htext102                                            text102      000000
__Htext103                                            text103      000000
__Htext104                                            text104      000000
__Htext105                                            text105      000000
__Htext106                                            text106      000000
__Htext107                                            text107      000000
__Htext108                                            text108      000000
__Htext109                                            text109      000000
__Htext11                                             text11       000000
__Htext110                                            text110      000000
__Htext111                                            text111      000000
__Htext112                                            text112      000000
__Htext113                                            text113      000000
__Htext114                                            text114      000000
__Htext115                                            text115      000000
__Htext116                                            text116      000000
__Htext117                                            text117      000000
__Htext118                                            text118      000000
__Htext119                                            text119      000000
__Htext12                                             text12       000000
__Htext120                                            text120      000000
__Htext121                                            text121      000000
__Htext122                                            text122      000000
__Htext123                                            text123      000000
__Htext124                                            text124      000000
__Htext125                                            text125      000000
__Htext126                                            text126      000000
__Htext127                                            text127      000000
__Htext128                                            text128      000000
__Htext129                                            text129      000000
__Htext13                                             text13       000000
__Htext130                                            text130      000000
__Htext131                                            text131      000000
__Htext132                                            text132      000000
__Htext133                                            text133      000000
__Htext134                                            text134      000000
__Htext135                                            text135      000000
__Htext136                                            text136      000000
__Htext137                                            text137      000000
__Htext138                                            text138      000000
__Htext139                                            text139      000000
__Htext14                                             text14       000000
__Htext140                                            text140      000000
__Htext141                                            text141      000000
__Htext142                                            text142      000000
__Htext143                                            text143      000000
__Htext144                                            text144      000000
__Htext145                                            text145      000000
__Htext146                                            text146      000000
__Htext147                                            text147      000000
__Htext148                                            text148      000000
__Htext149                                            text149      000000
__Htext15                                             text15       000000
__Htext150                                            text150      000000
__Htext151                                            text151      000000
__Htext152                                            text152      000000
__Htext153                                            text153      000000
__Htext154                                            text154      000000
__Htext155                                            text155      000000
__Htext156                                            text156      000000
__Htext157                                            text157      000000
__Htext158                                            text158      000000
__Htext159                                            text159      000000
__Htext16                                             text16       000000
__Htext160                                            text160      000000
__Htext161                                            text161      000000
__Htext162                                            text162      000000
__Htext163                                            text163      000000
__Htext164                                            text164      000000
__Htext165                                            text165      000000
__Htext166                                            text166      000000
__Htext167                                            text167      000000
__Htext168                                            text168      000000
__Htext169                                            text169      000000
__Htext17                                             text17       000000
__Htext170                                            text170      000000
__Htext171                                            text171      000000
__Htext172                                            text172      000000
__Htext173                                            text173      000000
__Htext174                                            text174      000000
__Htext175                                            text175      000000
__Htext176                                            text176      000000
__Htext177                                            text177      000000
__Htext178                                            text178      000000
__Htext179                                            text179      000000
__Htext18                                             text18       000000
__Htext180                                            text180      000000
__Htext181                                            text181      000000
[...]
write_one_byte_in_eeprom@register_address             cstackCOMRAM 000007
wtemp8                                                temp         000080
xtoa@c                                                cstackBANK1  00016C
xtoa@d                                                cstackBANK1  00014D
xtoa@fp                                               cstackBANK1  00014B
xtoa@i                                                cstackBANK1  00016A
xtoa@n                                                cstackBANK1  000162
xtoa@p                                                cstackBANK1  00015E
xtoa@w                                                cstackBANK1  000160
xtoa@x                                                cstackBANK1  000155


MODULE INFORMATION

Module		Function		Class		Link	Load	Size
hal_timer1.c
		_Timer1_Mode_Selection		CODE           	B120	0000	128
		_Timer1_Init   		CODE           	AC06	0000	164
		_TMR1_ISR      		CODE           	C45E	0000	56

hal_timer1.c estimated size: 348

C:\Program Files\Microchip\xc8\v2.36\pic\sources\c99\common\nanf.c
		_nanf          		CODE           	C842	0000	34

C:\Program Files\Microchip\xc8\v2.36\pic\sources\c99\common\nanf.c estimated size: 34

hal_usart.c
		_USART_RX_ISR  		CODE           	AF96	0000	134
		_USART_Baud_Rate_Calculation		CODE           	414C	0000	1288
		_USART_Asynchronous_Restart_RX		CODE           	CB3E	0000	6
		_USART_ASYNCRONOUS_RX_Init		CODE           	9E54	0000	222
		_USART_TX_ISR  		CODE           	C60C	0000	48
		_USART_ASYNCRONOUS_TX_Init		CODE           	A736	0000	182
		_USART_Asynchronous_WriteByte_Blocking		CODE           	C920	0000	28
		_USART_Asynchronous_Initialize		CODE           	BC48	0000	82
		_USART_Asynchronous_ReadByte_NonBlocking		CODE           	C6C4	0000	42

hal_usart.c estimated size: 2032

AT24C32.c
		_read_one_page_in_eeprom		CODE           	B21C	0000	124
		_read_one_byte_in_eeprom		CODE           	C244	0000	66
		_write_one_byte_in_eeprom		CODE           	C66C	0000	46

AT24C32.c estimated size: 236

C:\Program Files\Microchip\xc8\v2.36\pic\sources\c99\common\nf_fputs.c
		_fputs         		CODE           	BF92	0000	72

C:\Program Files\Microchip\xc8\v2.36\pic\sources\c99\common\nf_fputs.c estimated size: 72

C:\Program Files\Microchip\xc8\v2.36\pic\sources\c99\common\printf.c
		_printf        		CODE           	C69A	0000	42

C:\Program Files\Microchip\xc8\v2.36\pic\sources\c99\common\printf.c estimated size: 42

C:\Program Files\Microchip\xc8\v2.36\pic\sources\c99\common\aomod.c
		___aomod       		CODE           	8A94	0000	358

C:\Program Files\Microchip\xc8\v2.36\pic\sources\c99\common\aomod.c estimated size: 358

SD_PIC.c
		_SD_SendDummyBytes		CODE           	C7FC	0000	36
		_SD_MBR_Stop   		CODE           	C8E4	0000	30
		_SD_MBR_Start  		CODE           	B38C	0000	120
		_SD_MBR_Receive		CODE           	ACAA	0000	160
		_single_block_write		CODE           	A950	0000	176
		_SD_SingleBlockWrite		CODE           	988C	0000	256
		_read_init_sd_card		CODE           	5F62	0000	868
		_initSD        		CODE           	2960	0000	2186
		_SD_EraseBlocks		CODE           	B312	0000	122
		_SD_Command    		CODE           	AD4A	0000	158
		_SD_ACMD       		CODE           	C506	0000	54

SD_PIC.c estimated size: 4166

C:\Program Files\Microchip\xc8\v2.36\pic\sources\c99\common\islower.c
		_islower       		CODE           	C304	0000	58

C:\Program Files\Microchip\xc8\v2.36\pic\sources\c99\common\islower.c estimated size: 58

i2c_soft.c
		_I2C_ReadFromAddress		CODE           	CA28	0000	16
		_SCL_High      		CODE           	CB0C	0000	8
		_I2C_WriteToAddress		CODE           	C974	0000	26
		_I2C_ReadResult_withAck		CODE           	B298	0000	122
		_SDA_Low       		CODE           	CA74	0000	14
		_I2C_Stop      		CODE           	C820	0000	34
		_I2C_WriteByte 		CODE           	BA9A	0000	90
		_I2C_SendOne   		CODE           	C9BC	0000	22
		_I2C_Delay     		CODE           	CAD4	0000	10
		_I2C_ReadRegister		CODE           	C7B0	0000	38
		_I2C_SendZero  		CODE           	C9A6	0000	22
		_SDA_High      		CODE           	CB04	0000	8
		_I2C_ReadResult		CODE           	B1A0	0000	124
		_I2C_Start     		CODE           	C8C6	0000	30
		_SCL_Low       		CODE           	CA82	0000	14

i2c_soft.c estimated size: 578

C:\Program Files\Microchip\xc8\v2.36\pic\sources\c99\common\strncmp.c
		_strncmp       		CODE           	9F32	0000	222

C:\Program Files\Microchip\xc8\v2.36\pic\sources\c99\common\strncmp.c estimated size: 222

C:\Program Files\Microchip\xc8\v2.36\pic\sources\c99\common\tolower.c
		_tolower       		CODE           	BF02	0000	72

C:\Program Files\Microchip\xc8\v2.36\pic\sources\c99\common\tolower.c estimated size: 72

C:\Program Files\Microchip\xc8\v2.36\pic\sources\c99\common\__fpclassifyf.c
		___fpclassifyf 		CODE           	978C	0000	256

C:\Program Files\Microchip\xc8\v2.36\pic\sources\c99\common\__fpclassifyf.c estimated size: 256

C:\Program Files\Microchip\xc8\v2.36\pic\sources\c99\common\sprcmul.c
		___flmul       		CODE           	4FD6	0000	1068

C:\Program Files\Microchip\xc8\v2.36\pic\sources\c99\common\sprcmul.c estimated size: 1068

heater.c
		_heater_set_mode		CODE           	C020	0000	70

heater.c estimated size: 70

C:\Program Files\Microchip\xc8\v2.36\pic\sources\c99\common\floorf.c
		_floorf        		CODE           	7670	0000	534

C:\Program Files\Microchip\xc8\v2.36\pic\sources\c99\common\floorf.c estimated size: 534

C:\Program Files\Microchip\xc8\v2.36\pic\sources\c99\common\sprcdiv.c
		___fldiv       		CODE           	582C	0000	924

C:\Program Files\Microchip\xc8\v2.36\pic\sources\c99\common\sprcdiv.c estimated size: 924

C:\Program Files\Microchip\xc8\v2.36\pic\sources\c99\common\atoi.c
		_atoi          		CODE           	7A98	0000	470

C:\Program Files\Microchip\xc8\v2.36\pic\sources\c99\common\atoi.c estimated size: 470

C:\Program Files\Microchip\xc8\v2.36\pic\sources\c99\common\fleq.c
		___fleq        		CODE           	AAB0	0000	172

C:\Program Files\Microchip\xc8\v2.36\pic\sources\c99\common\fleq.c estimated size: 172

C:\Program Files\Microchip\xc8\v2.36\pic\sources\c99\common\toupper.c
		_toupper       		CODE           	BFDA	0000	70

C:\Program Files\Microchip\xc8\v2.36\pic\sources\c99\common\toupper.c estimated size: 70

C:\Program Files\Microchip\xc8\v2.36\pic\sources\c99\common\awmod.c
		___awmod       		CODE           	A7EC	0000	178

C:\Program Files\Microchip\xc8\v2.36\pic\sources\c99\common\awmod.c estimated size: 178

C:\Program Files\Microchip\xc8\v2.36\pic\sources\c99\common\Umul32.c
		___lmul        		CODE           	B6B0	0000	106

C:\Program Files\Microchip\xc8\v2.36\pic\sources\c99\common\Umul32.c estimated size: 106

C:\Program Files\Microchip\xc8\v2.36\pic\sources\c99\common\isalpha.c
		_isalpha       		CODE           	C2C6	0000	62

C:\Program Files\Microchip\xc8\v2.36\pic\sources\c99\common\isalpha.c estimated size: 62

C:\Program Files\Microchip\xc8\v2.36\pic\sources\c99\common\isspace.c
		_isspace       		CODE           	BBA0	0000	84

C:\Program Files\Microchip\xc8\v2.36\pic\sources\c99\common\isspace.c estimated size: 84

temp_monitoring.c
		_reset_eep_address_in_eeprom		CODE           	B784	0000	102
		_read_eep_address_in_eeprom		CODE           	B404	0000	118
		_reset_sd_address_in_eeprom		CODE           	BE6E	0000	74
		_save_sd_address_in_eeprom		CODE           	B09E	0000	130
		_update_SD_tab 		CODE           	892A	0000	362
		_read_sd_address_in_eeprom		CODE           	ADE8	0000	154
		_extract_data_for_days		CODE           	62C6	0000	836
		_update_system_data		CODE           	8D5E	0000	350
		_extract_all_alarms		CODE           	9132	0000	300
		_temp_management		CODE           	7454	0000	540

temp_monitoring.c estimated size: 2966

C:\Program Files\Microchip\xc8\v2.36\pic\sources\c99\common\llmod.c
		___llmod       		CODE           	AF0E	0000	136

C:\Program Files\Microchip\xc8\v2.36\pic\sources\c99\common\llmod.c estimated size: 136

C:\Program Files\Microchip\xc8\v2.36\pic\sources\c99\common\xxtofl.c
		___xxtofl      		CODE           	7E36	0000	440

C:\Program Files\Microchip\xc8\v2.36\pic\sources\c99\common\xxtofl.c estimated size: 440

C:\Program Files\Microchip\xc8\v2.36\pic\sources\c99\common\strlen.c
		_strlen        		CODE           	BB4C	0000	84

C:\Program Files\Microchip\xc8\v2.36\pic\sources\c99\common\strlen.c estimated size: 84

C:\Program Files\Microchip\xc8\v2.36\pic\sources\c99\common\strchr.c
		_strchr        		CODE           	BDD6	0000	76

C:\Program Files\Microchip\xc8\v2.36\pic\sources\c99\common\strchr.c estimated size: 76

C:\Program Files\Microchip\xc8\v2.36\pic\sources\c99\common\strcpy.c
		_strcpy        		CODE           	B97C	0000	96

C:\Program Files\Microchip\xc8\v2.36\pic\sources\c99\common\strcpy.c estimated size: 96

C:\Program Files\Microchip\xc8\v2.36\pic\sources\c99\common\aodiv.c
		___aodiv       		CODE           	81A2	0000	394

C:\Program Files\Microchip\xc8\v2.36\pic\sources\c99\common\aodiv.c estimated size: 394

C:\Program Files\Microchip\xc8\v2.36\pic\sources\c99\common\memset.c
		_memset        		CODE           	87B4	0000	374

C:\Program Files\Microchip\xc8\v2.36\pic\sources\c99\common\memset.c estimated size: 374

C:\Program Files\Microchip\xc8\v2.36\pic\sources\c99\common\nf_fputc.c
		_fputc         		CODE           	A1CA	0000	204

C:\Program Files\Microchip\xc8\v2.36\pic\sources\c99\common\nf_fputc.c estimated size: 204

C:\Program Files\Microchip\xc8\v2.36\pic\sources\c99\common\isdigit.c
		_isdigit       		CODE           	C3B2	0000	58

C:\Program Files\Microchip\xc8\v2.36\pic\sources\c99\common\isdigit.c estimated size: 58

hal_timer0.c
		_TMR0_ISR      		CODE           	CABA	0000	14

hal_timer0.c estimated size: 14

C:\Program Files\Microchip\xc8\v2.36\pic\sources\c99\common\sprcadd.c
		___flsub       		CODE           	BF4A	0000	72
		___fladd       		CODE           	4654	0000	1218

C:\Program Files\Microchip\xc8\v2.36\pic\sources\c99\common\sprcadd.c estimated size: 1290

SPI_PIC.c
		_spiTransfer   		CODE           	C426	0000	56
		_spiReceive    		CODE           	CAFC	0000	8
		_spiInit       		CODE           	B8B4	0000	100
		_spiSend       		CODE           	CA66	0000	14

SPI_PIC.c estimated size: 178

C:\Program Files\Microchip\xc8\v2.36\pic\sources\c99\common\awdiv.c
		___awdiv       		CODE           	A42A	0000	198

C:\Program Files\Microchip\xc8\v2.36\pic\sources\c99\common\awdiv.c estimated size: 198

PWM.c
		_start_pwm     		CODE           	CB50	0000	4
		_set_pwm_duty  		CODE           	A010	0000	222

PWM.c estimated size: 226

C:\Program Files\Microchip\xc8\v2.36\pic\sources\c99\common\doprnt.c
		_vfpfcnvrt     		CODE           	39A0	0000	1964
		_efgtoa        		CODE           	10AA	0000	3218
		_pad           		CODE           	A296	0000	202
		_dtoa          		CODE           	6940	0000	740
		_vfprintf      		CODE           	B850	0000	100
		_xtoa          		CODE           	6F08	0000	678

C:\Program Files\Microchip\xc8\v2.36\pic\sources\c99\common\doprnt.c estimated size: 6902

C:\Program Files\Microchip\xc8\v2.36\pic\sources\c99\common\fltol.c
		___fltol       		CODE           	9374	0000	264

C:\Program Files\Microchip\xc8\v2.36\pic\sources\c99\common\fltol.c estimated size: 264

C:\Program Files\Microchip\xc8\v2.36\pic\sources\c99\common\lbmod.c
		___lbmod       		CODE           	C572	0000	54

C:\Program Files\Microchip\xc8\v2.36\pic\sources\c99\common\lbmod.c estimated size: 54

shared
		_CMD8CRC       		MEDIUMCONST    	0000	0000	0
		i2_printf      		CODE           	C716	0000	40
		_CMD17         		MEDIUMCONST    	0000	0000	0
		_CMD55         		MEDIUMCONST    	0000	0000	0
		i2_vfpfcnvrt   		CODE           	31EA	0000	1974
		i2_LCD_Write_4Bit		CODE           	BEB8	0000	74
		i2_pad         		CODE           	A4F0	0000	198
		i2_atoi        		CODE           	7C6E	0000	456
		i2_SCL_Low     		CODE           	CAAC	0000	14
		i2_abs         		CODE           	C286	0000	64
		i2_floorf      		CODE           	7886	0000	530
		i2_spiReceive  		CODE           	CB14	0000	8
		_R1_ILLEGAL_COMMAND		MEDIUMCONST    	0000	0000	0
		i2_putch       		CODE           	CAE8	0000	10
		i2___fleq      		CODE           	AB5C	0000	170
		i2_isspace     		CODE           	C1BE	0000	68
		i2_I2C_Delay   		CODE           	CAF2	0000	10
		_ACMD22        		MEDIUMCONST    	FD2A	0000	1
		_ACMD41        		MEDIUMCONST    	0000	0000	0
		_START_BLOCK   		MEDIUMCONST    	0000	0000	0
		_CMD12         		MEDIUMCONST    	0000	0000	0
		_CMD8          		MEDIUMCONST    	0000	0000	0
		i2_strncmp     		CODE           	A0EE	0000	220
		i2_LCD_CMD     		CODE           	C958	0000	28
		_CMD18         		MEDIUMCONST    	0000	0000	0
		_CMD9          		MEDIUMCONST    	0000	0000	0
		i2_SDA_Low     		CODE           	CA9E	0000	14
		i2_vfprintf    		CODE           	B918	0000	100
		i2_I2C_ReadFromAddress		CODE           	CAC8	0000	12
		i2_isdigit     		CODE           	C4CE	0000	56
		i2_xtoa        		CODE           	71AE	0000	678
		_CMD0CRC       		MEDIUMCONST    	0000	0000	0
		i2_SCL_High    		CODE           	CB24	0000	8
		i2___flneg     		CODE           	C496	0000	56
		i2_strcpy      		CODE           	BA3C	0000	94
		_R1_READY_STATE		MEDIUMCONST    	0000	0000	0
		_CMD13         		MEDIUMCONST    	FD35	0000	1
		_CMD32         		MEDIUMCONST    	0000	0000	0
		i2___awdiv     		CODE           	A5B6	0000	196
		i2_spiSend     		CODE           	CADE	0000	10
		_CMD38         		MEDIUMCONST    	0000	0000	0
		i2___fladd     		CODE           	4B16	0000	1216
		i2___wmul      		CODE           	C7D6	0000	38
		i2_dtoa        		CODE           	6C24	0000	740
		i2___fldiv     		CODE           	5BC8	0000	922
		i2_I2C_WriteToAddress		CODE           	C9D2	0000	22
		i2_I2C_Stop    		CODE           	C864	0000	34
		i2___fltol     		CODE           	9582	0000	262
		i2_I2C_Start   		CODE           	C902	0000	30
		_CMD0          		MEDIUMCONST    	0000	0000	0
		__initialization		CODE           	B01C	0000	120
		_ACMD23        		MEDIUMCONST    	0000	0000	0
		_Font2         		MEDIUMCONST    	FC46	0000	220
		i2___flge      		CODE           	9688	0000	260
		_CMD33         		MEDIUMCONST    	0000	0000	0
		i2_SDA_High    		CODE           	CB1C	0000	8
		_CMD58         		MEDIUMCONST    	0000	0000	0
		i2___awmod     		CODE           	AA00	0000	176
		i2_I2C_SendOne 		CODE           	C9FE	0000	22
		_CMD1          		MEDIUMCONST    	0000	0000	0
		_CMD24         		MEDIUMCONST    	0000	0000	0
		i2___aodiv     		CODE           	832C	0000	392
		i2___flmul     		CODE           	5402	0000	1066
		i2___xxtofl    		CODE           	7FEE	0000	436
		_STOP_TRAN     		MEDIUMCONST    	0000	0000	0
		i2_USART_Asynchronous_WriteByte_Blocking		CODE           	C98E	0000	24
		i2___fpclassifyf		CODE           	998C	0000	254
		i2_I2C_SendZero		CODE           	C9E8	0000	22
		i2_islower     		CODE           	CB54	0000	2
		i2_I2C_WriteByte		CODE           	BBF4	0000	84
		_R1_IDLE_STATE 		MEDIUMCONST    	0000	0000	0
		_START_BLOCK_TOKEN		MEDIUMCONST    	0000	0000	0
		i2___flsub     		CODE           	C0AC	0000	70
		_CMD25         		MEDIUMCONST    	0000	0000	0
		i2_efgtoa      		CODE           	1D3C	0000	3108
		i2_spiTransfer 		CODE           	C5A8	0000	52
		i2_isupper     		CODE           	CB58	0000	2
		i2___aomod     		CODE           	8BFA	0000	356
		_CMD10         		MEDIUMCONST    	0000	0000	0
		i2_fputc       		CODE           	A360	0000	202
		i2_fputs       		CODE           	C17A	0000	68
		_CMD16         		MEDIUMCONST    	0000	0000	0
		i2_strlen      		CODE           	BD3A	0000	80
		i2_tolower     		CODE           	C066	0000	70
		_Font          		MEDIUMCONST    	FB47	0000	255
		i2_SD_Command  		CODE           	AE82	0000	140
		i2_toupper     		CODE           	C136	0000	68
		i2_I2C_ReadResult		CODE           	B47A	0000	114
		i2_isalpha     		CODE           	CB56	0000	2

shared estimated size: 16027

C:\Program Files\Microchip\xc8\v2.36\pic\sources\c99\common\isxdigit.c
		_isxdigit      		CODE           	B5D0	0000	112

C:\Program Files\Microchip\xc8\v2.36\pic\sources\c99\common\isxdigit.c estimated size: 112

C:\Program Files\Microchip\xc8\v2.36\pic\sources\c99\common\abs.c
		_abs           		CODE           	C202	0000	66

C:\Program Files\Microchip\xc8\v2.36\pic\sources\c99\common\abs.c estimated size: 66

C:\Program Files\Microchip\xc8\v2.36\pic\sources\c99\common\strtof.c
		_atof          		CODE           	C764	0000	38
		_strtof        		CODE           	0012	0000	4248

C:\Program Files\Microchip\xc8\v2.36\pic\sources\c99\common\strtof.c estimated size: 4286

C:\Program Files\Microchip\xc8\v2.36\pic\sources\c99\common\nf_snprintf.c
		_snprintf      		CODE           	925E	0000	278

C:\Program Files\Microchip\xc8\v2.36\pic\sources\c99\common\nf_snprintf.c estimated size: 278

ds18b20.c
		_OneWireRelease		CODE           	CB44	0000	6
		_OneWireReadBit		CODE           	C78A	0000	38
		_OneWireReadByte		CODE           	BE22	0000	76
		_OneWireWriteBit		CODE           	C0F2	0000	68
		_print_temperature		CODE           	B55E	0000	114
		_OneWireRead   		CODE           	CA14	0000	20
		_OneWireHigh   		CODE           	CB4A	0000	6
		_OneWireTemp   		CODE           	A89E	0000	178
		_OneWireReset  		CODE           	C53C	0000	54
		_OneWireWriteByte		CODE           	C3EC	0000	58

ds18b20.c estimated size: 618

C:\Program Files\Microchip\xc8\v2.36\pic\sources\c99\common\flge.c
		___flge        		CODE           	947C	0000	262

C:\Program Files\Microchip\xc8\v2.36\pic\sources\c99\common\flge.c estimated size: 262

./ssd1306_unbuffered.h
		_ssd1306_command		CODE           	C8A6	0000	32
		_SSD1306_Init  		CODE           	9B80	0000	246
		_SSD1306_ClearDisplay		CODE           	B9DC	0000	96
		_SSD1306_GotoXY		CODE           	C63C	0000	48
		_SSD1306_PutStretchC		CODE           	660A	0000	822
		_oled_puts     		CODE           	B7EA	0000	102

./ssd1306_unbuffered.h estimated size: 1346

lcd.c
		_LCD_Init      		CODE           	9D6A	0000	234
		_LCD_Write_4Bit		CODE           	BD8A	0000	76
		_LCD_Write_Char		CODE           	C93C	0000	28
		_LCD_CMD       		CODE           	C886	0000	32
		_LCD_Set_Cursor		CODE           	B71A	0000	106
		_LCD_Clear     		CODE           	CA48	0000	16

lcd.c estimated size: 492

C:\Program Files\Microchip\xc8\v2.36\pic\sources\c99\common\memcpy.c
		_memcpy        		CODE           	BCEA	0000	80

C:\Program Files\Microchip\xc8\v2.36\pic\sources\c99\common\memcpy.c estimated size: 80

mcal_interrupt_manager.c
		_InterruptManager		CODE           	0008	0000	252

mcal_interrupt_manager.c estimated size: 252

main.c
		_USART_OverrunDefaultErrorHandler		CODE           	CB38	0000	6
		_timer1_timer_init		CODE           	C5DC	0000	48
		_putch         		CODE           	CA58	0000	14
		_main          		CODE           	C73E	0000	38
		_Timer1_DefaultInterruptHandler		CODE           	9C76	0000	244
		_USART_RxDefaultInterruptHandler		CODE           	8EBC	0000	322
		_execute_rx_command		CODE           	8FFE	0000	308
		_usart_module_init		CODE           	BC9A	0000	80
		_USART_FramingDefaultErrorHandler		CODE           	CA90	0000	14
		_USART_TxDefaultInterruptHandler		CODE           	CA38	0000	16

main.c estimated size: 1090

RTC.c
		_DisplayDateOnLCD		CODE           	863A	0000	378
		_DisplayTimeToLCD		CODE           	84B4	0000	390
		_Get_DS1307_RTC_Date		CODE           	B640	0000	112
		_Read_Bytes_From_DS1307_RTC		CODE           	BAF4	0000	88
		_Get_DS1307_RTC_Time		CODE           	A67A	0000	188

RTC.c estimated size: 1156

C:\Program Files\Microchip\xc8\v2.36\pic\sources\c99\common\Umul16.c
		___wmul        		CODE           	C6EE	0000	40

C:\Program Files\Microchip\xc8\v2.36\pic\sources\c99\common\Umul16.c estimated size: 40

C:\Program Files\Microchip\xc8\v2.36\pic\sources\c99\common\flneg.c
		___flneg       		CODE           	C378	0000	58

C:\Program Files\Microchip\xc8\v2.36\pic\sources\c99\common\flneg.c estimated size: 58

led.c
		_led_set_mode  		CODE           	B4EC	0000	114

led.c estimated size: 114

C:\Program Files\Microchip\xc8\v2.36\pic\sources\c99\common\isupper.c
		_isupper       		CODE           	C33E	0000	58

C:\Program Files\Microchip\xc8\v2.36\pic\sources\c99\common\isupper.c estimated size: 58

