Microchip MPLAB XC8 Compiler V2.46

Linker command line:

-W-3 \
  --edf=C:\Program Files\Microchip\xc8\v2.46\pic\dat\20240104201356_en.msgs \
  -cn -h+dist/default/production\Projet_pic18.X.production.sym \
  --cmf=dist/default/production\Projet_pic18.X.production.cmf -z -Q18F4620 \
  -oC:\Users\natha\AppData\Local\Temp\xcAs7fg.\driver_tmp_3.o \
  --defsym=__MPLAB_BUILD=1 --fixupoverflow=error \
  -Mdist/default/production/Projet_pic18.X.production.map \
  --md=C:\Users\natha\AppData\Local\Temp\xcAs7fg.\driver_tmp_0.dat -E1 \
  -ver=XC8 Compiler --acfsm=1493 -ACODE=00h-0FFFFh -ACONST=00h-0FFFFh \
  -ASMALLCONST=01000h-010FFhx240 -AMEDIUMCONST=01000h-0FFFFh \
  -ACOMRAM=01h-07Fh -AABS1=00h-0F7Fh -ABIGRAM=01h-0F7Fh \
  -ARAM=080h-0FFh,0100h-01FFhx14,0F00h-0F7Fh -ABANK0=080h-0FFh \
  -ABANK1=0100h-01FFh -ABANK2=0200h-02FFh -ABANK3=0300h-03FFh \
  -ABANK4=0400h-04FFh -ABANK5=0500h-05FFh -ABANK6=0600h-06FFh \
  -ABANK7=0700h-07FFh -ABANK8=0800h-08FFh -ABANK9=0900h-09FFh \
  -ABANK10=0A00h-0AFFh -ABANK11=0B00h-0BFFh -ABANK12=0C00h-0CFFh \
  -ABANK13=0D00h-0DFFh -ABANK14=0E00h-0EFFh -ABANK15=0F00h-0F7Fh \
  -ASFR=0F80h-0FFFh -ABIGSFR=0F80h-0FFFh -ACONFIG=0300000h-030000Dh \
  -AIDLOC=0200000h-0200007h -AEEDATA=0F00000h-0F003FFh -peeprom_data=EEDATA \
  -preset_vec=00h,intcode=8h,intcodelo,powerup,init -pramtop=01000h \
  -psmallconst=SMALLCONST -pmediumconst=MEDIUMCONST -pconst=CONST \
  -AFARRAM=00h-00h \
  -prdata=COMRAM,nvrram=COMRAM,nvbit=COMRAM,rbss=COMRAM,rbit=COMRAM \
  -pfarbss=FARRAM,fardata=FARRAM,nvFARRAM=FARRAM \
  -pintsave_regs=BIGRAM,bigbss=BIGRAM,bigdata=BIGRAM -pbss=RAM \
  -pidata=CODE,irdata=CODE,ibigdata=CODE,ifardata=CODE -prparam=COMRAM \
  C:\Users\natha\AppData\Local\Temp\xcAs7fg.\driver_tmp_14.o \
  dist/default/production\Projet_pic18.X.production.o 

Object code version is 3.11

Machine type is 18F4620



                Name                               Link     Load   Length Selector   Space Scale
C:\Users\natha\AppData\Local\Temp\xcAs7fg.\driver_tmp_14.o
                config                           300000   300000        E        0       4
                init                                  E        E        4        4       0
                reset_vec                             0        0        4        0       0
dist/default/production\Projet_pic18.X.production.o
                intcode                               8        8        6        4       0
                config                           300000   300000        E        0       4
                temp                                 7E       7E        1        1       1
                mediumconst                        FB52     FB52      4AE     7DA9       0
                text195                            BF04     BF04        E        4       0
                text194                            BF46     BF46        A        4       0
                text193                            BF78     BF78        8        4       0
                text192                            BEF6     BEF6        E        4       0
                text191                            BF70     BF70        8        4       0
                text190                            BEE8     BEE8        E        4       0
                text189                            BD5A     BD5A       1E        4       0
                text188                            BC9E     BC9E       22        4       0
                text187                            BE56     BE56       16        4       0
                text186                            BE40     BE40       16        4       0
                text185                            B056     B056       54        4       0
                text184                            BE2A     BE2A       16        4       0
                text183                            B4AE     B4AE       4A        4       0
                text182                            BDB0     BDB0       1C        4       0
                text181                            AFAC     AFAC       56        4       0
                text180                            BD94     BD94       1C        4       0
                text179                            985E     985E       C4        4       0
                text178                            9EE2     9EE2       B0        4       0
                text177                            7A3E     7A3E      17A        4       0
                text176                            BEA0     BEA0       10        4       0
                text175                            78B8     78B8      186        4       0
                text174                            BD3C     BD3C       1E        4       0
                text173                            BCE0     BCE0       20        4       0
                text172                            AD92     AD92       60        4       0
                text171                            BA42     BA42       30        4       0
                text170                            9196     9196       F6        4       0
                text169                            B914     B914       36        4       0
                text168                            6640     6640      324        4       0
                text167                            AC66     AC66       66        4       0
                text166                            B97E     B97E       34        4       0
                text165                            BDE6     BDE6       18        4       0
                text164                            BF3C     BF3C        A        4       0
                text163                            9B56     9B56       BA        4       0
                text162                            B658     B658       44        4       0
                text161                            B2E2     B2E2       50        4       0
                text160                            9A9C     9A9C       BA        4       0
                text159                            738C     738C      1C0        4       0
                text158                            5F1E     5F1E      39A        4       0
                text157                            A0EC     A0EC       AA        4       0
                text156                            8CA4     8CA4      104        4       0
                text155                            5758     5758      42A        4       0
                text154                            B870     B870       38        4       0
                text153                            45DA     45DA      4C0        4       0
                text152                            B5CE     B5CE       46        4       0
                text151                            8B9E     8B9E      106        4       0
                text150                            8EA8     8EA8       FE        4       0
                text149                            6DEA     6DEA      212        4       0
                text148                            AF56     AF56       56        4       0
                text147                            B292     B292       50        4       0
                text146                            B78E     B78E       3A        4       0
                text145                            1B84     1B84      A7C        4       0
                text144                            BBEC     BBEC       26        4       0
                text143                            96CE     96CE       CA        4       0
                text142                            8138     8138      14E        4       0
                text141                            4EF4     4EF4      438        4       0
                text140                            AD30     AD30       62        4       0
                text139                            8FA6     8FA6       FA        4       0
                text138                            7704     7704      1B4        4       0
                text137                            7BB8     7BB8      170        4       0
                text136                            B588     B588       46        4       0
                text135                            AAB0     AAB0       72        4       0
                text134                            BACE     BACE       2E        4       0
                text133                            A8D6     A8D6       7A        4       0
                text132                            AB22     AB22       6E        4       0
                text131                            ADF2     ADF2       5C        4       0
                text130                            BC36     BC36       24        4       0
                text129                            6FFC     6FFC      1CE        4       0
                text128                            9456     9456       DE        4       0
                text127                            6964     6964      270        4       0
                text126                            B462     B462       4C        4       0
                text125                            A662     A662       84        4       0
                text124                            B94A     B94A       34        4       0
                text123                            BF68     BF68        8        4       0
                text122                            BF32     BF32        A        4       0
                text121                            A4C6     A4C6       8C        4       0
                text120                            A85C     A85C       7A        4       0
                text119                            BC12     BC12       24        4       0
                text118                            928C     928C       EC        4       0
                text117                            9F92     9F92       AE        4       0
                text116                            7D28     7D28      164        4       0
                text115                            BF12     BF12        C        4       0
                text114                            AA3E     AA3E       72        4       0
                text113                            BBC6     BBC6       26        4       0
                text112                            B1A0     B1A0       52        4       0
                text111                            AB90     AB90       6C        4       0
                text110                            9C10     9C10       B8        4       0
                text109                            BF98     BF98        6        4       0
                text108                            BE6C     BE6C       14        4       0
                text107                            BF92     BF92        6        4       0
                text106                            BBA0     BBA0       26        4       0
                text105                            B416     B416       4C        4       0
                text104                            B14E     B14E       52        4       0
                text103                            B614     B614       44        4       0
                text102                            B754     B754       3A        4       0
                text101                            9E30     9E30       B2        4       0
                text100                            7E8C     7E8C      15E        4       0
                text99                             8286     8286      140        4       0
                text98                             B838     B838       38        4       0
                text97                             BB78     BB78       28        4       0
                text96                             BF28     BF28        A        4       0
                text95                             BF8C     BF8C        6        4       0
                text94                             BF86     BF86        6        4       0
                text93                             8640     8640      120        4       0
                text92                             A7E2     A7E2       7A        4       0
                text91                             A9C8     A9C8       76        4       0
                text90                             8760     8760      11E        4       0
                text89                             A388     A388       A0        4       0
                text88                             A950     A950       78        4       0
                text87                             BD1E     BD1E       1E        4       0
                text86                             BA12     BA12       30        4       0
                text85                             B3CA     B3CA       4C        4       0
                text84                             2E82     2E82      816        4       0
                text83                             3698     3698      578        4       0
                text82                             ABFC     ABFC       6A        4       0
                text81                             BAFC     BAFC       2C        4       0
                text80                             AF00     AF00       56        4       0
                text79                             BC7C     BC7C       22        4       0
                text78                             BAA0     BAA0       2E        4       0
                text77                               12       12     1064        4       0
                text76                             8504     8504      13C        4       0
                text75                             B800     B800       38        4       0
                text74                             B37E     B37E       4C        4       0
                text73                             9602     9602       CC        4       0
                text72                             83C6     83C6      13E        4       0
                text71                             A5DC     A5DC       86        4       0
                text70                             BE90     BE90       10        4       0
                text69                             B9E2     B9E2       30        4       0
                intcode_body                       90A0     90A0       F6        4       0
                text67                             BF1E     BF1E        A        4       0
                text66                             BF60     BF60        8        4       0
                text65                             BEDA     BEDA        E        4       0
                text64                             BF58     BF58        8        4       0
                text63                             BECC     BECC        E        4       0
                text62                             BD00     BD00       1E        4       0
                text61                             BC5A     BC5A       22        4       0
                text60                             BE14     BE14       16        4       0
                text59                             BDFE     BDFE       16        4       0
                text58                             AE4E     AE4E       5A        4       0
                text57                             BDCC     BDCC       1A        4       0
                text56                             B332     B332       4C        4       0
                text55                             BCC0     BCC0       20        4       0
                text54                             887E     887E      112        4       0
                text53                             BE80     BE80       10        4       0
                text52                             A766     A766       7C        4       0
                text51                             B69C     B69C       42        4       0
                text50                             A552     A552       8A        4       0
                text49                             B7C8     B7C8       38        4       0
                text48                             BF50     BF50        8        4       0
                text47                             BEBE     BEBE        E        4       0
                text46                             A428     A428       9E        4       0
                text45                             B8DE     B8DE       36        4       0
                text44                             5B82     5B82      39C        4       0
                text43                             532C     532C      42C        4       0
                text42                             8990     8990      108        4       0
                text41                             754C     754C      1B8        4       0
                text40                             B242     B242       50        4       0
                text39                             2600     2600      882        4       0
                text38                             9798     9798       C6        4       0
                text37                             9D7E     9D7E       B2        4       0
                text36                             B8A8     B8A8       36        4       0
                text35                             BD78     BD78       1C        4       0
                text34                             BEB0     BEB0        E        4       0
                text33                             99E0     99E0       BC        4       0
                text32                             B540     B540       48        4       0
                text31                             B002     B002       54        4       0
                text30                             9922     9922       BE        4       0
                text29                             71CA     71CA      1C2        4       0
                text28                             A040     A040       AC        4       0
                text27                             8A98     8A98      106        4       0
                text26                             B71A     B71A       3A        4       0
                text25                             4118     4118      4C2        4       0
                text24                             B4F8     B4F8       48        4       0
                text23                             8DA8     8DA8      100        4       0
                text22                             6BD4     6BD4      216        4       0
                text21                             AEA8     AEA8       58        4       0
                text20                             B0FC     B0FC       52        4       0
                text19                             B6DE     B6DE       3C        4       0
                text18                             1076     1076      B0E        4       0
                text17                             BB50     BB50       28        4       0
                text16                             9534     9534       CE        4       0
                text15                             7FEA     7FEA      14E        4       0
                text14                             4A9A     4A9A      45A        4       0
                text13                             ACCC     ACCC       64        4       0
                text12                             BB28     BB28       28        4       0
                text11                             62B8     62B8      388        4       0
                text10                             A196     A196       A8        4       0
                text9                              BFA2     BFA2        4        4       0
                text8                              A6E6     A6E6       80        4       0
                text7                              A2E4     A2E4       A4        4       0
                text6                              B9B2     B9B2       30        4       0
                text5                              9378     9378       DE        4       0
                text4                              9CC8     9CC8       B6        4       0
                text3                              3C10     3C10      508        4       0
                text2                              B0AA     B0AA       52        4       0
                text1                              B1F2     B1F2       50        4       0
                text0                              BA72     BA72       2E        4       0
                cstackCOMRAM                          1        1       7D        1       1
                cstackBANK0                          80       80       79       80       1
                cstackBANK1                         100      100       83      100       1
                cstackBANK2                         2CF      2CF       2B      200       1
                cstackBANK3                         374      374       39      300       1
                bssBIGRAM                           3AD      3AD      400      3AD       1
                bssBANK3                            300      300       74      300       1
                dataBANK2                           2FA      2FA        6      200       1
                bssBANK2                            200      200       CF      200       1
                dataBANK1                           1BC      1BC        4      100       1
                bssBANK1                            183      183       39      100       1
                dataBANK0                            FE       FE        2       80       1
                bssBANK0                             F9       F9        5       80       1
                cinit                              A23E     A23E       A6        4       0
                idataBANK2                         BF80     BF80        6        4       0
                idataBANK1                         BF9E     BF9E        4        4       0
                idataBANK0                         BFA6     BFA6        2        4       0

TOTAL           Name                               Link     Load   Length     Space
        CLASS   CODE           
                intcode                               8        8        6         0
                init                                  E        E        4         0
                reset_vec                             0        0        4         0
                text195                            BF04     BF04        E         0
                text194                            BF46     BF46        A         0
                text193                            BF78     BF78        8         0
                text192                            BEF6     BEF6        E         0
                text191                            BF70     BF70        8         0
                text190                            BEE8     BEE8        E         0
                text189                            BD5A     BD5A       1E         0
                text188                            BC9E     BC9E       22         0
                text187                            BE56     BE56       16         0
                text186                            BE40     BE40       16         0
                text185                            B056     B056       54         0
                text184                            BE2A     BE2A       16         0
                text183                            B4AE     B4AE       4A         0
                text182                            BDB0     BDB0       1C         0
                text181                            AFAC     AFAC       56         0
                text180                            BD94     BD94       1C         0
                text179                            985E     985E       C4         0
                text178                            9EE2     9EE2       B0         0
                text177                            7A3E     7A3E      17A         0
                text176                            BEA0     BEA0       10         0
                text175                            78B8     78B8      186         0
                text174                            BD3C     BD3C       1E         0
                text173                            BCE0     BCE0       20         0
                text172                            AD92     AD92       60         0
                text171                            BA42     BA42       30         0
                text170                            9196     9196       F6         0
                text169                            B914     B914       36         0
                text168                            6640     6640      324         0
                text167                            AC66     AC66       66         0
                text166                            B97E     B97E       34         0
                text165                            BDE6     BDE6       18         0
                text164                            BF3C     BF3C        A         0
                text163                            9B56     9B56       BA         0
                text162                            B658     B658       44         0
                text161                            B2E2     B2E2       50         0
                text160                            9A9C     9A9C       BA         0
                text159                            738C     738C      1C0         0
                text158                            5F1E     5F1E      39A         0
                text157                            A0EC     A0EC       AA         0
                text156                            8CA4     8CA4      104         0
                text155                            5758     5758      42A         0
                text154                            B870     B870       38         0
                text153                            45DA     45DA      4C0         0
                text152                            B5CE     B5CE       46         0
                text151                            8B9E     8B9E      106         0
                text150                            8EA8     8EA8       FE         0
                text149                            6DEA     6DEA      212         0
                text148                            AF56     AF56       56         0
                text147                            B292     B292       50         0
                text146                            B78E     B78E       3A         0
                text145                            1B84     1B84      A7C         0
                text144                            BBEC     BBEC       26         0
                text143                            96CE     96CE       CA         0
                text142                            8138     8138      14E         0
                text141                            4EF4     4EF4      438         0
                text140                            AD30     AD30       62         0
                text139                            8FA6     8FA6       FA         0
                text138                            7704     7704      1B4         0
                text137                            7BB8     7BB8      170         0
                text136                            B588     B588       46         0
                text135                            AAB0     AAB0       72         0
                text134                            BACE     BACE       2E         0
                text133                            A8D6     A8D6       7A         0
                text132                            AB22     AB22       6E         0
                text131                            ADF2     ADF2       5C         0
                text130                            BC36     BC36       24         0
                text129                            6FFC     6FFC      1CE         0
                text128                            9456     9456       DE         0
                text127                            6964     6964      270         0
                text126                            B462     B462       4C         0
                text125                            A662     A662       84         0
                text124                            B94A     B94A       34         0
                text123                            BF68     BF68        8         0
                text122                            BF32     BF32        A         0
                text121                            A4C6     A4C6       8C         0
                text120                            A85C     A85C       7A         0
                text119                            BC12     BC12       24         0
                text118                            928C     928C       EC         0
                text117                            9F92     9F92       AE         0
                text116                            7D28     7D28      164         0
                text115                            BF12     BF12        C         0
                text114                            AA3E     AA3E       72         0
                text113                            BBC6     BBC6       26         0
                text112                            B1A0     B1A0       52         0
                text111                            AB90     AB90       6C         0
                text110                            9C10     9C10       B8         0
                text109                            BF98     BF98        6         0
                text108                            BE6C     BE6C       14         0
                text107                            BF92     BF92        6         0
                text106                            BBA0     BBA0       26         0
                text105                            B416     B416       4C         0
                text104                            B14E     B14E       52         0
                text103                            B614     B614       44         0
                text102                            B754     B754       3A         0
                text101                            9E30     9E30       B2         0
                text100                            7E8C     7E8C      15E         0
                text99                             8286     8286      140         0
                text98                             B838     B838       38         0
                text97                             BB78     BB78       28         0
                text96                             BF28     BF28        A         0
                text95                             BF8C     BF8C        6         0
                text94                             BF86     BF86        6         0
                text93                             8640     8640      120         0
                text92                             A7E2     A7E2       7A         0
                text91                             A9C8     A9C8       76         0
                text90                             8760     8760      11E         0
                text89                             A388     A388       A0         0
                text88                             A950     A950       78         0
                text87                             BD1E     BD1E       1E         0
                text86                             BA12     BA12       30         0
                text85                             B3CA     B3CA       4C         0
                text84                             2E82     2E82      816         0
                text83                             3698     3698      578         0
                text82                             ABFC     ABFC       6A         0
                text81                             BAFC     BAFC       2C         0
                text80                             AF00     AF00       56         0
                text79                             BC7C     BC7C       22         0
                text78                             BAA0     BAA0       2E         0
                text77                               12       12     1064         0
                text76                             8504     8504      13C         0
                text75                             B800     B800       38         0
                text74                             B37E     B37E       4C         0
                text73                             9602     9602       CC         0
                text72                             83C6     83C6      13E         0
                text71                             A5DC     A5DC       86         0
                text70                             BE90     BE90       10         0
                text69                             B9E2     B9E2       30         0
                intcode_body                       90A0     90A0       F6         0
                text67                             BF1E     BF1E        A         0
                text66                             BF60     BF60        8         0
                text65                             BEDA     BEDA        E         0
                text64                             BF58     BF58        8         0
                text63                             BECC     BECC        E         0
                text62                             BD00     BD00       1E         0
                text61                             BC5A     BC5A       22         0
                text60                             BE14     BE14       16         0
                text59                             BDFE     BDFE       16         0
                text58                             AE4E     AE4E       5A         0
                text57                             BDCC     BDCC       1A         0
                text56                             B332     B332       4C         0
                text55                             BCC0     BCC0       20         0
                text54                             887E     887E      112         0
                text53                             BE80     BE80       10         0
                text52                             A766     A766       7C         0
                text51                             B69C     B69C       42         0
                text50                             A552     A552       8A         0
                text49                             B7C8     B7C8       38         0
                text48                             BF50     BF50        8         0
                text47                             BEBE     BEBE        E         0
                text46                             A428     A428       9E         0
                text45                             B8DE     B8DE       36         0
                text44                             5B82     5B82      39C         0
                text43                             532C     532C      42C         0
                text42                             8990     8990      108         0
                text41                             754C     754C      1B8         0
                text40                             B242     B242       50         0
                text39                             2600     2600      882         0
                text38                             9798     9798       C6         0
                text37                             9D7E     9D7E       B2         0
                text36                             B8A8     B8A8       36         0
                text35                             BD78     BD78       1C         0
                text34                             BEB0     BEB0        E         0
                text33                             99E0     99E0       BC         0
                text32                             B540     B540       48         0
                text31                             B002     B002       54         0
                text30                             9922     9922       BE         0
                text29                             71CA     71CA      1C2         0
                text28                             A040     A040       AC         0
                text27                             8A98     8A98      106         0
                text26                             B71A     B71A       3A         0
                text25                             4118     4118      4C2         0
                text24                             B4F8     B4F8       48         0
                text23                             8DA8     8DA8      100         0
                text22                             6BD4     6BD4      216         0
                text21                             AEA8     AEA8       58         0
                text20                             B0FC     B0FC       52         0
                text19                             B6DE     B6DE       3C         0
                text18                             1076     1076      B0E         0
                text17                             BB50     BB50       28         0
                text16                             9534     9534       CE         0
                text15                             7FEA     7FEA      14E         0
                text14                             4A9A     4A9A      45A         0
                text13                             ACCC     ACCC       64         0
                text12                             BB28     BB28       28         0
                text11                             62B8     62B8      388         0
                text10                             A196     A196       A8         0
                text9                              BFA2     BFA2        4         0
                text8                              A6E6     A6E6       80         0
                text7                              A2E4     A2E4       A4         0
                text6                              B9B2     B9B2       30         0
                text5                              9378     9378       DE         0
                text4                              9CC8     9CC8       B6         0
                text3                              3C10     3C10      508         0
                text2                              B0AA     B0AA       52         0
                text1                              B1F2     B1F2       50         0
                text0                              BA72     BA72       2E         0
                cinit                              A23E     A23E       A6         0
                idataBANK2                         BF80     BF80        6         0
                idataBANK1                         BF9E     BF9E        4         0
                idataBANK0                         BFA6     BFA6        2         0

        CLASS   CONST          

        CLASS   SMALLCONST     

        CLASS   MEDIUMCONST    
                mediumconst                        FB52     FB52      4AE         0

        CLASS   COMRAM         
                temp                                 7E       7E        1         1
                cstackCOMRAM                          1        1       7D         1

        CLASS   ABS1           

        CLASS   BIGRAM         
                bssBIGRAM                           3AD      3AD      400         1

        CLASS   RAM            

        CLASS   BANK0          
                cstackBANK0                          80       80       79         1
                dataBANK0                            FE       FE        2         1
                bssBANK0                             F9       F9        5         1

        CLASS   BANK1          
                cstackBANK1                         100      100       83         1
                dataBANK1                           1BC      1BC        4         1
                bssBANK1                            183      183       39         1

        CLASS   BANK2          
                cstackBANK2                         2CF      2CF       2B         1
                dataBANK2                           2FA      2FA        6         1
                bssBANK2                            200      200       CF         1

        CLASS   BANK3          
                cstackBANK3                         374      374       39         1
                bssBANK3                            300      300       74         1

        CLASS   BANK4          

        CLASS   BANK5          

        CLASS   BANK6          

        CLASS   BANK7          

        CLASS   BANK8          

        CLASS   BANK9          

        CLASS   BANK10         

        CLASS   BANK11         

        CLASS   BANK12         

        CLASS   BANK13         

        CLASS   BANK14         

        CLASS   BANK15         

        CLASS   SFR            

        CLASS   BIGSFR         

        CLASS   CONFIG         
                config                           300000   300000        E         4

        CLASS   IDLOC          

        CLASS   EEDATA         

        CLASS   FARRAM         

        CLASS   HEAP           

        CLASS   STACK          



SEGMENTS        Name                           Load    Length   Top    Selector   Space  Class

                reset_vec                      000000  000004  000004         0       0  CODE    
                cstackCOMRAM                   000001  00007E  00007F         1       1  COMRAM  
                intcode                        000008  00BFA0  00BFA8         4       0  CODE    
                cstackBANK0                    000080  000080  000100        80       1  BANK0   
                cstackBANK1                    000100  0000C0  0001C0       100       1  BANK1   
                bssBANK2                       000200  000100  000300       200       1  BANK2   
                bssBANK3                       000300  0000AD  0003AD       300       1  BANK3   
                bssBIGRAM                      0003AD  000400  0007AD       3AD       1  BIGRAM  
                mediumconst                    00FB52  0004AE  010000      7DA9       0  MEDIUMCO


UNUSED ADDRESS RANGES

        Name                Unused          Largest block    Delta
        BANK1            0001C0-0001FF               40
        BANK10           000A00-000AFF              100
        BANK11           000B00-000BFF              100
        BANK12           000C00-000CFF              100
        BANK13           000D00-000DFF              100
        BANK14           000E00-000EFF              100
        BANK15           000F00-000F7F               80
        BANK7            0007AD-0007FF               53
        BANK8            000800-0008FF              100
        BANK9            000900-0009FF              100
        BIGRAM           00007F-00007F                1
                         0001C0-0001FF               40
                         0007AD-000F7F              7D3
        BIGSFR           000F80-000FFF               80
        CODE             000004-000007                4
                         00BFA8-00FB51             3BAA
        COMRAM           00007F-00007F                1
        CONST            000004-000007                4
                         00BFA8-00FB51             3BAA
        EEDATA           F00000-F003FF              400
        IDLOC            200000-200007                8
        MEDIUMCONST      00BFA8-00FB51             3BAA
        RAM              0001C0-0001FF               40
                         0007AD-000F7F              100
        SFR              000F80-000FFF               80
        SMALLCONST       00BFA8-00FB51              100

                                  Symbol Table

?_Get_DS1307_RTC_Date                                 cstackCOMRAM 000010
?_Get_DS1307_RTC_Time                                 cstackCOMRAM 000010
?_OneWireTemp                                         cstackCOMRAM 000028
?___awdiv                                             cstackBANK1  000140
?___awmod                                             cstackBANK1  000140
?___fladd                                             cstackBANK1  000167
?___fldiv                                             cstackBANK1  00014E
?___flmul                                             cstackBANK1  00014E
?___flneg                                             cstackBANK1  000140
?___flsub                                             cstackBANK1  000177
?___fltol                                             cstackBANK1  000167
?___fpclassifyf                                       cstackBANK1  000140
?___lmul                                              cstackCOMRAM 000001
?___wmul                                              cstackBANK1  000140
?___xxtofl                                            cstackBANK1  000140
?_abs                                                 cstackBANK1  000146
?_atoi                                                cstackCOMRAM 000007
?_dtoa                                                cstackBANK1  00015B
?_efgtoa                                              cstackBANK2  0002CF
?_floorf                                              cstackBANK1  000167
?_isdigit                                             cstackCOMRAM 000001
?_isxdigit                                            cstackCOMRAM 000001
?_labs                                                cstackBANK1  000140
?_nanf                                                cstackCOMRAM 000001
?_pad                                                 cstackBANK1  000152
?_printf                                              cstackBANK2  0002EC
?_read_prec_or_width                                  cstackBANK1  000146
?_snprintf                                            cstackBANK0  0000B4
?_strchr                                              cstackCOMRAM 000001
?_strlen                                              cstackBANK1  000140
?_strncmp                                             cstackCOMRAM 000005
?_strtof                                              cstackCOMRAM 000065
?_toupper                                             cstackCOMRAM 000001
?_vfpfcnvrt                                           cstackBANK2  0002D6
?_vfprintf                                            cstackBANK2  0002E4
?_xtoa                                                cstackBANK1  00015B
?i2___awdiv                                           cstackCOMRAM 000001
?i2___awmod                                           cstackCOMRAM 000001
?i2___fladd                                           cstackCOMRAM 000028
?i2___fldiv                                           cstackCOMRAM 00000F
?i2___flmul                                           cstackCOMRAM 000040
?i2___flneg                                           cstackCOMRAM 000001
?i2___flsub                                           cstackCOMRAM 000038
?i2___fltol                                           cstackCOMRAM 000059
?i2___fpclassifyf                                     cstackCOMRAM 000001
?i2___wmul                                            cstackCOMRAM 000001
?i2___xxtofl                                          cstackCOMRAM 000001
?i2_abs                                               cstackCOMRAM 000007
?i2_dtoa                                              cstackCOMRAM 00001C
?i2_efgtoa                                            cstackCOMRAM 000065
?i2_floorf                                            cstackCOMRAM 000028
?i2_labs                                              cstackCOMRAM 000001
?i2_pad                                               cstackCOMRAM 000013
?i2_printf                                            cstackBANK0  0000B4
?i2_read_prec_or_width                                cstackCOMRAM 000007
?i2_strlen                                            cstackCOMRAM 000001
?i2_vfpfcnvrt                                         cstackCOMRAM 00006E
?i2_vfprintf                                          cstackBANK0  0000AC
?i2_xtoa                                              cstackCOMRAM 00001C
DisplayDateOnLCD@pDate                                cstackCOMRAM 00000B
DisplayDateOnLCD@tens                                 cstackCOMRAM 00000E
DisplayDateOnLCD@units                                cstackCOMRAM 00000F
DisplayTimeToLCD@pTime                                cstackCOMRAM 00000B
DisplayTimeToLCD@tens                                 cstackCOMRAM 00000E
DisplayTimeToLCD@units                                cstackCOMRAM 00000F
Get_DS1307_RTC_Date@Temp                              cstackCOMRAM 00001D
Get_DS1307_RTC_Date@currentDate                       cstackCOMRAM 000019
Get_DS1307_RTC_Date@pRTCArray                         cstackCOMRAM 000015
Get_DS1307_RTC_Time@Temp                              cstackCOMRAM 000018
Get_DS1307_RTC_Time@currentTime                       cstackCOMRAM 000019
Get_DS1307_RTC_Time@pRTCArray                         cstackCOMRAM 000015
I2C_ReadFromAddress@deviceAddress                     cstackBANK1  000144
I2C_ReadRegister@deviceAddress                        cstackCOMRAM 000009
I2C_ReadRegister@registerAddress                      cstackCOMRAM 000007
I2C_ReadRegister@result                               cstackCOMRAM 000008
I2C_ReadResult@readback                               cstackBANK1  000142
I2C_ReadResult@x                                      cstackBANK1  000140
I2C_ReadResult_withAck@readback                       cstackCOMRAM 000003
I2C_ReadResult_withAck@x                              cstackCOMRAM 000001
I2C_WriteByte@temp                                    cstackBANK1  000143
I2C_WriteByte@theByte                                 cstackBANK1  000140
I2C_WriteByte@x                                       cstackBANK1  000141
I2C_WriteToAddress@deviceAddress                      cstackBANK1  000144
I2C_WriteToAddress@temp                               cstackBANK1  000145
LCD_CMD@CMD                                           cstackBANK1  000147
LCD_Init@I2C_Add                                      cstackBANK1  00014A
LCD_Set_Cursor@COL                                    cstackCOMRAM 000009
LCD_Set_Cursor@ROW                                    cstackCOMRAM 00000A
LCD_Write_4Bit@Nibble                                 cstackBANK1  000146
LCD_Write_Char@Data                                   cstackCOMRAM 000008
OneWireReadBit@out                                    cstackCOMRAM 000001
OneWireReadByte@i                                     cstackCOMRAM 000003
OneWireReadByte@out                                   cstackCOMRAM 000005
OneWireTemp@LSB                                       cstackCOMRAM 000034
OneWireTemp@MSB                                       cstackCOMRAM 000035
OneWireTemp@data                                      cstackCOMRAM 000032
OneWireTemp@temperature                               cstackCOMRAM 00002E
OneWireWriteBit@b                                     cstackCOMRAM 000001
OneWireWriteByte@b                                    cstackCOMRAM 000004
OneWireWriteByte@i                                    cstackCOMRAM 000002
Read_Bytes_From_DS1307_RTC@Address                    cstackCOMRAM 00000D
Read_Bytes_From_DS1307_RTC@NoOfBytes                  cstackCOMRAM 00000B
Read_Bytes_From_DS1307_RTC@i                          cstackCOMRAM 00000E
Read_Bytes_From_DS1307_RTC@pData                      cstackCOMRAM 00000A
SD_ACMD@arg                                           cstackBANK1  00014A
SD_ACMD@cmd                                           cstackBANK1  00014E
SD_Command@arg                                        cstackBANK1  000143
SD_Command@cmd                                        cstackBANK1  000148
SD_Command@n                                          cstackBANK1  000147
SD_Command@response                                   cstackBANK1  000149
SD_EraseBlocks@firstBlock                             cstackCOMRAM 00000B
SD_EraseBlocks@lastBlock                              cstackCOMRAM 00000F
SD_MBR_Receive@bufReceive                             cstackCOMRAM 000004
SD_MBR_Receive@i                                      cstackCOMRAM 000006
SD_MBR_Start@response                                 cstackCOMRAM 000010
SD_MBR_Start@startBlock                               cstackCOMRAM 00000B
SD_SendDummyBytes@n                                   cstackCOMRAM 000005
SD_SendDummyBytes@numBytes                            cstackCOMRAM 000004
SD_SingleBlockWrite@arr                               cstackCOMRAM 00000F
SD_SingleBlockWrite@block                             cstackCOMRAM 00000B
SD_SingleBlockWrite@i                                 cstackCOMRAM 000013
SD_SingleBlockWrite@response                          cstackCOMRAM 000012
SSD1306_ClearDisplay@i                                cstackCOMRAM 000008
SSD1306_GotoXY@x                                      cstackCOMRAM 000002
SSD1306_GotoXY@y                                      cstackCOMRAM 000001
SSD1306_Init@i2caddr                                  cstackCOMRAM 000008
SSD1306_Init@vccstate                                 cstackCOMRAM 000009
SSD1306_PutStretchC@F3524                             bssBANK2     00023C
SSD1306_PutStretchC@b                                 cstackCOMRAM 00000F
SSD1306_PutStretchC@bn                                cstackCOMRAM 000014
SSD1306_PutStretchC@bn_1371                           cstackCOMRAM 000019
SSD1306_PutStretchC@c                                 cstackCOMRAM 00001C
SSD1306_PutStretchC@font_c                            cstackCOMRAM 000017
SSD1306_PutStretchC@i                                 cstackCOMRAM 000015
SSD1306_PutStretchC@i_1362                            cstackCOMRAM 00001B
SSD1306_PutStretchC@i_1366                            cstackCOMRAM 00001D
SSD1306_PutStretchC@i_1370                            cstackCOMRAM 000016
SSD1306_PutStretchC@offs                              cstackCOMRAM 000018
SSD1306_PutStretchC@p                                 cstackCOMRAM 00001A
SSD1306_PutStretchC@pos                               cstackCOMRAM 000013
SSD1306_PutStretchC@size_mult                         cstackCOMRAM 000009
Timer1_DefaultInterruptHandler@cpt_ms_buzzer          bssBANK2     000262
Timer1_DefaultInterruptHandler@cpt_ms_lcd             bssBANK2     000266
Timer1_DefaultInterruptHandler@cpt_ms_oled            bssBANK2     000264
Timer1_DefaultInterruptHandler@cpt_ms_sd              bssBANK2     000240
Timer1_DefaultInterruptHandler@cpt_ms_temp_management bssBANK0     0000FB
Timer1_Init@_timer                                    cstackBANK1  000142
Timer1_Mode_Selection@_timer                          cstackBANK1  000140
USART_ASYNCRONOUS_RX_Init@_usart                      cstackBANK1  000140
USART_ASYNCRONOUS_TX_Init@_usart                      cstackBANK1  000140
USART_Asynchronous_Initialize@_usart                  cstackBANK2  0002CF
USART_Asynchronous_Initialize@ret                     cstackBANK2  0002D1
USART_Asynchronous_ReadByte_NonBlocking@_data         cstackCOMRAM 000001
USART_Asynchronous_ReadByte_NonBlocking@ret           cstackCOMRAM 000002
USART_Asynchronous_WriteByte_Blocking@_data           cstackBANK1  000140
USART_Baud_Rate_Calculation@Baud_Rate_Temp_Value      cstackBANK1  00017B
USART_Baud_Rate_Calculation@_usart                    cstackBANK1  000177
USART_FramingDefaultErrorHandler@_data_               cstackCOMRAM 000003
USART_RxDefaultInterruptHandler@i                     cstackBANK1  000130
_ACMD22                                               mediumconst  00FD36
_BAUDCONbits                                          (abs)        000FB8
_BackLight_State                                      dataBANK1    0001BF
_CCP1CON                                              (abs)        000FBD
_CCPR1L                                               (abs)        000FBE
_CMD13                                                mediumconst  00FD41
_DisplayDateOnLCD                                     text177      007A3E
_DisplayTimeToLCD                                     text175      0078B8
_Font                                                 mediumconst  00FB53
_Font2                                                mediumconst  00FC52
_Get_DS1307_RTC_Date                                  text111      00AB90
_Get_DS1307_RTC_Time                                  text110      009C10
_I2C_Delay                                            text67       00BF1E
_I2C_ReadFromAddress                                  text53       00BE80
_I2C_ReadRegister                                     text113      00BBC6
_I2C_ReadResult                                       text52       00A766
_I2C_ReadResult_withAck                               text92       00A7E2
_I2C_SendOne                                          text60       00BE14
_I2C_SendZero                                         text59       00BDFE
_I2C_Start                                            text62       00BD00
_I2C_Stop                                             text61       00BC5A
_I2C_WriteByte                                        text58       00AE4E
_I2C_WriteToAddress                                   text57       00BDCC
_INTCONbits                                           (abs)        000FF2
_InterruptManager                                     intcode      000008
_LATAbits                                             (abs)        000F89
_LATEbits                                             (abs)        000F8D
_LCD_CMD                                              text55       00BCC0
_LCD_Clear                                            text176      00BEA0
_LCD_Init                                             text54       00887E
_LCD_Set_Cursor                                       text181      00AFAC
_LCD_Write_4Bit                                       text56       00B332
_LCD_Write_Char                                       text180      00BD94
_OSCCON                                               (abs)        000FD3
_OSCCONbits                                           (abs)        000FD3
_OSCTUNE                                              (abs)        000F9B
_OneWireHigh                                          text109      00BF98
_OneWireRead                                          text108      00BE6C
_OneWireReadBit                                       text106      00BBA0
_OneWireReadByte                                      text105      00B416
_OneWireRelease                                       text107      00BF92
_OneWireReset                                         text104      00B14E
_OneWireTemp                                          text101      009E30
_OneWireWriteBit                                      text103      00B614
_OneWireWriteByte                                     text102      00B754
_PIE1bits                                             (abs)        000F9D
_PIR1bits                                             (abs)        000F9E
_PORTA                                                (abs)        000F80
_PORTCbits                                            (abs)        000F82
_PORTD                                                (abs)        000F83
_PORTDbits                                            (abs)        000F83
_PORTE                                                (abs)        000F84
_PR2                                                  (abs)        000FCB
_RCREG                                                (abs)        000FAE
_RCSTAbits                                            (abs)        000FAB
_RS                                                   bssBANK1     0001BA
_Read_Bytes_From_DS1307_RTC                           text112      00B1A0
_SCL_High                                             text66       00BF60
_SCL_Low                                              text65       00BEDA
_SDA_High                                             text64       00BF58
_SDA_Low                                              text63       00BECC
_SDCard                                               bssBANK1     000183
_SD_ACMD                                              text45       00B8DE
_SD_Command                                           text46       00A428
_SD_EraseBlocks                                       text120      00A85C
_SD_MBR_Receive                                       text89       00A388
_SD_MBR_Start                                         text88       00A950
_SD_MBR_Stop                                          text87       00BD1E
_SD_SendDummyBytes                                    text119      00BC12
_SD_SingleBlockWrite                                  text118      00928C
_SDreadBuffer                                         bssBIGRAM    0003AD
_SDwriteBuffer                                        bssBIGRAM    0005AD
_SPBRG                                                (abs)        000FAF
_SPBRGH                                               (abs)        000FB0
_SSD1306_ClearDisplay                                 text172      00AD92
_SSD1306_GotoXY                                       text171      00BA42
_SSD1306_Init                                         text170      009196
_SSD1306_PutStretchC                                  text168      006640
_SSPBUF                                               (abs)        000FC9
_SSPCON1                                              (abs)        000FC6
_SSPCON1bits                                          (abs)        000FC6
_SSPIF                                                (abs)        007CF3
_SSPSTAT                                              (abs)        000FC7
_SSPSTATbits                                          (abs)        000FC7
_T0CONbits                                            (abs)        000FD5
_T1CONbits                                            (abs)        000FCD
_T2CON                                                (abs)        000FCA
_T2CONbits                                            (abs)        000FCA
_TMR0H                                                (abs)        000FD7
_TMR0L                                                (abs)        000FD6
_TMR0_ISR                                             text195      00BF04
_TMR0_InterruptHandler                                bssBANK2     000256
_TMR1H                                                (abs)        000FCF
_TMR1L                                                (abs)        000FCE
_TMR1_ISR                                             text98       00B838
_TMR1_InterruptHandler                                bssBANK2     000252
_TMR2                                                 (abs)        000FCC
_TRISA                                                (abs)        000F92
_TRISAbits                                            (abs)        000F92
_TRISCbits                                            (abs)        000F94
_TRISD                                                (abs)        000F95
_TRISDbits                                            (abs)        000F95
_TRISEbits                                            (abs)        000F96
_TXREG                                                (abs)        000FAD
_TXSTAbits                                            (abs)        000FAC
_Temp                                                 bssBANK1     0001BB
_Timer1_DefaultInterruptHandler                       text99       008286
_Timer1_Init                                          text7        00A2E4
_Timer1_Mode_Selection                                text8        00A6E6
_USART_ASYNCRONOUS_RX_Init                            text5        009378
_USART_ASYNCRONOUS_TX_Init                            text4        009CC8
_USART_Asynchronous_Initialize                        text2        00B0AA
_USART_Asynchronous_ReadByte_NonBlocking              text97       00BB78
_USART_Asynchronous_Restart_RX                        text95       00BF8C
_USART_Asynchronous_WriteByte_Blocking                text35       00BD78
_USART_Baud_Rate_Calculation                          text3        003C10
_USART_Baud_Rate_Calculation$4330                     cstackBANK1  00017F
_USART_FramingDefaultErrorHandler                     text96       00BF28
_USART_FramingErrorHandler                            bssBANK2     00025C
_USART_OverrunDefaultErrorHandler                     text94       00BF86
_USART_OverrunErrorHandler                            bssBANK2     00025A
_USART_RX_ISR                                         text71       00A5DC
_USART_RxDefaultInterruptHandler                      text72       0083C6
_USART_RxDefaultInterruptHandler@hal_usart$F947       bssBANK2     00025E
_USART_TX_ISR                                         text69       00B9E2
_USART_TxDefaultInterruptHandler                      text70       00BE90
_USART_TxDefaultInterruptHandler@hal_usart$F942       bssBANK2     000260
__HRAM                                                (abs)        000000
__H__absolute__                                       __absolute__ 000000
__Habs1                                               abs1         000000
__Hbank0                                              bank0        000000
__Hbank1                                              bank1        000000
__Hbank10                                             bank10       000000
__Hbank11                                             bank11       000000
__Hbank12                                             bank12       000000
__Hbank13                                             bank13       000000
__Hbank14                                             bank14       000000
__Hbank15                                             bank15       000000
__Hbank2                                              bank2        000000
__Hbank3                                              bank3        000000
__Hbank4                                              bank4        000000
__Hbank5                                              bank5        000000
__Hbank6                                              bank6        000000
__Hbank7                                              bank7        000000
__Hbank8                                              bank8        000000
__Hbank9                                              bank9        000000
__Hbigbss                                             bigbss       000000
__Hbigdata                                            bigdata      000000
__Hbigram                                             bigram       000000
__Hbigsfr                                             bigsfr       000000
__Hbss                                                bss          000000
__HbssBANK0                                           bssBANK0     000000
__HbssBANK1                                           bssBANK1     000000
__HbssBANK2                                           bssBANK2     000000
__HbssBANK3                                           bssBANK3     000000
__HbssBIGRAM                                          bssBIGRAM    000000
__Hcinit                                              cinit        000000
__Hclrtext                                            clrtext      000000
__Hcomram                                             comram       000000
__Hconfig                                             config       30000E
__Hconst                                              const        000000
__HcstackBANK0                                        cstackBANK0  000000
__HcstackBANK1                                        cstackBANK1  000000
__HcstackBANK2                                        cstackBANK2  000000
__HcstackBANK3                                        cstackBANK3  000000
__HcstackCOMRAM                                       cstackCOMRAM 000000
__Hdata                                               data         000000
__HdataBANK0                                          dataBANK0    000000
__HdataBANK1                                          dataBANK1    000000
__HdataBANK2                                          dataBANK2    000000
__Heeprom_data                                        eeprom_data  000000
__Hfarbss                                             farbss       000000
__Hfardata                                            fardata      000000
__Hheap                                               heap         000000
__Hibigdata                                           ibigdata     000000
__Hidata                                              idata        000000
__HidataBANK0                                         idataBANK0   000000
__HidataBANK1                                         idataBANK1   000000
__HidataBANK2                                         idataBANK2   000000
__Hidloc                                              idloc        000000
__Hifardata                                           ifardata     000000
__Hinit                                               init         000012
__Hintcode                                            intcode      00000E
__Hintcode_body                                       intcode_body 000000
__Hintcodelo                                          intcodelo    00000E
__Hintentry                                           intentry     000000
__Hintret                                             intret       000000
__Hintsave_regs                                       intsave_regs 000000
__Hirdata                                             irdata       000000
__Hmediumconst                                        mediumconst  010000
__HnvFARRAM                                           nvFARRAM     000000
__Hnvbit                                              nvbit        000000
__Hnvrram                                             nvrram       000000
__Hparam                                              rparam       000000
__Hpowerup                                            powerup      00000E
__Hram                                                ram          000000
__Hramtop                                             ramtop       001000
__Hrbit                                               rbit         000000
__Hrbss                                               rbss         000000
__Hrdata                                              rdata        000000
__Hreset_vec                                          reset_vec    000004
__Hrparam                                             rparam       000000
__Hsfr                                                sfr          000000
__Hsivt_hi                                            sivt_hi      000000
__Hsivt_lo                                            sivt_lo      000000
__Hsmallconst                                         smallconst   000000
__Hspace_0                                            (abs)        010000
__Hspace_1                                            (abs)        0007AD
__Hspace_2                                            (abs)        000000
__Hspace_4                                            (abs)        60000E
__Hstack                                              stack        000000
__Hstruct                                             struct       000000
__Htemp                                               temp         00007F
__Htext                                               text         000000
__Htext0                                              text0        000000
__Htext1                                              text1        000000
__Htext10                                             text10       000000
__Htext100                                            text100      000000
__Htext101                                            text101      000000
__Htext102                                            text102      000000
__Htext103                                            text103      000000
__Htext104                                            text104      000000
__Htext105                                            text105      000000
__Htext106                                            text106      000000
__Htext107                                            text107      000000
__Htext108                                            text108      000000
__Htext109                                            text109      000000
__Htext11                                             text11       000000
__Htext110                                            text110      000000
__Htext111                                            text111      000000
__Htext112                                            text112      000000
__Htext113                                            text113      000000
__Htext114                                            text114      000000
__Htext115                                            text115      000000
__Htext116                                            text116      000000
__Htext117                                            text117      000000
__Htext118                                            text118      000000
__Htext119                                            text119      000000
__Htext12                                             text12       000000
__Htext120                                            text120      000000
__Htext121                                            text121      000000
__Htext122                                            text122      000000
__Htext123                                            text123      000000
__Htext124                                            text124      000000
__Htext125                                            text125      000000
__Htext126                                            text126      000000
__Htext127                                            text127      000000
__Htext128                                            text128      000000
__Htext129                                            text129      000000
__Htext13                                             text13       000000
__Htext130                                            text130      000000
__Htext131                                            text131      000000
__Htext132                                            text132      000000
__Htext133                                            text133      000000
__Htext134                                            text134      000000
__Htext135                                            text135      000000
__Htext136                                            text136      000000
__Htext137                                            text137      000000
__Htext138                                            text138      000000
__Htext139                                            text139      000000
__Htext14                                             text14       000000
__Htext140                                            text140      000000
__Htext141                                            text141      000000
__Htext142                                            text142      000000
__Htext143                                            text143      000000
__Htext144                                            text144      000000
__Htext145                                            text145      000000
__Htext146                                            text146      000000
__Htext147                                            text147      000000
__Htext148                                            text148      000000
__Htext149                                            text149      000000
__Htext15                                             text15       000000
__Htext150                                            text150      000000
__Htext151                                            text151      000000
__Htext152                                            text152      000000
__Htext153                                            text153      000000
__Htext154                                            text154      000000
__Htext155                                            text155      000000
__Htext156                                            text156      000000
__Htext157                                            text157      000000
__Htext158                                            text158      000000
__Htext159                                            text159      000000
__Htext16                                             text16       000000
__Htext160                                            text160      000000
__Htext161                                            text161      000000
__Htext162                                            text162      000000
__Htext163                                            text163      000000
__Htext164                                            text164      000000
__Htext165                                            text165      000000
__Htext166                                            text166      000000
__Htext167                                            text167      000000
__Htext168                                            text168      000000
__Htext169                                            text169      000000
__Htext17                                             text17       000000
__Htext170                                            text170      000000
__Htext171                                            text171      000000
__Htext172                                            text172      000000
__Htext173                                            text173      000000
__Htext174                                            text174      000000
__Htext175                                            text175      000000
__Htext176                                            text176      000000
__Htext177                                            text177      000000
__Htext178                                            text178      000000
__Htext179                                            text179      000000
__Htext18                                             text18       000000
__Htext180                                            text180      000000
__Htext181                                            text181      000000
__Htext182                                            text182      000000
__Htext183                                            text183      000000
__Htext184                                            text184      000000
__Htext185                                            text185      000000
__Htext186                                            text186      000000
__Htext187                                            text187      000000
__Htext188                                            text188      000000
__Htext189                                            text189      000000
__Htext19                                             text19       000000
__Htext190                                            text190      000000
__Htext191                                            text191      000000
__Htext192                                            text192      000000
__Htext193                                            text193      000000
__Htext194                                            text194      000000
__Htext195                                            text195      000000
__Htext2                                              text2        000000
__Htext20                                             text20       000000
[...]
update_system_data@time                               cstackCOMRAM 00006F
usart_module_init@usart_obj                           cstackBANK2  0002D2
vfpfcnvrt@ap                                          cstackBANK2  0002DA
vfpfcnvrt@c                                           cstackBANK2  0002DD
vfpfcnvrt@convarg                                     cstackBANK2  0002DE
vfpfcnvrt@cp                                          cstackBANK2  0002E2
vfpfcnvrt@done                                        cstackBANK2  0002DC
vfpfcnvrt@fmt                                         cstackBANK2  0002D8
vfpfcnvrt@fp                                          cstackBANK2  0002D6
vfprintf@ap                                           cstackBANK2  0002E8
vfprintf@cfmt                                         cstackBANK2  0002EA
vfprintf@fmt                                          cstackBANK2  0002E6
vfprintf@fp                                           cstackBANK2  0002E4
write_one_byte_in_eeprom@address_lower_byte           cstackCOMRAM 00000B
write_one_byte_in_eeprom@address_upper_byte           cstackCOMRAM 00000A
write_one_byte_in_eeprom@c                            cstackCOMRAM 000009
write_one_byte_in_eeprom@register_address             cstackCOMRAM 000007
write_one_page_in_eeprom@address_lower_byte           cstackCOMRAM 00000B
write_one_page_in_eeprom@address_upper_byte           cstackCOMRAM 00000A
write_one_page_in_eeprom@c                            cstackCOMRAM 000007
write_one_page_in_eeprom@i                            cstackCOMRAM 00000C
write_one_page_in_eeprom@register_address             cstackCOMRAM 000008
wtemp8                                                temp         00007F
xtoa@c                                                cstackBANK1  000166
xtoa@d                                                cstackBANK1  00015D
xtoa@fp                                               cstackBANK1  00015B
xtoa@i                                                cstackBANK1  000167
xtoa@p                                                cstackBANK1  000162
xtoa@w                                                cstackBANK1  000164


MODULE INFORMATION

Module		Function		Class		Link	Load	Size
C:\Program Files\Microchip\xc8\v2.46\pic\sources\c99\common\fltol.c
		___fltol       		CODE           	8990	0000	264

C:\Program Files\Microchip\xc8\v2.46\pic\sources\c99\common\fltol.c estimated size: 264

hal_timer1.c
		_Timer1_Mode_Selection		CODE           	A6E6	0000	128
		_Timer1_Init   		CODE           	A2E4	0000	164
		_TMR1_ISR      		CODE           	B838	0000	56

hal_timer1.c estimated size: 348

C:\Program Files\Microchip\xc8\v2.46\pic\sources\c99\common\nf_snprintf.c
		_snprintf      		CODE           	8FA6	0000	250

C:\Program Files\Microchip\xc8\v2.46\pic\sources\c99\common\nf_snprintf.c estimated size: 250

hal_usart.c
		_USART_RX_ISR  		CODE           	A5DC	0000	134
		_USART_Baud_Rate_Calculation		CODE           	3C10	0000	1288
		_USART_Asynchronous_Restart_RX		CODE           	BF8C	0000	6
		_USART_ASYNCRONOUS_RX_Init		CODE           	9378	0000	222
		_USART_TX_ISR  		CODE           	B9E2	0000	48
		_USART_ASYNCRONOUS_TX_Init		CODE           	9CC8	0000	182
		_USART_Asynchronous_WriteByte_Blocking		CODE           	BD78	0000	28
		_USART_Asynchronous_Initialize		CODE           	B0AA	0000	82
		_USART_Asynchronous_ReadByte_NonBlocking		CODE           	BB78	0000	40

hal_usart.c estimated size: 2030

C:\Program Files\Microchip\xc8\v2.46\pic\sources\c99\common\printf.c
		_printf        		CODE           	BB28	0000	40

C:\Program Files\Microchip\xc8\v2.46\pic\sources\c99\common\printf.c estimated size: 40

AT24C32.c
		_read_one_page_in_eeprom		CODE           	A9C8	0000	118
		_read_one_byte_in_eeprom		CODE           	B69C	0000	66
		_write_one_page_in_eeprom		CODE           	ADF2	0000	92
		_write_one_byte_in_eeprom		CODE           	BACE	0000	46

AT24C32.c estimated size: 322

SD_PIC.c
		_SD_SendDummyBytes		CODE           	BC12	0000	36
		_SD_MBR_Stop   		CODE           	BD1E	0000	30
		_SD_MBR_Start  		CODE           	A950	0000	120
		_SD_MBR_Receive		CODE           	A388	0000	160
		_single_block_write		CODE           	9F92	0000	174
		_SD_SingleBlockWrite		CODE           	928C	0000	236
		_read_init_sd_card		CODE           	62B8	0000	904
		_initSD        		CODE           	2600	0000	2178
		_SD_EraseBlocks		CODE           	A85C	0000	122
		_SD_Command    		CODE           	A428	0000	158
		_SD_ACMD       		CODE           	B8DE	0000	54

SD_PIC.c estimated size: 4172

C:\Program Files\Microchip\xc8\v2.46\pic\sources\c99\common\floorf.c
		_floorf        		CODE           	6BD4	0000	534

C:\Program Files\Microchip\xc8\v2.46\pic\sources\c99\common\floorf.c estimated size: 534

buzzer.c
		_buzzer        		CODE           	BD3C	0000	30

buzzer.c estimated size: 30

i2c_soft.c
		_I2C_ReadFromAddress		CODE           	BE80	0000	16
		_SCL_High      		CODE           	BF60	0000	8
		_I2C_WriteToAddress		CODE           	BDCC	0000	26
		_I2C_ReadResult_withAck		CODE           	A7E2	0000	122
		_SDA_Low       		CODE           	BECC	0000	14
		_I2C_Stop      		CODE           	BC5A	0000	34
		_I2C_WriteByte 		CODE           	AE4E	0000	90
		_I2C_SendOne   		CODE           	BE14	0000	22
		_I2C_Delay     		CODE           	BF1E	0000	10
		_I2C_ReadRegister		CODE           	BBC6	0000	38
		_I2C_SendZero  		CODE           	BDFE	0000	22
		_SDA_High      		CODE           	BF58	0000	8
		_I2C_ReadResult		CODE           	A766	0000	124
		_I2C_Start     		CODE           	BD00	0000	30
		_SCL_Low       		CODE           	BEDA	0000	14

i2c_soft.c estimated size: 578

C:\Program Files\Microchip\xc8\v2.46\pic\sources\c99\common\nf_fputc.c
		_fputc         		CODE           	99E0	0000	188

C:\Program Files\Microchip\xc8\v2.46\pic\sources\c99\common\nf_fputc.c estimated size: 188

heater.c
		_heater_set_mode		CODE           	B588	0000	70

heater.c estimated size: 70

C:\Program Files\Microchip\xc8\v2.46\pic\sources\c99\common\awdiv.c
		___awdiv       		CODE           	9798	0000	198

C:\Program Files\Microchip\xc8\v2.46\pic\sources\c99\common\awdiv.c estimated size: 198

C:\Program Files\Microchip\xc8\v2.46\pic\sources\c99\common\toupper.c
		_toupper       		CODE           	BAA0	0000	46

C:\Program Files\Microchip\xc8\v2.46\pic\sources\c99\common\toupper.c estimated size: 46

C:\Program Files\Microchip\xc8\v2.46\pic\sources\c99\common\lbmod.c
		___lbmod       		CODE           	B914	0000	54

C:\Program Files\Microchip\xc8\v2.46\pic\sources\c99\common\lbmod.c estimated size: 54

C:\Program Files\Microchip\xc8\v2.46\pic\sources\c99\common\xxtofl.c
		___xxtofl      		CODE           	754C	0000	440

C:\Program Files\Microchip\xc8\v2.46\pic\sources\c99\common\xxtofl.c estimated size: 440

temp_monitoring.c
		_reset_eep_address_in_eeprom		CODE           	A8D6	0000	122
		_save_eep_address_in_eeprom		CODE           	AB22	0000	110
		_read_eep_address_in_eeprom		CODE           	A552	0000	138
		_reset_sd_address_in_eeprom		CODE           	B462	0000	76
		_save_sd_address_in_eeprom		CODE           	A662	0000	132
		_update_SD_tab 		CODE           	7D28	0000	356
		_save_in_eeprom		CODE           	6FFC	0000	462
		_read_sd_address_in_eeprom		CODE           	A196	0000	168
		_extract_data_for_days		CODE           	3698	0000	1400
		_update_system_data		CODE           	7E8C	0000	350
		_extract_all_alarms		CODE           	8760	0000	286
		_temp_management		CODE           	6964	0000	624

temp_monitoring.c estimated size: 4224

C:\Program Files\Microchip\xc8\v2.46\pic\sources\c99\common\nanf.c
		_nanf          		CODE           	BC7C	0000	34

C:\Program Files\Microchip\xc8\v2.46\pic\sources\c99\common\nanf.c estimated size: 34

C:\Program Files\Microchip\xc8\v2.46\pic\sources\c99\common\isxdigit.c
		_isxdigit      		CODE           	AF00	0000	86

C:\Program Files\Microchip\xc8\v2.46\pic\sources\c99\common\isxdigit.c estimated size: 86

C:\Program Files\Microchip\xc8\v2.46\pic\sources\c99\common\strlen.c
		_strlen        		CODE           	B002	0000	84

C:\Program Files\Microchip\xc8\v2.46\pic\sources\c99\common\strlen.c estimated size: 84

C:\Program Files\Microchip\xc8\v2.46\pic\sources\c99\common\flneg.c
		___flneg       		CODE           	B71A	0000	58

C:\Program Files\Microchip\xc8\v2.46\pic\sources\c99\common\flneg.c estimated size: 58

C:\Program Files\Microchip\xc8\v2.46\pic\sources\c99\common\strncmp.c
		_strncmp       		CODE           	9602	0000	204

C:\Program Files\Microchip\xc8\v2.46\pic\sources\c99\common\strncmp.c estimated size: 204

C:\Program Files\Microchip\xc8\v2.46\pic\sources\c99\common\__fpclassifyf.c
		___fpclassifyf 		CODE           	8DA8	0000	256

C:\Program Files\Microchip\xc8\v2.46\pic\sources\c99\common\__fpclassifyf.c estimated size: 256

C:\Program Files\Microchip\xc8\v2.46\pic\sources\c99\common\sprcmul.c
		___flmul       		CODE           	532C	0000	1068

C:\Program Files\Microchip\xc8\v2.46\pic\sources\c99\common\sprcmul.c estimated size: 1068

C:\Program Files\Microchip\xc8\v2.46\pic\sources\c99\common\strchr.c
		_strchr        		CODE           	B37E	0000	76

C:\Program Files\Microchip\xc8\v2.46\pic\sources\c99\common\strchr.c estimated size: 76

C:\Program Files\Microchip\xc8\v2.46\pic\sources\c99\common\strcpy.c
		_strcpy        		CODE           	B6DE	0000	60

C:\Program Files\Microchip\xc8\v2.46\pic\sources\c99\common\strcpy.c estimated size: 60

C:\Program Files\Microchip\xc8\v2.46\pic\sources\c99\common\memset.c
		_memset        		CODE           	B800	0000	56

C:\Program Files\Microchip\xc8\v2.46\pic\sources\c99\common\memset.c estimated size: 56

C:\Program Files\Microchip\xc8\v2.46\pic\sources\c99\common\sprcdiv.c
		___fldiv       		CODE           	5B82	0000	924

C:\Program Files\Microchip\xc8\v2.46\pic\sources\c99\common\sprcdiv.c estimated size: 924

C:\Program Files\Microchip\xc8\v2.46\pic\sources\c99\common\atoi.c
		_atoi          		CODE           	8640	0000	288

C:\Program Files\Microchip\xc8\v2.46\pic\sources\c99\common\atoi.c estimated size: 288

C:\Program Files\Microchip\xc8\v2.46\pic\sources\c99\common\fleq.c
		___fleq        		CODE           	A040	0000	172

C:\Program Files\Microchip\xc8\v2.46\pic\sources\c99\common\fleq.c estimated size: 172

hal_timer0.c
		_TMR0_ISR      		CODE           	BF04	0000	14

hal_timer0.c estimated size: 14

C:\Program Files\Microchip\xc8\v2.46\pic\sources\c99\common\doprnt.c
		_read_prec_or_width		CODE           	9534	0000	206
		_vfpfcnvrt     		CODE           	4A9A	0000	1114
		_efgtoa        		CODE           	1076	0000	2830
		_pad           		CODE           	9922	0000	190
		_dtoa          		CODE           	71CA	0000	450
		_vfprintf      		CODE           	ACCC	0000	100
		_xtoa          		CODE           	7FEA	0000	334

C:\Program Files\Microchip\xc8\v2.46\pic\sources\c99\common\doprnt.c estimated size: 5224

SPI_PIC.c
		_spiTransfer   		CODE           	B7C8	0000	56
		_spiReceive    		CODE           	BF50	0000	8
		_spiInit       		CODE           	B242	0000	80
		_spiSend       		CODE           	BEBE	0000	14

SPI_PIC.c estimated size: 158

PWM.c
		_start_pwm     		CODE           	BFA2	0000	4
		_set_pwm_duty  		CODE           	9456	0000	222

PWM.c estimated size: 226

shared
		_CMD8CRC       		MEDIUMCONST    	0000	0000	0
		i2_printf      		CODE           	BC36	0000	36
		_CMD17         		MEDIUMCONST    	0000	0000	0
		_CMD55         		MEDIUMCONST    	0000	0000	0
		i2_vfpfcnvrt   		CODE           	4EF4	0000	1080
		i2_LCD_Write_4Bit		CODE           	B4AE	0000	74
		i2_pad         		CODE           	9A9C	0000	186
		i2_SCL_Low     		CODE           	BEF6	0000	14
		i2_abs         		CODE           	B97E	0000	52
		i2_floorf      		CODE           	6DEA	0000	530
		i2_spiReceive  		CODE           	BF68	0000	8
		i2_labs        		CODE           	AF56	0000	86
		_R1_ILLEGAL_COMMAND		MEDIUMCONST    	0000	0000	0
		i2_read_prec_or_width		CODE           	96CE	0000	202
		i2_spiInit     		CODE           	B3CA	0000	76
		i2_putch       		CODE           	BF3C	0000	10
		i2___fleq      		CODE           	A0EC	0000	170
		i2_I2C_Delay   		CODE           	BF46	0000	10
		_ACMD22        		MEDIUMCONST    	FD36	0000	1
		_ACMD41        		MEDIUMCONST    	0000	0000	0
		_START_BLOCK   		MEDIUMCONST    	0000	0000	0
		_CMD12         		MEDIUMCONST    	0000	0000	0
		_CMD8          		MEDIUMCONST    	0000	0000	0
		i2_LCD_CMD     		CODE           	BDB0	0000	28
		_CMD18         		MEDIUMCONST    	0000	0000	0
		_CMD9          		MEDIUMCONST    	0000	0000	0
		i2_SDA_Low     		CODE           	BEE8	0000	14
		i2_vfprintf    		CODE           	AD30	0000	98
		i2_I2C_ReadFromAddress		CODE           	BF12	0000	12
		i2_xtoa        		CODE           	8138	0000	334
		_CMD0CRC       		MEDIUMCONST    	0000	0000	0
		i2_SCL_High    		CODE           	BF78	0000	8
		i2___flneg     		CODE           	B870	0000	56
		i2_strcpy      		CODE           	B78E	0000	58
		_R1_READY_STATE		MEDIUMCONST    	0000	0000	0
		_CMD13         		MEDIUMCONST    	FD41	0000	1
		_CMD32         		MEDIUMCONST    	0000	0000	0
		i2___awdiv     		CODE           	985E	0000	196
		i2_spiSend     		CODE           	BF32	0000	10
		_CMD38         		MEDIUMCONST    	0000	0000	0
		i2___fladd     		CODE           	45DA	0000	1216
		i2___wmul      		CODE           	BBEC	0000	38
		i2_dtoa        		CODE           	738C	0000	448
		i2___fldiv     		CODE           	5F1E	0000	922
		i2_I2C_WriteToAddress		CODE           	BE2A	0000	22
		i2_I2C_Stop    		CODE           	BC9E	0000	34
		i2___fltol     		CODE           	8B9E	0000	262
		i2_I2C_Start   		CODE           	BD5A	0000	30
		_CMD0          		MEDIUMCONST    	0000	0000	0
		__initialization		CODE           	A23E	0000	156
		_ACMD23        		MEDIUMCONST    	0000	0000	0
		_Font2         		MEDIUMCONST    	FC52	0000	220
		i2___flge      		CODE           	8CA4	0000	260
		_CMD33         		MEDIUMCONST    	0000	0000	0
		i2_SDA_High    		CODE           	BF70	0000	8
		_CMD58         		MEDIUMCONST    	0000	0000	0
		i2___awmod     		CODE           	9EE2	0000	176
		i2_I2C_SendOne 		CODE           	BE56	0000	22
		_CMD1          		MEDIUMCONST    	0000	0000	0
		_CMD24         		MEDIUMCONST    	0000	0000	0
		i2___flmul     		CODE           	5758	0000	1066
		i2___xxtofl    		CODE           	7704	0000	436
		_STOP_TRAN     		MEDIUMCONST    	0000	0000	0
		i2_USART_Asynchronous_WriteByte_Blocking		CODE           	BDE6	0000	24
		i2___fpclassifyf		CODE           	8EA8	0000	254
		i2_I2C_SendZero		CODE           	BE40	0000	22
		i2_initSD      		CODE           	2E82	0000	2070
		i2_I2C_WriteByte		CODE           	B056	0000	84
		_R1_IDLE_STATE 		MEDIUMCONST    	0000	0000	0
		_START_BLOCK_TOKEN		MEDIUMCONST    	0000	0000	0
		i2___flsub     		CODE           	B5CE	0000	70
		_CMD25         		MEDIUMCONST    	0000	0000	0
		i2_efgtoa      		CODE           	1B84	0000	2684
		i2_spiTransfer 		CODE           	B94A	0000	52
		_CMD10         		MEDIUMCONST    	0000	0000	0
		i2_fputc       		CODE           	9B56	0000	186
		i2_fputs       		CODE           	B658	0000	68
		_CMD16         		MEDIUMCONST    	0000	0000	0
		i2_strlen      		CODE           	B2E2	0000	80
		_Font          		MEDIUMCONST    	FB53	0000	255
		i2_SD_ACMD     		CODE           	BA12	0000	48
		i2_memcpy      		CODE           	B292	0000	80
		i2_SD_Command  		CODE           	A4C6	0000	140
		i2_I2C_ReadResult		CODE           	AA3E	0000	114

shared estimated size: 14897

C:\Program Files\Microchip\xc8\v2.46\pic\sources\c99\common\Umul16.c
		___wmul        		CODE           	BB50	0000	40

C:\Program Files\Microchip\xc8\v2.46\pic\sources\c99\common\Umul16.c estimated size: 40

C:\Program Files\Microchip\xc8\v2.46\pic\sources\c99\common\strtof.c
		_strtof        		CODE           	0012	0000	4196

C:\Program Files\Microchip\xc8\v2.46\pic\sources\c99\common\strtof.c estimated size: 4196

C:\Program Files\Microchip\xc8\v2.46\pic\sources\c99\common\nf_fputs.c
		_fputs         		CODE           	B540	0000	72

C:\Program Files\Microchip\xc8\v2.46\pic\sources\c99\common\nf_fputs.c estimated size: 72

ds18b20.c
		_OneWireRelease		CODE           	BF92	0000	6
		_OneWireReadBit		CODE           	BBA0	0000	38
		_OneWireReadByte		CODE           	B416	0000	76
		_OneWireWriteBit		CODE           	B614	0000	68
		_print_temperature		CODE           	7BB8	0000	368
		_OneWireRead   		CODE           	BE6C	0000	20
		_OneWireHigh   		CODE           	BF98	0000	6
		_OneWireTemp   		CODE           	9E30	0000	178
		_OneWireReset  		CODE           	B14E	0000	82
		_OneWireWriteByte		CODE           	B754	0000	58

ds18b20.c estimated size: 900

C:\Program Files\Microchip\xc8\v2.46\pic\sources\c99\common\isdigit.c
		_isdigit       		CODE           	BAFC	0000	44

C:\Program Files\Microchip\xc8\v2.46\pic\sources\c99\common\isdigit.c estimated size: 44

./ssd1306_unbuffered.h
		_ssd1306_command		CODE           	BCE0	0000	32
		_SSD1306_Init  		CODE           	9196	0000	246
		_SSD1306_ClearDisplay		CODE           	AD92	0000	96
		_SSD1306_GotoXY		CODE           	BA42	0000	48
		_SSD1306_PutStretchC		CODE           	6640	0000	804
		_oled_puts     		CODE           	AC66	0000	102

./ssd1306_unbuffered.h estimated size: 1328

C:\Program Files\Microchip\xc8\v2.46\pic\sources\c99\common\sprcadd.c
		___flsub       		CODE           	B4F8	0000	72
		___fladd       		CODE           	4118	0000	1218

C:\Program Files\Microchip\xc8\v2.46\pic\sources\c99\common\sprcadd.c estimated size: 1290

lcd.c
		_LCD_Init      		CODE           	887E	0000	274
		_LCD_Write_4Bit		CODE           	B332	0000	76
		_LCD_Write_Char		CODE           	BD94	0000	28
		_LCD_CMD       		CODE           	BCC0	0000	32
		_LCD_Set_Cursor		CODE           	AFAC	0000	86
		_LCD_Clear     		CODE           	BEA0	0000	16

lcd.c estimated size: 512

C:\Program Files\Microchip\xc8\v2.46\pic\sources\c99\common\memcpy.c
		_memcpy        		CODE           	B0FC	0000	82

C:\Program Files\Microchip\xc8\v2.46\pic\sources\c99\common\memcpy.c estimated size: 82

C:\Program Files\Microchip\xc8\v2.46\pic\sources\c99\common\labs.c
		_labs          		CODE           	AEA8	0000	88

C:\Program Files\Microchip\xc8\v2.46\pic\sources\c99\common\labs.c estimated size: 88

C:\Program Files\Microchip\xc8\v2.46\pic\sources\c99\common\abs.c
		_abs           		CODE           	B8A8	0000	54

C:\Program Files\Microchip\xc8\v2.46\pic\sources\c99\common\abs.c estimated size: 54

C:\Program Files\Microchip\xc8\v2.46\pic\sources\c99\common\awmod.c
		___awmod       		CODE           	9D7E	0000	178

C:\Program Files\Microchip\xc8\v2.46\pic\sources\c99\common\awmod.c estimated size: 178

mcal_interrupt_manager.c
		_InterruptManager		CODE           	0008	0000	252

mcal_interrupt_manager.c estimated size: 252

main.c
		_USART_OverrunDefaultErrorHandler		CODE           	BF86	0000	6
		_timer1_timer_init		CODE           	B9B2	0000	48
		_putch         		CODE           	BEB0	0000	14
		_main          		CODE           	BA72	0000	46
		_Timer1_DefaultInterruptHandler		CODE           	8286	0000	320
		_USART_RxDefaultInterruptHandler		CODE           	83C6	0000	318
		_execute_rx_command		CODE           	8504	0000	316
		_usart_module_init		CODE           	B1F2	0000	80
		_USART_FramingDefaultErrorHandler		CODE           	BF28	0000	10
		_USART_TxDefaultInterruptHandler		CODE           	BE90	0000	16

main.c estimated size: 1174

RTC.c
		_DisplayDateOnLCD		CODE           	7A3E	0000	378
		_DisplayTimeToLCD		CODE           	78B8	0000	390
		_Get_DS1307_RTC_Date		CODE           	AB90	0000	108
		_Read_Bytes_From_DS1307_RTC		CODE           	B1A0	0000	82
		_Get_DS1307_RTC_Time		CODE           	9C10	0000	184

RTC.c estimated size: 1142

C:\Program Files\Microchip\xc8\v2.46\pic\sources\c99\common\Umul32.c
		___lmul        		CODE           	ABFC	0000	106

C:\Program Files\Microchip\xc8\v2.46\pic\sources\c99\common\Umul32.c estimated size: 106

led.c
		_led_set_mode  		CODE           	AAB0	0000	114

led.c estimated size: 114

C:\Program Files\Microchip\xc8\v2.46\pic\sources\c99\common\flge.c
		___flge        		CODE           	8A98	0000	262

C:\Program Files\Microchip\xc8\v2.46\pic\sources\c99\common\flge.c estimated size: 262

