Microchip MPLAB XC8 Compiler V2.46

Linker command line:

-W-3 \
  --edf=C:\Program Files\Microchip\xc8\v2.46\pic\dat\20240104201356_en.msgs \
  -cn -h+dist/default/production\Projet_pic18.X.production.sym \
  --cmf=dist/default/production\Projet_pic18.X.production.cmf -z -Q18F4620 \
  -oC:\Users\natha\AppData\Local\Temp\xcAseec.\driver_tmp_3.o \
  --defsym=__MPLAB_BUILD=1 --fixupoverflow=error \
  -Mdist/default/production/Projet_pic18.X.production.map \
  --md=C:\Users\natha\AppData\Local\Temp\xcAseec.\driver_tmp_0.dat -E1 \
  -ver=XC8 Compiler --acfsm=1493 -ACODE=00h-0FFFFh -ACONST=00h-0FFFFh \
  -ASMALLCONST=01000h-010FFhx240 -AMEDIUMCONST=01000h-0FFFFh \
  -ACOMRAM=01h-07Fh -AABS1=00h-0F7Fh -ABIGRAM=01h-0F7Fh \
  -ARAM=080h-0FFh,0100h-01FFhx14,0F00h-0F7Fh -ABANK0=080h-0FFh \
  -ABANK1=0100h-01FFh -ABANK2=0200h-02FFh -ABANK3=0300h-03FFh \
  -ABANK4=0400h-04FFh -ABANK5=0500h-05FFh -ABANK6=0600h-06FFh \
  -ABANK7=0700h-07FFh -ABANK8=0800h-08FFh -ABANK9=0900h-09FFh \
  -ABANK10=0A00h-0AFFh -ABANK11=0B00h-0BFFh -ABANK12=0C00h-0CFFh \
  -ABANK13=0D00h-0DFFh -ABANK14=0E00h-0EFFh -ABANK15=0F00h-0F7Fh \
  -ASFR=0F80h-0FFFh -ABIGSFR=0F80h-0FFFh -ACONFIG=0300000h-030000Dh \
  -AIDLOC=0200000h-0200007h -AEEDATA=0F00000h-0F003FFh -peeprom_data=EEDATA \
  -preset_vec=00h,intcode=8h,intcodelo,powerup,init -pramtop=01000h \
  -psmallconst=SMALLCONST -pmediumconst=MEDIUMCONST -pconst=CONST \
  -AFARRAM=00h-00h \
  -prdata=COMRAM,nvrram=COMRAM,nvbit=COMRAM,rbss=COMRAM,rbit=COMRAM \
  -pfarbss=FARRAM,fardata=FARRAM,nvFARRAM=FARRAM \
  -pintsave_regs=BIGRAM,bigbss=BIGRAM,bigdata=BIGRAM -pbss=RAM \
  -pidata=CODE,irdata=CODE,ibigdata=CODE,ifardata=CODE -prparam=COMRAM \
  C:\Users\natha\AppData\Local\Temp\xcAseec.\driver_tmp_14.o \
  dist/default/production\Projet_pic18.X.production.o 

Object code version is 3.11

Machine type is 18F4620



                Name                               Link     Load   Length Selector   Space Scale
C:\Users\natha\AppData\Local\Temp\xcAseec.\driver_tmp_14.o
                config                           300000   300000        E        0       4
                init                                  E        E        4        4       0
                reset_vec                             0        0        4        0       0
dist/default/production\Projet_pic18.X.production.o
                intcode                               8        8        6        4       0
                config                           300000   300000        E        0       4
                temp                                 7E       7E        1        1       1
                mediumconst                        FB52     FB52      4AE     7DA9       0
                text192                            B634     B634        E        4       0
                text191                            B676     B676        A        4       0
                text190                            B6A8     B6A8        8        4       0
                text189                            B626     B626        E        4       0
                text188                            B6A0     B6A0        8        4       0
                text187                            B618     B618        E        4       0
                text186                            B48A     B48A       1E        4       0
                text185                            B3CE     B3CE       22        4       0
                text184                            B586     B586       16        4       0
                text183                            B570     B570       16        4       0
                text182                            A800     A800       54        4       0
                text181                            B55A     B55A       16        4       0
                text180                            AC0E     AC0E       4A        4       0
                text179                            B4E0     B4E0       1C        4       0
                text178                            A756     A756       56        4       0
                text177                            B4C4     B4C4       1C        4       0
                text176                            9016     9016       C4        4       0
                text175                            969A     969A       B0        4       0
                text174                            720A     720A      17A        4       0
                text173                            B5D0     B5D0       10        4       0
                text172                            7084     7084      186        4       0
                text171                            B46C     B46C       1E        4       0
                text170                            B410     B410       20        4       0
                text169                            A53C     A53C       60        4       0
                text168                            B172     B172       30        4       0
                text167                            894E     894E       F6        4       0
                text166                            B074     B074       36        4       0
                text165                            5E24     5E24      324        4       0
                text164                            A410     A410       66        4       0
                text163                            B0DE     B0DE       34        4       0
                text162                            B516     B516       18        4       0
                text161                            B66C     B66C        A        4       0
                text160                            930E     930E       BA        4       0
                text159                            ADB8     ADB8       44        4       0
                text158                            AA8E     AA8E       50        4       0
                text157                            9254     9254       BA        4       0
                text156                            69A2     69A2      1C0        4       0
                text155                            570E     570E      39A        4       0
                text154                            98A4     98A4       AA        4       0
                text153                            845C     845C      104        4       0
                text152                            4F48     4F48      42A        4       0
                text151                            AFD0     AFD0       38        4       0
                text150                            3DDE     3DDE      4C0        4       0
                text149                            AD2E     AD2E       46        4       0
                text148                            8356     8356      106        4       0
                text147                            8660     8660       FE        4       0
                text146                            65CE     65CE      212        4       0
                text145                            A700     A700       56        4       0
                text144                            AA3E     AA3E       50        4       0
                text143                            AEEE     AEEE       3A        4       0
                text142                            1B8A     1B8A      A7C        4       0
                text141                            B31C     B31C       26        4       0
                text140                            8E86     8E86       CA        4       0
                text139                            77A0     77A0      14E        4       0
                text138                            46E4     46E4      438        4       0
                text137                            A4DA     A4DA       62        4       0
                text136                            875E     875E       FA        4       0
                text135                            6ED0     6ED0      1B4        4       0
                text134                            7384     7384      170        4       0
                text133                            ACE8     ACE8       46        4       0
                text132                            A25A     A25A       72        4       0
                text131                            B1FE     B1FE       2E        4       0
                text130                            A080     A080       7A        4       0
                text129                            A2CC     A2CC       6E        4       0
                text128                            A59C     A59C       5C        4       0
                text127                            B366     B366       24        4       0
                text126                            6D1A     6D1A      1B6        4       0
                text125                            8C0E     8C0E       DE        4       0
                text124                            6148     6148      270        4       0
                text123                            ABC2     ABC2       4C        4       0
                text122                            9E0C     9E0C       84        4       0
                text121                            B0AA     B0AA       34        4       0
                text120                            B698     B698        8        4       0
                text119                            B662     B662        A        4       0
                text118                            9C70     9C70       8C        4       0
                text117                            A006     A006       7A        4       0
                text116                            B342     B342       24        4       0
                text115                            8A44     8A44       EC        4       0
                text114                            974A     974A       AE        4       0
                text113                            78EE     78EE      14C        4       0
                text112                            B642     B642        C        4       0
                text111                            A1E8     A1E8       72        4       0
                text110                            B2F6     B2F6       26        4       0
                text109                            A99C     A99C       52        4       0
                text108                            A33A     A33A       6C        4       0
                text107                            93C8     93C8       B8        4       0
                text106                            B6C8     B6C8        6        4       0
                text105                            B59C     B59C       14        4       0
                text104                            B6C2     B6C2        6        4       0
                text103                            B2D0     B2D0       26        4       0
                text102                            AB76     AB76       4C        4       0
                text101                            A94A     A94A       52        4       0
                text100                            AD74     AD74       44        4       0
                text99                             AEB4     AEB4       3A        4       0
                text98                             95E8     95E8       B2        4       0
                text97                             74F4     74F4      15E        4       0
                text96                             7A3A     7A3A      144        4       0
                text95                             AF98     AF98       38        4       0
                text94                             B2A8     B2A8       28        4       0
                text93                             B658     B658        A        4       0
                text92                             B6BC     B6BC        6        4       0
                text91                             B6B6     B6B6        6        4       0
                text90                             7DF8     7DF8      120        4       0
                text89                             9F8C     9F8C       7A        4       0
                text88                             A172     A172       76        4       0
                text87                             7F18     7F18      11E        4       0
                text86                             9A98     9A98       A0        4       0
                text85                             A0FA     A0FA       78        4       0
                text84                             B44E     B44E       1E        4       0
                text83                             2EAA     2EAA      56A        4       0
                text82                             A3A6     A3A6       6A        4       0
                text81                             B22C     B22C       2C        4       0
                text80                             A6AA     A6AA       56        4       0
                text79                             B3AC     B3AC       22        4       0
                text78                             B1D0     B1D0       2E        4       0
                text77                               12       12     1064        4       0
                text76                             7CBC     7CBC      13C        4       0
                text75                             AF60     AF60       38        4       0
                text74                             AB2A     AB2A       4C        4       0
                text73                             8DBA     8DBA       CC        4       0
                text72                             7B7E     7B7E      13E        4       0
                text71                             9D86     9D86       86        4       0
                text70                             B5C0     B5C0       10        4       0
                text69                             B142     B142       30        4       0
                intcode_body                       8858     8858       F6        4       0
                text67                             B64E     B64E        A        4       0
                text66                             B690     B690        8        4       0
                text65                             B60A     B60A        E        4       0
                text64                             B688     B688        8        4       0
                text63                             B5FC     B5FC        E        4       0
                text62                             B430     B430       1E        4       0
                text61                             B38A     B38A       22        4       0
                text60                             B544     B544       16        4       0
                text59                             B52E     B52E       16        4       0
                text58                             A5F8     A5F8       5A        4       0
                text57                             B4FC     B4FC       1A        4       0
                text56                             AADE     AADE       4C        4       0
                text55                             B3F0     B3F0       20        4       0
                text54                             8036     8036      112        4       0
                text53                             B5B0     B5B0       10        4       0
                text52                             9F10     9F10       7C        4       0
                text51                             ADFC     ADFC       42        4       0
                text50                             9CFC     9CFC       8A        4       0
                text49                             AF28     AF28       38        4       0
                text48                             B680     B680        8        4       0
                text47                             B5EE     B5EE        E        4       0
                text46                             9B38     9B38       9E        4       0
                text45                             B03E     B03E       36        4       0
                text44                             5372     5372      39C        4       0
                text43                             4B1C     4B1C      42C        4       0
                text42                             8148     8148      108        4       0
                text41                             6B62     6B62      1B8        4       0
                text40                             A9EE     A9EE       50        4       0
                text39                             2606     2606      8A4        4       0
                text38                             8F50     8F50       C6        4       0
                text37                             9536     9536       B2        4       0
                text36                             B008     B008       36        4       0
                text35                             B4A8     B4A8       1C        4       0
                text34                             B5E0     B5E0        E        4       0
                text33                             9198     9198       BC        4       0
                text32                             ACA0     ACA0       48        4       0
                text31                             A7AC     A7AC       54        4       0
                text30                             90DA     90DA       BE        4       0
                text29                             67E0     67E0      1C2        4       0
                text28                             97F8     97F8       AC        4       0
                text27                             8250     8250      106        4       0
                text26                             AE7A     AE7A       3A        4       0
                text25                             391C     391C      4C2        4       0
                text24                             AC58     AC58       48        4       0
                text23                             8560     8560      100        4       0
                text22                             63B8     63B8      216        4       0
                text21                             A652     A652       58        4       0
                text20                             A8F8     A8F8       52        4       0
                text19                             AE3E     AE3E       3C        4       0
                text18                             1076     1076      B14        4       0
                text17                             B280     B280       28        4       0
                text16                             8CEC     8CEC       CE        4       0
                text15                             7652     7652      14E        4       0
                text14                             429E     429E      446        4       0
                text13                             A476     A476       64        4       0
                text12                             B258     B258       28        4       0
                text11                             5AA8     5AA8      37C        4       0
                text10                             9BD6     9BD6       9A        4       0
                text9                              B6D2     B6D2        4        4       0
                text8                              9E90     9E90       80        4       0
                text7                              99F4     99F4       A4        4       0
                text6                              B112     B112       30        4       0
                text5                              8B30     8B30       DE        4       0
                text4                              9480     9480       B6        4       0
                text3                              3414     3414      508        4       0
                text2                              A8A6     A8A6       52        4       0
                text1                              A854     A854       52        4       0
                text0                              B1A2     B1A2       2E        4       0
                cstackCOMRAM                          1        1       7D        1       1
                cstackBANK0                          80       80       79       80       1
                cstackBANK1                         100      100       86      100       1
                cstackBANK2                         2D2      2D2       28      200       1
                cstackBANK3                         374      374       39      300       1
                bssBIGRAM                           3AD      3AD      400      3AD       1
                bssBANK3                            300      300       74      300       1
                dataBANK2                           2FA      2FA        6      200       1
                bssBANK2                            200      200       D2      200       1
                dataBANK1                           1BC      1BC        4      100       1
                bssBANK1                            186      186       36      100       1
                dataBANK0                            FE       FE        2       80       1
                bssBANK0                             F9       F9        5       80       1
                cinit                              994E     994E       A6        4       0
                idataBANK2                         B6B0     B6B0        6        4       0
                idataBANK1                         B6CE     B6CE        4        4       0
                idataBANK0                         B6D6     B6D6        2        4       0

TOTAL           Name                               Link     Load   Length     Space
        CLASS   CODE           
                intcode                               8        8        6         0
                init                                  E        E        4         0
                reset_vec                             0        0        4         0
                text192                            B634     B634        E         0
                text191                            B676     B676        A         0
                text190                            B6A8     B6A8        8         0
                text189                            B626     B626        E         0
                text188                            B6A0     B6A0        8         0
                text187                            B618     B618        E         0
                text186                            B48A     B48A       1E         0
                text185                            B3CE     B3CE       22         0
                text184                            B586     B586       16         0
                text183                            B570     B570       16         0
                text182                            A800     A800       54         0
                text181                            B55A     B55A       16         0
                text180                            AC0E     AC0E       4A         0
                text179                            B4E0     B4E0       1C         0
                text178                            A756     A756       56         0
                text177                            B4C4     B4C4       1C         0
                text176                            9016     9016       C4         0
                text175                            969A     969A       B0         0
                text174                            720A     720A      17A         0
                text173                            B5D0     B5D0       10         0
                text172                            7084     7084      186         0
                text171                            B46C     B46C       1E         0
                text170                            B410     B410       20         0
                text169                            A53C     A53C       60         0
                text168                            B172     B172       30         0
                text167                            894E     894E       F6         0
                text166                            B074     B074       36         0
                text165                            5E24     5E24      324         0
                text164                            A410     A410       66         0
                text163                            B0DE     B0DE       34         0
                text162                            B516     B516       18         0
                text161                            B66C     B66C        A         0
                text160                            930E     930E       BA         0
                text159                            ADB8     ADB8       44         0
                text158                            AA8E     AA8E       50         0
                text157                            9254     9254       BA         0
                text156                            69A2     69A2      1C0         0
                text155                            570E     570E      39A         0
                text154                            98A4     98A4       AA         0
                text153                            845C     845C      104         0
                text152                            4F48     4F48      42A         0
                text151                            AFD0     AFD0       38         0
                text150                            3DDE     3DDE      4C0         0
                text149                            AD2E     AD2E       46         0
                text148                            8356     8356      106         0
                text147                            8660     8660       FE         0
                text146                            65CE     65CE      212         0
                text145                            A700     A700       56         0
                text144                            AA3E     AA3E       50         0
                text143                            AEEE     AEEE       3A         0
                text142                            1B8A     1B8A      A7C         0
                text141                            B31C     B31C       26         0
                text140                            8E86     8E86       CA         0
                text139                            77A0     77A0      14E         0
                text138                            46E4     46E4      438         0
                text137                            A4DA     A4DA       62         0
                text136                            875E     875E       FA         0
                text135                            6ED0     6ED0      1B4         0
                text134                            7384     7384      170         0
                text133                            ACE8     ACE8       46         0
                text132                            A25A     A25A       72         0
                text131                            B1FE     B1FE       2E         0
                text130                            A080     A080       7A         0
                text129                            A2CC     A2CC       6E         0
                text128                            A59C     A59C       5C         0
                text127                            B366     B366       24         0
                text126                            6D1A     6D1A      1B6         0
                text125                            8C0E     8C0E       DE         0
                text124                            6148     6148      270         0
                text123                            ABC2     ABC2       4C         0
                text122                            9E0C     9E0C       84         0
                text121                            B0AA     B0AA       34         0
                text120                            B698     B698        8         0
                text119                            B662     B662        A         0
                text118                            9C70     9C70       8C         0
                text117                            A006     A006       7A         0
                text116                            B342     B342       24         0
                text115                            8A44     8A44       EC         0
                text114                            974A     974A       AE         0
                text113                            78EE     78EE      14C         0
                text112                            B642     B642        C         0
                text111                            A1E8     A1E8       72         0
                text110                            B2F6     B2F6       26         0
                text109                            A99C     A99C       52         0
                text108                            A33A     A33A       6C         0
                text107                            93C8     93C8       B8         0
                text106                            B6C8     B6C8        6         0
                text105                            B59C     B59C       14         0
                text104                            B6C2     B6C2        6         0
                text103                            B2D0     B2D0       26         0
                text102                            AB76     AB76       4C         0
                text101                            A94A     A94A       52         0
                text100                            AD74     AD74       44         0
                text99                             AEB4     AEB4       3A         0
                text98                             95E8     95E8       B2         0
                text97                             74F4     74F4      15E         0
                text96                             7A3A     7A3A      144         0
                text95                             AF98     AF98       38         0
                text94                             B2A8     B2A8       28         0
                text93                             B658     B658        A         0
                text92                             B6BC     B6BC        6         0
                text91                             B6B6     B6B6        6         0
                text90                             7DF8     7DF8      120         0
                text89                             9F8C     9F8C       7A         0
                text88                             A172     A172       76         0
                text87                             7F18     7F18      11E         0
                text86                             9A98     9A98       A0         0
                text85                             A0FA     A0FA       78         0
                text84                             B44E     B44E       1E         0
                text83                             2EAA     2EAA      56A         0
                text82                             A3A6     A3A6       6A         0
                text81                             B22C     B22C       2C         0
                text80                             A6AA     A6AA       56         0
                text79                             B3AC     B3AC       22         0
                text78                             B1D0     B1D0       2E         0
                text77                               12       12     1064         0
                text76                             7CBC     7CBC      13C         0
                text75                             AF60     AF60       38         0
                text74                             AB2A     AB2A       4C         0
                text73                             8DBA     8DBA       CC         0
                text72                             7B7E     7B7E      13E         0
                text71                             9D86     9D86       86         0
                text70                             B5C0     B5C0       10         0
                text69                             B142     B142       30         0
                intcode_body                       8858     8858       F6         0
                text67                             B64E     B64E        A         0
                text66                             B690     B690        8         0
                text65                             B60A     B60A        E         0
                text64                             B688     B688        8         0
                text63                             B5FC     B5FC        E         0
                text62                             B430     B430       1E         0
                text61                             B38A     B38A       22         0
                text60                             B544     B544       16         0
                text59                             B52E     B52E       16         0
                text58                             A5F8     A5F8       5A         0
                text57                             B4FC     B4FC       1A         0
                text56                             AADE     AADE       4C         0
                text55                             B3F0     B3F0       20         0
                text54                             8036     8036      112         0
                text53                             B5B0     B5B0       10         0
                text52                             9F10     9F10       7C         0
                text51                             ADFC     ADFC       42         0
                text50                             9CFC     9CFC       8A         0
                text49                             AF28     AF28       38         0
                text48                             B680     B680        8         0
                text47                             B5EE     B5EE        E         0
                text46                             9B38     9B38       9E         0
                text45                             B03E     B03E       36         0
                text44                             5372     5372      39C         0
                text43                             4B1C     4B1C      42C         0
                text42                             8148     8148      108         0
                text41                             6B62     6B62      1B8         0
                text40                             A9EE     A9EE       50         0
                text39                             2606     2606      8A4         0
                text38                             8F50     8F50       C6         0
                text37                             9536     9536       B2         0
                text36                             B008     B008       36         0
                text35                             B4A8     B4A8       1C         0
                text34                             B5E0     B5E0        E         0
                text33                             9198     9198       BC         0
                text32                             ACA0     ACA0       48         0
                text31                             A7AC     A7AC       54         0
                text30                             90DA     90DA       BE         0
                text29                             67E0     67E0      1C2         0
                text28                             97F8     97F8       AC         0
                text27                             8250     8250      106         0
                text26                             AE7A     AE7A       3A         0
                text25                             391C     391C      4C2         0
                text24                             AC58     AC58       48         0
                text23                             8560     8560      100         0
                text22                             63B8     63B8      216         0
                text21                             A652     A652       58         0
                text20                             A8F8     A8F8       52         0
                text19                             AE3E     AE3E       3C         0
                text18                             1076     1076      B14         0
                text17                             B280     B280       28         0
                text16                             8CEC     8CEC       CE         0
                text15                             7652     7652      14E         0
                text14                             429E     429E      446         0
                text13                             A476     A476       64         0
                text12                             B258     B258       28         0
                text11                             5AA8     5AA8      37C         0
                text10                             9BD6     9BD6       9A         0
                text9                              B6D2     B6D2        4         0
                text8                              9E90     9E90       80         0
                text7                              99F4     99F4       A4         0
                text6                              B112     B112       30         0
                text5                              8B30     8B30       DE         0
                text4                              9480     9480       B6         0
                text3                              3414     3414      508         0
                text2                              A8A6     A8A6       52         0
                text1                              A854     A854       52         0
                text0                              B1A2     B1A2       2E         0
                cinit                              994E     994E       A6         0
                idataBANK2                         B6B0     B6B0        6         0
                idataBANK1                         B6CE     B6CE        4         0
                idataBANK0                         B6D6     B6D6        2         0

        CLASS   CONST          

        CLASS   SMALLCONST     

        CLASS   MEDIUMCONST    
                mediumconst                        FB52     FB52      4AE         0

        CLASS   COMRAM         
                temp                                 7E       7E        1         1
                cstackCOMRAM                          1        1       7D         1

        CLASS   ABS1           

        CLASS   BIGRAM         
                bssBIGRAM                           3AD      3AD      400         1

        CLASS   RAM            

        CLASS   BANK0          
                cstackBANK0                          80       80       79         1
                dataBANK0                            FE       FE        2         1
                bssBANK0                             F9       F9        5         1

        CLASS   BANK1          
                cstackBANK1                         100      100       86         1
                dataBANK1                           1BC      1BC        4         1
                bssBANK1                            186      186       36         1

        CLASS   BANK2          
                cstackBANK2                         2D2      2D2       28         1
                dataBANK2                           2FA      2FA        6         1
                bssBANK2                            200      200       D2         1

        CLASS   BANK3          
                cstackBANK3                         374      374       39         1
                bssBANK3                            300      300       74         1

        CLASS   BANK4          

        CLASS   BANK5          

        CLASS   BANK6          

        CLASS   BANK7          

        CLASS   BANK8          

        CLASS   BANK9          

        CLASS   BANK10         

        CLASS   BANK11         

        CLASS   BANK12         

        CLASS   BANK13         

        CLASS   BANK14         

        CLASS   BANK15         

        CLASS   SFR            

        CLASS   BIGSFR         

        CLASS   CONFIG         
                config                           300000   300000        E         4

        CLASS   IDLOC          

        CLASS   EEDATA         

        CLASS   FARRAM         

        CLASS   HEAP           

        CLASS   STACK          



SEGMENTS        Name                           Load    Length   Top    Selector   Space  Class

                reset_vec                      000000  000004  000004         0       0  CODE    
                cstackCOMRAM                   000001  00007E  00007F         1       1  COMRAM  
                intcode                        000008  00B6D0  00B6D8         4       0  CODE    
                cstackBANK0                    000080  000080  000100        80       1  BANK0   
                cstackBANK1                    000100  0000C0  0001C0       100       1  BANK1   
                bssBANK2                       000200  000100  000300       200       1  BANK2   
                bssBANK3                       000300  0000AD  0003AD       300       1  BANK3   
                bssBIGRAM                      0003AD  000400  0007AD       3AD       1  BIGRAM  
                mediumconst                    00FB52  0004AE  010000      7DA9       0  MEDIUMCO


UNUSED ADDRESS RANGES

        Name                Unused          Largest block    Delta
        BANK1            0001C0-0001FF               40
        BANK10           000A00-000AFF              100
        BANK11           000B00-000BFF              100
        BANK12           000C00-000CFF              100
        BANK13           000D00-000DFF              100
        BANK14           000E00-000EFF              100
        BANK15           000F00-000F7F               80
        BANK7            0007AD-0007FF               53
        BANK8            000800-0008FF              100
        BANK9            000900-0009FF              100
        BIGRAM           00007F-00007F                1
                         0001C0-0001FF               40
                         0007AD-000F7F              7D3
        BIGSFR           000F80-000FFF               80
        CODE             000004-000007                4
                         00B6D8-00FB51             447A
        COMRAM           00007F-00007F                1
        CONST            000004-000007                4
                         00B6D8-00FB51             447A
        EEDATA           F00000-F003FF              400
        IDLOC            200000-200007                8
        MEDIUMCONST      00B6D8-00FB51             447A
        RAM              0001C0-0001FF               40
                         0007AD-000F7F              100
        SFR              000F80-000FFF               80
        SMALLCONST       00B6D8-00FB51              100

                                  Symbol Table

?_Get_DS1307_RTC_Date                                 cstackCOMRAM 000010
?_Get_DS1307_RTC_Time                                 cstackCOMRAM 000010
?_OneWireTemp                                         cstackCOMRAM 000028
?___awdiv                                             cstackBANK1  000140
?___awmod                                             cstackBANK1  000140
?___fladd                                             cstackBANK1  000167
?___fldiv                                             cstackBANK1  00014E
?___flmul                                             cstackBANK1  00014E
?___flneg                                             cstackBANK1  000140
?___flsub                                             cstackBANK1  000177
?___fltol                                             cstackBANK1  000167
?___fpclassifyf                                       cstackBANK1  000140
?___lmul                                              cstackCOMRAM 000001
?___wmul                                              cstackBANK1  000140
?___xxtofl                                            cstackBANK1  000140
?_abs                                                 cstackBANK1  000146
?_atoi                                                cstackCOMRAM 000007
?_dtoa                                                cstackBANK1  00015B
?_efgtoa                                              cstackBANK1  00017F
?_floorf                                              cstackBANK1  000167
?_isdigit                                             cstackCOMRAM 000001
?_isxdigit                                            cstackCOMRAM 000001
?_labs                                                cstackBANK1  000140
?_nanf                                                cstackCOMRAM 000001
?_pad                                                 cstackBANK1  000152
?_printf                                              cstackBANK2  0002EC
?_read_prec_or_width                                  cstackBANK1  000146
?_snprintf                                            cstackBANK0  0000B4
?_strchr                                              cstackCOMRAM 000001
?_strlen                                              cstackBANK1  000140
?_strncmp                                             cstackCOMRAM 000005
?_strtof                                              cstackCOMRAM 000065
?_toupper                                             cstackCOMRAM 000001
?_vfpfcnvrt                                           cstackBANK2  0002D4
?_vfprintf                                            cstackBANK2  0002E4
?_xtoa                                                cstackBANK1  00015B
?i2___awdiv                                           cstackCOMRAM 000001
?i2___awmod                                           cstackCOMRAM 000001
?i2___fladd                                           cstackCOMRAM 000028
?i2___fldiv                                           cstackCOMRAM 00000F
?i2___flmul                                           cstackCOMRAM 000040
?i2___flneg                                           cstackCOMRAM 000001
?i2___flsub                                           cstackCOMRAM 000038
?i2___fltol                                           cstackCOMRAM 000059
?i2___fpclassifyf                                     cstackCOMRAM 000001
?i2___wmul                                            cstackCOMRAM 000001
?i2___xxtofl                                          cstackCOMRAM 000001
?i2_abs                                               cstackCOMRAM 000007
?i2_dtoa                                              cstackCOMRAM 00001C
?i2_efgtoa                                            cstackCOMRAM 000065
?i2_floorf                                            cstackCOMRAM 000028
?i2_labs                                              cstackCOMRAM 000001
?i2_pad                                               cstackCOMRAM 000013
?i2_printf                                            cstackBANK0  0000B4
?i2_read_prec_or_width                                cstackCOMRAM 000007
?i2_strlen                                            cstackCOMRAM 000001
?i2_vfpfcnvrt                                         cstackCOMRAM 00006E
?i2_vfprintf                                          cstackBANK0  0000AC
?i2_xtoa                                              cstackCOMRAM 00001C
DisplayDateOnLCD@pDate                                cstackCOMRAM 00000B
DisplayDateOnLCD@tens                                 cstackCOMRAM 00000E
DisplayDateOnLCD@units                                cstackCOMRAM 00000F
DisplayTimeToLCD@pTime                                cstackCOMRAM 00000B
DisplayTimeToLCD@tens                                 cstackCOMRAM 00000E
DisplayTimeToLCD@units                                cstackCOMRAM 00000F
Get_DS1307_RTC_Date@Temp                              cstackCOMRAM 00001D
Get_DS1307_RTC_Date@currentDate                       cstackCOMRAM 000019
Get_DS1307_RTC_Date@pRTCArray                         cstackCOMRAM 000015
Get_DS1307_RTC_Time@Temp                              cstackCOMRAM 000018
Get_DS1307_RTC_Time@currentTime                       cstackCOMRAM 000019
Get_DS1307_RTC_Time@pRTCArray                         cstackCOMRAM 000015
I2C_ReadFromAddress@deviceAddress                     cstackBANK1  000144
I2C_ReadRegister@deviceAddress                        cstackCOMRAM 000009
I2C_ReadRegister@registerAddress                      cstackCOMRAM 000007
I2C_ReadRegister@result                               cstackCOMRAM 000008
I2C_ReadResult@readback                               cstackBANK1  000142
I2C_ReadResult@x                                      cstackBANK1  000140
I2C_ReadResult_withAck@readback                       cstackCOMRAM 000003
I2C_ReadResult_withAck@x                              cstackCOMRAM 000001
I2C_WriteByte@temp                                    cstackBANK1  000143
I2C_WriteByte@theByte                                 cstackBANK1  000140
I2C_WriteByte@x                                       cstackBANK1  000141
I2C_WriteToAddress@deviceAddress                      cstackBANK1  000144
I2C_WriteToAddress@temp                               cstackBANK1  000145
LCD_CMD@CMD                                           cstackBANK1  000147
LCD_Init@I2C_Add                                      cstackBANK1  00014A
LCD_Set_Cursor@COL                                    cstackCOMRAM 000009
LCD_Set_Cursor@ROW                                    cstackCOMRAM 00000A
LCD_Write_4Bit@Nibble                                 cstackBANK1  000146
LCD_Write_Char@Data                                   cstackCOMRAM 000008
OneWireReadBit@out                                    cstackCOMRAM 000001
OneWireReadByte@i                                     cstackCOMRAM 000003
OneWireReadByte@out                                   cstackCOMRAM 000005
OneWireTemp@LSB                                       cstackCOMRAM 000034
OneWireTemp@MSB                                       cstackCOMRAM 000035
OneWireTemp@data                                      cstackCOMRAM 000032
OneWireTemp@temperature                               cstackCOMRAM 00002E
OneWireWriteBit@b                                     cstackCOMRAM 000001
OneWireWriteByte@b                                    cstackCOMRAM 000004
OneWireWriteByte@i                                    cstackCOMRAM 000002
Read_Bytes_From_DS1307_RTC@Address                    cstackCOMRAM 00000D
Read_Bytes_From_DS1307_RTC@NoOfBytes                  cstackCOMRAM 00000B
Read_Bytes_From_DS1307_RTC@i                          cstackCOMRAM 00000E
Read_Bytes_From_DS1307_RTC@pData                      cstackCOMRAM 00000A
SD_ACMD@arg                                           cstackBANK1  00014A
SD_ACMD@cmd                                           cstackBANK1  00014E
SD_Command@arg                                        cstackBANK1  000143
SD_Command@cmd                                        cstackBANK1  000148
SD_Command@n                                          cstackBANK1  000147
SD_Command@response                                   cstackBANK1  000149
SD_EraseBlocks@firstBlock                             cstackCOMRAM 00000B
SD_EraseBlocks@lastBlock                              cstackCOMRAM 00000F
SD_MBR_Receive@bufReceive                             cstackCOMRAM 000004
SD_MBR_Receive@i                                      cstackCOMRAM 000006
SD_MBR_Start@response                                 cstackCOMRAM 000010
SD_MBR_Start@startBlock                               cstackCOMRAM 00000B
SD_SendDummyBytes@n                                   cstackCOMRAM 000005
SD_SendDummyBytes@numBytes                            cstackCOMRAM 000004
SD_SingleBlockWrite@arr                               cstackCOMRAM 00000F
SD_SingleBlockWrite@block                             cstackCOMRAM 00000B
SD_SingleBlockWrite@i                                 cstackCOMRAM 000013
SD_SingleBlockWrite@response                          cstackCOMRAM 000012
SSD1306_ClearDisplay@i                                cstackCOMRAM 000008
SSD1306_GotoXY@x                                      cstackCOMRAM 000002
SSD1306_GotoXY@y                                      cstackCOMRAM 000001
SSD1306_Init@i2caddr                                  cstackCOMRAM 000008
SSD1306_Init@vccstate                                 cstackCOMRAM 000009
SSD1306_PutStretchC@F3524                             bssBANK2     00025F
SSD1306_PutStretchC@b                                 cstackCOMRAM 00000F
SSD1306_PutStretchC@bn                                cstackCOMRAM 000014
SSD1306_PutStretchC@bn_1371                           cstackCOMRAM 000019
SSD1306_PutStretchC@c                                 cstackCOMRAM 00001C
SSD1306_PutStretchC@font_c                            cstackCOMRAM 000017
SSD1306_PutStretchC@i                                 cstackCOMRAM 000015
SSD1306_PutStretchC@i_1362                            cstackCOMRAM 00001B
SSD1306_PutStretchC@i_1366                            cstackCOMRAM 00001D
SSD1306_PutStretchC@i_1370                            cstackCOMRAM 000016
SSD1306_PutStretchC@offs                              cstackCOMRAM 000018
SSD1306_PutStretchC@p                                 cstackCOMRAM 00001A
SSD1306_PutStretchC@pos                               cstackCOMRAM 000013
SSD1306_PutStretchC@size_mult                         cstackCOMRAM 000009
Timer1_DefaultInterruptHandler@cpt_ms_buzzer          bssBANK1     0001AA
Timer1_DefaultInterruptHandler@cpt_ms_lcd             bssBANK1     0001AE
Timer1_DefaultInterruptHandler@cpt_ms_oled            bssBANK1     0001AC
Timer1_DefaultInterruptHandler@cpt_ms_sd              bssBANK2     000263
Timer1_DefaultInterruptHandler@cpt_ms_temp_management bssBANK0     0000FB
Timer1_Init@_timer                                    cstackBANK1  000142
Timer1_Mode_Selection@_timer                          cstackBANK1  000140
USART_ASYNCRONOUS_RX_Init@_usart                      cstackBANK1  000140
USART_ASYNCRONOUS_TX_Init@_usart                      cstackBANK1  000140
USART_Asynchronous_Initialize@_usart                  cstackBANK1  000183
USART_Asynchronous_Initialize@ret                     cstackBANK1  000185
USART_Asynchronous_ReadByte_NonBlocking@_data         cstackCOMRAM 000001
USART_Asynchronous_ReadByte_NonBlocking@ret           cstackCOMRAM 000002
USART_Asynchronous_WriteByte_Blocking@_data           cstackBANK1  000140
USART_Baud_Rate_Calculation@Baud_Rate_Temp_Value      cstackBANK1  00017B
USART_Baud_Rate_Calculation@_usart                    cstackBANK1  000177
USART_FramingDefaultErrorHandler@_data_               cstackCOMRAM 000003
USART_RxDefaultInterruptHandler@i                     cstackBANK1  000130
_ACMD22                                               mediumconst  00FD36
_BAUDCONbits                                          (abs)        000FB8
_BackLight_State                                      dataBANK1    0001BF
_CCP1CON                                              (abs)        000FBD
_CCPR1L                                               (abs)        000FBE
_CMD13                                                mediumconst  00FD41
_DisplayDateOnLCD                                     text174      00720A
_DisplayTimeToLCD                                     text172      007084
_Font                                                 mediumconst  00FB53
_Font2                                                mediumconst  00FC52
_Get_DS1307_RTC_Date                                  text108      00A33A
_Get_DS1307_RTC_Time                                  text107      0093C8
_I2C_Delay                                            text67       00B64E
_I2C_ReadFromAddress                                  text53       00B5B0
_I2C_ReadRegister                                     text110      00B2F6
_I2C_ReadResult                                       text52       009F10
_I2C_ReadResult_withAck                               text89       009F8C
_I2C_SendOne                                          text60       00B544
_I2C_SendZero                                         text59       00B52E
_I2C_Start                                            text62       00B430
_I2C_Stop                                             text61       00B38A
_I2C_WriteByte                                        text58       00A5F8
_I2C_WriteToAddress                                   text57       00B4FC
_INTCONbits                                           (abs)        000FF2
_InterruptManager                                     intcode      000008
_LATAbits                                             (abs)        000F89
_LATEbits                                             (abs)        000F8D
_LCD_CMD                                              text55       00B3F0
_LCD_Clear                                            text173      00B5D0
_LCD_Init                                             text54       008036
_LCD_Set_Cursor                                       text178      00A756
_LCD_Write_4Bit                                       text56       00AADE
_LCD_Write_Char                                       text177      00B4C4
_OSCCON                                               (abs)        000FD3
_OSCCONbits                                           (abs)        000FD3
_OSCTUNE                                              (abs)        000F9B
_OneWireHigh                                          text106      00B6C8
_OneWireRead                                          text105      00B59C
_OneWireReadBit                                       text103      00B2D0
_OneWireReadByte                                      text102      00AB76
_OneWireRelease                                       text104      00B6C2
_OneWireReset                                         text101      00A94A
_OneWireTemp                                          text98       0095E8
_OneWireWriteBit                                      text100      00AD74
_OneWireWriteByte                                     text99       00AEB4
_PIE1bits                                             (abs)        000F9D
_PIR1bits                                             (abs)        000F9E
_PORTA                                                (abs)        000F80
_PORTCbits                                            (abs)        000F82
_PORTD                                                (abs)        000F83
_PORTDbits                                            (abs)        000F83
_PORTE                                                (abs)        000F84
_PR2                                                  (abs)        000FCB
_RCREG                                                (abs)        000FAE
_RCSTAbits                                            (abs)        000FAB
_RS                                                   bssBANK1     0001B6
_Read_Bytes_From_DS1307_RTC                           text109      00A99C
_SCL_High                                             text66       00B690
_SCL_Low                                              text65       00B60A
_SDA_High                                             text64       00B688
_SDA_Low                                              text63       00B5FC
_SDCard                                               bssBANK2     000200
_SD_ACMD                                              text45       00B03E
_SD_Command                                           text46       009B38
_SD_EraseBlocks                                       text117      00A006
_SD_MBR_Receive                                       text86       009A98
_SD_MBR_Start                                         text85       00A0FA
_SD_MBR_Stop                                          text84       00B44E
_SD_SendDummyBytes                                    text116      00B342
_SD_SingleBlockWrite                                  text115      008A44
_SDreadBuffer                                         bssBIGRAM    0003AD
_SDwriteBuffer                                        bssBIGRAM    0005AD
_SPBRG                                                (abs)        000FAF
_SPBRGH                                               (abs)        000FB0
_SSD1306_ClearDisplay                                 text169      00A53C
_SSD1306_GotoXY                                       text168      00B172
_SSD1306_Init                                         text167      00894E
_SSD1306_PutStretchC                                  text165      005E24
_SSPBUF                                               (abs)        000FC9
_SSPCON1                                              (abs)        000FC6
_SSPCON1bits                                          (abs)        000FC6
_SSPIF                                                (abs)        007CF3
_SSPSTAT                                              (abs)        000FC7
_SSPSTATbits                                          (abs)        000FC7
_T0CONbits                                            (abs)        000FD5
_T1CONbits                                            (abs)        000FCD
_T2CON                                                (abs)        000FCA
_T2CONbits                                            (abs)        000FCA
_TMR0H                                                (abs)        000FD7
_TMR0L                                                (abs)        000FD6
_TMR0_ISR                                             text192      00B634
_TMR0_InterruptHandler                                bssBANK1     00019E
_TMR1H                                                (abs)        000FCF
_TMR1L                                                (abs)        000FCE
_TMR1_ISR                                             text95       00AF98
_TMR1_InterruptHandler                                bssBANK1     00019A
_TMR2                                                 (abs)        000FCC
_TRISA                                                (abs)        000F92
_TRISAbits                                            (abs)        000F92
_TRISCbits                                            (abs)        000F94
_TRISD                                                (abs)        000F95
_TRISDbits                                            (abs)        000F95
_TRISEbits                                            (abs)        000F96
_TXREG                                                (abs)        000FAD
_TXSTAbits                                            (abs)        000FAC
_Temp                                                 bssBANK1     0001B7
_Timer1_DefaultInterruptHandler                       text96       007A3A
_Timer1_Init                                          text7        0099F4
_Timer1_Mode_Selection                                text8        009E90
_USART_ASYNCRONOUS_RX_Init                            text5        008B30
_USART_ASYNCRONOUS_TX_Init                            text4        009480
_USART_Asynchronous_Initialize                        text2        00A8A6
_USART_Asynchronous_ReadByte_NonBlocking              text94       00B2A8
_USART_Asynchronous_Restart_RX                        text92       00B6BC
_USART_Asynchronous_WriteByte_Blocking                text35       00B4A8
_USART_Baud_Rate_Calculation                          text3        003414
_USART_Baud_Rate_Calculation$4329                     cstackBANK1  00017F
_USART_FramingDefaultErrorHandler                     text93       00B658
_USART_FramingErrorHandler                            bssBANK1     0001A4
_USART_OverrunDefaultErrorHandler                     text91       00B6B6
_USART_OverrunErrorHandler                            bssBANK1     0001A2
_USART_RX_ISR                                         text71       009D86
_USART_RxDefaultInterruptHandler                      text72       007B7E
_USART_RxDefaultInterruptHandler@hal_usart$F947       bssBANK1     0001A6
_USART_TX_ISR                                         text69       00B142
_USART_TxDefaultInterruptHandler                      text70       00B5C0
_USART_TxDefaultInterruptHandler@hal_usart$F942       bssBANK1     0001A8
__HRAM                                                (abs)        000000
__H__absolute__                                       __absolute__ 000000
__Habs1                                               abs1         000000
__Hbank0                                              bank0        000000
__Hbank1                                              bank1        000000
__Hbank10                                             bank10       000000
__Hbank11                                             bank11       000000
__Hbank12                                             bank12       000000
__Hbank13                                             bank13       000000
__Hbank14                                             bank14       000000
__Hbank15                                             bank15       000000
__Hbank2                                              bank2        000000
__Hbank3                                              bank3        000000
__Hbank4                                              bank4        000000
__Hbank5                                              bank5        000000
__Hbank6                                              bank6        000000
__Hbank7                                              bank7        000000
__Hbank8                                              bank8        000000
__Hbank9                                              bank9        000000
__Hbigbss                                             bigbss       000000
__Hbigdata                                            bigdata      000000
__Hbigram                                             bigram       000000
__Hbigsfr                                             bigsfr       000000
__Hbss                                                bss          000000
__HbssBANK0                                           bssBANK0     000000
__HbssBANK1                                           bssBANK1     000000
__HbssBANK2                                           bssBANK2     000000
__HbssBANK3                                           bssBANK3     000000
__HbssBIGRAM                                          bssBIGRAM    000000
__Hcinit                                              cinit        000000
__Hclrtext                                            clrtext      000000
__Hcomram                                             comram       000000
__Hconfig                                             config       30000E
__Hconst                                              const        000000
__HcstackBANK0                                        cstackBANK0  000000
__HcstackBANK1                                        cstackBANK1  000000
__HcstackBANK2                                        cstackBANK2  000000
__HcstackBANK3                                        cstackBANK3  000000
__HcstackCOMRAM                                       cstackCOMRAM 000000
__Hdata                                               data         000000
__HdataBANK0                                          dataBANK0    000000
__HdataBANK1                                          dataBANK1    000000
__HdataBANK2                                          dataBANK2    000000
__Heeprom_data                                        eeprom_data  000000
__Hfarbss                                             farbss       000000
__Hfardata                                            fardata      000000
__Hheap                                               heap         000000
__Hibigdata                                           ibigdata     000000
__Hidata                                              idata        000000
__HidataBANK0                                         idataBANK0   000000
__HidataBANK1                                         idataBANK1   000000
__HidataBANK2                                         idataBANK2   000000
__Hidloc                                              idloc        000000
__Hifardata                                           ifardata     000000
__Hinit                                               init         000012
__Hintcode                                            intcode      00000E
__Hintcode_body                                       intcode_body 000000
__Hintcodelo                                          intcodelo    00000E
__Hintentry                                           intentry     000000
__Hintret                                             intret       000000
__Hintsave_regs                                       intsave_regs 000000
__Hirdata                                             irdata       000000
__Hmediumconst                                        mediumconst  010000
__HnvFARRAM                                           nvFARRAM     000000
__Hnvbit                                              nvbit        000000
__Hnvrram                                             nvrram       000000
__Hparam                                              rparam       000000
__Hpowerup                                            powerup      00000E
__Hram                                                ram          000000
__Hramtop                                             ramtop       001000
__Hrbit                                               rbit         000000
__Hrbss                                               rbss         000000
__Hrdata                                              rdata        000000
__Hreset_vec                                          reset_vec    000004
__Hrparam                                             rparam       000000
__Hsfr                                                sfr          000000
__Hsivt_hi                                            sivt_hi      000000
__Hsivt_lo                                            sivt_lo      000000
__Hsmallconst                                         smallconst   000000
__Hspace_0                                            (abs)        010000
__Hspace_1                                            (abs)        0007AD
__Hspace_2                                            (abs)        000000
__Hspace_4                                            (abs)        60000E
__Hstack                                              stack        000000
__Hstruct                                             struct       000000
__Htemp                                               temp         00007F
__Htext                                               text         000000
__Htext0                                              text0        000000
__Htext1                                              text1        000000
__Htext10                                             text10       000000
__Htext100                                            text100      000000
__Htext101                                            text101      000000
__Htext102                                            text102      000000
__Htext103                                            text103      000000
__Htext104                                            text104      000000
__Htext105                                            text105      000000
__Htext106                                            text106      000000
__Htext107                                            text107      000000
__Htext108                                            text108      000000
__Htext109                                            text109      000000
__Htext11                                             text11       000000
__Htext110                                            text110      000000
__Htext111                                            text111      000000
__Htext112                                            text112      000000
__Htext113                                            text113      000000
__Htext114                                            text114      000000
__Htext115                                            text115      000000
__Htext116                                            text116      000000
__Htext117                                            text117      000000
__Htext118                                            text118      000000
__Htext119                                            text119      000000
__Htext12                                             text12       000000
__Htext120                                            text120      000000
__Htext121                                            text121      000000
__Htext122                                            text122      000000
__Htext123                                            text123      000000
__Htext124                                            text124      000000
__Htext125                                            text125      000000
__Htext126                                            text126      000000
__Htext127                                            text127      000000
__Htext128                                            text128      000000
__Htext129                                            text129      000000
__Htext13                                             text13       000000
__Htext130                                            text130      000000
__Htext131                                            text131      000000
__Htext132                                            text132      000000
__Htext133                                            text133      000000
__Htext134                                            text134      000000
__Htext135                                            text135      000000
__Htext136                                            text136      000000
__Htext137                                            text137      000000
__Htext138                                            text138      000000
__Htext139                                            text139      000000
__Htext14                                             text14       000000
__Htext140                                            text140      000000
__Htext141                                            text141      000000
__Htext142                                            text142      000000
__Htext143                                            text143      000000
__Htext144                                            text144      000000
__Htext145                                            text145      000000
__Htext146                                            text146      000000
__Htext147                                            text147      000000
__Htext148                                            text148      000000
__Htext149                                            text149      000000
__Htext15                                             text15       000000
__Htext150                                            text150      000000
__Htext151                                            text151      000000
__Htext152                                            text152      000000
__Htext153                                            text153      000000
__Htext154                                            text154      000000
__Htext155                                            text155      000000
__Htext156                                            text156      000000
__Htext157                                            text157      000000
__Htext158                                            text158      000000
__Htext159                                            text159      000000
__Htext16                                             text16       000000
__Htext160                                            text160      000000
__Htext161                                            text161      000000
__Htext162                                            text162      000000
__Htext163                                            text163      000000
__Htext164                                            text164      000000
__Htext165                                            text165      000000
__Htext166                                            text166      000000
__Htext167                                            text167      000000
__Htext168                                            text168      000000
__Htext169                                            text169      000000
__Htext17                                             text17       000000
__Htext170                                            text170      000000
__Htext171                                            text171      000000
__Htext172                                            text172      000000
__Htext173                                            text173      000000
__Htext174                                            text174      000000
__Htext175                                            text175      000000
__Htext176                                            text176      000000
__Htext177                                            text177      000000
__Htext178                                            text178      000000
__Htext179                                            text179      000000
__Htext18                                             text18       000000
__Htext180                                            text180      000000
__Htext181                                            text181      000000
__Htext182                                            text182      000000
__Htext183                                            text183      000000
__Htext184                                            text184      000000
__Htext185                                            text185      000000
__Htext186                                            text186      000000
__Htext187                                            text187      000000
__Htext188                                            text188      000000
__Htext189                                            text189      000000
__Htext19                                             text19       000000
__Htext190                                            text190      000000
__Htext191                                            text191      000000
__Htext192                                            text192      000000
__Htext2                                              text2        000000
__Htext20                                             text20       000000
__Htext21                                             text21       000000
__Htext22                                             text22       000000
__Htext23                                             text23       000000
__Htext24                                             text24       000000
__Htext25                                             text25       000000
__Htext26                                             text26       000000
__Htext27                                             text27       000000
__Htext28                                             text28       000000
__Htext29                                             text29       000000
__Htext3                                              text3        000000
[...]
update_system_data@temp_frac                          cstackCOMRAM 000065
update_system_data@temp_int                           cstackCOMRAM 000066
update_system_data@time                               cstackCOMRAM 00006F
usart_module_init@usart_obj                           cstackBANK2  0002D2
vfpfcnvrt@ap                                          cstackBANK2  0002D8
vfpfcnvrt@c                                           cstackBANK2  0002DD
vfpfcnvrt@convarg                                     cstackBANK2  0002DE
vfpfcnvrt@cp                                          cstackBANK2  0002E2
vfpfcnvrt@done                                        cstackBANK2  0002DC
vfpfcnvrt@fmt                                         cstackBANK2  0002D6
vfpfcnvrt@fp                                          cstackBANK2  0002D4
vfprintf@ap                                           cstackBANK2  0002E8
vfprintf@cfmt                                         cstackBANK2  0002EA
vfprintf@fmt                                          cstackBANK2  0002E6
vfprintf@fp                                           cstackBANK2  0002E4
write_one_byte_in_eeprom@address_lower_byte           cstackCOMRAM 00000B
write_one_byte_in_eeprom@address_upper_byte           cstackCOMRAM 00000A
write_one_byte_in_eeprom@c                            cstackCOMRAM 000009
write_one_byte_in_eeprom@register_address             cstackCOMRAM 000007
write_one_page_in_eeprom@address_lower_byte           cstackCOMRAM 00000B
write_one_page_in_eeprom@address_upper_byte           cstackCOMRAM 00000A
write_one_page_in_eeprom@c                            cstackCOMRAM 000007
write_one_page_in_eeprom@i                            cstackCOMRAM 00000C
write_one_page_in_eeprom@register_address             cstackCOMRAM 000008
wtemp8                                                temp         00007F
xtoa@c                                                cstackBANK1  000166
xtoa@d                                                cstackBANK1  00015D
xtoa@fp                                               cstackBANK1  00015B
xtoa@i                                                cstackBANK1  000167
xtoa@p                                                cstackBANK1  000162
xtoa@w                                                cstackBANK1  000164


MODULE INFORMATION

Module		Function		Class		Link	Load	Size
C:\Program Files\Microchip\xc8\v2.46\pic\sources\c99\common\fltol.c
		___fltol       		CODE           	8148	0000	264

C:\Program Files\Microchip\xc8\v2.46\pic\sources\c99\common\fltol.c estimated size: 264

hal_timer1.c
		_Timer1_Mode_Selection		CODE           	9E90	0000	128
		_Timer1_Init   		CODE           	99F4	0000	164
		_TMR1_ISR      		CODE           	AF98	0000	56

hal_timer1.c estimated size: 348

C:\Program Files\Microchip\xc8\v2.46\pic\sources\c99\common\nf_snprintf.c
		_snprintf      		CODE           	875E	0000	250

C:\Program Files\Microchip\xc8\v2.46\pic\sources\c99\common\nf_snprintf.c estimated size: 250

hal_usart.c
		_USART_RX_ISR  		CODE           	9D86	0000	134
		_USART_Baud_Rate_Calculation		CODE           	3414	0000	1288
		_USART_Asynchronous_Restart_RX		CODE           	B6BC	0000	6
		_USART_ASYNCRONOUS_RX_Init		CODE           	8B30	0000	222
		_USART_TX_ISR  		CODE           	B142	0000	48
		_USART_ASYNCRONOUS_TX_Init		CODE           	9480	0000	182
		_USART_Asynchronous_WriteByte_Blocking		CODE           	B4A8	0000	28
		_USART_Asynchronous_Initialize		CODE           	A8A6	0000	82
		_USART_Asynchronous_ReadByte_NonBlocking		CODE           	B2A8	0000	40

hal_usart.c estimated size: 2030

C:\Program Files\Microchip\xc8\v2.46\pic\sources\c99\common\printf.c
		_printf        		CODE           	B258	0000	40

C:\Program Files\Microchip\xc8\v2.46\pic\sources\c99\common\printf.c estimated size: 40

AT24C32.c
		_read_one_page_in_eeprom		CODE           	A172	0000	118
		_read_one_byte_in_eeprom		CODE           	ADFC	0000	66
		_write_one_page_in_eeprom		CODE           	A59C	0000	92
		_write_one_byte_in_eeprom		CODE           	B1FE	0000	46

AT24C32.c estimated size: 322

SD_PIC.c
		_SD_SendDummyBytes		CODE           	B342	0000	36
		_SD_MBR_Stop   		CODE           	B44E	0000	30
		_SD_MBR_Start  		CODE           	A0FA	0000	120
		_SD_MBR_Receive		CODE           	9A98	0000	160
		_single_block_write		CODE           	974A	0000	174
		_SD_SingleBlockWrite		CODE           	8A44	0000	236
		_read_init_sd_card		CODE           	5AA8	0000	892
		_initSD        		CODE           	2606	0000	2212
		_SD_EraseBlocks		CODE           	A006	0000	122
		_SD_Command    		CODE           	9B38	0000	158
		_SD_ACMD       		CODE           	B03E	0000	54

SD_PIC.c estimated size: 4194

C:\Program Files\Microchip\xc8\v2.46\pic\sources\c99\common\floorf.c
		_floorf        		CODE           	63B8	0000	534

C:\Program Files\Microchip\xc8\v2.46\pic\sources\c99\common\floorf.c estimated size: 534

buzzer.c
		_buzzer        		CODE           	B46C	0000	30

buzzer.c estimated size: 30

i2c_soft.c
		_I2C_ReadFromAddress		CODE           	B5B0	0000	16
		_SCL_High      		CODE           	B690	0000	8
		_I2C_WriteToAddress		CODE           	B4FC	0000	26
		_I2C_ReadResult_withAck		CODE           	9F8C	0000	122
		_SDA_Low       		CODE           	B5FC	0000	14
		_I2C_Stop      		CODE           	B38A	0000	34
		_I2C_WriteByte 		CODE           	A5F8	0000	90
		_I2C_SendOne   		CODE           	B544	0000	22
		_I2C_Delay     		CODE           	B64E	0000	10
		_I2C_ReadRegister		CODE           	B2F6	0000	38
		_I2C_SendZero  		CODE           	B52E	0000	22
		_SDA_High      		CODE           	B688	0000	8
		_I2C_ReadResult		CODE           	9F10	0000	124
		_I2C_Start     		CODE           	B430	0000	30
		_SCL_Low       		CODE           	B60A	0000	14

i2c_soft.c estimated size: 578

C:\Program Files\Microchip\xc8\v2.46\pic\sources\c99\common\nf_fputc.c
		_fputc         		CODE           	9198	0000	188

C:\Program Files\Microchip\xc8\v2.46\pic\sources\c99\common\nf_fputc.c estimated size: 188

heater.c
		_heater_set_mode		CODE           	ACE8	0000	70

heater.c estimated size: 70

C:\Program Files\Microchip\xc8\v2.46\pic\sources\c99\common\awdiv.c
		___awdiv       		CODE           	8F50	0000	198

C:\Program Files\Microchip\xc8\v2.46\pic\sources\c99\common\awdiv.c estimated size: 198

C:\Program Files\Microchip\xc8\v2.46\pic\sources\c99\common\toupper.c
		_toupper       		CODE           	B1D0	0000	46

C:\Program Files\Microchip\xc8\v2.46\pic\sources\c99\common\toupper.c estimated size: 46

C:\Program Files\Microchip\xc8\v2.46\pic\sources\c99\common\lbmod.c
		___lbmod       		CODE           	B074	0000	54

C:\Program Files\Microchip\xc8\v2.46\pic\sources\c99\common\lbmod.c estimated size: 54

C:\Program Files\Microchip\xc8\v2.46\pic\sources\c99\common\xxtofl.c
		___xxtofl      		CODE           	6B62	0000	440

C:\Program Files\Microchip\xc8\v2.46\pic\sources\c99\common\xxtofl.c estimated size: 440

temp_monitoring.c
		_reset_eep_address_in_eeprom		CODE           	A080	0000	122
		_save_eep_address_in_eeprom		CODE           	A2CC	0000	110
		_read_eep_address_in_eeprom		CODE           	9CFC	0000	138
		_reset_sd_address_in_eeprom		CODE           	ABC2	0000	76
		_save_sd_address_in_eeprom		CODE           	9E0C	0000	132
		_update_SD_tab 		CODE           	78EE	0000	332
		_save_in_eeprom		CODE           	6D1A	0000	438
		_read_sd_address_in_eeprom		CODE           	9BD6	0000	154
		_extract_data_for_days		CODE           	2EAA	0000	1386
		_update_system_data		CODE           	74F4	0000	350
		_extract_all_alarms		CODE           	7F18	0000	286
		_temp_management		CODE           	6148	0000	624

temp_monitoring.c estimated size: 4148

C:\Program Files\Microchip\xc8\v2.46\pic\sources\c99\common\nanf.c
		_nanf          		CODE           	B3AC	0000	34

C:\Program Files\Microchip\xc8\v2.46\pic\sources\c99\common\nanf.c estimated size: 34

C:\Program Files\Microchip\xc8\v2.46\pic\sources\c99\common\isxdigit.c
		_isxdigit      		CODE           	A6AA	0000	86

C:\Program Files\Microchip\xc8\v2.46\pic\sources\c99\common\isxdigit.c estimated size: 86

C:\Program Files\Microchip\xc8\v2.46\pic\sources\c99\common\strlen.c
		_strlen        		CODE           	A7AC	0000	84

C:\Program Files\Microchip\xc8\v2.46\pic\sources\c99\common\strlen.c estimated size: 84

C:\Program Files\Microchip\xc8\v2.46\pic\sources\c99\common\flneg.c
		___flneg       		CODE           	AE7A	0000	58

C:\Program Files\Microchip\xc8\v2.46\pic\sources\c99\common\flneg.c estimated size: 58

C:\Program Files\Microchip\xc8\v2.46\pic\sources\c99\common\strncmp.c
		_strncmp       		CODE           	8DBA	0000	204

C:\Program Files\Microchip\xc8\v2.46\pic\sources\c99\common\strncmp.c estimated size: 204

C:\Program Files\Microchip\xc8\v2.46\pic\sources\c99\common\__fpclassifyf.c
		___fpclassifyf 		CODE           	8560	0000	256

C:\Program Files\Microchip\xc8\v2.46\pic\sources\c99\common\__fpclassifyf.c estimated size: 256

C:\Program Files\Microchip\xc8\v2.46\pic\sources\c99\common\sprcmul.c
		___flmul       		CODE           	4B1C	0000	1068

C:\Program Files\Microchip\xc8\v2.46\pic\sources\c99\common\sprcmul.c estimated size: 1068

C:\Program Files\Microchip\xc8\v2.46\pic\sources\c99\common\strchr.c
		_strchr        		CODE           	AB2A	0000	76

C:\Program Files\Microchip\xc8\v2.46\pic\sources\c99\common\strchr.c estimated size: 76

C:\Program Files\Microchip\xc8\v2.46\pic\sources\c99\common\strcpy.c
		_strcpy        		CODE           	AE3E	0000	60

C:\Program Files\Microchip\xc8\v2.46\pic\sources\c99\common\strcpy.c estimated size: 60

C:\Program Files\Microchip\xc8\v2.46\pic\sources\c99\common\memset.c
		_memset        		CODE           	AF60	0000	56

C:\Program Files\Microchip\xc8\v2.46\pic\sources\c99\common\memset.c estimated size: 56

C:\Program Files\Microchip\xc8\v2.46\pic\sources\c99\common\sprcdiv.c
		___fldiv       		CODE           	5372	0000	924

C:\Program Files\Microchip\xc8\v2.46\pic\sources\c99\common\sprcdiv.c estimated size: 924

C:\Program Files\Microchip\xc8\v2.46\pic\sources\c99\common\atoi.c
		_atoi          		CODE           	7DF8	0000	288

C:\Program Files\Microchip\xc8\v2.46\pic\sources\c99\common\atoi.c estimated size: 288

C:\Program Files\Microchip\xc8\v2.46\pic\sources\c99\common\fleq.c
		___fleq        		CODE           	97F8	0000	172

C:\Program Files\Microchip\xc8\v2.46\pic\sources\c99\common\fleq.c estimated size: 172

hal_timer0.c
		_TMR0_ISR      		CODE           	B634	0000	14

hal_timer0.c estimated size: 14

C:\Program Files\Microchip\xc8\v2.46\pic\sources\c99\common\doprnt.c
		_read_prec_or_width		CODE           	8CEC	0000	206
		_vfpfcnvrt     		CODE           	429E	0000	1094
		_efgtoa        		CODE           	1076	0000	2836
		_pad           		CODE           	90DA	0000	190
		_dtoa          		CODE           	67E0	0000	450
		_vfprintf      		CODE           	A476	0000	100
		_xtoa          		CODE           	7652	0000	334

C:\Program Files\Microchip\xc8\v2.46\pic\sources\c99\common\doprnt.c estimated size: 5210

SPI_PIC.c
		_spiTransfer   		CODE           	AF28	0000	56
		_spiReceive    		CODE           	B680	0000	8
		_spiInit       		CODE           	A9EE	0000	80
		_spiSend       		CODE           	B5EE	0000	14

SPI_PIC.c estimated size: 158

PWM.c
		_start_pwm     		CODE           	B6D2	0000	4
		_set_pwm_duty  		CODE           	8C0E	0000	222

PWM.c estimated size: 226

shared
		_CMD8CRC       		MEDIUMCONST    	0000	0000	0
		i2_printf      		CODE           	B366	0000	36
		_CMD17         		MEDIUMCONST    	0000	0000	0
		_CMD55         		MEDIUMCONST    	0000	0000	0
		i2_vfpfcnvrt   		CODE           	46E4	0000	1080
		i2_LCD_Write_4Bit		CODE           	AC0E	0000	74
		i2_pad         		CODE           	9254	0000	186
		i2_SCL_Low     		CODE           	B626	0000	14
		i2_abs         		CODE           	B0DE	0000	52
		i2_floorf      		CODE           	65CE	0000	530
		i2_spiReceive  		CODE           	B698	0000	8
		i2_labs        		CODE           	A700	0000	86
		_R1_ILLEGAL_COMMAND		MEDIUMCONST    	0000	0000	0
		i2_read_prec_or_width		CODE           	8E86	0000	202
		i2_putch       		CODE           	B66C	0000	10
		i2___fleq      		CODE           	98A4	0000	170
		i2_I2C_Delay   		CODE           	B676	0000	10
		_ACMD22        		MEDIUMCONST    	FD36	0000	1
		_ACMD41        		MEDIUMCONST    	0000	0000	0
		_START_BLOCK   		MEDIUMCONST    	0000	0000	0
		_CMD12         		MEDIUMCONST    	0000	0000	0
		_CMD8          		MEDIUMCONST    	0000	0000	0
		i2_LCD_CMD     		CODE           	B4E0	0000	28
		_CMD18         		MEDIUMCONST    	0000	0000	0
		_CMD9          		MEDIUMCONST    	0000	0000	0
		i2_SDA_Low     		CODE           	B618	0000	14
		i2_vfprintf    		CODE           	A4DA	0000	98
		i2_I2C_ReadFromAddress		CODE           	B642	0000	12
		i2_xtoa        		CODE           	77A0	0000	334
		_CMD0CRC       		MEDIUMCONST    	0000	0000	0
		i2_SCL_High    		CODE           	B6A8	0000	8
		i2___flneg     		CODE           	AFD0	0000	56
		i2_strcpy      		CODE           	AEEE	0000	58
		_R1_READY_STATE		MEDIUMCONST    	0000	0000	0
		_CMD13         		MEDIUMCONST    	FD41	0000	1
		_CMD32         		MEDIUMCONST    	0000	0000	0
		i2___awdiv     		CODE           	9016	0000	196
		i2_spiSend     		CODE           	B662	0000	10
		_CMD38         		MEDIUMCONST    	0000	0000	0
		i2___fladd     		CODE           	3DDE	0000	1216
		i2___wmul      		CODE           	B31C	0000	38
		i2_dtoa        		CODE           	69A2	0000	448
		i2___fldiv     		CODE           	570E	0000	922
		i2_I2C_WriteToAddress		CODE           	B55A	0000	22
		i2_I2C_Stop    		CODE           	B3CE	0000	34
		i2___fltol     		CODE           	8356	0000	262
		i2_I2C_Start   		CODE           	B48A	0000	30
		_CMD0          		MEDIUMCONST    	0000	0000	0
		__initialization		CODE           	994E	0000	156
		_ACMD23        		MEDIUMCONST    	0000	0000	0
		_Font2         		MEDIUMCONST    	FC52	0000	220
		i2___flge      		CODE           	845C	0000	260
		_CMD33         		MEDIUMCONST    	0000	0000	0
		i2_SDA_High    		CODE           	B6A0	0000	8
		_CMD58         		MEDIUMCONST    	0000	0000	0
		i2___awmod     		CODE           	969A	0000	176
		i2_I2C_SendOne 		CODE           	B586	0000	22
		_CMD1          		MEDIUMCONST    	0000	0000	0
		_CMD24         		MEDIUMCONST    	0000	0000	0
		i2___flmul     		CODE           	4F48	0000	1066
		i2___xxtofl    		CODE           	6ED0	0000	436
		_STOP_TRAN     		MEDIUMCONST    	0000	0000	0
		i2_USART_Asynchronous_WriteByte_Blocking		CODE           	B516	0000	24
		i2___fpclassifyf		CODE           	8660	0000	254
		i2_I2C_SendZero		CODE           	B570	0000	22
		i2_I2C_WriteByte		CODE           	A800	0000	84
		_R1_IDLE_STATE 		MEDIUMCONST    	0000	0000	0
		_START_BLOCK_TOKEN		MEDIUMCONST    	0000	0000	0
		i2___flsub     		CODE           	AD2E	0000	70
		_CMD25         		MEDIUMCONST    	0000	0000	0
		i2_efgtoa      		CODE           	1B8A	0000	2684
		i2_spiTransfer 		CODE           	B0AA	0000	52
		_CMD10         		MEDIUMCONST    	0000	0000	0
		i2_fputc       		CODE           	930E	0000	186
		i2_fputs       		CODE           	ADB8	0000	68
		_CMD16         		MEDIUMCONST    	0000	0000	0
		i2_strlen      		CODE           	AA8E	0000	80
		_Font          		MEDIUMCONST    	FB53	0000	255
		i2_memcpy      		CODE           	AA3E	0000	80
		i2_SD_Command  		CODE           	9C70	0000	140
		i2_I2C_ReadResult		CODE           	A1E8	0000	114

shared estimated size: 12703

C:\Program Files\Microchip\xc8\v2.46\pic\sources\c99\common\Umul16.c
		___wmul        		CODE           	B280	0000	40

C:\Program Files\Microchip\xc8\v2.46\pic\sources\c99\common\Umul16.c estimated size: 40

C:\Program Files\Microchip\xc8\v2.46\pic\sources\c99\common\strtof.c
		_strtof        		CODE           	0012	0000	4196

C:\Program Files\Microchip\xc8\v2.46\pic\sources\c99\common\strtof.c estimated size: 4196

C:\Program Files\Microchip\xc8\v2.46\pic\sources\c99\common\nf_fputs.c
		_fputs         		CODE           	ACA0	0000	72

C:\Program Files\Microchip\xc8\v2.46\pic\sources\c99\common\nf_fputs.c estimated size: 72

ds18b20.c
		_OneWireRelease		CODE           	B6C2	0000	6
		_OneWireReadBit		CODE           	B2D0	0000	38
		_OneWireReadByte		CODE           	AB76	0000	76
		_OneWireWriteBit		CODE           	AD74	0000	68
		_print_temperature		CODE           	7384	0000	368
		_OneWireRead   		CODE           	B59C	0000	20
		_OneWireHigh   		CODE           	B6C8	0000	6
		_OneWireTemp   		CODE           	95E8	0000	178
		_OneWireReset  		CODE           	A94A	0000	82
		_OneWireWriteByte		CODE           	AEB4	0000	58

ds18b20.c estimated size: 900

C:\Program Files\Microchip\xc8\v2.46\pic\sources\c99\common\isdigit.c
		_isdigit       		CODE           	B22C	0000	44

C:\Program Files\Microchip\xc8\v2.46\pic\sources\c99\common\isdigit.c estimated size: 44

./ssd1306_unbuffered.h
		_ssd1306_command		CODE           	B410	0000	32
		_SSD1306_Init  		CODE           	894E	0000	246
		_SSD1306_ClearDisplay		CODE           	A53C	0000	96
		_SSD1306_GotoXY		CODE           	B172	0000	48
		_SSD1306_PutStretchC		CODE           	5E24	0000	804
		_oled_puts     		CODE           	A410	0000	102

./ssd1306_unbuffered.h estimated size: 1328

C:\Program Files\Microchip\xc8\v2.46\pic\sources\c99\common\sprcadd.c
		___flsub       		CODE           	AC58	0000	72
		___fladd       		CODE           	391C	0000	1218

C:\Program Files\Microchip\xc8\v2.46\pic\sources\c99\common\sprcadd.c estimated size: 1290

lcd.c
		_LCD_Init      		CODE           	8036	0000	274
		_LCD_Write_4Bit		CODE           	AADE	0000	76
		_LCD_Write_Char		CODE           	B4C4	0000	28
		_LCD_CMD       		CODE           	B3F0	0000	32
		_LCD_Set_Cursor		CODE           	A756	0000	86
		_LCD_Clear     		CODE           	B5D0	0000	16

lcd.c estimated size: 512

C:\Program Files\Microchip\xc8\v2.46\pic\sources\c99\common\memcpy.c
		_memcpy        		CODE           	A8F8	0000	82

C:\Program Files\Microchip\xc8\v2.46\pic\sources\c99\common\memcpy.c estimated size: 82

C:\Program Files\Microchip\xc8\v2.46\pic\sources\c99\common\labs.c
		_labs          		CODE           	A652	0000	88

C:\Program Files\Microchip\xc8\v2.46\pic\sources\c99\common\labs.c estimated size: 88

C:\Program Files\Microchip\xc8\v2.46\pic\sources\c99\common\abs.c
		_abs           		CODE           	B008	0000	54

C:\Program Files\Microchip\xc8\v2.46\pic\sources\c99\common\abs.c estimated size: 54

C:\Program Files\Microchip\xc8\v2.46\pic\sources\c99\common\awmod.c
		___awmod       		CODE           	9536	0000	178

C:\Program Files\Microchip\xc8\v2.46\pic\sources\c99\common\awmod.c estimated size: 178

mcal_interrupt_manager.c
		_InterruptManager		CODE           	0008	0000	252

mcal_interrupt_manager.c estimated size: 252

main.c
		_USART_OverrunDefaultErrorHandler		CODE           	B6B6	0000	6
		_timer1_timer_init		CODE           	B112	0000	48
		_putch         		CODE           	B5E0	0000	14
		_main          		CODE           	B1A2	0000	46
		_Timer1_DefaultInterruptHandler		CODE           	7A3A	0000	324
		_USART_RxDefaultInterruptHandler		CODE           	7B7E	0000	318
		_execute_rx_command		CODE           	7CBC	0000	316
		_usart_module_init		CODE           	A854	0000	82
		_USART_FramingDefaultErrorHandler		CODE           	B658	0000	10
		_USART_TxDefaultInterruptHandler		CODE           	B5C0	0000	16

main.c estimated size: 1180

RTC.c
		_DisplayDateOnLCD		CODE           	720A	0000	378
		_DisplayTimeToLCD		CODE           	7084	0000	390
		_Get_DS1307_RTC_Date		CODE           	A33A	0000	108
		_Read_Bytes_From_DS1307_RTC		CODE           	A99C	0000	82
		_Get_DS1307_RTC_Time		CODE           	93C8	0000	184

RTC.c estimated size: 1142

C:\Program Files\Microchip\xc8\v2.46\pic\sources\c99\common\Umul32.c
		___lmul        		CODE           	A3A6	0000	106

C:\Program Files\Microchip\xc8\v2.46\pic\sources\c99\common\Umul32.c estimated size: 106

led.c
		_led_set_mode  		CODE           	A25A	0000	114

led.c estimated size: 114

C:\Program Files\Microchip\xc8\v2.46\pic\sources\c99\common\flge.c
		___flge        		CODE           	8250	0000	262

C:\Program Files\Microchip\xc8\v2.46\pic\sources\c99\common\flge.c estimated size: 262

