Microchip MPLAB XC8 Compiler V2.36

Linker command line:

-W-3 --edf=C:\Program Files\Microchip\xc8\v2.36\pic\dat\en_msgs.txt -cn \
  -h+dist/default/production\Projet_pic18.X.production.sym \
  --cmf=dist/default/production\Projet_pic18.X.production.cmf -z -Q18F4620 \
  -oC:\Users\NATHAN~1\AppData\Local\Temp\xcAsqg8.4 --defsym=__MPLAB_BUILD=1 \
  -Mdist/default/production/Projet_pic18.X.production.map \
  --md=C:\Users\NATHAN~1\AppData\Local\Temp\xcAsqg8.dat -E1 \
  -ver=XC8 Compiler --acfsm=1493 -ACODE=00h-0FFFFh -ACONST=00h-0FFFFh \
  -ASMALLCONST=01000h-010FFhx240 -AMEDIUMCONST=01000h-0FFFFh \
  -ACOMRAM=01h-07Fh -AABS1=00h-0F7Fh -ABIGRAM=01h-0F7Fh \
  -ARAM=080h-0FFh,0100h-01FFhx14,0F00h-0F7Fh -ABANK0=080h-0FFh \
  -ABANK1=0100h-01FFh -ABANK2=0200h-02FFh -ABANK3=0300h-03FFh \
  -ABANK4=0400h-04FFh -ABANK5=0500h-05FFh -ABANK6=0600h-06FFh \
  -ABANK7=0700h-07FFh -ABANK8=0800h-08FFh -ABANK9=0900h-09FFh \
  -ABANK10=0A00h-0AFFh -ABANK11=0B00h-0BFFh -ABANK12=0C00h-0CFFh \
  -ABANK13=0D00h-0DFFh -ABANK14=0E00h-0EFFh -ABANK15=0F00h-0F7Fh \
  -ASFR=0F80h-0FFFh -ABIGSFR=0F80h-0FFFh -ACONFIG=0300000h-030000Dh \
  -AIDLOC=0200000h-0200007h -AEEDATA=0F00000h-0F003FFh -peeprom_data=EEDATA \
  -preset_vec=00h,intcode=08h,intcodelo,powerup,init -pramtop=01000h \
  -psmallconst=SMALLCONST -pmediumconst=MEDIUMCONST -pconst=CONST \
  -AFARRAM=00h-00h \
  -prdata=COMRAM,nvrram=COMRAM,nvbit=COMRAM,rbss=COMRAM,rbit=COMRAM \
  -pfarbss=FARRAM,fardata=FARRAM,nvFARRAM=FARRAM \
  -pintsave_regs=BIGRAM,bigbss=BIGRAM,bigdata=BIGRAM -pbss=RAM \
  -pidata=CODE,irdata=CODE,ibigdata=CODE,ifardata=CODE -prparam=COMRAM \
  C:\Users\NATHAN~1\AppData\Local\Temp\xcAsqg8.o \
  dist/default/production\Projet_pic18.X.production.o 

Object code version is 3.11

Machine type is 18F4620



                Name                               Link     Load   Length Selector   Space Scale
C:\Users\NATHAN~1\AppData\Local\Temp\xcAsqg8.o
                config                           300000   300000        E        0       4
                init                                  E        E        4        4       0
                reset_vec                             0        0        4        0       0
dist/default/production\Projet_pic18.X.production.o
                intcode                               8        8        6        4       0
                config                           300000   300000        E        0       4
                temp                                 7F       7F        1        1       1
                mediumconst                        FB3C     FB3C      4C4     7D9E       0
                text208                            D184     D184        E        4       0
                text207                            D1BC     D1BC        A        4       0
                text206                            D1E6     D1E6        8        4       0
                text205                            D176     D176        E        4       0
                text204                            D1DE     D1DE        8        4       0
                text203                            D168     D168        E        4       0
                text202                            CFCA     CFCA       1E        4       0
                text201                            CF2E     CF2E       22        4       0
                text200                            D0C6     D0C6       16        4       0
                text199                            D0B0     D0B0       16        4       0
                text198                            C1C2     C1C2       54        4       0
                text197                            D09A     D09A       16        4       0
                text196                            C4E8     C4E8       4A        4       0
                text195                            D020     D020       1C        4       0
                text194                            BC26     BC26       6A        4       0
                text193                            D004     D004       1C        4       0
                text192                            AC72     AC72       C4        4       0
                text191                            B0C0     B0C0       B0        4       0
                text190                            8B6E     8B6E      17A        4       0
                text189                            D120     D120       10        4       0
                text188                            886C     886C      186        4       0
                text187                            CFAC     CFAC       1E        4       0
                text186                            CE5C     CE5C       26        4       0
                text185                            CB84     CB84       38        4       0
                text184                            C832     C832       44        4       0
                text183                            7E82     7E82      1C8        4       0
                text182                            86E4     86E4      188        4       0
                text181                            92A0     92A0      164        4       0
                text180                            C93A     C93A       40        4       0
                text179                            D056     D056       18        4       0
                text178                            D1B2     D1B2        A        4       0
                text177                            AA1C     AA1C       CA        4       0
                text176                            C7EE     C7EE       44        4       0
                text175                            C400     C400       50        4       0
                text174                            ABAC     ABAC       C6        4       0
                text173                            6DF8     6DF8      2E4        4       0
                text172                            60D4     60D4      39A        4       0
                text171                            B21C     B21C       AA        4       0
                text170                            9E50     9E50      104        4       0
                text169                            590E     590E      42A        4       0
                text168                            CB4C     CB4C       38        4       0
                text167                            5022     5022      4C0        4       0
                text166                            C6DC     C6DC       46        4       0
                text165                            9D4A     9D4A      106        4       0
                text164                            A152     A152       FE        4       0
                text163                            7A9A     7A9A      212        4       0
                text162                            C00A     C00A       5E        4       0
                text161                            D21A     D21A        2        4       0
                text160                            C696     C696       46        4       0
                text159                            1CD6     1CD6      C24        4       0
                text158                            A6D6     A6D6       DC        4       0
                text157                            D218     D218        2        4       0
                text156                            D216     D216        2        4       0
                text155                            C7AA     C7AA       44        4       0
                text154                            7394     7394      2A6        4       0
                text153                            38F0     38F0      7B6        4       0
                text152                            BE26     BE26       64        4       0
                text151                            CDC2     CDC2       28        4       0
                text150                            8FD0     8FD0      16A        4       0
                text149                            9914     9914      116        4       0
                text148                            CF50     CF50       20        4       0
                text147                            BFAA     BFAA       60        4       0
                text146                            CCEA     CCEA       30        4       0
                text145                            A346     A346       F6        4       0
                text144                            8202     8202      1B4        4       0
                text143                            CBBC     CBBC       36        4       0
                text142                            67C6     67C6      336        4       0
                text141                            BCF8     BCF8       66        4       0
                text140                            89F2     89F2      17C        4       0
                text139                            C650     C650       46        4       0
                text138                            B98E     B98E       72        4       0
                text137                            CD1A     CD1A       2E        4       0
                text136                            B82A     B82A       7A        4       0
                text135                            BB4E     BB4E       6E        4       0
                text134                            BF4A     BF4A       60        4       0
                text133                            8E5E     8E5E      172        4       0
                text132                            A5F8     A5F8       DE        4       0
                text131                            763A     763A      24A        4       0
                text130                            D192     D192        C        4       0
                text129                            B91C     B91C       72        4       0
                text128                            CE36     CE36       26        4       0
                text127                            C0C2     C0C2       58        4       0
                text126                            BA70     BA70       70        4       0
                text125                            AD36     AD36       BC        4       0
                text124                            D20C     D20C        6        4       0
                text123                            D0DC     D0DC       14        4       0
                text122                            D206     D206        6        4       0
                text121                            CE10     CE10       26        4       0
                text120                            C49C     C49C       4C        4       0
                text119                            C35E     C35E       52        4       0
                text118                            C766     C766       44        4       0
                text117                            CADA     CADA       3A        4       0
                text116                            B00E     B00E       B2        4       0
                text115                            9404     9404      15E        4       0
                text114                            96A4     96A4      13C        4       0
                text113                            CB14     CB14       38        4       0
                text112                            CD48     CD48       2A        4       0
                text111                            D15A     D15A        E        4       0
                text110                            D200     D200        6        4       0
                text109                            D1FA     D1FA        6        4       0
                text108                            BBBC     BBBC       6A        4       0
                text107                            BA00     BA00       70        4       0
                text106                            CF0C     CF0C       22        4       0
                text105                              12       12     1098        4       0
                text104                            CDEA     CDEA       26        4       0
                text103                            B7B0     B7B0       7A        4       0
                text102                            B734     B734       7C        4       0
                text101                            C8FA     C8FA       40        4       0
                text100                            C30C     C30C       52        4       0
                text99                             83B6     83B6      1A4        4       0
                text98                             CC26     CC26       34        4       0
                text97                             D1D6     D1D6        8        4       0
                text96                             D1A8     D1A8        A        4       0
                text95                             AEA8     AEA8       B4        4       0
                text94                             B412     B412       8C        4       0
                text93                             B8A4     B8A4       78        4       0
                text92                             CF8E     CF8E       1E        4       0
                text91                             CCBA     CCBA       30        4       0
                text90                             BEEA     BEEA       60        4       0
                text89                             28FA     28FA      826        4       0
                text88                             40A6     40A6      5B2        4       0
                text87                             97E0     97E0      134        4       0
                text86                             8CE8     8CE8      176        4       0
                text85                             C450     C450       4C        4       0
                text84                             9562     9562      142        4       0
                text83                             B5B2     B5B2       86        4       0
                text82                             D110     D110       10        4       0
                text81                             CC8A     CC8A       30        4       0
                intcode_body                       A250     A250       F6        4       0
                text79                             D19E     D19E        A        4       0
                text78                             D1CE     D1CE        8        4       0
                text77                             D14C     D14C        E        4       0
                text76                             D1C6     D1C6        8        4       0
                text75                             D13E     D13E        E        4       0
                text74                             CF70     CF70       1E        4       0
                text73                             CEEA     CEEA       22        4       0
                text72                             D084     D084       16        4       0
                text71                             D06E     D06E       16        4       0
                text70                             C068     C068       5A        4       0
                text69                             D03C     D03C       1A        4       0
                text68                             C2BA     C2BA       52        4       0
                text67                             CEC8     CEC8       22        4       0
                text66                             D100     D100       10        4       0
                text65                             9A2A     9A2A      112        4       0
                text64                             BAE0     BAE0       6E        4       0
                text63                             CEA6     CEA6       22        4       0
                text62                             C722     C722       44        4       0
                text61                             CE82     CE82       24        4       0
                text60                             BDC2     BDC2       64        4       0
                text59                             CBF2     CBF2       34        4       0
                text58                             A054     A054       FE        4       0
                text57                             AAE6     AAE6       C6        4       0
                text56                             CAA0     CAA0       3A        4       0
                text55                             646E     646E      358        4       0
                text54                             BC90     BC90       68        4       0
                text53                             CD9A     CD9A       28        4       0
                text52                             CA66     CA66       3A        4       0
                text51                             C16E     C16E       54        4       0
                text50                             7CAC     7CAC      1D6        4       0
                text49                             855A     855A      18A        4       0
                text48                             913A     913A      166        4       0
                text47                             C8B8     C8B8       42        4       0
                text46                             CFE8     CFE8       1C        4       0
                text45                             D130     D130        E        4       0
                text44                             A950     A950       CC        4       0
                text43                             C5C2     C5C2       48        4       0
                text42                             C11A     C11A       54        4       0
                text41                             A884     A884       CC        4       0
                text40                             6AFC     6AFC      2FC        4       0
                text39                             AF5C     AF5C       B2        4       0
                text38                             5D38     5D38      39C        4       0
                text37                             B170     B170       AC        4       0
                text36                             9C44     9C44      106        4       0
                text35                             54E2     54E2      42C        4       0
                text34                             CA2C     CA2C       3A        4       0
                text33                             4B60     4B60      4C2        4       0
                text32                             C57A     C57A       48        4       0
                text31                             9B3C     9B3C      108        4       0
                text30                             9F54     9F54      100        4       0
                text29                             7884     7884      216        4       0
                text28                             BE8A     BE8A       60        4       0
                text27                             C9F2     C9F2       3A        4       0
                text26                             C532     C532       48        4       0
                text25                             10AA     10AA      C2C        4       0
                text24                             A51A     A51A       DE        4       0
                text23                             C97A     C97A       3E        4       0
                text22                             C9B8     C9B8       3A        4       0
                text21                             C60A     C60A       46        4       0
                text20                             70DC     70DC      2B8        4       0
                text19                             3120     3120      7D0        4       0
                text18                             BD5E     BD5E       64        4       0
                text17                             C268     C268       52        4       0
                text16                             A7B2     A7B2       D2        4       0
                text15                             D0F0     D0F0       10        4       0
                text14                             B6B8     B6B8       7C        4       0
                text13                             C876     C876       42        4       0
                text12                             B528     B528       8A        4       0
                text11                             B2C6     B2C6       A8        4       0
                text10                             D212     D212        4        4       0
                text9                              B638     B638       80        4       0
                text8                              B36E     B36E       A4        4       0
                text7                              CC5A     CC5A       30        4       0
                text6                              A43C     A43C       DE        4       0
                text5                              ADF2     ADF2       B6        4       0
                text4                              804A     804A      1B8        4       0
                text3                              4658     4658      508        4       0
                text2                              C216     C216       52        4       0
                text1                              C3B0     C3B0       50        4       0
                text0                              CD72     CD72       28        4       0
                cstackCOMRAM                          1        1       7E        1       1
                cstackBANK0                          80       80       7D       80       1
                cstackBANK1                         100      100       5F      100       1
                cstackBANK2                         200      200       85      200       1
                cstackBANK3                         3C4      3C4       37      300       1
                cstackBANK4                         400      400        F      400       1
                bssBIGRAM                           40F      40F      400      40F       1
                bssBANK3                            300      300       C4      300       1
                dataBANK2                           2FA      2FA        6      200       1
                bssBANK2                            285      285       75      200       1
                dataBANK1                           1B4      1B4        6      100       1
                bssBANK1                            15F      15F       55      100       1
                bssBANK0                             FD       FD        3       80       1
                cinit                              B49E     B49E       8A        4       0
                nvBANK1                             1BA      1BA        1      100       1
                idataBANK2                         D1F4     D1F4        6        4       0
                idataBANK1                         D1EE     D1EE        6        4       0

TOTAL           Name                               Link     Load   Length     Space
        CLASS   CODE           
                intcode                               8        8        6         0
                init                                  E        E        4         0
                reset_vec                             0        0        4         0
                text208                            D184     D184        E         0
                text207                            D1BC     D1BC        A         0
                text206                            D1E6     D1E6        8         0
                text205                            D176     D176        E         0
                text204                            D1DE     D1DE        8         0
                text203                            D168     D168        E         0
                text202                            CFCA     CFCA       1E         0
                text201                            CF2E     CF2E       22         0
                text200                            D0C6     D0C6       16         0
                text199                            D0B0     D0B0       16         0
                text198                            C1C2     C1C2       54         0
                text197                            D09A     D09A       16         0
                text196                            C4E8     C4E8       4A         0
                text195                            D020     D020       1C         0
                text194                            BC26     BC26       6A         0
                text193                            D004     D004       1C         0
                text192                            AC72     AC72       C4         0
                text191                            B0C0     B0C0       B0         0
                text190                            8B6E     8B6E      17A         0
                text189                            D120     D120       10         0
                text188                            886C     886C      186         0
                text187                            CFAC     CFAC       1E         0
                text186                            CE5C     CE5C       26         0
                text185                            CB84     CB84       38         0
                text184                            C832     C832       44         0
                text183                            7E82     7E82      1C8         0
                text182                            86E4     86E4      188         0
                text181                            92A0     92A0      164         0
                text180                            C93A     C93A       40         0
                text179                            D056     D056       18         0
                text178                            D1B2     D1B2        A         0
                text177                            AA1C     AA1C       CA         0
                text176                            C7EE     C7EE       44         0
                text175                            C400     C400       50         0
                text174                            ABAC     ABAC       C6         0
                text173                            6DF8     6DF8      2E4         0
                text172                            60D4     60D4      39A         0
                text171                            B21C     B21C       AA         0
                text170                            9E50     9E50      104         0
                text169                            590E     590E      42A         0
                text168                            CB4C     CB4C       38         0
                text167                            5022     5022      4C0         0
                text166                            C6DC     C6DC       46         0
                text165                            9D4A     9D4A      106         0
                text164                            A152     A152       FE         0
                text163                            7A9A     7A9A      212         0
                text162                            C00A     C00A       5E         0
                text161                            D21A     D21A        2         0
                text160                            C696     C696       46         0
                text159                            1CD6     1CD6      C24         0
                text158                            A6D6     A6D6       DC         0
                text157                            D218     D218        2         0
                text156                            D216     D216        2         0
                text155                            C7AA     C7AA       44         0
                text154                            7394     7394      2A6         0
                text153                            38F0     38F0      7B6         0
                text152                            BE26     BE26       64         0
                text151                            CDC2     CDC2       28         0
                text150                            8FD0     8FD0      16A         0
                text149                            9914     9914      116         0
                text148                            CF50     CF50       20         0
                text147                            BFAA     BFAA       60         0
                text146                            CCEA     CCEA       30         0
                text145                            A346     A346       F6         0
                text144                            8202     8202      1B4         0
                text143                            CBBC     CBBC       36         0
                text142                            67C6     67C6      336         0
                text141                            BCF8     BCF8       66         0
                text140                            89F2     89F2      17C         0
                text139                            C650     C650       46         0
                text138                            B98E     B98E       72         0
                text137                            CD1A     CD1A       2E         0
                text136                            B82A     B82A       7A         0
                text135                            BB4E     BB4E       6E         0
                text134                            BF4A     BF4A       60         0
                text133                            8E5E     8E5E      172         0
                text132                            A5F8     A5F8       DE         0
                text131                            763A     763A      24A         0
                text130                            D192     D192        C         0
                text129                            B91C     B91C       72         0
                text128                            CE36     CE36       26         0
                text127                            C0C2     C0C2       58         0
                text126                            BA70     BA70       70         0
                text125                            AD36     AD36       BC         0
                text124                            D20C     D20C        6         0
                text123                            D0DC     D0DC       14         0
                text122                            D206     D206        6         0
                text121                            CE10     CE10       26         0
                text120                            C49C     C49C       4C         0
                text119                            C35E     C35E       52         0
                text118                            C766     C766       44         0
                text117                            CADA     CADA       3A         0
                text116                            B00E     B00E       B2         0
                text115                            9404     9404      15E         0
                text114                            96A4     96A4      13C         0
                text113                            CB14     CB14       38         0
                text112                            CD48     CD48       2A         0
                text111                            D15A     D15A        E         0
                text110                            D200     D200        6         0
                text109                            D1FA     D1FA        6         0
                text108                            BBBC     BBBC       6A         0
                text107                            BA00     BA00       70         0
                text106                            CF0C     CF0C       22         0
                text105                              12       12     1098         0
                text104                            CDEA     CDEA       26         0
                text103                            B7B0     B7B0       7A         0
                text102                            B734     B734       7C         0
                text101                            C8FA     C8FA       40         0
                text100                            C30C     C30C       52         0
                text99                             83B6     83B6      1A4         0
                text98                             CC26     CC26       34         0
                text97                             D1D6     D1D6        8         0
                text96                             D1A8     D1A8        A         0
                text95                             AEA8     AEA8       B4         0
                text94                             B412     B412       8C         0
                text93                             B8A4     B8A4       78         0
                text92                             CF8E     CF8E       1E         0
                text91                             CCBA     CCBA       30         0
                text90                             BEEA     BEEA       60         0
                text89                             28FA     28FA      826         0
                text88                             40A6     40A6      5B2         0
                text87                             97E0     97E0      134         0
                text86                             8CE8     8CE8      176         0
                text85                             C450     C450       4C         0
                text84                             9562     9562      142         0
                text83                             B5B2     B5B2       86         0
                text82                             D110     D110       10         0
                text81                             CC8A     CC8A       30         0
                intcode_body                       A250     A250       F6         0
                text79                             D19E     D19E        A         0
                text78                             D1CE     D1CE        8         0
                text77                             D14C     D14C        E         0
                text76                             D1C6     D1C6        8         0
                text75                             D13E     D13E        E         0
                text74                             CF70     CF70       1E         0
                text73                             CEEA     CEEA       22         0
                text72                             D084     D084       16         0
                text71                             D06E     D06E       16         0
                text70                             C068     C068       5A         0
                text69                             D03C     D03C       1A         0
                text68                             C2BA     C2BA       52         0
                text67                             CEC8     CEC8       22         0
                text66                             D100     D100       10         0
                text65                             9A2A     9A2A      112         0
                text64                             BAE0     BAE0       6E         0
                text63                             CEA6     CEA6       22         0
                text62                             C722     C722       44         0
                text61                             CE82     CE82       24         0
                text60                             BDC2     BDC2       64         0
                text59                             CBF2     CBF2       34         0
                text58                             A054     A054       FE         0
                text57                             AAE6     AAE6       C6         0
                text56                             CAA0     CAA0       3A         0
                text55                             646E     646E      358         0
                text54                             BC90     BC90       68         0
                text53                             CD9A     CD9A       28         0
                text52                             CA66     CA66       3A         0
                text51                             C16E     C16E       54         0
                text50                             7CAC     7CAC      1D6         0
                text49                             855A     855A      18A         0
                text48                             913A     913A      166         0
                text47                             C8B8     C8B8       42         0
                text46                             CFE8     CFE8       1C         0
                text45                             D130     D130        E         0
                text44                             A950     A950       CC         0
                text43                             C5C2     C5C2       48         0
                text42                             C11A     C11A       54         0
                text41                             A884     A884       CC         0
                text40                             6AFC     6AFC      2FC         0
                text39                             AF5C     AF5C       B2         0
                text38                             5D38     5D38      39C         0
                text37                             B170     B170       AC         0
                text36                             9C44     9C44      106         0
                text35                             54E2     54E2      42C         0
                text34                             CA2C     CA2C       3A         0
                text33                             4B60     4B60      4C2         0
                text32                             C57A     C57A       48         0
                text31                             9B3C     9B3C      108         0
                text30                             9F54     9F54      100         0
                text29                             7884     7884      216         0
                text28                             BE8A     BE8A       60         0
                text27                             C9F2     C9F2       3A         0
                text26                             C532     C532       48         0
                text25                             10AA     10AA      C2C         0
                text24                             A51A     A51A       DE         0
                text23                             C97A     C97A       3E         0
                text22                             C9B8     C9B8       3A         0
                text21                             C60A     C60A       46         0
                text20                             70DC     70DC      2B8         0
                text19                             3120     3120      7D0         0
                text18                             BD5E     BD5E       64         0
                text17                             C268     C268       52         0
                text16                             A7B2     A7B2       D2         0
                text15                             D0F0     D0F0       10         0
                text14                             B6B8     B6B8       7C         0
                text13                             C876     C876       42         0
                text12                             B528     B528       8A         0
                text11                             B2C6     B2C6       A8         0
                text10                             D212     D212        4         0
                text9                              B638     B638       80         0
                text8                              B36E     B36E       A4         0
                text7                              CC5A     CC5A       30         0
                text6                              A43C     A43C       DE         0
                text5                              ADF2     ADF2       B6         0
                text4                              804A     804A      1B8         0
                text3                              4658     4658      508         0
                text2                              C216     C216       52         0
                text1                              C3B0     C3B0       50         0
                text0                              CD72     CD72       28         0
                cinit                              B49E     B49E       8A         0
                idataBANK2                         D1F4     D1F4        6         0
                idataBANK1                         D1EE     D1EE        6         0

        CLASS   CONST          

        CLASS   SMALLCONST     

        CLASS   MEDIUMCONST    
                mediumconst                        FB3C     FB3C      4C4         0

        CLASS   COMRAM         
                temp                                 7F       7F        1         1
                cstackCOMRAM                          1        1       7E         1

        CLASS   ABS1           

        CLASS   BIGRAM         
                bssBIGRAM                           40F      40F      400         1

        CLASS   RAM            

        CLASS   BANK0          
                cstackBANK0                          80       80       7D         1
                bssBANK0                             FD       FD        3         1

        CLASS   BANK1          
                cstackBANK1                         100      100       5F         1
                dataBANK1                           1B4      1B4        6         1
                bssBANK1                            15F      15F       55         1
                nvBANK1                             1BA      1BA        1         1

        CLASS   BANK2          
                cstackBANK2                         200      200       85         1
                dataBANK2                           2FA      2FA        6         1
                bssBANK2                            285      285       75         1

        CLASS   BANK3          
                cstackBANK3                         3C4      3C4       37         1
                bssBANK3                            300      300       C4         1

        CLASS   BANK4          
                cstackBANK4                         400      400        F         1

        CLASS   BANK5          

        CLASS   BANK6          

        CLASS   BANK7          

        CLASS   BANK8          

        CLASS   BANK9          

        CLASS   BANK10         

        CLASS   BANK11         

        CLASS   BANK12         

        CLASS   BANK13         

        CLASS   BANK14         

        CLASS   BANK15         

        CLASS   SFR            

        CLASS   BIGSFR         

        CLASS   CONFIG         
                config                           300000   300000        E         4

        CLASS   IDLOC          

        CLASS   EEDATA         

        CLASS   FARRAM         

        CLASS   HEAP           

        CLASS   STACK          



SEGMENTS        Name                           Load    Length   Top    Selector   Space  Class

                reset_vec                      000000  000004  000004         0       0  CODE    
                cstackCOMRAM                   000001  00007F  000080         1       1  COMRAM  
                intcode                        000008  00D214  00D21C         4       0  CODE    
                cstackBANK0                    000080  000080  000100        80       1  BANK0   
                cstackBANK1                    000100  0000BB  0001BB       100       1  BANK1   
                cstackBANK2                    000200  000100  000300       200       1  BANK2   
                bssBANK3                       000300  0000FB  0003FB       300       1  BANK3   
                cstackBANK4                    000400  00000F  00040F       400       1  BANK4   
                bssBIGRAM                      00040F  000400  00080F       40F       1  BIGRAM  
                mediumconst                    00FB3C  0004C4  010000      7D9E       0  MEDIUMCO


UNUSED ADDRESS RANGES

        Name                Unused          Largest block    Delta
        BANK1            0001BB-0001FF               45
        BANK10           000A00-000AFF              100
        BANK11           000B00-000BFF              100
        BANK12           000C00-000CFF              100
        BANK13           000D00-000DFF              100
        BANK14           000E00-000EFF              100
        BANK15           000F00-000F7F               80
        BANK3            0003FB-0003FF                5
        BANK8            00080F-0008FF               F1
        BANK9            000900-0009FF              100
        BIGRAM           0001BB-0001FF               45
                         0003FB-0003FF                5
                         00080F-000F7F              771
        BIGSFR           000F80-000FFF               80
        CODE             000004-000007                4
                         00D21C-00FB3B             2920
        CONST            000004-000007                4
                         00D21C-00FB3B             2920
        EEDATA           F00000-F003FF              400
        IDLOC            200000-200007                8
        MEDIUMCONST      00D21C-00FB3B             2920
        RAM              0001BB-0001FF               45
                         0003FB-0003FF                5
                         00080F-000F7F              100
        SFR              000F80-000FFF               80
        SMALLCONST       00D21C-00FB3B              100

                                  Symbol Table

?_Get_DS1307_RTC_Date                                 cstackCOMRAM 000011
?_Get_DS1307_RTC_Time                                 cstackCOMRAM 000011
?_OneWireTemp                                         cstackCOMRAM 000028
?___aodiv                                             cstackBANK2  000200
?___aomod                                             cstackBANK2  000200
?___awdiv                                             cstackBANK2  000200
?___awmod                                             cstackBANK2  000200
?___fladd                                             cstackBANK2  000227
?___fldiv                                             cstackBANK2  00020E
?___flmul                                             cstackBANK2  000200
?___flneg                                             cstackBANK2  000200
?___flsub                                             cstackBANK2  000237
?___fltol                                             cstackBANK2  000200
?___fpclassifyf                                       cstackBANK2  000200
?___lmul                                              cstackCOMRAM 000001
?___wmul                                              cstackBANK2  000200
?___xxtofl                                            cstackBANK2  000200
?_abs                                                 cstackBANK2  000212
?_atof                                                cstackCOMRAM 00007A
?_atoi                                                cstackBANK2  000207
?_dtoa                                                cstackBANK2  00021D
?_efgtoa                                              cstackBANK2  00023F
?_floorf                                              cstackBANK2  000227
?_isalpha                                             cstackBANK2  000200
?_isdigit                                             cstackBANK2  000200
?_islower                                             cstackBANK2  000200
?_isspace                                             cstackBANK2  000200
?_isupper                                             cstackBANK2  000200
?_isxdigit                                            cstackCOMRAM 000007
?_nanf                                                cstackCOMRAM 000001
?_pad                                                 cstackBANK2  000212
?_printf                                              cstackBANK0  0000D2
?_snprintf                                            cstackBANK0  0000D2
?_sprintf                                             cstackBANK3  0003E8
?_strchr                                              cstackCOMRAM 000001
?_strlen                                              cstackBANK2  000200
?_strncmp                                             cstackBANK2  000200
?_strtof                                              cstackCOMRAM 000065
?_tolower                                             cstackBANK2  000206
?_toupper                                             cstackBANK2  000206
?_vfpfcnvrt                                           cstackBANK2  00027D
?_vfprintf                                            cstackBANK3  0003E2
?_xtoa                                                cstackBANK2  00021D
?i2___aodiv                                           cstackCOMRAM 000001
?i2___aomod                                           cstackCOMRAM 000001
?i2___awdiv                                           cstackCOMRAM 000001
?i2___awmod                                           cstackCOMRAM 000001
?i2___fladd                                           cstackCOMRAM 000028
?i2___fldiv                                           cstackCOMRAM 00000F
?i2___flmul                                           cstackCOMRAM 000040
?i2___flneg                                           cstackCOMRAM 000001
?i2___flsub                                           cstackCOMRAM 000038
?i2___fltol                                           cstackCOMRAM 000059
?i2___fpclassifyf                                     cstackCOMRAM 000001
?i2___wmul                                            cstackCOMRAM 000001
?i2___xxtofl                                          cstackCOMRAM 000001
?i2_abs                                               cstackCOMRAM 000013
?i2_atoi                                              cstackCOMRAM 000007
?i2_dtoa                                              cstackCOMRAM 00001E
?i2_efgtoa                                            cstackCOMRAM 000065
?i2_floorf                                            cstackCOMRAM 000028
?i2_isdigit                                           cstackCOMRAM 000001
?i2_pad                                               cstackCOMRAM 000013
?i2_sprintf                                           cstackBANK0  0000D2
?i2_strlen                                            cstackCOMRAM 000001
?i2_strncmp                                           cstackCOMRAM 000005
?i2_tolower                                           cstackCOMRAM 000003
?i2_toupper                                           cstackCOMRAM 000003
?i2_vfpfcnvrt                                         cstackCOMRAM 000071
?i2_vfprintf                                          cstackBANK0  0000CC
?i2_xtoa                                              cstackCOMRAM 00001E
DisplayDateOnLCD@pDate                                cstackCOMRAM 00000D
DisplayDateOnLCD@tens                                 cstackCOMRAM 000010
DisplayDateOnLCD@units                                cstackCOMRAM 000011
DisplayTimeToLCD@pTime                                cstackCOMRAM 00000D
DisplayTimeToLCD@tens                                 cstackCOMRAM 000010
DisplayTimeToLCD@units                                cstackCOMRAM 000011
Get_DS1307_RTC_Date@Temp                              cstackCOMRAM 00001E
Get_DS1307_RTC_Date@currentDate                       cstackCOMRAM 00001A
Get_DS1307_RTC_Date@pRTCArray                         cstackCOMRAM 000016
Get_DS1307_RTC_Time@Temp                              cstackCOMRAM 000019
Get_DS1307_RTC_Time@currentTime                       cstackCOMRAM 00001A
Get_DS1307_RTC_Time@pRTCArray                         cstackCOMRAM 000016
I2C_ReadFromAddress@deviceAddress                     cstackBANK2  000204
I2C_ReadRegister@deviceAddress                        cstackCOMRAM 000009
I2C_ReadRegister@registerAddress                      cstackCOMRAM 000007
I2C_ReadRegister@result                               cstackCOMRAM 000008
I2C_ReadResult@readback                               cstackBANK2  000202
I2C_ReadResult@x                                      cstackBANK2  000200
I2C_ReadResult_withAck@readback                       cstackCOMRAM 000003
I2C_ReadResult_withAck@x                              cstackCOMRAM 000001
I2C_WriteByte@temp                                    cstackBANK2  000203
I2C_WriteByte@theByte                                 cstackBANK2  000200
I2C_WriteByte@x                                       cstackBANK2  000201
I2C_WriteToAddress@deviceAddress                      cstackBANK2  000204
I2C_WriteToAddress@temp                               cstackBANK2  000205
LCD_CMD@CMD                                           cstackBANK2  000207
LCD_Init@I2C_Add                                      cstackBANK2  00020A
LCD_Set_Cursor@COL                                    cstackBANK2  000208
LCD_Set_Cursor@ROW                                    cstackBANK2  00020B
LCD_Write_4Bit@Nibble                                 cstackBANK2  000206
LCD_Write_Char@Data                                   cstackBANK2  000207
LCD_Write_String@Str                                  cstackBANK2  000208
LCD_Write_String@i                                    cstackBANK2  00020A
OneWireReadBit@out                                    cstackCOMRAM 000001
OneWireReadByte@i                                     cstackCOMRAM 000003
OneWireReadByte@out                                   cstackCOMRAM 000005
OneWireTemp@LSB                                       cstackCOMRAM 000034
OneWireTemp@MSB                                       cstackCOMRAM 000035
OneWireTemp@data                                      cstackCOMRAM 000032
OneWireTemp@temperature                               cstackCOMRAM 00002E
OneWireWriteBit@b                                     cstackCOMRAM 000001
OneWireWriteByte@b                                    cstackCOMRAM 000004
OneWireWriteByte@i                                    cstackCOMRAM 000002
Read_Bytes_From_DS1307_RTC@Address                    cstackCOMRAM 00000E
Read_Bytes_From_DS1307_RTC@NoOfBytes                  cstackCOMRAM 00000C
Read_Bytes_From_DS1307_RTC@i                          cstackCOMRAM 00000F
Read_Bytes_From_DS1307_RTC@pData                      cstackCOMRAM 00000A
SD_ACMD@arg                                           cstackCOMRAM 00000B
SD_ACMD@cmd                                           cstackCOMRAM 00000F
SD_Command@arg                                        cstackCOMRAM 000004
SD_Command@cmd                                        cstackCOMRAM 000009
SD_Command@n                                          cstackCOMRAM 000008
SD_Command@response                                   cstackCOMRAM 00000A
SD_MBR_Receive@bufReceive                             cstackCOMRAM 000004
SD_MBR_Receive@i                                      cstackCOMRAM 000006
SD_MBR_Start@response                                 cstackCOMRAM 000010
SD_MBR_Start@startBlock                               cstackCOMRAM 00000B
SSD1306_ClearDisplay@i                                cstackBANK2  000207
SSD1306_GotoXY@x                                      cstackBANK2  000201
SSD1306_GotoXY@y                                      cstackBANK2  000200
SSD1306_Init@i2caddr                                  cstackBANK2  000207
SSD1306_Init@vccstate                                 cstackBANK2  000208
SSD1306_PutStretchC@F3715                             bssBANK2     0002CD
SSD1306_PutStretchC@b                                 cstackBANK2  000210
SSD1306_PutStretchC@bn                                cstackBANK2  000215
SSD1306_PutStretchC@bn_2788                           cstackBANK2  00021A
SSD1306_PutStretchC@c                                 cstackBANK2  00021D
SSD1306_PutStretchC@font_c                            cstackBANK2  000218
SSD1306_PutStretchC@i                                 cstackBANK2  000216
SSD1306_PutStretchC@i_2779                            cstackBANK2  00021C
SSD1306_PutStretchC@i_2783                            cstackBANK2  00021E
SSD1306_PutStretchC@i_2787                            cstackBANK2  000217
SSD1306_PutStretchC@offs                              cstackBANK2  000219
SSD1306_PutStretchC@p                                 cstackBANK2  00021B
SSD1306_PutStretchC@pos                               cstackBANK2  000214
SSD1306_PutStretchC@size_mult                         cstackBANK2  000208
Timer1_DefaultInterruptHandler@cpt_ms_buzzer          bssBANK2     0002E3
Timer1_DefaultInterruptHandler@cpt_ms_lcd             bssBANK2     0002E7
Timer1_DefaultInterruptHandler@cpt_ms_oled            bssBANK2     0002E5
Timer1_DefaultInterruptHandler@cpt_ms_sd              bssBANK2     0002D1
Timer1_DefaultInterruptHandler@cpt_ms_temp_management bssBANK0     0000FD
Timer1_Init@_timer                                    cstackBANK2  000202
Timer1_Mode_Selection@_timer                          cstackBANK2  000200
USART_ASYNCRONOUS_RX_Init@_usart                      cstackBANK2  000200
USART_ASYNCRONOUS_TX_Init@_usart                      cstackBANK2  000200
USART_Asynchronous_Initialize@_usart                  cstackBANK2  000243
USART_Asynchronous_Initialize@ret                     cstackBANK2  000245
USART_Asynchronous_ReadByte_NonBlocking@_data         cstackCOMRAM 000001
USART_Asynchronous_ReadByte_NonBlocking@ret           cstackCOMRAM 000003
USART_Asynchronous_WriteByte_Blocking@_data           cstackBANK2  000200
USART_Baud_Rate_Calculation@Baud_Rate_Temp_Value      cstackBANK2  00023B
USART_Baud_Rate_Calculation@_usart                    cstackBANK2  000237
USART_FramingDefaultErrorHandler@_data_               cstackCOMRAM 000004
USART_RxDefaultInterruptHandler@i                     cstackBANK0  0000FB
_ACMD22                                               mediumconst  00FD20
_BAUDCONbits                                          (abs)        000FB8
_BackLight_State                                      dataBANK1    0001B9
_CCP1CON                                              (abs)        000FBD
_CCPR1L                                               (abs)        000FBE
_CMD13                                                mediumconst  00FD2B
_DisplayDateOnLCD                                     text190      008B6E
_DisplayTimeToLCD                                     text188      00886C
_Font                                                 mediumconst  00FB3D
_Font2                                                mediumconst  00FC3C
_Get_DS1307_RTC_Date                                  text126      00BA70
_Get_DS1307_RTC_Time                                  text125      00AD36
_I2C_Delay                                            text79       00D19E
_I2C_ReadFromAddress                                  text15       00D0F0
_I2C_ReadRegister                                     text128      00CE36
_I2C_ReadResult                                       text14       00B6B8
_I2C_ReadResult_withAck                               text103      00B7B0
_I2C_SendOne                                          text72       00D084
_I2C_SendZero                                         text71       00D06E
_I2C_Start                                            text74       00CF70
_I2C_Stop                                             text73       00CEEA
_I2C_WriteByte                                        text70       00C068
_I2C_WriteToAddress                                   text69       00D03C
_INTCONbits                                           (abs)        000FF2
_InterruptManager                                     intcode      000008
_LATAbits                                             (abs)        000F89
_LATEbits                                             (abs)        000F8D
_LCD_CMD                                              text67       00CEC8
_LCD_Clear                                            text66       00D100
_LCD_Init                                             text65       009A2A
_LCD_Set_Cursor                                       text64       00BAE0
_LCD_Write_4Bit                                       text68       00C2BA
_LCD_Write_Char                                       text63       00CEA6
_LCD_Write_String                                     text62       00C722
_OSCCON                                               (abs)        000FD3
_OSCCONbits                                           (abs)        000FD3
_OSCTUNE                                              (abs)        000F9B
_OneWireHigh                                          text124      00D20C
_OneWireRead                                          text123      00D0DC
_OneWireReadBit                                       text121      00CE10
_OneWireReadByte                                      text120      00C49C
_OneWireRelease                                       text122      00D206
_OneWireReset                                         text119      00C35E
_OneWireTemp                                          text116      00B00E
_OneWireWriteBit                                      text118      00C766
_OneWireWriteByte                                     text117      00CADA
_PIE1bits                                             (abs)        000F9D
_PIR1bits                                             (abs)        000F9E
_PORTA                                                (abs)        000F80
_PORTCbits                                            (abs)        000F82
_PORTD                                                (abs)        000F83
_PORTDbits                                            (abs)        000F83
_PORTE                                                (abs)        000F84
_PR2                                                  (abs)        000FCB
_RCREG                                                (abs)        000FAE
_RCSTAbits                                            (abs)        000FAB
_RS                                                   bssBANK1     0001AE
_Read_Bytes_From_DS1307_RTC                           text127      00C0C2
_SCL_High                                             text78       00D1CE
_SCL_Low                                              text77       00D14C
_SDA_High                                             text76       00D1C6
_SDA_Low                                              text75       00D13E
_SDCard                                               bssBANK1     00015F
_SD_ACMD                                              text91       00CCBA
_SD_Command                                           text94       00B412
_SD_MBR_Receive                                       text95       00AEA8
_SD_MBR_Start                                         text93       00B8A4
_SD_MBR_Stop                                          text92       00CF8E
_SDreadBuffer                                         bssBIGRAM    00040F
_SDwriteBuffer                                        bssBIGRAM    00060F
_SPBRG                                                (abs)        000FAF
_SPBRGH                                               (abs)        000FB0
_SSD1306_ClearDisplay                                 text60       00BDC2
_SSD1306_GotoXY                                       text59       00CBF2
_SSD1306_Init                                         text58       00A054
_SSD1306_PutStretchC                                  text55       00646E
_SSPBUF                                               (abs)        000FC9
_SSPCON1                                              (abs)        000FC6
_SSPCON1bits                                          (abs)        000FC6
_SSPIF                                                (abs)        007CF3
_SSPSTAT                                              (abs)        000FC7
_SSPSTATbits                                          (abs)        000FC7
_T0CONbits                                            (abs)        000FD5
_T1CONbits                                            (abs)        000FCD
_T2CON                                                (abs)        000FCA
_T2CONbits                                            (abs)        000FCA
_TMR0H                                                (abs)        000FD7
_TMR0L                                                (abs)        000FD6
_TMR0_ISR                                             text208      00D184
_TMR0_InterruptHandler                                bssBANK2     0002E1
_TMR1H                                                (abs)        000FCF
_TMR1L                                                (abs)        000FCE
_TMR1_ISR                                             text113      00CB14
_TMR1_InterruptHandler                                bssBANK1     00019A
_TMR2                                                 (abs)        000FCC
_TRISA                                                (abs)        000F92
_TRISAbits                                            (abs)        000F92
_TRISCbits                                            (abs)        000F94
_TRISD                                                (abs)        000F95
_TRISDbits                                            (abs)        000F95
_TRISEbits                                            (abs)        000F96
_TXREG                                                (abs)        000FAD
_TXSTAbits                                            (abs)        000FAC
_Temp                                                 bssBANK1     0001AF
_Timer1_DefaultInterruptHandler                       text114      0096A4
_Timer1_Init                                          text8        00B36E
_Timer1_Mode_Selection                                text9        00B638
_USART_ASYNCRONOUS_RX_Init                            text6        00A43C
_USART_ASYNCRONOUS_TX_Init                            text5        00ADF2
_USART_Asynchronous_Initialize                        text2        00C216
_USART_Asynchronous_ReadByte_NonBlocking              text112      00CD48
_USART_Asynchronous_Restart_RX                        text110      00D200
_USART_Asynchronous_WriteByte_Blocking                text46       00CFE8
_USART_Baud_Rate_Calculation                          text3        004658
_USART_Baud_Rate_Calculation$4445                     cstackBANK2  00023F
_USART_FramingDefaultErrorHandler                     text111      00D15A
_USART_FramingErrorHandler                            bssBANK1     0001A2
_USART_OverrunDefaultErrorHandler                     text109      00D1FA
_USART_OverrunErrorHandler                            bssBANK1     0001A0
_USART_RX_ISR                                         text83       00B5B2
_USART_RxDefaultInterruptHandler                      text84       009562
_USART_RxDefaultInterruptHandler@hal_usart$F937       bssBANK1     0001A4
_USART_TX_ISR                                         text81       00CC8A
_USART_TxDefaultInterruptHandler                      text82       00D110
_USART_TxDefaultInterruptHandler@hal_usart$F932       bssBANK1     0001A6
__HRAM                                                (abs)        000000
__Habs1                                               abs1         000000
__Hbank0                                              bank0        000000
__Hbank1                                              bank1        000000
__Hbank10                                             bank10       000000
__Hbank11                                             bank11       000000
__Hbank12                                             bank12       000000
__Hbank13                                             bank13       000000
__Hbank14                                             bank14       000000
__Hbank15                                             bank15       000000
__Hbank2                                              bank2        000000
__Hbank3                                              bank3        000000
__Hbank4                                              bank4        000000
__Hbank5                                              bank5        000000
__Hbank6                                              bank6        000000
__Hbank7                                              bank7        000000
__Hbank8                                              bank8        000000
__Hbank9                                              bank9        000000
__Hbigbss                                             bigbss       000000
__Hbigdata                                            bigdata      000000
__Hbigram                                             bigram       000000
__Hbigsfr                                             bigsfr       000000
__Hbss                                                bss          000000
__HbssBANK0                                           bssBANK0     000000
__HbssBANK1                                           bssBANK1     000000
__HbssBANK2                                           bssBANK2     000000
__HbssBANK3                                           bssBANK3     000000
__HbssBIGRAM                                          bssBIGRAM    000000
__Hcinit                                              cinit        000000
__Hclrtext                                            clrtext      000000
__Hcomram                                             comram       000000
__Hconfig                                             config       30000E
__Hconst                                              const        000000
__HcstackBANK0                                        cstackBANK0  000000
__HcstackBANK1                                        cstackBANK1  000000
__HcstackBANK2                                        cstackBANK2  000000
__HcstackBANK3                                        cstackBANK3  000000
__HcstackBANK4                                        cstackBANK4  000000
__HcstackCOMRAM                                       cstackCOMRAM 000000
__Hdata                                               data         000000
__HdataBANK1                                          dataBANK1    000000
__HdataBANK2                                          dataBANK2    000000
__Heeprom_data                                        eeprom_data  000000
__Hfarbss                                             farbss       000000
__Hfardata                                            fardata      000000
__Hheap                                               heap         000000
__Hibigdata                                           ibigdata     000000
__Hidata                                              idata        000000
__HidataBANK1                                         idataBANK1   000000
__HidataBANK2                                         idataBANK2   000000
__Hidloc                                              idloc        000000
__Hifardata                                           ifardata     000000
__Hinit                                               init         000012
__Hintcode                                            intcode      00000E
__Hintcode_body                                       intcode_body 000000
__Hintcodelo                                          intcodelo    00000E
__Hintentry                                           intentry     000000
__Hintret                                             intret       000000
__Hintsave_regs                                       intsave_regs 000000
__Hirdata                                             irdata       000000
__Hmediumconst                                        mediumconst  010000
__HnvBANK1                                            nvBANK1      000000
__HnvFARRAM                                           nvFARRAM     000000
__Hnvbit                                              nvbit        000000
__Hnvrram                                             nvrram       000000
__Hparam                                              rparam       000000
__Hpowerup                                            powerup      00000E
__Hram                                                ram          000000
__Hramtop                                             ramtop       001000
__Hrbit                                               rbit         000000
__Hrbss                                               rbss         000000
__Hrdata                                              rdata        000000
__Hreset_vec                                          reset_vec    000004
__Hrparam                                             rparam       000000
__Hsfr                                                sfr          000000
__Hsmallconst                                         smallconst   000000
__Hspace_0                                            (abs)        010000
__Hspace_1                                            (abs)        00080F
__Hspace_2                                            (abs)        000000
__Hspace_4                                            (abs)        60000E
__Hstack                                              stack        000000
__Hstruct                                             struct       000000
__Htemp                                               temp         000080
__Htext                                               text         000000
__Htext0                                              text0        000000
__Htext1                                              text1        000000
__Htext10                                             text10       000000
__Htext100                                            text100      000000
__Htext101                                            text101      000000
__Htext102                                            text102      000000
__Htext103                                            text103      000000
__Htext104                                            text104      000000
__Htext105                                            text105      000000
__Htext106                                            text106      000000
__Htext107                                            text107      000000
__Htext108                                            text108      000000
__Htext109                                            text109      000000
__Htext11                                             text11       000000
__Htext110                                            text110      000000
__Htext111                                            text111      000000
__Htext112                                            text112      000000
__Htext113                                            text113      000000
__Htext114                                            text114      000000
__Htext115                                            text115      000000
__Htext116                                            text116      000000
__Htext117                                            text117      000000
__Htext118                                            text118      000000
__Htext119                                            text119      000000
__Htext12                                             text12       000000
__Htext120                                            text120      000000
__Htext121                                            text121      000000
__Htext122                                            text122      000000
__Htext123                                            text123      000000
__Htext124                                            text124      000000
__Htext125                                            text125      000000
__Htext126                                            text126      000000
__Htext127                                            text127      000000
__Htext128                                            text128      000000
__Htext129                                            text129      000000
__Htext13                                             text13       000000
__Htext130                                            text130      000000
__Htext131                                            text131      000000
__Htext132                                            text132      000000
__Htext133                                            text133      000000
__Htext134                                            text134      000000
__Htext135                                            text135      000000
__Htext136                                            text136      000000
__Htext137                                            text137      000000
__Htext138                                            text138      000000
__Htext139                                            text139      000000
__Htext14                                             text14       000000
__Htext140                                            text140      000000
__Htext141                                            text141      000000
__Htext142                                            text142      000000
__Htext143                                            text143      000000
__Htext144                                            text144      000000
__Htext145                                            text145      000000
__Htext146                                            text146      000000
__Htext147                                            text147      000000
__Htext148                                            text148      000000
__Htext149                                            text149      000000
__Htext15                                             text15       000000
__Htext150                                            text150      000000
__Htext151                                            text151      000000
__Htext152                                            text152      000000
__Htext153                                            text153      000000
__Htext154                                            text154      000000
__Htext155                                            text155      000000
__Htext156                                            text156      000000
__Htext157                                            text157      000000
__Htext158                                            text158      000000
__Htext159                                            text159      000000
__Htext16                                             text16       000000
__Htext160                                            text160      000000
__Htext161                                            text161      000000
__Htext162                                            text162      000000
__Htext163                                            text163      000000
__Htext164                                            text164      000000
__Htext165                                            text165      000000
__Htext166                                            text166      000000
__Htext167                                            text167      000000
__Htext168                                            text168      000000
[...]
xtoa@c                                                cstackBANK2  00023E
xtoa@d                                                cstackBANK2  00021F
xtoa@fp                                               cstackBANK2  00021D
xtoa@i                                                cstackBANK2  00023C
xtoa@n                                                cstackBANK2  000234
xtoa@p                                                cstackBANK2  000230
xtoa@w                                                cstackBANK2  000232
xtoa@x                                                cstackBANK2  000227


MODULE INFORMATION

Module		Function		Class		Link	Load	Size
hal_timer1.c
		_Timer1_Mode_Selection		CODE           	B638	0000	128
		_Timer1_Init   		CODE           	B36E	0000	164
		_TMR1_ISR      		CODE           	CB14	0000	56

hal_timer1.c estimated size: 348

C:\Program Files\Microchip\xc8\v2.36\pic\sources\c99\common\nanf.c
		_nanf          		CODE           	CF0C	0000	34

C:\Program Files\Microchip\xc8\v2.36\pic\sources\c99\common\nanf.c estimated size: 34

hal_usart.c
		_USART_RX_ISR  		CODE           	B5B2	0000	134
		_USART_Baud_Rate_Calculation		CODE           	4658	0000	1288
		_USART_Asynchronous_Restart_RX		CODE           	D200	0000	6
		_USART_ASYNCRONOUS_RX_Init		CODE           	A43C	0000	222
		_USART_TX_ISR  		CODE           	CC8A	0000	48
		_USART_ASYNCRONOUS_TX_Init		CODE           	ADF2	0000	182
		_USART_Asynchronous_WriteByte_Blocking		CODE           	CFE8	0000	28
		_USART_Asynchronous_Initialize		CODE           	C216	0000	82
		_USART_Asynchronous_ReadByte_NonBlocking		CODE           	CD48	0000	42

hal_usart.c estimated size: 2032

AT24C32.c
		_read_one_page_in_eeprom		CODE           	B734	0000	124
		_read_one_byte_in_eeprom		CODE           	C876	0000	66
		_write_one_page_in_eeprom		CODE           	BF4A	0000	96
		_write_one_byte_in_eeprom		CODE           	CD1A	0000	46

AT24C32.c estimated size: 332

C:\Program Files\Microchip\xc8\v2.36\pic\sources\c99\common\nf_fputs.c
		_fputs         		CODE           	C5C2	0000	72

C:\Program Files\Microchip\xc8\v2.36\pic\sources\c99\common\nf_fputs.c estimated size: 72

C:\Program Files\Microchip\xc8\v2.36\pic\sources\c99\common\aomod.c
		___aomod       		CODE           	913A	0000	358

C:\Program Files\Microchip\xc8\v2.36\pic\sources\c99\common\aomod.c estimated size: 358

C:\Program Files\Microchip\xc8\v2.36\pic\sources\c99\common\printf.c
		_printf        		CODE           	CDC2	0000	40

C:\Program Files\Microchip\xc8\v2.36\pic\sources\c99\common\printf.c estimated size: 40

SD_PIC.c
		_SD_MBR_Stop   		CODE           	CF8E	0000	30
		_SD_MBR_Start  		CODE           	B8A4	0000	120
		_SD_MBR_Receive		CODE           	AEA8	0000	180
		_initSD        		CODE           	28FA	0000	2086
		_SD_Command    		CODE           	B412	0000	140
		_SD_ACMD       		CODE           	CCBA	0000	48

SD_PIC.c estimated size: 2604

C:\Program Files\Microchip\xc8\v2.36\pic\sources\c99\common\islower.c
		_islower       		CODE           	C9B8	0000	58

C:\Program Files\Microchip\xc8\v2.36\pic\sources\c99\common\islower.c estimated size: 58

buzzer.c
		_buzzer        		CODE           	CFAC	0000	30

buzzer.c estimated size: 30

i2c_soft.c
		_I2C_ReadFromAddress		CODE           	D0F0	0000	16
		_SCL_High      		CODE           	D1CE	0000	8
		_I2C_WriteToAddress		CODE           	D03C	0000	26
		_I2C_ReadResult_withAck		CODE           	B7B0	0000	122
		_SDA_Low       		CODE           	D13E	0000	14
		_I2C_Stop      		CODE           	CEEA	0000	34
		_I2C_WriteByte 		CODE           	C068	0000	90
		_I2C_SendOne   		CODE           	D084	0000	22
		_I2C_Delay     		CODE           	D19E	0000	10
		_I2C_ReadRegister		CODE           	CE36	0000	38
		_I2C_SendZero  		CODE           	D06E	0000	22
		_SDA_High      		CODE           	D1C6	0000	8
		_I2C_ReadResult		CODE           	B6B8	0000	124
		_I2C_Start     		CODE           	CF70	0000	30
		_SCL_Low       		CODE           	D14C	0000	14

i2c_soft.c estimated size: 578

C:\Program Files\Microchip\xc8\v2.36\pic\sources\c99\common\strncmp.c
		_strncmp       		CODE           	A51A	0000	222

C:\Program Files\Microchip\xc8\v2.36\pic\sources\c99\common\strncmp.c estimated size: 222

C:\Program Files\Microchip\xc8\v2.36\pic\sources\c99\common\tolower.c
		_tolower       		CODE           	C532	0000	72

C:\Program Files\Microchip\xc8\v2.36\pic\sources\c99\common\tolower.c estimated size: 72

C:\Program Files\Microchip\xc8\v2.36\pic\sources\c99\common\__fpclassifyf.c
		___fpclassifyf 		CODE           	9F54	0000	256

C:\Program Files\Microchip\xc8\v2.36\pic\sources\c99\common\__fpclassifyf.c estimated size: 256

C:\Program Files\Microchip\xc8\v2.36\pic\sources\c99\common\sprcmul.c
		___flmul       		CODE           	54E2	0000	1068

C:\Program Files\Microchip\xc8\v2.36\pic\sources\c99\common\sprcmul.c estimated size: 1068

heater.c
		_heater_set_mode		CODE           	C650	0000	70

heater.c estimated size: 70

C:\Program Files\Microchip\xc8\v2.36\pic\sources\c99\common\floorf.c
		_floorf        		CODE           	7884	0000	534

C:\Program Files\Microchip\xc8\v2.36\pic\sources\c99\common\floorf.c estimated size: 534

C:\Program Files\Microchip\xc8\v2.36\pic\sources\c99\common\sprcdiv.c
		___fldiv       		CODE           	5D38	0000	924

C:\Program Files\Microchip\xc8\v2.36\pic\sources\c99\common\sprcdiv.c estimated size: 924

C:\Program Files\Microchip\xc8\v2.36\pic\sources\c99\common\atoi.c
		_atoi          		CODE           	7CAC	0000	470

C:\Program Files\Microchip\xc8\v2.36\pic\sources\c99\common\atoi.c estimated size: 470

C:\Program Files\Microchip\xc8\v2.36\pic\sources\c99\common\fleq.c
		___fleq        		CODE           	B170	0000	172

C:\Program Files\Microchip\xc8\v2.36\pic\sources\c99\common\fleq.c estimated size: 172

C:\Program Files\Microchip\xc8\v2.36\pic\sources\c99\common\toupper.c
		_toupper       		CODE           	C60A	0000	70

C:\Program Files\Microchip\xc8\v2.36\pic\sources\c99\common\toupper.c estimated size: 70

C:\Program Files\Microchip\xc8\v2.36\pic\sources\c99\common\awmod.c
		___awmod       		CODE           	AF5C	0000	178

C:\Program Files\Microchip\xc8\v2.36\pic\sources\c99\common\awmod.c estimated size: 178

C:\Program Files\Microchip\xc8\v2.36\pic\sources\c99\common\Umul32.c
		___lmul        		CODE           	BBBC	0000	106

C:\Program Files\Microchip\xc8\v2.36\pic\sources\c99\common\Umul32.c estimated size: 106

C:\Program Files\Microchip\xc8\v2.36\pic\sources\c99\common\nf_sprintf.c
		_sprintf       		CODE           	C268	0000	82

C:\Program Files\Microchip\xc8\v2.36\pic\sources\c99\common\nf_sprintf.c estimated size: 82

C:\Program Files\Microchip\xc8\v2.36\pic\sources\c99\common\isalpha.c
		_isalpha       		CODE           	C97A	0000	62

C:\Program Files\Microchip\xc8\v2.36\pic\sources\c99\common\isalpha.c estimated size: 62

C:\Program Files\Microchip\xc8\v2.36\pic\sources\c99\common\isspace.c
		_isspace       		CODE           	C16E	0000	84

C:\Program Files\Microchip\xc8\v2.36\pic\sources\c99\common\isspace.c estimated size: 84

temp_monitoring.c
		_launch_screen 		CODE           	A7B2	0000	210
		_reset_eep_address_in_eeprom		CODE           	B82A	0000	122
		_save_eep_address_in_eeprom		CODE           	BB4E	0000	110
		_read_eep_address_in_eeprom		CODE           	B528	0000	138
		_print_temperature		CODE           	89F2	0000	380
		_save_in_eeprom		CODE           	8E5E	0000	370
		_read_sd_address_in_eeprom		CODE           	B2C6	0000	168
		_log_system    		CODE           	8FD0	0000	362
		_extract_data_for_days		CODE           	40A6	0000	1458
		_update_system_data		CODE           	9404	0000	350
		_extract_all_alarms		CODE           	83B6	0000	420
		_temp_management		CODE           	763A	0000	586

temp_monitoring.c estimated size: 4674

C:\Program Files\Microchip\xc8\v2.36\pic\sources\c99\common\xxtofl.c
		___xxtofl      		CODE           	804A	0000	440

C:\Program Files\Microchip\xc8\v2.36\pic\sources\c99\common\xxtofl.c estimated size: 440

C:\Program Files\Microchip\xc8\v2.36\pic\sources\c99\common\strlen.c
		_strlen        		CODE           	C11A	0000	84

C:\Program Files\Microchip\xc8\v2.36\pic\sources\c99\common\strlen.c estimated size: 84

C:\Program Files\Microchip\xc8\v2.36\pic\sources\c99\common\strchr.c
		_strchr        		CODE           	C450	0000	76

C:\Program Files\Microchip\xc8\v2.36\pic\sources\c99\common\strchr.c estimated size: 76

C:\Program Files\Microchip\xc8\v2.36\pic\sources\c99\common\strcpy.c
		_strcpy        		CODE           	BE8A	0000	96

C:\Program Files\Microchip\xc8\v2.36\pic\sources\c99\common\strcpy.c estimated size: 96

C:\Program Files\Microchip\xc8\v2.36\pic\sources\c99\common\aodiv.c
		___aodiv       		CODE           	855A	0000	394

C:\Program Files\Microchip\xc8\v2.36\pic\sources\c99\common\aodiv.c estimated size: 394

C:\Program Files\Microchip\xc8\v2.36\pic\sources\c99\common\memset.c
		_memset        		CODE           	8CE8	0000	374

C:\Program Files\Microchip\xc8\v2.36\pic\sources\c99\common\memset.c estimated size: 374

C:\Program Files\Microchip\xc8\v2.36\pic\sources\c99\common\nf_fputc.c
		_fputc         		CODE           	A950	0000	204

C:\Program Files\Microchip\xc8\v2.36\pic\sources\c99\common\nf_fputc.c estimated size: 204

C:\Program Files\Microchip\xc8\v2.36\pic\sources\c99\common\isdigit.c
		_isdigit       		CODE           	CA66	0000	58

C:\Program Files\Microchip\xc8\v2.36\pic\sources\c99\common\isdigit.c estimated size: 58

hal_timer0.c
		_TMR0_ISR      		CODE           	D184	0000	14

hal_timer0.c estimated size: 14

C:\Program Files\Microchip\xc8\v2.36\pic\sources\c99\common\sprcadd.c
		___flsub       		CODE           	C57A	0000	72
		___fladd       		CODE           	4B60	0000	1218

C:\Program Files\Microchip\xc8\v2.36\pic\sources\c99\common\sprcadd.c estimated size: 1290

SPI_PIC.c
		_spiTransfer   		CODE           	CC26	0000	52
		_spiReceive    		CODE           	D1D6	0000	8
		_spiInit       		CODE           	BEEA	0000	96
		_spiSend       		CODE           	D1A8	0000	10

SPI_PIC.c estimated size: 166

C:\Program Files\Microchip\xc8\v2.36\pic\sources\c99\common\awdiv.c
		___awdiv       		CODE           	AAE6	0000	198

C:\Program Files\Microchip\xc8\v2.36\pic\sources\c99\common\awdiv.c estimated size: 198

PWM.c
		_start_pwm     		CODE           	D212	0000	4
		_set_pwm_duty  		CODE           	A5F8	0000	222

PWM.c estimated size: 226

C:\Program Files\Microchip\xc8\v2.36\pic\sources\c99\common\doprnt.c
		_vfpfcnvrt     		CODE           	3120	0000	2000
		_efgtoa        		CODE           	10AA	0000	3116
		_pad           		CODE           	A884	0000	204
		_dtoa          		CODE           	6AFC	0000	764
		_vfprintf      		CODE           	BD5E	0000	100
		_xtoa          		CODE           	70DC	0000	696

C:\Program Files\Microchip\xc8\v2.36\pic\sources\c99\common\doprnt.c estimated size: 6880

C:\Program Files\Microchip\xc8\v2.36\pic\sources\c99\common\fltol.c
		___fltol       		CODE           	9B3C	0000	264

C:\Program Files\Microchip\xc8\v2.36\pic\sources\c99\common\fltol.c estimated size: 264

C:\Program Files\Microchip\xc8\v2.36\pic\sources\c99\common\lbmod.c
		___lbmod       		CODE           	CAA0	0000	58

C:\Program Files\Microchip\xc8\v2.36\pic\sources\c99\common\lbmod.c estimated size: 58

shared
		_CMD8CRC       		MEDIUMCONST    	0000	0000	0
		_CMD17         		MEDIUMCONST    	0000	0000	0
		_CMD55         		MEDIUMCONST    	0000	0000	0
		i2_vfpfcnvrt   		CODE           	38F0	0000	1974
		i2_SSD1306_GotoXY		CODE           	CCEA	0000	48
		i2_LCD_Write_4Bit		CODE           	C4E8	0000	74
		i2_pad         		CODE           	ABAC	0000	198
		i2_atoi        		CODE           	7E82	0000	456
		i2_SCL_Low     		CODE           	D176	0000	14
		i2_abs         		CODE           	C93A	0000	64
		i2_floorf      		CODE           	7A9A	0000	530
		i2_LCD_Write_Char		CODE           	D004	0000	28
		_R1_ILLEGAL_COMMAND		MEDIUMCONST    	0000	0000	0
		i2_putch       		CODE           	D1B2	0000	10
		i2___fleq      		CODE           	B21C	0000	170
		i2_isspace     		CODE           	C832	0000	68
		i2_I2C_Delay   		CODE           	D1BC	0000	10
		_ACMD22        		MEDIUMCONST    	FD20	0000	1
		_ACMD41        		MEDIUMCONST    	0000	0000	0
		_START_BLOCK   		MEDIUMCONST    	0000	0000	0
		_CMD12         		MEDIUMCONST    	0000	0000	0
		_CMD8          		MEDIUMCONST    	0000	0000	0
		i2_strncmp     		CODE           	A6D6	0000	220
		i2_LCD_CMD     		CODE           	D020	0000	28
		_CMD18         		MEDIUMCONST    	0000	0000	0
		i2_LCD_Clear   		CODE           	D120	0000	16
		i2___lbmod     		CODE           	CBBC	0000	54
		_CMD9          		MEDIUMCONST    	0000	0000	0
		i2_SDA_Low     		CODE           	D168	0000	14
		i2_vfprintf    		CODE           	BE26	0000	100
		i2_I2C_ReadFromAddress		CODE           	D192	0000	12
		i2_isdigit     		CODE           	CB84	0000	56
		i2_xtoa        		CODE           	7394	0000	678
		_CMD0CRC       		MEDIUMCONST    	0000	0000	0
		i2_SCL_High    		CODE           	D1E6	0000	8
		i2_SSD1306_Init		CODE           	A346	0000	246
		i2___flneg     		CODE           	CB4C	0000	56
		i2_strcpy      		CODE           	C00A	0000	94
		_R1_READY_STATE		MEDIUMCONST    	0000	0000	0
		_CMD13         		MEDIUMCONST    	FD2B	0000	1
		_CMD32         		MEDIUMCONST    	0000	0000	0
		i2___awdiv     		CODE           	AC72	0000	196
		_CMD38         		MEDIUMCONST    	0000	0000	0
		i2___fladd     		CODE           	5022	0000	1216
		i2___wmul      		CODE           	CE5C	0000	38
		i2_LCD_Set_Cursor		CODE           	BC26	0000	106
		i2_dtoa        		CODE           	6DF8	0000	740
		i2___fldiv     		CODE           	60D4	0000	922
		i2_I2C_WriteToAddress		CODE           	D09A	0000	22
		i2_I2C_Stop    		CODE           	CF2E	0000	34
		i2___fltol     		CODE           	9D4A	0000	262
		i2_I2C_Start   		CODE           	CFCA	0000	30
		_CMD0          		MEDIUMCONST    	0000	0000	0
		__initialization		CODE           	B49E	0000	128
		i2_LCD_Write_String		CODE           	C8FA	0000	64
		_ACMD23        		MEDIUMCONST    	0000	0000	0
		_Font2         		MEDIUMCONST    	FC3C	0000	220
		i2___flge      		CODE           	9E50	0000	260
		_CMD33         		MEDIUMCONST    	0000	0000	0
		i2_SDA_High    		CODE           	D1DE	0000	8
		i2_SSD1306_PutStretchC		CODE           	67C6	0000	822
		_CMD58         		MEDIUMCONST    	0000	0000	0
		i2___awmod     		CODE           	B0C0	0000	176
		i2_I2C_SendOne 		CODE           	D0C6	0000	22
		_CMD1          		MEDIUMCONST    	0000	0000	0
		_CMD24         		MEDIUMCONST    	0000	0000	0
		i2___aodiv     		CODE           	86E4	0000	392
		i2___flmul     		CODE           	590E	0000	1066
		i2_sprintf     		CODE           	C30C	0000	82
		i2___xxtofl    		CODE           	8202	0000	436
		_STOP_TRAN     		MEDIUMCONST    	0000	0000	0
		i2_USART_Asynchronous_WriteByte_Blocking		CODE           	D056	0000	24
		i2___fpclassifyf		CODE           	A152	0000	254
		i2_I2C_SendZero		CODE           	D0B0	0000	22
		i2_islower     		CODE           	D216	0000	2
		i2_I2C_WriteByte		CODE           	C1C2	0000	84
		_R1_IDLE_STATE 		MEDIUMCONST    	0000	0000	0
		_START_BLOCK_TOKEN		MEDIUMCONST    	0000	0000	0
		i2___flsub     		CODE           	C6DC	0000	70
		_CMD25         		MEDIUMCONST    	0000	0000	0
		i2_efgtoa      		CODE           	1CD6	0000	3108
		i2_isupper     		CODE           	D21A	0000	2
		i2___aomod     		CODE           	92A0	0000	356
		_CMD10         		MEDIUMCONST    	0000	0000	0
		i2_fputc       		CODE           	AA1C	0000	202
		i2_fputs       		CODE           	C7EE	0000	68
		_CMD16         		MEDIUMCONST    	0000	0000	0
		i2_strlen      		CODE           	C400	0000	80
		i2_tolower     		CODE           	C696	0000	70
		i2_ssd1306_command		CODE           	CF50	0000	32
		_Font          		MEDIUMCONST    	FB3D	0000	255
		i2_oled_puts   		CODE           	BCF8	0000	102
		i2_toupper     		CODE           	C7AA	0000	68
		i2_I2C_ReadResult		CODE           	B91C	0000	114
		i2_SSD1306_ClearDisplay		CODE           	BFAA	0000	96
		i2_isalpha     		CODE           	D218	0000	2

shared estimated size: 17481

C:\Program Files\Microchip\xc8\v2.36\pic\sources\c99\common\isxdigit.c
		_isxdigit      		CODE           	BA00	0000	112

C:\Program Files\Microchip\xc8\v2.36\pic\sources\c99\common\isxdigit.c estimated size: 112

C:\Program Files\Microchip\xc8\v2.36\pic\sources\c99\common\abs.c
		_abs           		CODE           	C8B8	0000	66

C:\Program Files\Microchip\xc8\v2.36\pic\sources\c99\common\abs.c estimated size: 66

C:\Program Files\Microchip\xc8\v2.36\pic\sources\c99\common\strtof.c
		_atof          		CODE           	CDEA	0000	38
		_strtof        		CODE           	0012	0000	4248

C:\Program Files\Microchip\xc8\v2.36\pic\sources\c99\common\strtof.c estimated size: 4286

C:\Program Files\Microchip\xc8\v2.36\pic\sources\c99\common\nf_snprintf.c
		_snprintf      		CODE           	9914	0000	278

C:\Program Files\Microchip\xc8\v2.36\pic\sources\c99\common\nf_snprintf.c estimated size: 278

ds18b20.c
		_OneWireRelease		CODE           	D206	0000	6
		_OneWireReadBit		CODE           	CE10	0000	38
		_OneWireReadByte		CODE           	C49C	0000	76
		_OneWireWriteBit		CODE           	C766	0000	68
		_OneWireRead   		CODE           	D0DC	0000	20
		_OneWireHigh   		CODE           	D20C	0000	6
		_OneWireTemp   		CODE           	B00E	0000	178
		_OneWireReset  		CODE           	C35E	0000	82
		_OneWireWriteByte		CODE           	CADA	0000	58

ds18b20.c estimated size: 532

C:\Program Files\Microchip\xc8\v2.36\pic\sources\c99\common\flge.c
		___flge        		CODE           	9C44	0000	262

C:\Program Files\Microchip\xc8\v2.36\pic\sources\c99\common\flge.c estimated size: 262

./ssd1306_unbuffered.h
		_ssd1306_command		CODE           	CE82	0000	36
		_SSD1306_Init  		CODE           	A054	0000	254
		_SSD1306_ClearDisplay		CODE           	BDC2	0000	100
		_SSD1306_GotoXY		CODE           	CBF2	0000	52
		_SSD1306_PutStretchC		CODE           	646E	0000	856
		_oled_puts     		CODE           	BC90	0000	104

./ssd1306_unbuffered.h estimated size: 1402

lcd.c
		_LCD_Init      		CODE           	9A2A	0000	274
		_LCD_Write_4Bit		CODE           	C2BA	0000	82
		_LCD_Write_Char		CODE           	CEA6	0000	34
		_LCD_CMD       		CODE           	CEC8	0000	34
		_LCD_Set_Cursor		CODE           	BAE0	0000	110
		_LCD_Clear     		CODE           	D100	0000	16
		_LCD_Write_String		CODE           	C722	0000	68

lcd.c estimated size: 618

mcal_interrupt_manager.c
		_InterruptManager		CODE           	0008	0000	252

mcal_interrupt_manager.c estimated size: 252

main.c
		_USART_OverrunDefaultErrorHandler		CODE           	D1FA	0000	6
		_timer1_timer_init		CODE           	CC5A	0000	48
		_putch         		CODE           	D130	0000	14
		_main          		CODE           	CD72	0000	40
		_Timer1_DefaultInterruptHandler		CODE           	96A4	0000	316
		_USART_RxDefaultInterruptHandler		CODE           	9562	0000	322
		_execute_rx_command		CODE           	97E0	0000	308
		_usart_module_init		CODE           	C3B0	0000	80
		_USART_FramingDefaultErrorHandler		CODE           	D15A	0000	14
		_USART_TxDefaultInterruptHandler		CODE           	D110	0000	16

main.c estimated size: 1164

RTC.c
		_DisplayDateOnLCD		CODE           	8B6E	0000	378
		_DisplayTimeToLCD		CODE           	886C	0000	390
		_Get_DS1307_RTC_Date		CODE           	BA70	0000	112
		_Read_Bytes_From_DS1307_RTC		CODE           	C0C2	0000	88
		_Get_DS1307_RTC_Time		CODE           	AD36	0000	188

RTC.c estimated size: 1156

C:\Program Files\Microchip\xc8\v2.36\pic\sources\c99\common\Umul16.c
		___wmul        		CODE           	CD9A	0000	40

C:\Program Files\Microchip\xc8\v2.36\pic\sources\c99\common\Umul16.c estimated size: 40

C:\Program Files\Microchip\xc8\v2.36\pic\sources\c99\common\flneg.c
		___flneg       		CODE           	CA2C	0000	58

C:\Program Files\Microchip\xc8\v2.36\pic\sources\c99\common\flneg.c estimated size: 58

led.c
		_led_set_mode  		CODE           	B98E	0000	114

led.c estimated size: 114

C:\Program Files\Microchip\xc8\v2.36\pic\sources\c99\common\isupper.c
		_isupper       		CODE           	C9F2	0000	58

C:\Program Files\Microchip\xc8\v2.36\pic\sources\c99\common\isupper.c estimated size: 58

