Microchip MPLAB XC8 Compiler V2.46

Linker command line:

-W-3 \
  --edf=C:\Program Files\Microchip\xc8\v2.46\pic\dat\20240104201356_en.msgs \
  -cn -h+dist/default/production\Projet_pic18.X.production.sym \
  --cmf=dist/default/production\Projet_pic18.X.production.cmf -z -Q18F4620 \
  -oC:\Users\natha\AppData\Local\Temp\xcAs5qc.\driver_tmp_3.o \
  --defsym=__MPLAB_BUILD=1 --fixupoverflow=error \
  -Mdist/default/production/Projet_pic18.X.production.map \
  --md=C:\Users\natha\AppData\Local\Temp\xcAs5qc.\driver_tmp_0.dat -E1 \
  -ver=XC8 Compiler --acfsm=1493 -ACODE=00h-0FFFFh -ACONST=00h-0FFFFh \
  -ASMALLCONST=01000h-010FFhx240 -AMEDIUMCONST=01000h-0FFFFh \
  -ACOMRAM=01h-07Fh -AABS1=00h-0F7Fh -ABIGRAM=01h-0F7Fh \
  -ARAM=080h-0FFh,0100h-01FFhx14,0F00h-0F7Fh -ABANK0=080h-0FFh \
  -ABANK1=0100h-01FFh -ABANK2=0200h-02FFh -ABANK3=0300h-03FFh \
  -ABANK4=0400h-04FFh -ABANK5=0500h-05FFh -ABANK6=0600h-06FFh \
  -ABANK7=0700h-07FFh -ABANK8=0800h-08FFh -ABANK9=0900h-09FFh \
  -ABANK10=0A00h-0AFFh -ABANK11=0B00h-0BFFh -ABANK12=0C00h-0CFFh \
  -ABANK13=0D00h-0DFFh -ABANK14=0E00h-0EFFh -ABANK15=0F00h-0F7Fh \
  -ASFR=0F80h-0FFFh -ABIGSFR=0F80h-0FFFh -ACONFIG=0300000h-030000Dh \
  -AIDLOC=0200000h-0200007h -AEEDATA=0F00000h-0F003FFh -peeprom_data=EEDATA \
  -preset_vec=00h,intcode=8h,intcodelo,powerup,init -pramtop=01000h \
  -psmallconst=SMALLCONST -pmediumconst=MEDIUMCONST -pconst=CONST \
  -AFARRAM=00h-00h \
  -prdata=COMRAM,nvrram=COMRAM,nvbit=COMRAM,rbss=COMRAM,rbit=COMRAM \
  -pfarbss=FARRAM,fardata=FARRAM,nvFARRAM=FARRAM \
  -pintsave_regs=BIGRAM,bigbss=BIGRAM,bigdata=BIGRAM -pbss=RAM \
  -pidata=CODE,irdata=CODE,ibigdata=CODE,ifardata=CODE -prparam=COMRAM \
  C:\Users\natha\AppData\Local\Temp\xcAs5qc.\driver_tmp_14.o \
  dist/default/production\Projet_pic18.X.production.o 

Object code version is 3.11

Machine type is 18F4620



                Name                               Link     Load   Length Selector   Space Scale
C:\Users\natha\AppData\Local\Temp\xcAs5qc.\driver_tmp_14.o
                config                           300000   300000        E        0       4
                init                                  E        E        4        4       0
                reset_vec                             0        0        4        0       0
dist/default/production\Projet_pic18.X.production.o
                intcode                               8        8        6        4       0
                config                           300000   300000        E        0       4
                temp                                 7E       7E        1        1       1
                mediumconst                        FB52     FB52      4AE     7DA9       0
                text188                            B2CE     B2CE        E        4       0
                text187                            B310     B310        A        4       0
                text186                            B342     B342        8        4       0
                text185                            B2C0     B2C0        E        4       0
                text184                            B33A     B33A        8        4       0
                text183                            B2B2     B2B2        E        4       0
                text182                            B124     B124       1E        4       0
                text181                            B086     B086       22        4       0
                text180                            B220     B220       16        4       0
                text179                            B20A     B20A       16        4       0
                text178                            A4B8     A4B8       54        4       0
                text177                            B1F4     B1F4       16        4       0
                text176                            A8C6     A8C6       4A        4       0
                text175                            B17A     B17A       1C        4       0
                text174                            A40E     A40E       56        4       0
                text173                            B15E     B15E       1C        4       0
                text172                            8DB4     8DB4       C4        4       0
                text171                            9438     9438       B0        4       0
                text170                            6FFE     6FFE      17A        4       0
                text169                            B26A     B26A       10        4       0
                text168                            6E78     6E78      186        4       0
                text167                            B0C8     B0C8       20        4       0
                text166                            A250     A250       60        4       0
                text165                            AE2A     AE2A       30        4       0
                text164                            85FE     85FE       F6        4       0
                text163                            AD2C     AD2C       36        4       0
                text162                            5E24     5E24      324        4       0
                text161                            A124     A124       66        4       0
                text160                            AD96     AD96       34        4       0
                text159                            B1B0     B1B0       18        4       0
                text158                            B306     B306        A        4       0
                text157                            90AC     90AC       BA        4       0
                text156                            AA70     AA70       44        4       0
                text155                            A746     A746       50        4       0
                text154                            8FF2     8FF2       BA        4       0
                text153                            694C     694C      1C0        4       0
                text152                            570E     570E      39A        4       0
                text151                            9642     9642       AA        4       0
                text150                            810C     810C      104        4       0
                text149                            4F48     4F48      42A        4       0
                text148                            AC88     AC88       38        4       0
                text147                            3DDE     3DDE      4C0        4       0
                text146                            A9E6     A9E6       46        4       0
                text145                            8006     8006      106        4       0
                text144                            8310     8310       FE        4       0
                text143                            6578     6578      212        4       0
                text142                            A3B8     A3B8       56        4       0
                text141                            A6F6     A6F6       50        4       0
                text140                            ABA6     ABA6       3A        4       0
                text139                            1B8A     1B8A      A7C        4       0
                text138                            AFD4     AFD4       26        4       0
                text137                            8C24     8C24       CA        4       0
                text136                            7594     7594      14E        4       0
                text135                            46E4     46E4      438        4       0
                text134                            A1EE     A1EE       62        4       0
                text133                            840E     840E       FA        4       0
                text132                            6CC4     6CC4      1B4        4       0
                text131                            7178     7178      170        4       0
                text130                            A9A0     A9A0       46        4       0
                text129                            9FDC     9FDC       72        4       0
                text128                            89AC     89AC       DE        4       0
                text127                            B01E     B01E       24        4       0
                text126                            6148     6148      21A        4       0
                text125                            AEB6     AEB6       2E        4       0
                text124                            A87A     A87A       4C        4       0
                text123                            9B8C     9B8C       84        4       0
                text122                            AD62     AD62       34        4       0
                text121                            B332     B332        8        4       0
                text120                            B2FC     B2FC        A        4       0
                text119                            99F6     99F6       8C        4       0
                text118                            9E02     9E02       7A        4       0
                text117                            AFFA     AFFA       24        4       0
                text116                            87E2     87E2       EC        4       0
                text115                            94E8     94E8       AE        4       0
                text114                            76E2     76E2      14C        4       0
                text113                            B2DC     B2DC        C        4       0
                text112                            9F6A     9F6A       72        4       0
                text111                            AFAE     AFAE       26        4       0
                text110                            A654     A654       52        4       0
                text109                            A04E     A04E       6C        4       0
                text108                            9166     9166       B8        4       0
                text107                            B368     B368        6        4       0
                text106                            B236     B236       14        4       0
                text105                            B362     B362        6        4       0
                text104                            AF88     AF88       26        4       0
                text103                            A82E     A82E       4C        4       0
                text102                            A602     A602       52        4       0
                text101                            AA2C     AA2C       44        4       0
                text100                            AB6C     AB6C       3A        4       0
                text99                             9386     9386       B2        4       0
                text98                             72E8     72E8      15E        4       0
                text97                             86F4     86F4       EE        4       0
                text96                             AC50     AC50       38        4       0
                text95                             AF60     AF60       28        4       0
                text94                             B2F2     B2F2        A        4       0
                text93                             B35C     B35C        6        4       0
                text92                             B356     B356        6        4       0
                text91                             7AA8     7AA8      120        4       0
                text90                             9D88     9D88       7A        4       0
                text89                             9EF4     9EF4       76        4       0
                text88                             9D0C     9D0C       7C        4       0
                text87                             7BC8     7BC8      11E        4       0
                text86                             9790     9790       A0        4       0
                text85                             9E7C     9E7C       78        4       0
                text84                             B106     B106       1E        4       0
                text83                             2EAA     2EAA      56A        4       0
                text82                             A0BA     A0BA       6A        4       0
                text81                             AEE4     AEE4       2C        4       0
                text80                             A362     A362       56        4       0
                text79                             B064     B064       22        4       0
                text78                             AE88     AE88       2E        4       0
                text77                               12       12     1064        4       0
                text76                             796C     796C      13C        4       0
                text75                             AC18     AC18       38        4       0
                text74                             A7E2     A7E2       4C        4       0
                text73                             8B58     8B58       CC        4       0
                text72                             782E     782E      13E        4       0
                text71                             9A82     9A82       86        4       0
                text70                             B25A     B25A       10        4       0
                text69                             ADFA     ADFA       30        4       0
                intcode_body                       8508     8508       F6        4       0
                text67                             B2E8     B2E8        A        4       0
                text66                             B32A     B32A        8        4       0
                text65                             B2A4     B2A4        E        4       0
                text64                             B322     B322        8        4       0
                text63                             B296     B296        E        4       0
                text62                             B0E8     B0E8       1E        4       0
                text61                             B042     B042       22        4       0
                text60                             B1DE     B1DE       16        4       0
                text59                             B1C8     B1C8       16        4       0
                text58                             A2B0     A2B0       5A        4       0
                text57                             B196     B196       1A        4       0
                text56                             A796     A796       4C        4       0
                text55                             B0A8     B0A8       20        4       0
                text54                             7CE6     7CE6      112        4       0
                text53                             B24A     B24A       10        4       0
                text52                             9C90     9C90       7C        4       0
                text51                             AAB4     AAB4       42        4       0
                text50                             9B08     9B08       84        4       0
                text49                             ABE0     ABE0       38        4       0
                text48                             B31A     B31A        8        4       0
                text47                             B288     B288        E        4       0
                text46                             9830     9830       9E        4       0
                text45                             ACF6     ACF6       36        4       0
                text44                             5372     5372      39C        4       0
                text43                             4B1C     4B1C      42C        4       0
                text42                             7DF8     7DF8      108        4       0
                text41                             6B0C     6B0C      1B8        4       0
                text40                             A6A6     A6A6       50        4       0
                text39                             2606     2606      8A4        4       0
                text38                             8CEE     8CEE       C6        4       0
                text37                             92D4     92D4       B2        4       0
                text36                             ACC0     ACC0       36        4       0
                text35                             B142     B142       1C        4       0
                text34                             B27A     B27A        E        4       0
                text33                             8F36     8F36       BC        4       0
                text32                             A958     A958       48        4       0
                text31                             A464     A464       54        4       0
                text30                             8E78     8E78       BE        4       0
                text29                             678A     678A      1C2        4       0
                text28                             9596     9596       AC        4       0
                text27                             7F00     7F00      106        4       0
                text26                             AB32     AB32       3A        4       0
                text25                             391C     391C      4C2        4       0
                text24                             A910     A910       48        4       0
                text23                             8210     8210      100        4       0
                text22                             6362     6362      216        4       0
                text21                             A30A     A30A       58        4       0
                text20                             A5B0     A5B0       52        4       0
                text19                             AAF6     AAF6       3C        4       0
                text18                             1076     1076      B14        4       0
                text17                             AF38     AF38       28        4       0
                text16                             8A8A     8A8A       CE        4       0
                text15                             7446     7446      14E        4       0
                text14                             429E     429E      446        4       0
                text13                             A18A     A18A       64        4       0
                text12                             AF10     AF10       28        4       0
                text11                             5AA8     5AA8      37C        4       0
                text10                             98CE     98CE       9A        4       0
                text9                              B36E     B36E        4        4       0
                text8                              9C10     9C10       80        4       0
                text7                              96EC     96EC       A4        4       0
                text6                              ADCA     ADCA       30        4       0
                text5                              88CE     88CE       DE        4       0
                text4                              921E     921E       B6        4       0
                text3                              3414     3414      508        4       0
                text2                              A55E     A55E       52        4       0
                text1                              A50C     A50C       52        4       0
                text0                              AE5A     AE5A       2E        4       0
                cstackCOMRAM                          1        1       7D        1       1
                cstackBANK0                          80       80       79       80       1
                cstackBANK1                         100      100       86      100       1
                cstackBANK2                         2CE      2CE       28      200       1
                cstackBANK3                         374      374       39      300       1
                bssBIGRAM                           3AD      3AD      400      3AD       1
                bssBANK3                            300      300       74      300       1
                dataBANK2                           2F6      2F6        6      200       1
                bssBANK2                            200      200       CE      200       1
                dataBANK1                           1BA      1BA        6      100       1
                bssBANK1                            186      186       34      100       1
                bssBANK0                             F9       F9        7       80       1
                cinit                              9968     9968       8E        4       0
                idataBANK2                         B350     B350        6        4       0
                idataBANK1                         B34A     B34A        6        4       0

TOTAL           Name                               Link     Load   Length     Space
        CLASS   CODE           
                intcode                               8        8        6         0
                init                                  E        E        4         0
                reset_vec                             0        0        4         0
                text188                            B2CE     B2CE        E         0
                text187                            B310     B310        A         0
                text186                            B342     B342        8         0
                text185                            B2C0     B2C0        E         0
                text184                            B33A     B33A        8         0
                text183                            B2B2     B2B2        E         0
                text182                            B124     B124       1E         0
                text181                            B086     B086       22         0
                text180                            B220     B220       16         0
                text179                            B20A     B20A       16         0
                text178                            A4B8     A4B8       54         0
                text177                            B1F4     B1F4       16         0
                text176                            A8C6     A8C6       4A         0
                text175                            B17A     B17A       1C         0
                text174                            A40E     A40E       56         0
                text173                            B15E     B15E       1C         0
                text172                            8DB4     8DB4       C4         0
                text171                            9438     9438       B0         0
                text170                            6FFE     6FFE      17A         0
                text169                            B26A     B26A       10         0
                text168                            6E78     6E78      186         0
                text167                            B0C8     B0C8       20         0
                text166                            A250     A250       60         0
                text165                            AE2A     AE2A       30         0
                text164                            85FE     85FE       F6         0
                text163                            AD2C     AD2C       36         0
                text162                            5E24     5E24      324         0
                text161                            A124     A124       66         0
                text160                            AD96     AD96       34         0
                text159                            B1B0     B1B0       18         0
                text158                            B306     B306        A         0
                text157                            90AC     90AC       BA         0
                text156                            AA70     AA70       44         0
                text155                            A746     A746       50         0
                text154                            8FF2     8FF2       BA         0
                text153                            694C     694C      1C0         0
                text152                            570E     570E      39A         0
                text151                            9642     9642       AA         0
                text150                            810C     810C      104         0
                text149                            4F48     4F48      42A         0
                text148                            AC88     AC88       38         0
                text147                            3DDE     3DDE      4C0         0
                text146                            A9E6     A9E6       46         0
                text145                            8006     8006      106         0
                text144                            8310     8310       FE         0
                text143                            6578     6578      212         0
                text142                            A3B8     A3B8       56         0
                text141                            A6F6     A6F6       50         0
                text140                            ABA6     ABA6       3A         0
                text139                            1B8A     1B8A      A7C         0
                text138                            AFD4     AFD4       26         0
                text137                            8C24     8C24       CA         0
                text136                            7594     7594      14E         0
                text135                            46E4     46E4      438         0
                text134                            A1EE     A1EE       62         0
                text133                            840E     840E       FA         0
                text132                            6CC4     6CC4      1B4         0
                text131                            7178     7178      170         0
                text130                            A9A0     A9A0       46         0
                text129                            9FDC     9FDC       72         0
                text128                            89AC     89AC       DE         0
                text127                            B01E     B01E       24         0
                text126                            6148     6148      21A         0
                text125                            AEB6     AEB6       2E         0
                text124                            A87A     A87A       4C         0
                text123                            9B8C     9B8C       84         0
                text122                            AD62     AD62       34         0
                text121                            B332     B332        8         0
                text120                            B2FC     B2FC        A         0
                text119                            99F6     99F6       8C         0
                text118                            9E02     9E02       7A         0
                text117                            AFFA     AFFA       24         0
                text116                            87E2     87E2       EC         0
                text115                            94E8     94E8       AE         0
                text114                            76E2     76E2      14C         0
                text113                            B2DC     B2DC        C         0
                text112                            9F6A     9F6A       72         0
                text111                            AFAE     AFAE       26         0
                text110                            A654     A654       52         0
                text109                            A04E     A04E       6C         0
                text108                            9166     9166       B8         0
                text107                            B368     B368        6         0
                text106                            B236     B236       14         0
                text105                            B362     B362        6         0
                text104                            AF88     AF88       26         0
                text103                            A82E     A82E       4C         0
                text102                            A602     A602       52         0
                text101                            AA2C     AA2C       44         0
                text100                            AB6C     AB6C       3A         0
                text99                             9386     9386       B2         0
                text98                             72E8     72E8      15E         0
                text97                             86F4     86F4       EE         0
                text96                             AC50     AC50       38         0
                text95                             AF60     AF60       28         0
                text94                             B2F2     B2F2        A         0
                text93                             B35C     B35C        6         0
                text92                             B356     B356        6         0
                text91                             7AA8     7AA8      120         0
                text90                             9D88     9D88       7A         0
                text89                             9EF4     9EF4       76         0
                text88                             9D0C     9D0C       7C         0
                text87                             7BC8     7BC8      11E         0
                text86                             9790     9790       A0         0
                text85                             9E7C     9E7C       78         0
                text84                             B106     B106       1E         0
                text83                             2EAA     2EAA      56A         0
                text82                             A0BA     A0BA       6A         0
                text81                             AEE4     AEE4       2C         0
                text80                             A362     A362       56         0
                text79                             B064     B064       22         0
                text78                             AE88     AE88       2E         0
                text77                               12       12     1064         0
                text76                             796C     796C      13C         0
                text75                             AC18     AC18       38         0
                text74                             A7E2     A7E2       4C         0
                text73                             8B58     8B58       CC         0
                text72                             782E     782E      13E         0
                text71                             9A82     9A82       86         0
                text70                             B25A     B25A       10         0
                text69                             ADFA     ADFA       30         0
                intcode_body                       8508     8508       F6         0
                text67                             B2E8     B2E8        A         0
                text66                             B32A     B32A        8         0
                text65                             B2A4     B2A4        E         0
                text64                             B322     B322        8         0
                text63                             B296     B296        E         0
                text62                             B0E8     B0E8       1E         0
                text61                             B042     B042       22         0
                text60                             B1DE     B1DE       16         0
                text59                             B1C8     B1C8       16         0
                text58                             A2B0     A2B0       5A         0
                text57                             B196     B196       1A         0
                text56                             A796     A796       4C         0
                text55                             B0A8     B0A8       20         0
                text54                             7CE6     7CE6      112         0
                text53                             B24A     B24A       10         0
                text52                             9C90     9C90       7C         0
                text51                             AAB4     AAB4       42         0
                text50                             9B08     9B08       84         0
                text49                             ABE0     ABE0       38         0
                text48                             B31A     B31A        8         0
                text47                             B288     B288        E         0
                text46                             9830     9830       9E         0
                text45                             ACF6     ACF6       36         0
                text44                             5372     5372      39C         0
                text43                             4B1C     4B1C      42C         0
                text42                             7DF8     7DF8      108         0
                text41                             6B0C     6B0C      1B8         0
                text40                             A6A6     A6A6       50         0
                text39                             2606     2606      8A4         0
                text38                             8CEE     8CEE       C6         0
                text37                             92D4     92D4       B2         0
                text36                             ACC0     ACC0       36         0
                text35                             B142     B142       1C         0
                text34                             B27A     B27A        E         0
                text33                             8F36     8F36       BC         0
                text32                             A958     A958       48         0
                text31                             A464     A464       54         0
                text30                             8E78     8E78       BE         0
                text29                             678A     678A      1C2         0
                text28                             9596     9596       AC         0
                text27                             7F00     7F00      106         0
                text26                             AB32     AB32       3A         0
                text25                             391C     391C      4C2         0
                text24                             A910     A910       48         0
                text23                             8210     8210      100         0
                text22                             6362     6362      216         0
                text21                             A30A     A30A       58         0
                text20                             A5B0     A5B0       52         0
                text19                             AAF6     AAF6       3C         0
                text18                             1076     1076      B14         0
                text17                             AF38     AF38       28         0
                text16                             8A8A     8A8A       CE         0
                text15                             7446     7446      14E         0
                text14                             429E     429E      446         0
                text13                             A18A     A18A       64         0
                text12                             AF10     AF10       28         0
                text11                             5AA8     5AA8      37C         0
                text10                             98CE     98CE       9A         0
                text9                              B36E     B36E        4         0
                text8                              9C10     9C10       80         0
                text7                              96EC     96EC       A4         0
                text6                              ADCA     ADCA       30         0
                text5                              88CE     88CE       DE         0
                text4                              921E     921E       B6         0
                text3                              3414     3414      508         0
                text2                              A55E     A55E       52         0
                text1                              A50C     A50C       52         0
                text0                              AE5A     AE5A       2E         0
                cinit                              9968     9968       8E         0
                idataBANK2                         B350     B350        6         0
                idataBANK1                         B34A     B34A        6         0

        CLASS   CONST          

        CLASS   SMALLCONST     

        CLASS   MEDIUMCONST    
                mediumconst                        FB52     FB52      4AE         0

        CLASS   COMRAM         
                temp                                 7E       7E        1         1
                cstackCOMRAM                          1        1       7D         1

        CLASS   ABS1           

        CLASS   BIGRAM         
                bssBIGRAM                           3AD      3AD      400         1

        CLASS   RAM            

        CLASS   BANK0          
                cstackBANK0                          80       80       79         1
                bssBANK0                             F9       F9        7         1

        CLASS   BANK1          
                cstackBANK1                         100      100       86         1
                dataBANK1                           1BA      1BA        6         1
                bssBANK1                            186      186       34         1

        CLASS   BANK2          
                cstackBANK2                         2CE      2CE       28         1
                dataBANK2                           2F6      2F6        6         1
                bssBANK2                            200      200       CE         1

        CLASS   BANK3          
                cstackBANK3                         374      374       39         1
                bssBANK3                            300      300       74         1

        CLASS   BANK4          

        CLASS   BANK5          

        CLASS   BANK6          

        CLASS   BANK7          

        CLASS   BANK8          

        CLASS   BANK9          

        CLASS   BANK10         

        CLASS   BANK11         

        CLASS   BANK12         

        CLASS   BANK13         

        CLASS   BANK14         

        CLASS   BANK15         

        CLASS   SFR            

        CLASS   BIGSFR         

        CLASS   CONFIG         
                config                           300000   300000        E         4

        CLASS   IDLOC          

        CLASS   EEDATA         

        CLASS   FARRAM         

        CLASS   HEAP           

        CLASS   STACK          



SEGMENTS        Name                           Load    Length   Top    Selector   Space  Class

                reset_vec                      000000  000004  000004         0       0  CODE    
                cstackCOMRAM                   000001  00007E  00007F         1       1  COMRAM  
                intcode                        000008  00B36A  00B372         4       0  CODE    
                cstackBANK0                    000080  000080  000100        80       1  BANK0   
                cstackBANK1                    000100  0000C0  0001C0       100       1  BANK1   
                bssBANK2                       000200  0000FC  0002FC       200       1  BANK2   
                bssBANK3                       000300  0000AD  0003AD       300       1  BANK3   
                bssBIGRAM                      0003AD  000400  0007AD       3AD       1  BIGRAM  
                mediumconst                    00FB52  0004AE  010000      7DA9       0  MEDIUMCO


UNUSED ADDRESS RANGES

        Name                Unused          Largest block    Delta
        BANK1            0001C0-0001FF               40
        BANK10           000A00-000AFF              100
        BANK11           000B00-000BFF              100
        BANK12           000C00-000CFF              100
        BANK13           000D00-000DFF              100
        BANK14           000E00-000EFF              100
        BANK15           000F00-000F7F               80
        BANK2            0002FC-0002FF                4
        BANK7            0007AD-0007FF               53
        BANK8            000800-0008FF              100
        BANK9            000900-0009FF              100
        BIGRAM           00007F-00007F                1
                         0001C0-0001FF               40
                         0002FC-0002FF                4
                         0007AD-000F7F              7D3
        BIGSFR           000F80-000FFF               80
        CODE             000004-000007                4
                         00B372-00FB51             47E0
        COMRAM           00007F-00007F                1
        CONST            000004-000007                4
                         00B372-00FB51             47E0
        EEDATA           F00000-F003FF              400
        IDLOC            200000-200007                8
        MEDIUMCONST      00B372-00FB51             47E0
        RAM              0001C0-0001FF               40
                         0002FC-0002FF                4
                         0007AD-000F7F              100
        SFR              000F80-000FFF               80
        SMALLCONST       00B372-00FB51              100

                                  Symbol Table

?_Get_DS1307_RTC_Date                                 cstackCOMRAM 000010
?_Get_DS1307_RTC_Time                                 cstackCOMRAM 000010
?_OneWireTemp                                         cstackCOMRAM 000028
?___awdiv                                             cstackBANK1  000140
?___awmod                                             cstackBANK1  000140
?___fladd                                             cstackBANK1  000167
?___fldiv                                             cstackBANK1  00014E
?___flmul                                             cstackBANK1  00014E
?___flneg                                             cstackBANK1  000140
?___flsub                                             cstackBANK1  000177
?___fltol                                             cstackBANK1  000167
?___fpclassifyf                                       cstackBANK1  000140
?___lmul                                              cstackCOMRAM 000001
?___wmul                                              cstackBANK1  000140
?___xxtofl                                            cstackBANK1  000140
?_abs                                                 cstackBANK1  000146
?_atoi                                                cstackCOMRAM 000007
?_dtoa                                                cstackBANK1  00015B
?_efgtoa                                              cstackBANK1  00017F
?_floorf                                              cstackBANK1  000167
?_isdigit                                             cstackCOMRAM 000001
?_isxdigit                                            cstackCOMRAM 000001
?_labs                                                cstackBANK1  000140
?_nanf                                                cstackCOMRAM 000001
?_pad                                                 cstackBANK1  000152
?_printf                                              cstackBANK2  0002E8
?_read_prec_or_width                                  cstackBANK1  000146
?_snprintf                                            cstackBANK0  0000B4
?_strchr                                              cstackCOMRAM 000001
?_strlen                                              cstackBANK1  000140
?_strncmp                                             cstackCOMRAM 000005
?_strtof                                              cstackCOMRAM 000065
?_toupper                                             cstackCOMRAM 000001
?_vfpfcnvrt                                           cstackBANK2  0002D0
?_vfprintf                                            cstackBANK2  0002E0
?_xtoa                                                cstackBANK1  00015B
?i2___awdiv                                           cstackCOMRAM 000001
?i2___awmod                                           cstackCOMRAM 000001
?i2___fladd                                           cstackCOMRAM 000028
?i2___fldiv                                           cstackCOMRAM 00000F
?i2___flmul                                           cstackCOMRAM 000040
?i2___flneg                                           cstackCOMRAM 000001
?i2___flsub                                           cstackCOMRAM 000038
?i2___fltol                                           cstackCOMRAM 000059
?i2___fpclassifyf                                     cstackCOMRAM 000001
?i2___wmul                                            cstackCOMRAM 000001
?i2___xxtofl                                          cstackCOMRAM 000001
?i2_abs                                               cstackCOMRAM 000007
?i2_dtoa                                              cstackCOMRAM 00001C
?i2_efgtoa                                            cstackCOMRAM 000065
?i2_floorf                                            cstackCOMRAM 000028
?i2_labs                                              cstackCOMRAM 000001
?i2_pad                                               cstackCOMRAM 000013
?i2_printf                                            cstackBANK0  0000B4
?i2_read_prec_or_width                                cstackCOMRAM 000007
?i2_strlen                                            cstackCOMRAM 000001
?i2_vfpfcnvrt                                         cstackCOMRAM 00006E
?i2_vfprintf                                          cstackBANK0  0000AC
?i2_xtoa                                              cstackCOMRAM 00001C
DisplayDateOnLCD@pDate                                cstackCOMRAM 00000B
DisplayDateOnLCD@tens                                 cstackCOMRAM 00000E
DisplayDateOnLCD@units                                cstackCOMRAM 00000F
DisplayTimeToLCD@pTime                                cstackCOMRAM 00000B
DisplayTimeToLCD@tens                                 cstackCOMRAM 00000E
DisplayTimeToLCD@units                                cstackCOMRAM 00000F
Get_DS1307_RTC_Date@Temp                              cstackCOMRAM 00001D
Get_DS1307_RTC_Date@currentDate                       cstackCOMRAM 000019
Get_DS1307_RTC_Date@pRTCArray                         cstackCOMRAM 000015
Get_DS1307_RTC_Time@Temp                              cstackCOMRAM 000018
Get_DS1307_RTC_Time@currentTime                       cstackCOMRAM 000019
Get_DS1307_RTC_Time@pRTCArray                         cstackCOMRAM 000015
I2C_ReadFromAddress@deviceAddress                     cstackBANK1  000144
I2C_ReadRegister@deviceAddress                        cstackCOMRAM 000009
I2C_ReadRegister@registerAddress                      cstackCOMRAM 000007
I2C_ReadRegister@result                               cstackCOMRAM 000008
I2C_ReadResult@readback                               cstackBANK1  000142
I2C_ReadResult@x                                      cstackBANK1  000140
I2C_ReadResult_withAck@readback                       cstackCOMRAM 000003
I2C_ReadResult_withAck@x                              cstackCOMRAM 000001
I2C_WriteByte@temp                                    cstackBANK1  000143
I2C_WriteByte@theByte                                 cstackBANK1  000140
I2C_WriteByte@x                                       cstackBANK1  000141
I2C_WriteToAddress@deviceAddress                      cstackBANK1  000144
I2C_WriteToAddress@temp                               cstackBANK1  000145
LCD_CMD@CMD                                           cstackBANK1  000147
LCD_Init@I2C_Add                                      cstackBANK1  00014A
LCD_Set_Cursor@COL                                    cstackCOMRAM 000009
LCD_Set_Cursor@ROW                                    cstackCOMRAM 00000A
LCD_Write_4Bit@Nibble                                 cstackBANK1  000146
LCD_Write_Char@Data                                   cstackCOMRAM 000008
OneWireReadBit@out                                    cstackCOMRAM 000001
OneWireReadByte@i                                     cstackCOMRAM 000003
OneWireReadByte@out                                   cstackCOMRAM 000005
OneWireTemp@LSB                                       cstackCOMRAM 000034
OneWireTemp@MSB                                       cstackCOMRAM 000035
OneWireTemp@data                                      cstackCOMRAM 000032
OneWireTemp@temperature                               cstackCOMRAM 00002E
OneWireWriteBit@b                                     cstackCOMRAM 000001
OneWireWriteByte@b                                    cstackCOMRAM 000004
OneWireWriteByte@i                                    cstackCOMRAM 000002
Read_Bytes_From_DS1307_RTC@Address                    cstackCOMRAM 00000D
Read_Bytes_From_DS1307_RTC@NoOfBytes                  cstackCOMRAM 00000B
Read_Bytes_From_DS1307_RTC@i                          cstackCOMRAM 00000E
Read_Bytes_From_DS1307_RTC@pData                      cstackCOMRAM 00000A
SD_ACMD@arg                                           cstackBANK1  00014A
SD_ACMD@cmd                                           cstackBANK1  00014E
SD_Command@arg                                        cstackBANK1  000143
SD_Command@cmd                                        cstackBANK1  000148
SD_Command@n                                          cstackBANK1  000147
SD_Command@response                                   cstackBANK1  000149
SD_EraseBlocks@firstBlock                             cstackCOMRAM 00000B
SD_EraseBlocks@lastBlock                              cstackCOMRAM 00000F
SD_MBR_Receive@bufReceive                             cstackCOMRAM 000004
SD_MBR_Receive@i                                      cstackCOMRAM 000006
SD_MBR_Start@response                                 cstackCOMRAM 000010
SD_MBR_Start@startBlock                               cstackCOMRAM 00000B
SD_SendDummyBytes@n                                   cstackCOMRAM 000005
SD_SendDummyBytes@numBytes                            cstackCOMRAM 000004
SD_SingleBlockWrite@arr                               cstackCOMRAM 00000F
SD_SingleBlockWrite@block                             cstackCOMRAM 00000B
SD_SingleBlockWrite@i                                 cstackCOMRAM 000013
SD_SingleBlockWrite@response                          cstackCOMRAM 000012
SSD1306_ClearDisplay@i                                cstackCOMRAM 000008
SSD1306_GotoXY@x                                      cstackCOMRAM 000002
SSD1306_GotoXY@y                                      cstackCOMRAM 000001
SSD1306_Init@i2caddr                                  cstackCOMRAM 000008
SSD1306_Init@vccstate                                 cstackCOMRAM 000009
SSD1306_PutStretchC@F3523                             bssBANK2     00025F
SSD1306_PutStretchC@b                                 cstackCOMRAM 00000F
SSD1306_PutStretchC@bn                                cstackCOMRAM 000014
SSD1306_PutStretchC@bn_1364                           cstackCOMRAM 000019
SSD1306_PutStretchC@c                                 cstackCOMRAM 00001C
SSD1306_PutStretchC@font_c                            cstackCOMRAM 000017
SSD1306_PutStretchC@i                                 cstackCOMRAM 000015
SSD1306_PutStretchC@i_1355                            cstackCOMRAM 00001B
SSD1306_PutStretchC@i_1359                            cstackCOMRAM 00001D
SSD1306_PutStretchC@i_1363                            cstackCOMRAM 000016
SSD1306_PutStretchC@offs                              cstackCOMRAM 000018
SSD1306_PutStretchC@p                                 cstackCOMRAM 00001A
SSD1306_PutStretchC@pos                               cstackCOMRAM 000013
SSD1306_PutStretchC@size_mult                         cstackCOMRAM 000009
Timer1_DefaultInterruptHandler@cpt_ms_lcd             bssBANK1     0001B0
Timer1_DefaultInterruptHandler@cpt_ms_oled            bssBANK1     0001AE
Timer1_DefaultInterruptHandler@cpt_ms_sd              bssBANK1     000192
Timer1_DefaultInterruptHandler@cpt_ms_temp_management bssBANK0     0000FD
Timer1_Init@_timer                                    cstackBANK1  000142
Timer1_Mode_Selection@_timer                          cstackBANK1  000140
USART_ASYNCRONOUS_RX_Init@_usart                      cstackBANK1  000140
USART_ASYNCRONOUS_TX_Init@_usart                      cstackBANK1  000140
USART_Asynchronous_Initialize@_usart                  cstackBANK1  000183
USART_Asynchronous_Initialize@ret                     cstackBANK1  000185
USART_Asynchronous_ReadByte_NonBlocking@_data         cstackCOMRAM 000001
USART_Asynchronous_ReadByte_NonBlocking@ret           cstackCOMRAM 000002
USART_Asynchronous_WriteByte_Blocking@_data           cstackBANK1  000140
USART_Baud_Rate_Calculation@Baud_Rate_Temp_Value      cstackBANK1  00017B
USART_Baud_Rate_Calculation@_usart                    cstackBANK1  000177
USART_FramingDefaultErrorHandler@_data_               cstackCOMRAM 000003
USART_RxDefaultInterruptHandler@i                     cstackBANK1  000130
_ACMD22                                               mediumconst  00FD36
_BAUDCONbits                                          (abs)        000FB8
_BackLight_State                                      dataBANK1    0001BF
_CCP1CON                                              (abs)        000FBD
_CCPR1L                                               (abs)        000FBE
_CMD13                                                mediumconst  00FD41
_DisplayDateOnLCD                                     text170      006FFE
_DisplayTimeToLCD                                     text168      006E78
_Font                                                 mediumconst  00FB53
_Font2                                                mediumconst  00FC52
_Get_DS1307_RTC_Date                                  text109      00A04E
_Get_DS1307_RTC_Time                                  text108      009166
_I2C_Delay                                            text67       00B2E8
_I2C_ReadFromAddress                                  text53       00B24A
_I2C_ReadRegister                                     text111      00AFAE
_I2C_ReadResult                                       text52       009C90
_I2C_ReadResult_withAck                               text90       009D88
_I2C_SendOne                                          text60       00B1DE
_I2C_SendZero                                         text59       00B1C8
_I2C_Start                                            text62       00B0E8
_I2C_Stop                                             text61       00B042
_I2C_WriteByte                                        text58       00A2B0
_I2C_WriteToAddress                                   text57       00B196
_INTCONbits                                           (abs)        000FF2
_InterruptManager                                     intcode      000008
_LATAbits                                             (abs)        000F89
_LATEbits                                             (abs)        000F8D
_LCD_CMD                                              text55       00B0A8
_LCD_Clear                                            text169      00B26A
_LCD_Init                                             text54       007CE6
_LCD_Set_Cursor                                       text174      00A40E
_LCD_Write_4Bit                                       text56       00A796
_LCD_Write_Char                                       text173      00B15E
_OSCCON                                               (abs)        000FD3
_OSCCONbits                                           (abs)        000FD3
_OSCTUNE                                              (abs)        000F9B
_OneWireHigh                                          text107      00B368
_OneWireRead                                          text106      00B236
_OneWireReadBit                                       text104      00AF88
_OneWireReadByte                                      text103      00A82E
_OneWireRelease                                       text105      00B362
_OneWireReset                                         text102      00A602
_OneWireTemp                                          text99       009386
_OneWireWriteBit                                      text101      00AA2C
_OneWireWriteByte                                     text100      00AB6C
_PIE1bits                                             (abs)        000F9D
_PIR1bits                                             (abs)        000F9E
_PORTA                                                (abs)        000F80
_PORTCbits                                            (abs)        000F82
_PORTD                                                (abs)        000F83
_PORTDbits                                            (abs)        000F83
_PORTE                                                (abs)        000F84
_PR2                                                  (abs)        000FCB
_RCREG                                                (abs)        000FAE
_RCSTAbits                                            (abs)        000FAB
_RS                                                   bssBANK1     0001B5
_Read_Bytes_From_DS1307_RTC                           text110      00A654
_SCL_High                                             text66       00B32A
_SCL_Low                                              text65       00B2A4
_SDA_High                                             text64       00B322
_SDA_Low                                              text63       00B296
_SDCard                                               bssBANK2     000200
_SD_ACMD                                              text45       00ACF6
_SD_Command                                           text46       009830
_SD_EraseBlocks                                       text118      009E02
_SD_MBR_Receive                                       text86       009790
_SD_MBR_Start                                         text85       009E7C
_SD_MBR_Stop                                          text84       00B106
_SD_SendDummyBytes                                    text117      00AFFA
_SD_SingleBlockWrite                                  text116      0087E2
_SDreadBuffer                                         bssBIGRAM    0003AD
_SDwriteBuffer                                        bssBIGRAM    0005AD
_SPBRG                                                (abs)        000FAF
_SPBRGH                                               (abs)        000FB0
_SSD1306_ClearDisplay                                 text166      00A250
_SSD1306_GotoXY                                       text165      00AE2A
_SSD1306_Init                                         text164      0085FE
_SSD1306_PutStretchC                                  text162      005E24
_SSPBUF                                               (abs)        000FC9
_SSPCON1                                              (abs)        000FC6
_SSPCON1bits                                          (abs)        000FC6
_SSPIF                                                (abs)        007CF3
_SSPSTAT                                              (abs)        000FC7
_SSPSTATbits                                          (abs)        000FC7
_T0CONbits                                            (abs)        000FD5
_T1CONbits                                            (abs)        000FCD
_T2CON                                                (abs)        000FCA
_T2CONbits                                            (abs)        000FCA
_TMR0H                                                (abs)        000FD7
_TMR0L                                                (abs)        000FD6
_TMR0_ISR                                             text188      00B2CE
_TMR0_InterruptHandler                                bssBANK1     0001A2
_TMR1H                                                (abs)        000FCF
_TMR1L                                                (abs)        000FCE
_TMR1_ISR                                             text96       00AC50
_TMR1_InterruptHandler                                bssBANK1     00019E
_TMR2                                                 (abs)        000FCC
_TRISA                                                (abs)        000F92
_TRISAbits                                            (abs)        000F92
_TRISCbits                                            (abs)        000F94
_TRISD                                                (abs)        000F95
_TRISDbits                                            (abs)        000F95
_TRISEbits                                            (abs)        000F96
_TXREG                                                (abs)        000FAD
_TXSTAbits                                            (abs)        000FAC
_Temp                                                 bssBANK0     0000FE
_Timer1_DefaultInterruptHandler                       text97       0086F4
_Timer1_Init                                          text7        0096EC
_Timer1_Mode_Selection                                text8        009C10
_USART_ASYNCRONOUS_RX_Init                            text5        0088CE
_USART_ASYNCRONOUS_TX_Init                            text4        00921E
_USART_Asynchronous_Initialize                        text2        00A55E
_USART_Asynchronous_ReadByte_NonBlocking              text95       00AF60
_USART_Asynchronous_Restart_RX                        text93       00B35C
_USART_Asynchronous_WriteByte_Blocking                text35       00B142
_USART_Baud_Rate_Calculation                          text3        003414
_USART_Baud_Rate_Calculation$4326                     cstackBANK1  00017F
_USART_FramingDefaultErrorHandler                     text94       00B2F2
_USART_FramingErrorHandler                            bssBANK1     0001A8
_USART_OverrunDefaultErrorHandler                     text92       00B356
_USART_OverrunErrorHandler                            bssBANK1     0001A6
_USART_RX_ISR                                         text71       009A82
_USART_RxDefaultInterruptHandler                      text72       00782E
_USART_RxDefaultInterruptHandler@hal_usart$F940       bssBANK1     0001AA
_USART_TX_ISR                                         text69       00ADFA
_USART_TxDefaultInterruptHandler                      text70       00B25A
_USART_TxDefaultInterruptHandler@hal_usart$F935       bssBANK1     0001AC
__HRAM                                                (abs)        000000
__H__absolute__                                       __absolute__ 000000
__Habs1                                               abs1         000000
__Hbank0                                              bank0        000000
__Hbank1                                              bank1        000000
__Hbank10                                             bank10       000000
__Hbank11                                             bank11       000000
__Hbank12                                             bank12       000000
__Hbank13                                             bank13       000000
__Hbank14                                             bank14       000000
__Hbank15                                             bank15       000000
__Hbank2                                              bank2        000000
__Hbank3                                              bank3        000000
__Hbank4                                              bank4        000000
__Hbank5                                              bank5        000000
__Hbank6                                              bank6        000000
__Hbank7                                              bank7        000000
__Hbank8                                              bank8        000000
__Hbank9                                              bank9        000000
__Hbigbss                                             bigbss       000000
__Hbigdata                                            bigdata      000000
__Hbigram                                             bigram       000000
__Hbigsfr                                             bigsfr       000000
__Hbss                                                bss          000000
__HbssBANK0                                           bssBANK0     000000
__HbssBANK1                                           bssBANK1     000000
__HbssBANK2                                           bssBANK2     000000
__HbssBANK3                                           bssBANK3     000000
__HbssBIGRAM                                          bssBIGRAM    000000
__Hcinit                                              cinit        000000
__Hclrtext                                            clrtext      000000
__Hcomram                                             comram       000000
__Hconfig                                             config       30000E
__Hconst                                              const        000000
__HcstackBANK0                                        cstackBANK0  000000
__HcstackBANK1                                        cstackBANK1  000000
__HcstackBANK2                                        cstackBANK2  000000
__HcstackBANK3                                        cstackBANK3  000000
__HcstackCOMRAM                                       cstackCOMRAM 000000
__Hdata                                               data         000000
__HdataBANK1                                          dataBANK1    000000
__HdataBANK2                                          dataBANK2    000000
__Heeprom_data                                        eeprom_data  000000
__Hfarbss                                             farbss       000000
__Hfardata                                            fardata      000000
__Hheap                                               heap         000000
__Hibigdata                                           ibigdata     000000
__Hidata                                              idata        000000
__HidataBANK1                                         idataBANK1   000000
__HidataBANK2                                         idataBANK2   000000
__Hidloc                                              idloc        000000
__Hifardata                                           ifardata     000000
__Hinit                                               init         000012
__Hintcode                                            intcode      00000E
__Hintcode_body                                       intcode_body 000000
__Hintcodelo                                          intcodelo    00000E
__Hintentry                                           intentry     000000
__Hintret                                             intret       000000
__Hintsave_regs                                       intsave_regs 000000
__Hirdata                                             irdata       000000
__Hmediumconst                                        mediumconst  010000
__HnvFARRAM                                           nvFARRAM     000000
__Hnvbit                                              nvbit        000000
__Hnvrram                                             nvrram       000000
__Hparam                                              rparam       000000
__Hpowerup                                            powerup      00000E
__Hram                                                ram          000000
__Hramtop                                             ramtop       001000
__Hrbit                                               rbit         000000
__Hrbss                                               rbss         000000
__Hrdata                                              rdata        000000
__Hreset_vec                                          reset_vec    000004
__Hrparam                                             rparam       000000
__Hsfr                                                sfr          000000
__Hsivt_hi                                            sivt_hi      000000
__Hsivt_lo                                            sivt_lo      000000
__Hsmallconst                                         smallconst   000000
__Hspace_0                                            (abs)        010000
__Hspace_1                                            (abs)        0007AD
__Hspace_2                                            (abs)        000000
__Hspace_4                                            (abs)        60000E
__Hstack                                              stack        000000
__Hstruct                                             struct       000000
__Htemp                                               temp         00007F
__Htext                                               text         000000
__Htext0                                              text0        000000
__Htext1                                              text1        000000
__Htext10                                             text10       000000
__Htext100                                            text100      000000
__Htext101                                            text101      000000
__Htext102                                            text102      000000
__Htext103                                            text103      000000
__Htext104                                            text104      000000
__Htext105                                            text105      000000
__Htext106                                            text106      000000
__Htext107                                            text107      000000
__Htext108                                            text108      000000
__Htext109                                            text109      000000
__Htext11                                             text11       000000
__Htext110                                            text110      000000
__Htext111                                            text111      000000
__Htext112                                            text112      000000
__Htext113                                            text113      000000
__Htext114                                            text114      000000
__Htext115                                            text115      000000
__Htext116                                            text116      000000
__Htext117                                            text117      000000
__Htext118                                            text118      000000
__Htext119                                            text119      000000
__Htext12                                             text12       000000
__Htext120                                            text120      000000
__Htext121                                            text121      000000
__Htext122                                            text122      000000
__Htext123                                            text123      000000
__Htext124                                            text124      000000
__Htext125                                            text125      000000
__Htext126                                            text126      000000
__Htext127                                            text127      000000
__Htext128                                            text128      000000
__Htext129                                            text129      000000
__Htext13                                             text13       000000
__Htext130                                            text130      000000
__Htext131                                            text131      000000
__Htext132                                            text132      000000
__Htext133                                            text133      000000
__Htext134                                            text134      000000
__Htext135                                            text135      000000
__Htext136                                            text136      000000
__Htext137                                            text137      000000
__Htext138                                            text138      000000
__Htext139                                            text139      000000
__Htext14                                             text14       000000
__Htext140                                            text140      000000
__Htext141                                            text141      000000
__Htext142                                            text142      000000
__Htext143                                            text143      000000
__Htext144                                            text144      000000
__Htext145                                            text145      000000
__Htext146                                            text146      000000
__Htext147                                            text147      000000
__Htext148                                            text148      000000
__Htext149                                            text149      000000
__Htext15                                             text15       000000
__Htext150                                            text150      000000
__Htext151                                            text151      000000
__Htext152                                            text152      000000
__Htext153                                            text153      000000
__Htext154                                            text154      000000
__Htext155                                            text155      000000
__Htext156                                            text156      000000
__Htext157                                            text157      000000
__Htext158                                            text158      000000
__Htext159                                            text159      000000
__Htext16                                             text16       000000
__Htext160                                            text160      000000
__Htext161                                            text161      000000
__Htext162                                            text162      000000
__Htext163                                            text163      000000
__Htext164                                            text164      000000
__Htext165                                            text165      000000
__Htext166                                            text166      000000
__Htext167                                            text167      000000
__Htext168                                            text168      000000
__Htext169                                            text169      000000
__Htext17                                             text17       000000
__Htext170                                            text170      000000
__Htext171                                            text171      000000
__Htext172                                            text172      000000
__Htext173                                            text173      000000
__Htext174                                            text174      000000
__Htext175                                            text175      000000
__Htext176                                            text176      000000
__Htext177                                            text177      000000
__Htext178                                            text178      000000
__Htext179                                            text179      000000
__Htext18                                             text18       000000
__Htext180                                            text180      000000
__Htext181                                            text181      000000
__Htext182                                            text182      000000
__Htext183                                            text183      000000
__Htext184                                            text184      000000
__Htext185                                            text185      000000
__Htext186                                            text186      000000
__Htext187                                            text187      000000
__Htext188                                            text188      000000
__Htext19                                             text19       000000
__Htext2                                              text2        000000
__Htext20                                             text20       000000
__Htext21                                             text21       000000
__Htext22                                             text22       000000
__Htext23                                             text23       000000
__Htext24                                             text24       000000
__Htext25                                             text25       000000
__Htext26                                             text26       000000
__Htext27                                             text27       000000
__Htext28                                             text28       000000
__Htext29                                             text29       000000
__Htext3                                              text3        000000
__Htext30                                             text30       000000
__Htext31                                             text31       000000
__Htext32                                             text32       000000
__Htext33                                             text33       000000
__Htext34                                             text34       000000
__Htext35                                             text35       000000
__Htext36                                             text36       000000
__Htext37                                             text37       000000
__Htext38                                             text38       000000
__Htext39                                             text39       000000
__Htext4                                              text4        000000
__Htext40                                             text40       000000
__Htext41                                             text41       000000
__Htext42                                             text42       000000
__Htext43                                             text43       000000
__Htext44                                             text44       000000
__Htext45                                             text45       000000
__Htext46                                             text46       000000
__Htext47                                             text47       000000
[...]
ttemp6                                                temp         000082
ttemp7                                                temp         000086
update_SD_tab@F3665                                   bssBANK2     00022F
update_SD_tab@counter                                 bssBANK1     00019C
update_SD_tab@pSystem_data                            cstackBANK0  0000DE
update_SD_tab@tab                                     cstackBANK0  0000E0
update_system_data@date                               cstackCOMRAM 00006B
update_system_data@pSystem_data                       cstackCOMRAM 000063
update_system_data@temp                               cstackCOMRAM 000067
update_system_data@temp_frac                          cstackCOMRAM 000065
update_system_data@temp_int                           cstackCOMRAM 000066
update_system_data@time                               cstackCOMRAM 00006F
usart_module_init@usart_obj                           cstackBANK2  0002CE
vfpfcnvrt@ap                                          cstackBANK2  0002D4
vfpfcnvrt@c                                           cstackBANK2  0002D9
vfpfcnvrt@convarg                                     cstackBANK2  0002DA
vfpfcnvrt@cp                                          cstackBANK2  0002DE
vfpfcnvrt@done                                        cstackBANK2  0002D8
vfpfcnvrt@fmt                                         cstackBANK2  0002D2
vfpfcnvrt@fp                                          cstackBANK2  0002D0
vfprintf@ap                                           cstackBANK2  0002E4
vfprintf@cfmt                                         cstackBANK2  0002E6
vfprintf@fmt                                          cstackBANK2  0002E2
vfprintf@fp                                           cstackBANK2  0002E0
write_one_byte_in_eeprom@address_lower_byte           cstackCOMRAM 00000B
write_one_byte_in_eeprom@address_upper_byte           cstackCOMRAM 00000A
write_one_byte_in_eeprom@c                            cstackCOMRAM 000009
write_one_byte_in_eeprom@register_address             cstackCOMRAM 000007
wtemp8                                                temp         00007F
xtoa@c                                                cstackBANK1  000166
xtoa@d                                                cstackBANK1  00015D
xtoa@fp                                               cstackBANK1  00015B
xtoa@i                                                cstackBANK1  000167
xtoa@p                                                cstackBANK1  000162
xtoa@w                                                cstackBANK1  000164


MODULE INFORMATION

Module		Function		Class		Link	Load	Size
C:\Program Files\Microchip\xc8\v2.46\pic\sources\c99\common\fltol.c
		___fltol       		CODE           	7DF8	0000	264

C:\Program Files\Microchip\xc8\v2.46\pic\sources\c99\common\fltol.c estimated size: 264

hal_timer1.c
		_Timer1_Mode_Selection		CODE           	9C10	0000	128
		_Timer1_Init   		CODE           	96EC	0000	164
		_TMR1_ISR      		CODE           	AC50	0000	56

hal_timer1.c estimated size: 348

C:\Program Files\Microchip\xc8\v2.46\pic\sources\c99\common\nf_snprintf.c
		_snprintf      		CODE           	840E	0000	250

C:\Program Files\Microchip\xc8\v2.46\pic\sources\c99\common\nf_snprintf.c estimated size: 250

hal_usart.c
		_USART_RX_ISR  		CODE           	9A82	0000	134
		_USART_Baud_Rate_Calculation		CODE           	3414	0000	1288
		_USART_Asynchronous_Restart_RX		CODE           	B35C	0000	6
		_USART_ASYNCRONOUS_RX_Init		CODE           	88CE	0000	222
		_USART_TX_ISR  		CODE           	ADFA	0000	48
		_USART_ASYNCRONOUS_TX_Init		CODE           	921E	0000	182
		_USART_Asynchronous_WriteByte_Blocking		CODE           	B142	0000	28
		_USART_Asynchronous_Initialize		CODE           	A55E	0000	82
		_USART_Asynchronous_ReadByte_NonBlocking		CODE           	AF60	0000	40

hal_usart.c estimated size: 2030

C:\Program Files\Microchip\xc8\v2.46\pic\sources\c99\common\printf.c
		_printf        		CODE           	AF10	0000	40

C:\Program Files\Microchip\xc8\v2.46\pic\sources\c99\common\printf.c estimated size: 40

AT24C32.c
		_read_one_page_in_eeprom		CODE           	9EF4	0000	118
		_read_one_byte_in_eeprom		CODE           	AAB4	0000	66
		_write_one_byte_in_eeprom		CODE           	AEB6	0000	46

AT24C32.c estimated size: 230

SD_PIC.c
		_SD_SendDummyBytes		CODE           	AFFA	0000	36
		_SD_MBR_Stop   		CODE           	B106	0000	30
		_SD_MBR_Start  		CODE           	9E7C	0000	120
		_SD_MBR_Receive		CODE           	9790	0000	160
		_single_block_write		CODE           	94E8	0000	174
		_SD_SingleBlockWrite		CODE           	87E2	0000	236
		_read_init_sd_card		CODE           	5AA8	0000	892
		_initSD        		CODE           	2606	0000	2212
		_SD_EraseBlocks		CODE           	9E02	0000	122
		_SD_Command    		CODE           	9830	0000	158
		_SD_ACMD       		CODE           	ACF6	0000	54

SD_PIC.c estimated size: 4194

C:\Program Files\Microchip\xc8\v2.46\pic\sources\c99\common\floorf.c
		_floorf        		CODE           	6362	0000	534

C:\Program Files\Microchip\xc8\v2.46\pic\sources\c99\common\floorf.c estimated size: 534

i2c_soft.c
		_I2C_ReadFromAddress		CODE           	B24A	0000	16
		_SCL_High      		CODE           	B32A	0000	8
		_I2C_WriteToAddress		CODE           	B196	0000	26
		_I2C_ReadResult_withAck		CODE           	9D88	0000	122
		_SDA_Low       		CODE           	B296	0000	14
		_I2C_Stop      		CODE           	B042	0000	34
		_I2C_WriteByte 		CODE           	A2B0	0000	90
		_I2C_SendOne   		CODE           	B1DE	0000	22
		_I2C_Delay     		CODE           	B2E8	0000	10
		_I2C_ReadRegister		CODE           	AFAE	0000	38
		_I2C_SendZero  		CODE           	B1C8	0000	22
		_SDA_High      		CODE           	B322	0000	8
		_I2C_ReadResult		CODE           	9C90	0000	124
		_I2C_Start     		CODE           	B0E8	0000	30
		_SCL_Low       		CODE           	B2A4	0000	14

i2c_soft.c estimated size: 578

C:\Program Files\Microchip\xc8\v2.46\pic\sources\c99\common\nf_fputc.c
		_fputc         		CODE           	8F36	0000	188

C:\Program Files\Microchip\xc8\v2.46\pic\sources\c99\common\nf_fputc.c estimated size: 188

heater.c
		_heater_set_mode		CODE           	A9A0	0000	70

heater.c estimated size: 70

C:\Program Files\Microchip\xc8\v2.46\pic\sources\c99\common\awdiv.c
		___awdiv       		CODE           	8CEE	0000	198

C:\Program Files\Microchip\xc8\v2.46\pic\sources\c99\common\awdiv.c estimated size: 198

C:\Program Files\Microchip\xc8\v2.46\pic\sources\c99\common\toupper.c
		_toupper       		CODE           	AE88	0000	46

C:\Program Files\Microchip\xc8\v2.46\pic\sources\c99\common\toupper.c estimated size: 46

C:\Program Files\Microchip\xc8\v2.46\pic\sources\c99\common\lbmod.c
		___lbmod       		CODE           	AD2C	0000	54

C:\Program Files\Microchip\xc8\v2.46\pic\sources\c99\common\lbmod.c estimated size: 54

C:\Program Files\Microchip\xc8\v2.46\pic\sources\c99\common\xxtofl.c
		___xxtofl      		CODE           	6B0C	0000	440

C:\Program Files\Microchip\xc8\v2.46\pic\sources\c99\common\xxtofl.c estimated size: 440

temp_monitoring.c
		_reset_eep_address_in_eeprom		CODE           	9D0C	0000	124
		_read_eep_address_in_eeprom		CODE           	9B08	0000	132
		_reset_sd_address_in_eeprom		CODE           	A87A	0000	76
		_save_sd_address_in_eeprom		CODE           	9B8C	0000	132
		_update_SD_tab 		CODE           	76E2	0000	332
		_read_sd_address_in_eeprom		CODE           	98CE	0000	154
		_extract_data_for_days		CODE           	2EAA	0000	1386
		_update_system_data		CODE           	72E8	0000	350
		_extract_all_alarms		CODE           	7BC8	0000	286
		_temp_management		CODE           	6148	0000	538

temp_monitoring.c estimated size: 3510

C:\Program Files\Microchip\xc8\v2.46\pic\sources\c99\common\nanf.c
		_nanf          		CODE           	B064	0000	34

C:\Program Files\Microchip\xc8\v2.46\pic\sources\c99\common\nanf.c estimated size: 34

C:\Program Files\Microchip\xc8\v2.46\pic\sources\c99\common\isxdigit.c
		_isxdigit      		CODE           	A362	0000	86

C:\Program Files\Microchip\xc8\v2.46\pic\sources\c99\common\isxdigit.c estimated size: 86

C:\Program Files\Microchip\xc8\v2.46\pic\sources\c99\common\strlen.c
		_strlen        		CODE           	A464	0000	84

C:\Program Files\Microchip\xc8\v2.46\pic\sources\c99\common\strlen.c estimated size: 84

C:\Program Files\Microchip\xc8\v2.46\pic\sources\c99\common\flneg.c
		___flneg       		CODE           	AB32	0000	58

C:\Program Files\Microchip\xc8\v2.46\pic\sources\c99\common\flneg.c estimated size: 58

C:\Program Files\Microchip\xc8\v2.46\pic\sources\c99\common\strncmp.c
		_strncmp       		CODE           	8B58	0000	204

C:\Program Files\Microchip\xc8\v2.46\pic\sources\c99\common\strncmp.c estimated size: 204

C:\Program Files\Microchip\xc8\v2.46\pic\sources\c99\common\__fpclassifyf.c
		___fpclassifyf 		CODE           	8210	0000	256

C:\Program Files\Microchip\xc8\v2.46\pic\sources\c99\common\__fpclassifyf.c estimated size: 256

C:\Program Files\Microchip\xc8\v2.46\pic\sources\c99\common\sprcmul.c
		___flmul       		CODE           	4B1C	0000	1068

C:\Program Files\Microchip\xc8\v2.46\pic\sources\c99\common\sprcmul.c estimated size: 1068

C:\Program Files\Microchip\xc8\v2.46\pic\sources\c99\common\strchr.c
		_strchr        		CODE           	A7E2	0000	76

C:\Program Files\Microchip\xc8\v2.46\pic\sources\c99\common\strchr.c estimated size: 76

C:\Program Files\Microchip\xc8\v2.46\pic\sources\c99\common\strcpy.c
		_strcpy        		CODE           	AAF6	0000	60

C:\Program Files\Microchip\xc8\v2.46\pic\sources\c99\common\strcpy.c estimated size: 60

C:\Program Files\Microchip\xc8\v2.46\pic\sources\c99\common\memset.c
		_memset        		CODE           	AC18	0000	56

C:\Program Files\Microchip\xc8\v2.46\pic\sources\c99\common\memset.c estimated size: 56

C:\Program Files\Microchip\xc8\v2.46\pic\sources\c99\common\sprcdiv.c
		___fldiv       		CODE           	5372	0000	924

C:\Program Files\Microchip\xc8\v2.46\pic\sources\c99\common\sprcdiv.c estimated size: 924

C:\Program Files\Microchip\xc8\v2.46\pic\sources\c99\common\atoi.c
		_atoi          		CODE           	7AA8	0000	288

C:\Program Files\Microchip\xc8\v2.46\pic\sources\c99\common\atoi.c estimated size: 288

C:\Program Files\Microchip\xc8\v2.46\pic\sources\c99\common\fleq.c
		___fleq        		CODE           	9596	0000	172

C:\Program Files\Microchip\xc8\v2.46\pic\sources\c99\common\fleq.c estimated size: 172

hal_timer0.c
		_TMR0_ISR      		CODE           	B2CE	0000	14

hal_timer0.c estimated size: 14

C:\Program Files\Microchip\xc8\v2.46\pic\sources\c99\common\doprnt.c
		_read_prec_or_width		CODE           	8A8A	0000	206
		_vfpfcnvrt     		CODE           	429E	0000	1094
		_efgtoa        		CODE           	1076	0000	2836
		_pad           		CODE           	8E78	0000	190
		_dtoa          		CODE           	678A	0000	450
		_vfprintf      		CODE           	A18A	0000	100
		_xtoa          		CODE           	7446	0000	334

C:\Program Files\Microchip\xc8\v2.46\pic\sources\c99\common\doprnt.c estimated size: 5210

SPI_PIC.c
		_spiTransfer   		CODE           	ABE0	0000	56
		_spiReceive    		CODE           	B31A	0000	8
		_spiInit       		CODE           	A6A6	0000	80
		_spiSend       		CODE           	B288	0000	14

SPI_PIC.c estimated size: 158

PWM.c
		_start_pwm     		CODE           	B36E	0000	4
		_set_pwm_duty  		CODE           	89AC	0000	222

PWM.c estimated size: 226

shared
		_CMD8CRC       		MEDIUMCONST    	0000	0000	0
		i2_printf      		CODE           	B01E	0000	36
		_CMD17         		MEDIUMCONST    	0000	0000	0
		_CMD55         		MEDIUMCONST    	0000	0000	0
		i2_vfpfcnvrt   		CODE           	46E4	0000	1080
		i2_LCD_Write_4Bit		CODE           	A8C6	0000	74
		i2_pad         		CODE           	8FF2	0000	186
		i2_SCL_Low     		CODE           	B2C0	0000	14
		i2_abs         		CODE           	AD96	0000	52
		i2_floorf      		CODE           	6578	0000	530
		i2_spiReceive  		CODE           	B332	0000	8
		i2_labs        		CODE           	A3B8	0000	86
		_R1_ILLEGAL_COMMAND		MEDIUMCONST    	0000	0000	0
		i2_read_prec_or_width		CODE           	8C24	0000	202
		i2_putch       		CODE           	B306	0000	10
		i2___fleq      		CODE           	9642	0000	170
		i2_I2C_Delay   		CODE           	B310	0000	10
		_ACMD22        		MEDIUMCONST    	FD36	0000	1
		_ACMD41        		MEDIUMCONST    	0000	0000	0
		_START_BLOCK   		MEDIUMCONST    	0000	0000	0
		_CMD12         		MEDIUMCONST    	0000	0000	0
		_CMD8          		MEDIUMCONST    	0000	0000	0
		i2_LCD_CMD     		CODE           	B17A	0000	28
		_CMD18         		MEDIUMCONST    	0000	0000	0
		_CMD9          		MEDIUMCONST    	0000	0000	0
		i2_SDA_Low     		CODE           	B2B2	0000	14
		i2_vfprintf    		CODE           	A1EE	0000	98
		i2_I2C_ReadFromAddress		CODE           	B2DC	0000	12
		i2_xtoa        		CODE           	7594	0000	334
		_CMD0CRC       		MEDIUMCONST    	0000	0000	0
		i2_SCL_High    		CODE           	B342	0000	8
		i2___flneg     		CODE           	AC88	0000	56
		i2_strcpy      		CODE           	ABA6	0000	58
		_R1_READY_STATE		MEDIUMCONST    	0000	0000	0
		_CMD13         		MEDIUMCONST    	FD41	0000	1
		_CMD32         		MEDIUMCONST    	0000	0000	0
		i2___awdiv     		CODE           	8DB4	0000	196
		i2_spiSend     		CODE           	B2FC	0000	10
		_CMD38         		MEDIUMCONST    	0000	0000	0
		i2___fladd     		CODE           	3DDE	0000	1216
		i2___wmul      		CODE           	AFD4	0000	38
		i2_dtoa        		CODE           	694C	0000	448
		i2___fldiv     		CODE           	570E	0000	922
		i2_I2C_WriteToAddress		CODE           	B1F4	0000	22
		i2_I2C_Stop    		CODE           	B086	0000	34
		i2___fltol     		CODE           	8006	0000	262
		i2_I2C_Start   		CODE           	B124	0000	30
		_CMD0          		MEDIUMCONST    	0000	0000	0
		__initialization		CODE           	9968	0000	132
		_ACMD23        		MEDIUMCONST    	0000	0000	0
		_Font2         		MEDIUMCONST    	FC52	0000	220
		i2___flge      		CODE           	810C	0000	260
		_CMD33         		MEDIUMCONST    	0000	0000	0
		i2_SDA_High    		CODE           	B33A	0000	8
		_CMD58         		MEDIUMCONST    	0000	0000	0
		i2___awmod     		CODE           	9438	0000	176
		i2_I2C_SendOne 		CODE           	B220	0000	22
		_CMD1          		MEDIUMCONST    	0000	0000	0
		_CMD24         		MEDIUMCONST    	0000	0000	0
		i2___flmul     		CODE           	4F48	0000	1066
		i2___xxtofl    		CODE           	6CC4	0000	436
		_STOP_TRAN     		MEDIUMCONST    	0000	0000	0
		i2_USART_Asynchronous_WriteByte_Blocking		CODE           	B1B0	0000	24
		i2___fpclassifyf		CODE           	8310	0000	254
		i2_I2C_SendZero		CODE           	B20A	0000	22
		i2_I2C_WriteByte		CODE           	A4B8	0000	84
		_R1_IDLE_STATE 		MEDIUMCONST    	0000	0000	0
		_START_BLOCK_TOKEN		MEDIUMCONST    	0000	0000	0
		i2___flsub     		CODE           	A9E6	0000	70
		_CMD25         		MEDIUMCONST    	0000	0000	0
		i2_efgtoa      		CODE           	1B8A	0000	2684
		i2_spiTransfer 		CODE           	AD62	0000	52
		_CMD10         		MEDIUMCONST    	0000	0000	0
		i2_fputc       		CODE           	90AC	0000	186
		i2_fputs       		CODE           	AA70	0000	68
		_CMD16         		MEDIUMCONST    	0000	0000	0
		i2_strlen      		CODE           	A746	0000	80
		_Font          		MEDIUMCONST    	FB53	0000	255
		i2_memcpy      		CODE           	A6F6	0000	80
		i2_SD_Command  		CODE           	99F6	0000	140
		i2_I2C_ReadResult		CODE           	9F6A	0000	114

shared estimated size: 12679

C:\Program Files\Microchip\xc8\v2.46\pic\sources\c99\common\Umul16.c
		___wmul        		CODE           	AF38	0000	40

C:\Program Files\Microchip\xc8\v2.46\pic\sources\c99\common\Umul16.c estimated size: 40

C:\Program Files\Microchip\xc8\v2.46\pic\sources\c99\common\strtof.c
		_strtof        		CODE           	0012	0000	4196

C:\Program Files\Microchip\xc8\v2.46\pic\sources\c99\common\strtof.c estimated size: 4196

C:\Program Files\Microchip\xc8\v2.46\pic\sources\c99\common\nf_fputs.c
		_fputs         		CODE           	A958	0000	72

C:\Program Files\Microchip\xc8\v2.46\pic\sources\c99\common\nf_fputs.c estimated size: 72

ds18b20.c
		_OneWireRelease		CODE           	B362	0000	6
		_OneWireReadBit		CODE           	AF88	0000	38
		_OneWireReadByte		CODE           	A82E	0000	76
		_OneWireWriteBit		CODE           	AA2C	0000	68
		_print_temperature		CODE           	7178	0000	368
		_OneWireRead   		CODE           	B236	0000	20
		_OneWireHigh   		CODE           	B368	0000	6
		_OneWireTemp   		CODE           	9386	0000	178
		_OneWireReset  		CODE           	A602	0000	82
		_OneWireWriteByte		CODE           	AB6C	0000	58

ds18b20.c estimated size: 900

C:\Program Files\Microchip\xc8\v2.46\pic\sources\c99\common\isdigit.c
		_isdigit       		CODE           	AEE4	0000	44

C:\Program Files\Microchip\xc8\v2.46\pic\sources\c99\common\isdigit.c estimated size: 44

./ssd1306_unbuffered.h
		_ssd1306_command		CODE           	B0C8	0000	32
		_SSD1306_Init  		CODE           	85FE	0000	246
		_SSD1306_ClearDisplay		CODE           	A250	0000	96
		_SSD1306_GotoXY		CODE           	AE2A	0000	48
		_SSD1306_PutStretchC		CODE           	5E24	0000	804
		_oled_puts     		CODE           	A124	0000	102

./ssd1306_unbuffered.h estimated size: 1328

C:\Program Files\Microchip\xc8\v2.46\pic\sources\c99\common\sprcadd.c
		___flsub       		CODE           	A910	0000	72
		___fladd       		CODE           	391C	0000	1218

C:\Program Files\Microchip\xc8\v2.46\pic\sources\c99\common\sprcadd.c estimated size: 1290

lcd.c
		_LCD_Init      		CODE           	7CE6	0000	274
		_LCD_Write_4Bit		CODE           	A796	0000	76
		_LCD_Write_Char		CODE           	B15E	0000	28
		_LCD_CMD       		CODE           	B0A8	0000	32
		_LCD_Set_Cursor		CODE           	A40E	0000	86
		_LCD_Clear     		CODE           	B26A	0000	16

lcd.c estimated size: 512

C:\Program Files\Microchip\xc8\v2.46\pic\sources\c99\common\memcpy.c
		_memcpy        		CODE           	A5B0	0000	82

C:\Program Files\Microchip\xc8\v2.46\pic\sources\c99\common\memcpy.c estimated size: 82

C:\Program Files\Microchip\xc8\v2.46\pic\sources\c99\common\labs.c
		_labs          		CODE           	A30A	0000	88

C:\Program Files\Microchip\xc8\v2.46\pic\sources\c99\common\labs.c estimated size: 88

C:\Program Files\Microchip\xc8\v2.46\pic\sources\c99\common\abs.c
		_abs           		CODE           	ACC0	0000	54

C:\Program Files\Microchip\xc8\v2.46\pic\sources\c99\common\abs.c estimated size: 54

C:\Program Files\Microchip\xc8\v2.46\pic\sources\c99\common\awmod.c
		___awmod       		CODE           	92D4	0000	178

C:\Program Files\Microchip\xc8\v2.46\pic\sources\c99\common\awmod.c estimated size: 178

mcal_interrupt_manager.c
		_InterruptManager		CODE           	0008	0000	252

mcal_interrupt_manager.c estimated size: 252

main.c
		_USART_OverrunDefaultErrorHandler		CODE           	B356	0000	6
		_timer1_timer_init		CODE           	ADCA	0000	48
		_putch         		CODE           	B27A	0000	14
		_main          		CODE           	AE5A	0000	46
		_Timer1_DefaultInterruptHandler		CODE           	86F4	0000	238
		_USART_RxDefaultInterruptHandler		CODE           	782E	0000	318
		_execute_rx_command		CODE           	796C	0000	316
		_usart_module_init		CODE           	A50C	0000	82
		_USART_FramingDefaultErrorHandler		CODE           	B2F2	0000	10
		_USART_TxDefaultInterruptHandler		CODE           	B25A	0000	16

main.c estimated size: 1094

RTC.c
		_DisplayDateOnLCD		CODE           	6FFE	0000	378
		_DisplayTimeToLCD		CODE           	6E78	0000	390
		_Get_DS1307_RTC_Date		CODE           	A04E	0000	108
		_Read_Bytes_From_DS1307_RTC		CODE           	A654	0000	82
		_Get_DS1307_RTC_Time		CODE           	9166	0000	184

RTC.c estimated size: 1142

C:\Program Files\Microchip\xc8\v2.46\pic\sources\c99\common\Umul32.c
		___lmul        		CODE           	A0BA	0000	106

C:\Program Files\Microchip\xc8\v2.46\pic\sources\c99\common\Umul32.c estimated size: 106

led.c
		_led_set_mode  		CODE           	9FDC	0000	114

led.c estimated size: 114

C:\Program Files\Microchip\xc8\v2.46\pic\sources\c99\common\flge.c
		___flge        		CODE           	7F00	0000	262

C:\Program Files\Microchip\xc8\v2.46\pic\sources\c99\common\flge.c estimated size: 262

