Microchip MPLAB XC8 Compiler V2.36

Linker command line:

-W-3 --edf=C:\Program Files\Microchip\xc8\v2.36\pic\dat\en_msgs.txt -cn \
  -h+dist/default/production\Projet_pic18.X.production.sym \
  --cmf=dist/default/production\Projet_pic18.X.production.cmf -z -Q18F4620 \
  -oC:\Users\NATHAN~1\AppData\Local\Temp\xcAseqo.4 --defsym=__MPLAB_BUILD=1 \
  -Mdist/default/production/Projet_pic18.X.production.map \
  --md=C:\Users\NATHAN~1\AppData\Local\Temp\xcAseqo.dat -E1 \
  -ver=XC8 Compiler --acfsm=1493 -ACODE=00h-0FFFFh -ACONST=00h-0FFFFh \
  -ASMALLCONST=01000h-010FFhx240 -AMEDIUMCONST=01000h-0FFFFh \
  -ACOMRAM=01h-07Fh -AABS1=00h-0F7Fh -ABIGRAM=01h-0F7Fh \
  -ARAM=080h-0FFh,0100h-01FFhx14,0F00h-0F7Fh -ABANK0=080h-0FFh \
  -ABANK1=0100h-01FFh -ABANK2=0200h-02FFh -ABANK3=0300h-03FFh \
  -ABANK4=0400h-04FFh -ABANK5=0500h-05FFh -ABANK6=0600h-06FFh \
  -ABANK7=0700h-07FFh -ABANK8=0800h-08FFh -ABANK9=0900h-09FFh \
  -ABANK10=0A00h-0AFFh -ABANK11=0B00h-0BFFh -ABANK12=0C00h-0CFFh \
  -ABANK13=0D00h-0DFFh -ABANK14=0E00h-0EFFh -ABANK15=0F00h-0F7Fh \
  -ASFR=0F80h-0FFFh -ABIGSFR=0F80h-0FFFh -ACONFIG=0300000h-030000Dh \
  -AIDLOC=0200000h-0200007h -AEEDATA=0F00000h-0F003FFh -peeprom_data=EEDATA \
  -preset_vec=00h,intcode=08h,intcodelo,powerup,init -pramtop=01000h \
  -psmallconst=SMALLCONST -pmediumconst=MEDIUMCONST -pconst=CONST \
  -AFARRAM=00h-00h \
  -prdata=COMRAM,nvrram=COMRAM,nvbit=COMRAM,rbss=COMRAM,rbit=COMRAM \
  -pfarbss=FARRAM,fardata=FARRAM,nvFARRAM=FARRAM \
  -pintsave_regs=BIGRAM,bigbss=BIGRAM,bigdata=BIGRAM -pbss=RAM \
  -pidata=CODE,irdata=CODE,ibigdata=CODE,ifardata=CODE -prparam=COMRAM \
  C:\Users\NATHAN~1\AppData\Local\Temp\xcAseqo.o \
  dist/default/production\Projet_pic18.X.production.o 

Object code version is 3.11

Machine type is 18F4620



                Name                               Link     Load   Length Selector   Space Scale
C:\Users\NATHAN~1\AppData\Local\Temp\xcAseqo.o
                config                           300000   300000        E        0       4
                init                                  E        E        4        4       0
                reset_vec                             0        0        4        0       0
dist/default/production\Projet_pic18.X.production.o
                intcode                               8        8        6        4       0
                config                           300000   300000        E        0       4
                temp                                 7F       7F        1        1       1
                mediumconst                        FB46     FB46      4BA     7DA3       0
                text202                            CCBA     CCBA        E        4       0
                text201                            CCFE     CCFE        A        4       0
                text200                            CD30     CD30        8        4       0
                text199                            CCAC     CCAC        E        4       0
                text198                            CD28     CD28        8        4       0
                text197                            CC9E     CC9E        E        4       0
                text196                            CB02     CB02       1E        4       0
                text195                            CA64     CA64       22        4       0
                text194                            CBFE     CBFE       16        4       0
                text193                            CBE8     CBE8       16        4       0
                text192                            BE46     BE46       54        4       0
                text191                            CBD2     CBD2       16        4       0
                text190                            C0B8     C0B8       4A        4       0
                text189                            CB58     CB58       1C        4       0
                text188                            B97C     B97C       6A        4       0
                text187                            CB3C     CB3C       1C        4       0
                text186                            A84C     A84C       C4        4       0
                text185                            AC96     AC96       B0        4       0
                text184                            88AC     88AC      17A        4       0
                text183                            CC48     CC48       10        4       0
                text182                            8726     8726      186        4       0
                text181                            CAA6     CAA6       20        4       0
                text180                            BBDA     BBDA       60        4       0
                text179                            C83E     C83E       30        4       0
                text178                            9E08     9E08       F6        4       0
                text177                            C774     C774       36        4       0
                text176                            6836     6836      336        4       0
                text175                            BA4C     BA4C       66        4       0
                text174                            C9D6     C9D6       26        4       0
                text173                            C6D0     C6D0       38        4       0
                text172                            C402     C402       44        4       0
                text171                            7EC4     7EC4      1C8        4       0
                text170                            859E     859E      188        4       0
                text169                            8E6C     8E6C      164        4       0
                text168                            C488     C488       40        4       0
                text167                            CB8E     CB8E       18        4       0
                text166                            CCF4     CCF4        A        4       0
                text165                            A5F6     A5F6       CA        4       0
                text164                            C3BE     C3BE       44        4       0
                text163                            BF3A     BF3A       50        4       0
                text162                            A786     A786       C6        4       0
                text161                            6E6C     6E6C      2E4        4       0
                text160                            6126     6126      39A        4       0
                text159                            ADF2     ADF2       AA        4       0
                text158                            9910     9910      104        4       0
                text157                            5942     5942      42A        4       0
                text156                            C698     C698       38        4       0
                text155                            5014     5014      4C0        4       0
                text154                            C2AC     C2AC       46        4       0
                text153                            980A     980A      106        4       0
                text152                            9C14     9C14       FE        4       0
                text151                            7ADC     7ADC      212        4       0
                text150                            BC3A     BC3A       5E        4       0
                text149                            CD58     CD58        2        4       0
                text148                            C266     C266       46        4       0
                text147                            1D42     1D42      C24        4       0
                text146                            A376     A376       DC        4       0
                text145                            CD56     CD56        2        4       0
                text144                            CD54     CD54        2        4       0
                text143                            C37A     C37A       44        4       0
                text142                            7404     7404      2A6        4       0
                text141                            395E     395E      7B6        4       0
                text140                            BB16     BB16       64        4       0
                text139                            95EE     95EE      116        4       0
                text138                            B6EA     B6EA       72        4       0
                text137                            C220     C220       46        4       0
                text136                            B678     B678       72        4       0
                text135                            8244     8244      1B4        4       0
                text134                            A298     A298       DE        4       0
                text133                            C916     C916       28        4       0
                text132                            76AA     76AA      21C        4       0
                text131                            BEEA     BEEA       50        4       0
                text130                            C86E     C86E       2E        4       0
                text129                            C06E     C06E       4A        4       0
                text128                            B22A     B22A       82        4       0
                text127                            C7AA     C7AA       34        4       0
                text126                            CD20     CD20        8        4       0
                text125                            CCEA     CCEA        A        4       0
                text124                            B118     B118       8C        4       0
                text123                            B49E     B49E       7A        4       0
                text122                            C9FC     C9FC       24        4       0
                text121                            9B14     9B14      100        4       0
                text120                            ABE6     ABE6       B0        4       0
                text119                            8B9C     8B9C      16A        4       0
                text118                            CCD4     CCD4        C        4       0
                text117                            B606     B606       72        4       0
                text116                            C9B0     C9B0       26        4       0
                text115                            BCF2     BCF2       58        4       0
                text114                            B7CC     B7CC       70        4       0
                text113                            A910     A910       BC        4       0
                text112                            CD4A     CD4A        6        4       0
                text111                            CC14     CC14       14        4       0
                text110                            CD44     CD44        6        4       0
                text109                            C98A     C98A       26        4       0
                text108                            C022     C022       4C        4       0
                text107                            C73E     C73E       36        4       0
                text106                            C336     C336       44        4       0
                text105                            C5EE     C5EE       3A        4       0
                text104                            AB34     AB34       B2        4       0
                text103                            8FD0     8FD0      15E        4       0
                text102                            9EFE     9EFE       F4        4       0
                text101                            C660     C660       38        4       0
                text100                            C89C     C89C       2A        4       0
                text99                             CC90     CC90        E        4       0
                text98                             CD3E     CD3E        6        4       0
                text97                             CD38     CD38        6        4       0
                text96                             B912     B912       6A        4       0
                text95                             B75C     B75C       70        4       0
                text94                             CA42     CA42       22        4       0
                text93                               12       12     1098        4       0
                text92                             C964     C964       26        4       0
                text91                             B424     B424       7A        4       0
                text90                             B3A8     B3A8       7C        4       0
                text89                             B9E6     B9E6       66        4       0
                text88                             93A4     93A4      12C        4       0
                text87                             AF40     AF40       A0        4       0
                text86                             B518     B518       78        4       0
                text85                             CAE4     CAE4       1E        4       0
                text84                             4114     4114      536        4       0
                text83                             9270     9270      134        4       0
                text82                             8A26     8A26      176        4       0
                text81                             BFD6     BFD6       4C        4       0
                text80                             912E     912E      142        4       0
                text79                             B1A4     B1A4       86        4       0
                text78                             CC38     CC38       10        4       0
                text77                             C80E     C80E       30        4       0
                intcode_body                       9D12     9D12       F6        4       0
                text75                             CCE0     CCE0        A        4       0
                text74                             CD18     CD18        8        4       0
                text73                             CC82     CC82        E        4       0
                text72                             CD10     CD10        8        4       0
                text71                             CC74     CC74        E        4       0
                text70                             CAC6     CAC6       1E        4       0
                text69                             CA20     CA20       22        4       0
                text68                             CBBC     CBBC       16        4       0
                text67                             CBA6     CBA6       16        4       0
                text66                             BC98     BC98       5A        4       0
                text65                             CB74     CB74       1A        4       0
                text64                             BF8A     BF8A       4C        4       0
                text63                             CA86     CA86       20        4       0
                text62                             9FF2     9FF2       EA        4       0
                text61                             CC28     CC28       10        4       0
                text60                             B32C     B32C       7C        4       0
                text59                             C446     C446       42        4       0
                text58                             B590     B590       76        4       0
                text57                             C628     C628       38        4       0
                text56                             CD08     CD08        8        4       0
                text55                             CC66     CC66        E        4       0
                text54                             AFE0     AFE0       9E        4       0
                text53                             C708     C708       36        4       0
                text52                             5D6C     5D6C      3BA        4       0
                text51                             54D4     54D4      46E        4       0
                text50                             94D0     94D0      11E        4       0
                text49                             808C     808C      1B8        4       0
                text48                             BAB2     BAB2       64        4       0
                text47                             2966     2966      826        4       0
                text46                             C8EE     C8EE       28        4       0
                text45                             C5B4     C5B4       3A        4       0
                text44                             BDF2     BDF2       54        4       0
                text43                             7CEE     7CEE      1D6        4       0
                text42                             83F8     83F8      1A6        4       0
                text41                             8D06     8D06      166        4       0
                text40                             C2F2     C2F2       44        4       0
                text39                             CB20     CB20       1C        4       0
                text38                             CC58     CC58        E        4       0
                text37                             A52A     A52A       CC        4       0
                text36                             C192     C192       48        4       0
                text35                             BD9E     BD9E       54        4       0
                text34                             A452     A452       D8        4       0
                text33                             6B6C     6B6C      300        4       0
                text32                             A6C0     A6C0       C6        4       0
                text31                             AA82     AA82       B2        4       0
                text30                             AD46     AD46       AC        4       0
                text29                             9704     9704      106        4       0
                text28                             C57A     C57A       3A        4       0
                text27                             4B52     4B52      4C2        4       0
                text26                             C14A     C14A       48        4       0
                text25                             9A14     9A14      100        4       0
                text24                             78C6     78C6      216        4       0
                text23                             BB7A     BB7A       60        4       0
                text22                             C540     C540       3A        4       0
                text21                             C102     C102       48        4       0
                text20                             10AA     10AA      C98        4       0
                text19                             A1BA     A1BA       DE        4       0
                text18                             C4C8     C4C8       3E        4       0
                text17                             C506     C506       3A        4       0
                text16                             C1DA     C1DA       46        4       0
                text15                             7150     7150      2B4        4       0
                text14                             318C     318C      7D2        4       0
                text13                             B83C     B83C       6C        4       0
                text12                             C8C6     C8C6       28        4       0
                text11                             64C0     64C0      376        4       0
                text10                             B07E     B07E       9A        4       0
                text9                              CD50     CD50        4        4       0
                text8                              B2AC     B2AC       80        4       0
                text7                              AE9C     AE9C       A4        4       0
                text6                              C7DE     C7DE       30        4       0
                text5                              A0DC     A0DC       DE        4       0
                text4                              A9CC     A9CC       B6        4       0
                text3                              464A     464A      508        4       0
                text2                              BD4A     BD4A       54        4       0
                text1                              BE9A     BE9A       50        4       0
                text0                              C93E     C93E       26        4       0
                cstackCOMRAM                          1        1       7E        1       1
                cstackBANK0                          80       80       7D       80       1
                cstackBANK1                         100      100       65      100       1
                cstackBANK2                         298      298       67      200       1
                cstackBANK3                         3A4      3A4       4B      300       1
                bssBIGRAM                           3EF      3EF      400      3EF       1
                bssBANK3                            300      300       A4      300       1
                bssBANK2                            200      200       98      200       1
                dataBANK1                           1A4      1A4        C      100       1
                bssBANK1                            165      165       3F      100       1
                bssBANK0                             FD       FD        3       80       1
                cinit                              B8A8     B8A8       6A        4       0
                idataBANK1                         CCC8     CCC8        C        4       0

TOTAL           Name                               Link     Load   Length     Space
        CLASS   CODE           
                intcode                               8        8        6         0
                init                                  E        E        4         0
                reset_vec                             0        0        4         0
                text202                            CCBA     CCBA        E         0
                text201                            CCFE     CCFE        A         0
                text200                            CD30     CD30        8         0
                text199                            CCAC     CCAC        E         0
                text198                            CD28     CD28        8         0
                text197                            CC9E     CC9E        E         0
                text196                            CB02     CB02       1E         0
                text195                            CA64     CA64       22         0
                text194                            CBFE     CBFE       16         0
                text193                            CBE8     CBE8       16         0
                text192                            BE46     BE46       54         0
                text191                            CBD2     CBD2       16         0
                text190                            C0B8     C0B8       4A         0
                text189                            CB58     CB58       1C         0
                text188                            B97C     B97C       6A         0
                text187                            CB3C     CB3C       1C         0
                text186                            A84C     A84C       C4         0
                text185                            AC96     AC96       B0         0
                text184                            88AC     88AC      17A         0
                text183                            CC48     CC48       10         0
                text182                            8726     8726      186         0
                text181                            CAA6     CAA6       20         0
                text180                            BBDA     BBDA       60         0
                text179                            C83E     C83E       30         0
                text178                            9E08     9E08       F6         0
                text177                            C774     C774       36         0
                text176                            6836     6836      336         0
                text175                            BA4C     BA4C       66         0
                text174                            C9D6     C9D6       26         0
                text173                            C6D0     C6D0       38         0
                text172                            C402     C402       44         0
                text171                            7EC4     7EC4      1C8         0
                text170                            859E     859E      188         0
                text169                            8E6C     8E6C      164         0
                text168                            C488     C488       40         0
                text167                            CB8E     CB8E       18         0
                text166                            CCF4     CCF4        A         0
                text165                            A5F6     A5F6       CA         0
                text164                            C3BE     C3BE       44         0
                text163                            BF3A     BF3A       50         0
                text162                            A786     A786       C6         0
                text161                            6E6C     6E6C      2E4         0
                text160                            6126     6126      39A         0
                text159                            ADF2     ADF2       AA         0
                text158                            9910     9910      104         0
                text157                            5942     5942      42A         0
                text156                            C698     C698       38         0
                text155                            5014     5014      4C0         0
                text154                            C2AC     C2AC       46         0
                text153                            980A     980A      106         0
                text152                            9C14     9C14       FE         0
                text151                            7ADC     7ADC      212         0
                text150                            BC3A     BC3A       5E         0
                text149                            CD58     CD58        2         0
                text148                            C266     C266       46         0
                text147                            1D42     1D42      C24         0
                text146                            A376     A376       DC         0
                text145                            CD56     CD56        2         0
                text144                            CD54     CD54        2         0
                text143                            C37A     C37A       44         0
                text142                            7404     7404      2A6         0
                text141                            395E     395E      7B6         0
                text140                            BB16     BB16       64         0
                text139                            95EE     95EE      116         0
                text138                            B6EA     B6EA       72         0
                text137                            C220     C220       46         0
                text136                            B678     B678       72         0
                text135                            8244     8244      1B4         0
                text134                            A298     A298       DE         0
                text133                            C916     C916       28         0
                text132                            76AA     76AA      21C         0
                text131                            BEEA     BEEA       50         0
                text130                            C86E     C86E       2E         0
                text129                            C06E     C06E       4A         0
                text128                            B22A     B22A       82         0
                text127                            C7AA     C7AA       34         0
                text126                            CD20     CD20        8         0
                text125                            CCEA     CCEA        A         0
                text124                            B118     B118       8C         0
                text123                            B49E     B49E       7A         0
                text122                            C9FC     C9FC       24         0
                text121                            9B14     9B14      100         0
                text120                            ABE6     ABE6       B0         0
                text119                            8B9C     8B9C      16A         0
                text118                            CCD4     CCD4        C         0
                text117                            B606     B606       72         0
                text116                            C9B0     C9B0       26         0
                text115                            BCF2     BCF2       58         0
                text114                            B7CC     B7CC       70         0
                text113                            A910     A910       BC         0
                text112                            CD4A     CD4A        6         0
                text111                            CC14     CC14       14         0
                text110                            CD44     CD44        6         0
                text109                            C98A     C98A       26         0
                text108                            C022     C022       4C         0
                text107                            C73E     C73E       36         0
                text106                            C336     C336       44         0
                text105                            C5EE     C5EE       3A         0
                text104                            AB34     AB34       B2         0
                text103                            8FD0     8FD0      15E         0
                text102                            9EFE     9EFE       F4         0
                text101                            C660     C660       38         0
                text100                            C89C     C89C       2A         0
                text99                             CC90     CC90        E         0
                text98                             CD3E     CD3E        6         0
                text97                             CD38     CD38        6         0
                text96                             B912     B912       6A         0
                text95                             B75C     B75C       70         0
                text94                             CA42     CA42       22         0
                text93                               12       12     1098         0
                text92                             C964     C964       26         0
                text91                             B424     B424       7A         0
                text90                             B3A8     B3A8       7C         0
                text89                             B9E6     B9E6       66         0
                text88                             93A4     93A4      12C         0
                text87                             AF40     AF40       A0         0
                text86                             B518     B518       78         0
                text85                             CAE4     CAE4       1E         0
                text84                             4114     4114      536         0
                text83                             9270     9270      134         0
                text82                             8A26     8A26      176         0
                text81                             BFD6     BFD6       4C         0
                text80                             912E     912E      142         0
                text79                             B1A4     B1A4       86         0
                text78                             CC38     CC38       10         0
                text77                             C80E     C80E       30         0
                intcode_body                       9D12     9D12       F6         0
                text75                             CCE0     CCE0        A         0
                text74                             CD18     CD18        8         0
                text73                             CC82     CC82        E         0
                text72                             CD10     CD10        8         0
                text71                             CC74     CC74        E         0
                text70                             CAC6     CAC6       1E         0
                text69                             CA20     CA20       22         0
                text68                             CBBC     CBBC       16         0
                text67                             CBA6     CBA6       16         0
                text66                             BC98     BC98       5A         0
                text65                             CB74     CB74       1A         0
                text64                             BF8A     BF8A       4C         0
                text63                             CA86     CA86       20         0
                text62                             9FF2     9FF2       EA         0
                text61                             CC28     CC28       10         0
                text60                             B32C     B32C       7C         0
                text59                             C446     C446       42         0
                text58                             B590     B590       76         0
                text57                             C628     C628       38         0
                text56                             CD08     CD08        8         0
                text55                             CC66     CC66        E         0
                text54                             AFE0     AFE0       9E         0
                text53                             C708     C708       36         0
                text52                             5D6C     5D6C      3BA         0
                text51                             54D4     54D4      46E         0
                text50                             94D0     94D0      11E         0
                text49                             808C     808C      1B8         0
                text48                             BAB2     BAB2       64         0
                text47                             2966     2966      826         0
                text46                             C8EE     C8EE       28         0
                text45                             C5B4     C5B4       3A         0
                text44                             BDF2     BDF2       54         0
                text43                             7CEE     7CEE      1D6         0
                text42                             83F8     83F8      1A6         0
                text41                             8D06     8D06      166         0
                text40                             C2F2     C2F2       44         0
                text39                             CB20     CB20       1C         0
                text38                             CC58     CC58        E         0
                text37                             A52A     A52A       CC         0
                text36                             C192     C192       48         0
                text35                             BD9E     BD9E       54         0
                text34                             A452     A452       D8         0
                text33                             6B6C     6B6C      300         0
                text32                             A6C0     A6C0       C6         0
                text31                             AA82     AA82       B2         0
                text30                             AD46     AD46       AC         0
                text29                             9704     9704      106         0
                text28                             C57A     C57A       3A         0
                text27                             4B52     4B52      4C2         0
                text26                             C14A     C14A       48         0
                text25                             9A14     9A14      100         0
                text24                             78C6     78C6      216         0
                text23                             BB7A     BB7A       60         0
                text22                             C540     C540       3A         0
                text21                             C102     C102       48         0
                text20                             10AA     10AA      C98         0
                text19                             A1BA     A1BA       DE         0
                text18                             C4C8     C4C8       3E         0
                text17                             C506     C506       3A         0
                text16                             C1DA     C1DA       46         0
                text15                             7150     7150      2B4         0
                text14                             318C     318C      7D2         0
                text13                             B83C     B83C       6C         0
                text12                             C8C6     C8C6       28         0
                text11                             64C0     64C0      376         0
                text10                             B07E     B07E       9A         0
                text9                              CD50     CD50        4         0
                text8                              B2AC     B2AC       80         0
                text7                              AE9C     AE9C       A4         0
                text6                              C7DE     C7DE       30         0
                text5                              A0DC     A0DC       DE         0
                text4                              A9CC     A9CC       B6         0
                text3                              464A     464A      508         0
                text2                              BD4A     BD4A       54         0
                text1                              BE9A     BE9A       50         0
                text0                              C93E     C93E       26         0
                cinit                              B8A8     B8A8       6A         0
                idataBANK1                         CCC8     CCC8        C         0

        CLASS   CONST          

        CLASS   SMALLCONST     

        CLASS   MEDIUMCONST    
                mediumconst                        FB46     FB46      4BA         0

        CLASS   COMRAM         
                temp                                 7F       7F        1         1
                cstackCOMRAM                          1        1       7E         1

        CLASS   ABS1           

        CLASS   BIGRAM         
                bssBIGRAM                           3EF      3EF      400         1

        CLASS   RAM            

        CLASS   BANK0          
                cstackBANK0                          80       80       7D         1
                bssBANK0                             FD       FD        3         1

        CLASS   BANK1          
                cstackBANK1                         100      100       65         1
                dataBANK1                           1A4      1A4        C         1
                bssBANK1                            165      165       3F         1

        CLASS   BANK2          
                cstackBANK2                         298      298       67         1
                bssBANK2                            200      200       98         1

        CLASS   BANK3          
                cstackBANK3                         3A4      3A4       4B         1
                bssBANK3                            300      300       A4         1

        CLASS   BANK4          

        CLASS   BANK5          

        CLASS   BANK6          

        CLASS   BANK7          

        CLASS   BANK8          

        CLASS   BANK9          

        CLASS   BANK10         

        CLASS   BANK11         

        CLASS   BANK12         

        CLASS   BANK13         

        CLASS   BANK14         

        CLASS   BANK15         

        CLASS   SFR            

        CLASS   BIGSFR         

        CLASS   CONFIG         
                config                           300000   300000        E         4

        CLASS   IDLOC          

        CLASS   EEDATA         

        CLASS   FARRAM         

        CLASS   HEAP           

        CLASS   STACK          



SEGMENTS        Name                           Load    Length   Top    Selector   Space  Class

                reset_vec                      000000  000004  000004         0       0  CODE    
                cstackCOMRAM                   000001  00007F  000080         1       1  COMRAM  
                intcode                        000008  00CD52  00CD5A         4       0  CODE    
                cstackBANK0                    000080  000080  000100        80       1  BANK0   
                cstackBANK1                    000100  0000B0  0001B0       100       1  BANK1   
                bssBANK2                       000200  0000FF  0002FF       200       1  BANK2   
                bssBANK3                       000300  0000EF  0003EF       300       1  BANK3   
                bssBIGRAM                      0003EF  000400  0007EF       3EF       1  BIGRAM  
                mediumconst                    00FB46  0004BA  010000      7DA3       0  MEDIUMCO


UNUSED ADDRESS RANGES

        Name                Unused          Largest block    Delta
        BANK1            0001B0-0001FF               50
        BANK10           000A00-000AFF              100
        BANK11           000B00-000BFF              100
        BANK12           000C00-000CFF              100
        BANK13           000D00-000DFF              100
        BANK14           000E00-000EFF              100
        BANK15           000F00-000F7F               80
        BANK2            0002FF-0002FF                1
        BANK7            0007EF-0007FF               11
        BANK8            000800-0008FF              100
        BANK9            000900-0009FF              100
        BIGRAM           0001B0-0001FF               50
                         0002FF-0002FF                1
                         0007EF-000F7F              791
        BIGSFR           000F80-000FFF               80
        CODE             000004-000007                4
                         00CD5A-00FB45             2DEC
        CONST            000004-000007                4
                         00CD5A-00FB45             2DEC
        EEDATA           F00000-F003FF              400
        IDLOC            200000-200007                8
        MEDIUMCONST      00CD5A-00FB45             2DEC
        RAM              0001B0-0001FF               50
                         0002FF-0002FF                1
                         0007EF-000F7F              100
        SFR              000F80-000FFF               80
        SMALLCONST       00CD5A-00FB45              100

                                  Symbol Table

?_Get_DS1307_RTC_Date                                 cstackCOMRAM 000011
?_Get_DS1307_RTC_Time                                 cstackCOMRAM 000011
?_OneWireTemp                                         cstackCOMRAM 000028
?___aodiv                                             cstackBANK1  000150
?___aomod                                             cstackBANK1  000150
?___awdiv                                             cstackBANK1  000150
?___awmod                                             cstackBANK1  000150
?___fladd                                             cstackBANK2  0002AD
?___fldiv                                             cstackBANK2  000298
?___flmul                                             cstackBANK2  000298
?___flneg                                             cstackBANK1  000150
?___flsub                                             cstackBANK2  0002BD
?___fltol                                             cstackBANK2  0002AD
?___fpclassifyf                                       cstackBANK1  000150
?___lmul                                              cstackCOMRAM 000001
?___wmul                                              cstackBANK1  000150
?___xxtofl                                            cstackBANK1  000150
?_abs                                                 cstackBANK1  000162
?_atof                                                cstackCOMRAM 00007A
?_atoi                                                cstackBANK1  000157
?_dtoa                                                cstackBANK2  0002A2
?_efgtoa                                              cstackBANK2  0002C5
?_floorf                                              cstackBANK2  0002AD
?_isalpha                                             cstackBANK1  000150
?_isdigit                                             cstackBANK1  000150
?_islower                                             cstackBANK1  000150
?_isspace                                             cstackBANK1  000150
?_isupper                                             cstackBANK1  000150
?_isxdigit                                            cstackCOMRAM 000007
?_nanf                                                cstackCOMRAM 000001
?_pad                                                 cstackBANK2  000298
?_printf                                              cstackBANK3  0003D6
?_snprintf                                            cstackBANK0  0000D2
?_strchr                                              cstackCOMRAM 000001
?_strlen                                              cstackBANK1  000150
?_strncmp                                             cstackBANK1  000150
?_strtof                                              cstackCOMRAM 000065
?_tolower                                             cstackBANK1  000156
?_toupper                                             cstackBANK1  000156
?_vfpfcnvrt                                           cstackBANK2  0002D1
?_vfprintf                                            cstackBANK2  0002F5
?_xtoa                                                cstackBANK2  0002A2
?i2___aodiv                                           cstackCOMRAM 000001
?i2___aomod                                           cstackCOMRAM 000001
?i2___awdiv                                           cstackCOMRAM 000001
?i2___awmod                                           cstackCOMRAM 000001
?i2___fladd                                           cstackCOMRAM 000028
?i2___fldiv                                           cstackCOMRAM 00000F
?i2___flmul                                           cstackCOMRAM 000040
?i2___flneg                                           cstackCOMRAM 000001
?i2___flsub                                           cstackCOMRAM 000038
?i2___fltol                                           cstackCOMRAM 000059
?i2___fpclassifyf                                     cstackCOMRAM 000001
?i2___wmul                                            cstackCOMRAM 000001
?i2___xxtofl                                          cstackCOMRAM 000001
?i2_abs                                               cstackCOMRAM 000013
?i2_atoi                                              cstackCOMRAM 000007
?i2_dtoa                                              cstackCOMRAM 00001E
?i2_efgtoa                                            cstackCOMRAM 000065
?i2_floorf                                            cstackCOMRAM 000028
?i2_isdigit                                           cstackCOMRAM 000001
?i2_pad                                               cstackCOMRAM 000013
?i2_printf                                            cstackBANK0  0000D2
?i2_strlen                                            cstackCOMRAM 000001
?i2_strncmp                                           cstackCOMRAM 000005
?i2_tolower                                           cstackCOMRAM 000003
?i2_toupper                                           cstackCOMRAM 000003
?i2_vfpfcnvrt                                         cstackCOMRAM 000071
?i2_vfprintf                                          cstackBANK0  0000CC
?i2_xtoa                                              cstackCOMRAM 00001E
DisplayDateOnLCD@pDate                                cstackCOMRAM 00000D
DisplayDateOnLCD@tens                                 cstackCOMRAM 000010
DisplayDateOnLCD@units                                cstackCOMRAM 000011
DisplayTimeToLCD@pTime                                cstackCOMRAM 00000D
DisplayTimeToLCD@tens                                 cstackCOMRAM 000010
DisplayTimeToLCD@units                                cstackCOMRAM 000011
Get_DS1307_RTC_Date@Temp                              cstackCOMRAM 00001E
Get_DS1307_RTC_Date@currentDate                       cstackCOMRAM 00001A
Get_DS1307_RTC_Date@pRTCArray                         cstackCOMRAM 000016
Get_DS1307_RTC_Time@Temp                              cstackCOMRAM 00001D
Get_DS1307_RTC_Time@currentTime                       cstackCOMRAM 000019
Get_DS1307_RTC_Time@pRTCArray                         cstackCOMRAM 000016
I2C_ReadFromAddress@deviceAddress                     cstackBANK1  000154
I2C_ReadRegister@deviceAddress                        cstackCOMRAM 000009
I2C_ReadRegister@registerAddress                      cstackCOMRAM 000007
I2C_ReadRegister@result                               cstackCOMRAM 000008
I2C_ReadResult@readback                               cstackBANK1  000152
I2C_ReadResult@x                                      cstackBANK1  000150
I2C_ReadResult_withAck@readback                       cstackCOMRAM 000003
I2C_ReadResult_withAck@x                              cstackCOMRAM 000001
I2C_WriteByte@temp                                    cstackBANK1  000153
I2C_WriteByte@theByte                                 cstackBANK1  000150
I2C_WriteByte@x                                       cstackBANK1  000151
I2C_WriteToAddress@deviceAddress                      cstackBANK1  000154
I2C_WriteToAddress@temp                               cstackBANK1  000155
LCD_CMD@CMD                                           cstackBANK1  000157
LCD_Init@I2C_Add                                      cstackBANK1  000159
LCD_Set_Cursor@COL                                    cstackCOMRAM 000009
LCD_Set_Cursor@ROW                                    cstackCOMRAM 00000C
LCD_Write_4Bit@Nibble                                 cstackBANK1  000156
LCD_Write_Char@Data                                   cstackCOMRAM 000008
OneWireReadBit@out                                    cstackCOMRAM 000001
OneWireReadByte@i                                     cstackCOMRAM 000003
OneWireReadByte@out                                   cstackCOMRAM 000005
OneWireTemp@LSB                                       cstackCOMRAM 000034
OneWireTemp@MSB                                       cstackCOMRAM 000035
OneWireTemp@data                                      cstackCOMRAM 000032
OneWireTemp@temperature                               cstackCOMRAM 00002E
OneWireWriteBit@b                                     cstackCOMRAM 000001
OneWireWriteByte@b                                    cstackCOMRAM 000004
OneWireWriteByte@i                                    cstackCOMRAM 000002
Read_Bytes_From_DS1307_RTC@Address                    cstackCOMRAM 00000E
Read_Bytes_From_DS1307_RTC@NoOfBytes                  cstackCOMRAM 00000C
Read_Bytes_From_DS1307_RTC@i                          cstackCOMRAM 00000F
Read_Bytes_From_DS1307_RTC@pData                      cstackCOMRAM 00000A
SD_ACMD@arg                                           cstackBANK1  00015A
SD_ACMD@cmd                                           cstackBANK1  00015E
SD_Command@arg                                        cstackBANK1  000153
SD_Command@cmd                                        cstackBANK1  000158
SD_Command@n                                          cstackBANK1  000157
SD_Command@response                                   cstackBANK1  000159
SD_EraseBlocks@firstBlock                             cstackCOMRAM 00000B
SD_EraseBlocks@lastBlock                              cstackCOMRAM 00000F
SD_MBR_Receive@bufReceive                             cstackCOMRAM 000004
SD_MBR_Receive@i                                      cstackCOMRAM 000006
SD_MBR_Start@response                                 cstackCOMRAM 000010
SD_MBR_Start@startBlock                               cstackCOMRAM 00000B
SD_SendDummyBytes@n                                   cstackCOMRAM 000005
SD_SendDummyBytes@numBytes                            cstackCOMRAM 000004
SD_SingleBlockWrite@arr                               cstackCOMRAM 00000F
SD_SingleBlockWrite@block                             cstackCOMRAM 00000B
SD_SingleBlockWrite@i                                 cstackCOMRAM 000014
SD_SingleBlockWrite@response                          cstackCOMRAM 000013
SSD1306_ClearDisplay@i                                cstackCOMRAM 000008
SSD1306_GotoXY@x                                      cstackCOMRAM 000002
SSD1306_GotoXY@y                                      cstackCOMRAM 000001
SSD1306_Init@i2caddr                                  cstackCOMRAM 000008
SSD1306_Init@vccstate                                 cstackCOMRAM 000009
SSD1306_PutStretchC@F3472                             bssBANK1     000171
SSD1306_PutStretchC@b                                 cstackCOMRAM 000011
SSD1306_PutStretchC@bn                                cstackCOMRAM 000016
SSD1306_PutStretchC@bn_1342                           cstackCOMRAM 00001B
SSD1306_PutStretchC@c                                 cstackCOMRAM 00001E
SSD1306_PutStretchC@font_c                            cstackCOMRAM 000019
SSD1306_PutStretchC@i                                 cstackCOMRAM 000017
SSD1306_PutStretchC@i_1333                            cstackCOMRAM 00001D
SSD1306_PutStretchC@i_1337                            cstackCOMRAM 00001F
SSD1306_PutStretchC@i_1341                            cstackCOMRAM 000018
SSD1306_PutStretchC@offs                              cstackCOMRAM 00001A
SSD1306_PutStretchC@p                                 cstackCOMRAM 00001C
SSD1306_PutStretchC@pos                               cstackCOMRAM 000015
SSD1306_PutStretchC@size_mult                         cstackCOMRAM 000009
Timer1_DefaultInterruptHandler@cpt_ms_lcd             bssBANK1     000197
Timer1_DefaultInterruptHandler@cpt_ms_oled            bssBANK1     000195
Timer1_DefaultInterruptHandler@cpt_ms_sd              bssBANK1     000175
Timer1_DefaultInterruptHandler@cpt_ms_temp_management bssBANK0     0000FE
Timer1_Init@_timer                                    cstackBANK1  000152
Timer1_Mode_Selection@_timer                          cstackBANK1  000150
USART_ASYNCRONOUS_RX_Init@_usart                      cstackBANK1  000150
USART_ASYNCRONOUS_TX_Init@_usart                      cstackBANK1  000150
USART_Asynchronous_Initialize@_usart                  cstackBANK2  0002C9
USART_Asynchronous_Initialize@ret                     cstackBANK1  000164
USART_Asynchronous_ReadByte_NonBlocking@_data         cstackCOMRAM 000001
USART_Asynchronous_ReadByte_NonBlocking@ret           cstackCOMRAM 000003
USART_Asynchronous_WriteByte_Blocking@_data           cstackBANK1  000150
USART_Baud_Rate_Calculation@Baud_Rate_Temp_Value      cstackBANK2  0002C1
USART_Baud_Rate_Calculation@_usart                    cstackBANK2  0002BD
USART_FramingDefaultErrorHandler@_data_               cstackCOMRAM 000004
USART_RxDefaultInterruptHandler@i                     cstackBANK0  0000FB
_ACMD22                                               mediumconst  00FD2A
_BAUDCONbits                                          (abs)        000FB8
_BackLight_State                                      dataBANK1    0001AF
_CCP1CON                                              (abs)        000FBD
_CCPR1L                                               (abs)        000FBE
_CMD13                                                mediumconst  00FD35
_DisplayDateOnLCD                                     text184      0088AC
_DisplayTimeToLCD                                     text182      008726
_Font                                                 mediumconst  00FB47
_Font2                                                mediumconst  00FC46
_Get_DS1307_RTC_Date                                  text114      00B7CC
_Get_DS1307_RTC_Time                                  text113      00A910
_I2C_Delay                                            text75       00CCE0
_I2C_ReadFromAddress                                  text61       00CC28
_I2C_ReadRegister                                     text116      00C9B0
_I2C_ReadResult                                       text60       00B32C
_I2C_ReadResult_withAck                               text91       00B424
_I2C_SendOne                                          text68       00CBBC
_I2C_SendZero                                         text67       00CBA6
_I2C_Start                                            text70       00CAC6
_I2C_Stop                                             text69       00CA20
_I2C_WriteByte                                        text66       00BC98
_I2C_WriteToAddress                                   text65       00CB74
_INTCONbits                                           (abs)        000FF2
_InterruptManager                                     intcode      000008
_LATAbits                                             (abs)        000F89
_LATEbits                                             (abs)        000F8D
_LCD_CMD                                              text63       00CA86
_LCD_Clear                                            text183      00CC48
_LCD_Init                                             text62       009FF2
_LCD_Set_Cursor                                       text188      00B97C
_LCD_Write_4Bit                                       text64       00BF8A
_LCD_Write_Char                                       text187      00CB3C
_OSCCON                                               (abs)        000FD3
_OSCCONbits                                           (abs)        000FD3
_OSCTUNE                                              (abs)        000F9B
_OSCTUNEbits                                          (abs)        000F9B
_OneWireHigh                                          text112      00CD4A
_OneWireRead                                          text111      00CC14
_OneWireReadBit                                       text109      00C98A
_OneWireReadByte                                      text108      00C022
_OneWireRelease                                       text110      00CD44
_OneWireReset                                         text107      00C73E
_OneWireTemp                                          text104      00AB34
_OneWireWriteBit                                      text106      00C336
_OneWireWriteByte                                     text105      00C5EE
_PIE1bits                                             (abs)        000F9D
_PIR1bits                                             (abs)        000F9E
_PORTA                                                (abs)        000F80
_PORTCbits                                            (abs)        000F82
_PORTD                                                (abs)        000F83
_PORTDbits                                            (abs)        000F83
_PORTE                                                (abs)        000F84
_PR2                                                  (abs)        000FCB
_RCREG                                                (abs)        000FAE
_RCSTAbits                                            (abs)        000FAB
_RS                                                   bssBANK1     00019E
_Read_Bytes_From_DS1307_RTC                           text115      00BCF2
_SCL_High                                             text74       00CD18
_SCL_Low                                              text73       00CC82
_SDA_High                                             text72       00CD10
_SDA_Low                                              text71       00CC74
_SDCard                                               bssBANK2     000200
_SD_ACMD                                              text53       00C708
_SD_Command                                           text54       00AFE0
_SD_EraseBlocks                                       text123      00B49E
_SD_MBR_Receive                                       text87       00AF40
_SD_MBR_Start                                         text86       00B518
_SD_MBR_Stop                                          text85       00CAE4
_SD_SendDummyBytes                                    text122      00C9FC
_SD_SingleBlockWrite                                  text121      009B14
_SDreadBuffer                                         bssBIGRAM    0003EF
_SDwriteBuffer                                        bssBIGRAM    0005EF
_SPBRG                                                (abs)        000FAF
_SPBRGH                                               (abs)        000FB0
_SSD1306_ClearDisplay                                 text180      00BBDA
_SSD1306_GotoXY                                       text179      00C83E
_SSD1306_Init                                         text178      009E08
_SSD1306_PutStretchC                                  text176      006836
_SSPBUF                                               (abs)        000FC9
_SSPCON1                                              (abs)        000FC6
_SSPCON1bits                                          (abs)        000FC6
_SSPIF                                                (abs)        007CF3
_SSPSTAT                                              (abs)        000FC7
_SSPSTATbits                                          (abs)        000FC7
_T0CONbits                                            (abs)        000FD5
_T1CONbits                                            (abs)        000FCD
_T2CON                                                (abs)        000FCA
_T2CONbits                                            (abs)        000FCA
_TMR0H                                                (abs)        000FD7
_TMR0L                                                (abs)        000FD6
_TMR0_ISR                                             text202      00CCBA
_TMR0_InterruptHandler                                bssBANK1     000189
_TMR1H                                                (abs)        000FCF
_TMR1L                                                (abs)        000FCE
_TMR1_ISR                                             text101      00C660
_TMR1_InterruptHandler                                bssBANK1     000185
_TMR2                                                 (abs)        000FCC
_TRISA                                                (abs)        000F92
_TRISAbits                                            (abs)        000F92
_TRISCbits                                            (abs)        000F94
_TRISD                                                (abs)        000F95
_TRISDbits                                            (abs)        000F95
_TRISEbits                                            (abs)        000F96
_TXREG                                                (abs)        000FAD
_TXSTAbits                                            (abs)        000FAC
_Temp                                                 bssBANK1     00019F
_Timer1_DefaultInterruptHandler                       text102      009EFE
_Timer1_Init                                          text7        00AE9C
_Timer1_Mode_Selection                                text8        00B2AC
_USART_ASYNCRONOUS_RX_Init                            text5        00A0DC
_USART_ASYNCRONOUS_TX_Init                            text4        00A9CC
_USART_Asynchronous_Initialize                        text2        00BD4A
_USART_Asynchronous_ReadByte_NonBlocking              text100      00C89C
_USART_Asynchronous_Restart_RX                        text98       00CD3E
_USART_Asynchronous_WriteByte_Blocking                text39       00CB20
_USART_Baud_Rate_Calculation                          text3        00464A
_USART_Baud_Rate_Calculation$4393                     cstackBANK2  0002C5
_USART_FramingDefaultErrorHandler                     text99       00CC90
_USART_FramingErrorHandler                            bssBANK1     00018F
_USART_OverrunDefaultErrorHandler                     text97       00CD38
_USART_OverrunErrorHandler                            bssBANK1     00018D
_USART_RX_ISR                                         text79       00B1A4
_USART_RxDefaultInterruptHandler                      text80       00912E
_USART_RxDefaultInterruptHandler@hal_usart$F937       bssBANK1     000191
_USART_TX_ISR                                         text77       00C80E
_USART_TxDefaultInterruptHandler                      text78       00CC38
_USART_TxDefaultInterruptHandler@hal_usart$F932       bssBANK1     000193
__HRAM                                                (abs)        000000
__Habs1                                               abs1         000000
__Hbank0                                              bank0        000000
__Hbank1                                              bank1        000000
__Hbank10                                             bank10       000000
__Hbank11                                             bank11       000000
__Hbank12                                             bank12       000000
__Hbank13                                             bank13       000000
__Hbank14                                             bank14       000000
__Hbank15                                             bank15       000000
__Hbank2                                              bank2        000000
__Hbank3                                              bank3        000000
__Hbank4                                              bank4        000000
__Hbank5                                              bank5        000000
__Hbank6                                              bank6        000000
__Hbank7                                              bank7        000000
__Hbank8                                              bank8        000000
__Hbank9                                              bank9        000000
__Hbigbss                                             bigbss       000000
__Hbigdata                                            bigdata      000000
__Hbigram                                             bigram       000000
__Hbigsfr                                             bigsfr       000000
__Hbss                                                bss          000000
__HbssBANK0                                           bssBANK0     000000
__HbssBANK1                                           bssBANK1     000000
__HbssBANK2                                           bssBANK2     000000
__HbssBANK3                                           bssBANK3     000000
__HbssBIGRAM                                          bssBIGRAM    000000
__Hcinit                                              cinit        000000
__Hclrtext                                            clrtext      000000
__Hcomram                                             comram       000000
__Hconfig                                             config       30000E
__Hconst                                              const        000000
__HcstackBANK0                                        cstackBANK0  000000
__HcstackBANK1                                        cstackBANK1  000000
__HcstackBANK2                                        cstackBANK2  000000
__HcstackBANK3                                        cstackBANK3  000000
__HcstackCOMRAM                                       cstackCOMRAM 000000
__Hdata                                               data         000000
__HdataBANK1                                          dataBANK1    000000
__Heeprom_data                                        eeprom_data  000000
__Hfarbss                                             farbss       000000
__Hfardata                                            fardata      000000
__Hheap                                               heap         000000
__Hibigdata                                           ibigdata     000000
__Hidata                                              idata        000000
__HidataBANK1                                         idataBANK1   000000
__Hidloc                                              idloc        000000
__Hifardata                                           ifardata     000000
__Hinit                                               init         000012
__Hintcode                                            intcode      00000E
__Hintcode_body                                       intcode_body 000000
__Hintcodelo                                          intcodelo    00000E
__Hintentry                                           intentry     000000
__Hintret                                             intret       000000
__Hintsave_regs                                       intsave_regs 000000
__Hirdata                                             irdata       000000
__Hmediumconst                                        mediumconst  010000
__HnvFARRAM                                           nvFARRAM     000000
__Hnvbit                                              nvbit        000000
__Hnvrram                                             nvrram       000000
__Hparam                                              rparam       000000
__Hpowerup                                            powerup      00000E
__Hram                                                ram          000000
__Hramtop                                             ramtop       001000
__Hrbit                                               rbit         000000
__Hrbss                                               rbss         000000
__Hrdata                                              rdata        000000
__Hreset_vec                                          reset_vec    000004
__Hrparam                                             rparam       000000
__Hsfr                                                sfr          000000
__Hsmallconst                                         smallconst   000000
__Hspace_0                                            (abs)        010000
__Hspace_1                                            (abs)        0007EF
__Hspace_2                                            (abs)        000000
__Hspace_4                                            (abs)        60000E
__Hstack                                              stack        000000
__Hstruct                                             struct       000000
__Htemp                                               temp         000080
__Htext                                               text         000000
__Htext0                                              text0        000000
__Htext1                                              text1        000000
__Htext10                                             text10       000000
__Htext100                                            text100      000000
__Htext101                                            text101      000000
__Htext102                                            text102      000000
__Htext103                                            text103      000000
__Htext104                                            text104      000000
__Htext105                                            text105      000000
__Htext106                                            text106      000000
__Htext107                                            text107      000000
__Htext108                                            text108      000000
__Htext109                                            text109      000000
__Htext11                                             text11       000000
__Htext110                                            text110      000000
__Htext111                                            text111      000000
__Htext112                                            text112      000000
__Htext113                                            text113      000000
__Htext114                                            text114      000000
__Htext115                                            text115      000000
__Htext116                                            text116      000000
__Htext117                                            text117      000000
__Htext118                                            text118      000000
__Htext119                                            text119      000000
__Htext12                                             text12       000000
__Htext120                                            text120      000000
__Htext121                                            text121      000000
__Htext122                                            text122      000000
__Htext123                                            text123      000000
__Htext124                                            text124      000000
__Htext125                                            text125      000000
__Htext126                                            text126      000000
__Htext127                                            text127      000000
__Htext128                                            text128      000000
__Htext129                                            text129      000000
__Htext13                                             text13       000000
__Htext130                                            text130      000000
__Htext131                                            text131      000000
__Htext132                                            text132      000000
__Htext133                                            text133      000000
__Htext134                                            text134      000000
__Htext135                                            text135      000000
__Htext136                                            text136      000000
__Htext137                                            text137      000000
__Htext138                                            text138      000000
__Htext139                                            text139      000000
__Htext14                                             text14       000000
__Htext140                                            text140      000000
__Htext141                                            text141      000000
__Htext142                                            text142      000000
__Htext143                                            text143      000000
__Htext144                                            text144      000000
__Htext145                                            text145      000000
__Htext146                                            text146      000000
__Htext147                                            text147      000000
__Htext148                                            text148      000000
__Htext149                                            text149      000000
__Htext15                                             text15       000000
__Htext150                                            text150      000000
__Htext151                                            text151      000000
__Htext152                                            text152      000000
__Htext153                                            text153      000000
__Htext154                                            text154      000000
__Htext155                                            text155      000000
__Htext156                                            text156      000000
__Htext157                                            text157      000000
__Htext158                                            text158      000000
__Htext159                                            text159      000000
__Htext16                                             text16       000000
__Htext160                                            text160      000000
__Htext161                                            text161      000000
__Htext162                                            text162      000000
__Htext163                                            text163      000000
__Htext164                                            text164      000000
__Htext165                                            text165      000000
__Htext166                                            text166      000000
__Htext167                                            text167      000000
__Htext168                                            text168      000000
__Htext169                                            text169      000000
__Htext17                                             text17       000000
__Htext170                                            text170      000000
__Htext171                                            text171      000000
__Htext172                                            text172      000000
__Htext173                                            text173      000000
__Htext174                                            text174      000000
__Htext175                                            text175      000000
__Htext176                                            text176      000000
__Htext177                                            text177      000000
__Htext178                                            text178      000000
__Htext179                                            text179      000000
__Htext18                                             text18       000000
__Htext180                                            text180      000000
__Htext181                                            text181      000000
__Htext182                                            text182      000000
__Htext183                                            text183      000000
__Htext184                                            text184      000000
__Htext185                                            text185      000000
__Htext186                                            text186      000000
__Htext187                                            text187      000000
__Htext188                                            text188      000000
[...]
write_one_byte_in_eeprom@address_lower_byte           cstackCOMRAM 00000B
write_one_byte_in_eeprom@address_upper_byte           cstackCOMRAM 00000A
write_one_byte_in_eeprom@c                            cstackCOMRAM 000009
write_one_byte_in_eeprom@register_address             cstackCOMRAM 000007
wtemp8                                                temp         000080
xtoa@c                                                cstackBANK2  0002C3
xtoa@d                                                cstackBANK2  0002A4
xtoa@fp                                               cstackBANK2  0002A2
xtoa@i                                                cstackBANK2  0002C1
xtoa@n                                                cstackBANK2  0002B9
xtoa@p                                                cstackBANK2  0002B5
xtoa@w                                                cstackBANK2  0002B7
xtoa@x                                                cstackBANK2  0002AC


MODULE INFORMATION

Module		Function		Class		Link	Load	Size
hal_timer1.c
		_Timer1_Mode_Selection		CODE           	B2AC	0000	128
		_Timer1_Init   		CODE           	AE9C	0000	164
		_TMR1_ISR      		CODE           	C660	0000	56

hal_timer1.c estimated size: 348

C:\Program Files\Microchip\xc8\v2.36\pic\sources\c99\common\nanf.c
		_nanf          		CODE           	CA42	0000	34

C:\Program Files\Microchip\xc8\v2.36\pic\sources\c99\common\nanf.c estimated size: 34

hal_usart.c
		_USART_RX_ISR  		CODE           	B1A4	0000	134
		_USART_Baud_Rate_Calculation		CODE           	464A	0000	1288
		_USART_Asynchronous_Restart_RX		CODE           	CD3E	0000	6
		_USART_ASYNCRONOUS_RX_Init		CODE           	A0DC	0000	222
		_USART_TX_ISR  		CODE           	C80E	0000	48
		_USART_ASYNCRONOUS_TX_Init		CODE           	A9CC	0000	182
		_USART_Asynchronous_WriteByte_Blocking		CODE           	CB20	0000	28
		_USART_Asynchronous_Initialize		CODE           	BD4A	0000	84
		_USART_Asynchronous_ReadByte_NonBlocking		CODE           	C89C	0000	42

hal_usart.c estimated size: 2034

AT24C32.c
		_read_one_page_in_eeprom		CODE           	B3A8	0000	124
		_read_one_byte_in_eeprom		CODE           	C446	0000	66
		_write_one_byte_in_eeprom		CODE           	C86E	0000	46

AT24C32.c estimated size: 236

C:\Program Files\Microchip\xc8\v2.36\pic\sources\c99\common\nf_fputs.c
		_fputs         		CODE           	C192	0000	72

C:\Program Files\Microchip\xc8\v2.36\pic\sources\c99\common\nf_fputs.c estimated size: 72

C:\Program Files\Microchip\xc8\v2.36\pic\sources\c99\common\printf.c
		_printf        		CODE           	C8C6	0000	40

C:\Program Files\Microchip\xc8\v2.36\pic\sources\c99\common\printf.c estimated size: 40

C:\Program Files\Microchip\xc8\v2.36\pic\sources\c99\common\aomod.c
		___aomod       		CODE           	8D06	0000	358

C:\Program Files\Microchip\xc8\v2.36\pic\sources\c99\common\aomod.c estimated size: 358

SD_PIC.c
		_SD_SendDummyBytes		CODE           	C9FC	0000	36
		_SD_MBR_Stop   		CODE           	CAE4	0000	30
		_SD_MBR_Start  		CODE           	B518	0000	120
		_SD_MBR_Receive		CODE           	AF40	0000	160
		_single_block_write		CODE           	ABE6	0000	176
		_SD_SingleBlockWrite		CODE           	9B14	0000	256
		_read_init_sd_card		CODE           	64C0	0000	886
		_initSD        		CODE           	2966	0000	2086
		_SD_EraseBlocks		CODE           	B49E	0000	122
		_SD_Command    		CODE           	AFE0	0000	158
		_SD_ACMD       		CODE           	C708	0000	54

SD_PIC.c estimated size: 4084

C:\Program Files\Microchip\xc8\v2.36\pic\sources\c99\common\islower.c
		_islower       		CODE           	C506	0000	58

C:\Program Files\Microchip\xc8\v2.36\pic\sources\c99\common\islower.c estimated size: 58

i2c_soft.c
		_I2C_ReadFromAddress		CODE           	CC28	0000	16
		_SCL_High      		CODE           	CD18	0000	8
		_I2C_WriteToAddress		CODE           	CB74	0000	26
		_I2C_ReadResult_withAck		CODE           	B424	0000	122
		_SDA_Low       		CODE           	CC74	0000	14
		_I2C_Stop      		CODE           	CA20	0000	34
		_I2C_WriteByte 		CODE           	BC98	0000	90
		_I2C_SendOne   		CODE           	CBBC	0000	22
		_I2C_Delay     		CODE           	CCE0	0000	10
		_I2C_ReadRegister		CODE           	C9B0	0000	38
		_I2C_SendZero  		CODE           	CBA6	0000	22
		_SDA_High      		CODE           	CD10	0000	8
		_I2C_ReadResult		CODE           	B32C	0000	124
		_I2C_Start     		CODE           	CAC6	0000	30
		_SCL_Low       		CODE           	CC82	0000	14

i2c_soft.c estimated size: 578

C:\Program Files\Microchip\xc8\v2.36\pic\sources\c99\common\strncmp.c
		_strncmp       		CODE           	A1BA	0000	222

C:\Program Files\Microchip\xc8\v2.36\pic\sources\c99\common\strncmp.c estimated size: 222

C:\Program Files\Microchip\xc8\v2.36\pic\sources\c99\common\tolower.c
		_tolower       		CODE           	C102	0000	72

C:\Program Files\Microchip\xc8\v2.36\pic\sources\c99\common\tolower.c estimated size: 72

C:\Program Files\Microchip\xc8\v2.36\pic\sources\c99\common\__fpclassifyf.c
		___fpclassifyf 		CODE           	9A14	0000	256

C:\Program Files\Microchip\xc8\v2.36\pic\sources\c99\common\__fpclassifyf.c estimated size: 256

C:\Program Files\Microchip\xc8\v2.36\pic\sources\c99\common\sprcmul.c
		___flmul       		CODE           	54D4	0000	1134

C:\Program Files\Microchip\xc8\v2.36\pic\sources\c99\common\sprcmul.c estimated size: 1134

heater.c
		_heater_set_mode		CODE           	C220	0000	70

heater.c estimated size: 70

C:\Program Files\Microchip\xc8\v2.36\pic\sources\c99\common\floorf.c
		_floorf        		CODE           	78C6	0000	534

C:\Program Files\Microchip\xc8\v2.36\pic\sources\c99\common\floorf.c estimated size: 534

C:\Program Files\Microchip\xc8\v2.36\pic\sources\c99\common\sprcdiv.c
		___fldiv       		CODE           	5D6C	0000	954

C:\Program Files\Microchip\xc8\v2.36\pic\sources\c99\common\sprcdiv.c estimated size: 954

C:\Program Files\Microchip\xc8\v2.36\pic\sources\c99\common\atoi.c
		_atoi          		CODE           	7CEE	0000	470

C:\Program Files\Microchip\xc8\v2.36\pic\sources\c99\common\atoi.c estimated size: 470

C:\Program Files\Microchip\xc8\v2.36\pic\sources\c99\common\fleq.c
		___fleq        		CODE           	AD46	0000	172

C:\Program Files\Microchip\xc8\v2.36\pic\sources\c99\common\fleq.c estimated size: 172

C:\Program Files\Microchip\xc8\v2.36\pic\sources\c99\common\toupper.c
		_toupper       		CODE           	C1DA	0000	70

C:\Program Files\Microchip\xc8\v2.36\pic\sources\c99\common\toupper.c estimated size: 70

C:\Program Files\Microchip\xc8\v2.36\pic\sources\c99\common\awmod.c
		___awmod       		CODE           	AA82	0000	178

C:\Program Files\Microchip\xc8\v2.36\pic\sources\c99\common\awmod.c estimated size: 178

C:\Program Files\Microchip\xc8\v2.36\pic\sources\c99\common\Umul32.c
		___lmul        		CODE           	B912	0000	106

C:\Program Files\Microchip\xc8\v2.36\pic\sources\c99\common\Umul32.c estimated size: 106

C:\Program Files\Microchip\xc8\v2.36\pic\sources\c99\common\isalpha.c
		_isalpha       		CODE           	C4C8	0000	62

C:\Program Files\Microchip\xc8\v2.36\pic\sources\c99\common\isalpha.c estimated size: 62

C:\Program Files\Microchip\xc8\v2.36\pic\sources\c99\common\isspace.c
		_isspace       		CODE           	BDF2	0000	84

C:\Program Files\Microchip\xc8\v2.36\pic\sources\c99\common\isspace.c estimated size: 84

temp_monitoring.c
		_reset_eep_address_in_eeprom		CODE           	B9E6	0000	102
		_read_eep_address_in_eeprom		CODE           	B590	0000	118
		_reset_sd_address_in_eeprom		CODE           	C06E	0000	74
		_save_sd_address_in_eeprom		CODE           	B22A	0000	130
		_update_SD_tab 		CODE           	8B9C	0000	362
		_read_sd_address_in_eeprom		CODE           	B07E	0000	154
		_extract_data_for_days		CODE           	4114	0000	1334
		_update_system_data		CODE           	8FD0	0000	350
		_extract_all_alarms		CODE           	93A4	0000	300
		_temp_management		CODE           	76AA	0000	540

temp_monitoring.c estimated size: 3464

C:\Program Files\Microchip\xc8\v2.36\pic\sources\c99\common\xxtofl.c
		___xxtofl      		CODE           	808C	0000	440

C:\Program Files\Microchip\xc8\v2.36\pic\sources\c99\common\xxtofl.c estimated size: 440

C:\Program Files\Microchip\xc8\v2.36\pic\sources\c99\common\strlen.c
		_strlen        		CODE           	BD9E	0000	84

C:\Program Files\Microchip\xc8\v2.36\pic\sources\c99\common\strlen.c estimated size: 84

C:\Program Files\Microchip\xc8\v2.36\pic\sources\c99\common\strchr.c
		_strchr        		CODE           	BFD6	0000	76

C:\Program Files\Microchip\xc8\v2.36\pic\sources\c99\common\strchr.c estimated size: 76

C:\Program Files\Microchip\xc8\v2.36\pic\sources\c99\common\strcpy.c
		_strcpy        		CODE           	BB7A	0000	96

C:\Program Files\Microchip\xc8\v2.36\pic\sources\c99\common\strcpy.c estimated size: 96

C:\Program Files\Microchip\xc8\v2.36\pic\sources\c99\common\aodiv.c
		___aodiv       		CODE           	83F8	0000	422

C:\Program Files\Microchip\xc8\v2.36\pic\sources\c99\common\aodiv.c estimated size: 422

C:\Program Files\Microchip\xc8\v2.36\pic\sources\c99\common\memset.c
		_memset        		CODE           	8A26	0000	374

C:\Program Files\Microchip\xc8\v2.36\pic\sources\c99\common\memset.c estimated size: 374

C:\Program Files\Microchip\xc8\v2.36\pic\sources\c99\common\nf_fputc.c
		_fputc         		CODE           	A52A	0000	204

C:\Program Files\Microchip\xc8\v2.36\pic\sources\c99\common\nf_fputc.c estimated size: 204

C:\Program Files\Microchip\xc8\v2.36\pic\sources\c99\common\isdigit.c
		_isdigit       		CODE           	C5B4	0000	58

C:\Program Files\Microchip\xc8\v2.36\pic\sources\c99\common\isdigit.c estimated size: 58

hal_timer0.c
		_TMR0_ISR      		CODE           	CCBA	0000	14

hal_timer0.c estimated size: 14

C:\Program Files\Microchip\xc8\v2.36\pic\sources\c99\common\sprcadd.c
		___flsub       		CODE           	C14A	0000	72
		___fladd       		CODE           	4B52	0000	1218

C:\Program Files\Microchip\xc8\v2.36\pic\sources\c99\common\sprcadd.c estimated size: 1290

SPI_PIC.c
		_spiTransfer   		CODE           	C628	0000	56
		_spiReceive    		CODE           	CD08	0000	8
		_spiInit       		CODE           	BAB2	0000	100
		_spiSend       		CODE           	CC66	0000	14

SPI_PIC.c estimated size: 178

C:\Program Files\Microchip\xc8\v2.36\pic\sources\c99\common\awdiv.c
		___awdiv       		CODE           	A6C0	0000	198

C:\Program Files\Microchip\xc8\v2.36\pic\sources\c99\common\awdiv.c estimated size: 198

PWM.c
		_start_pwm     		CODE           	CD50	0000	4
		_set_pwm_duty  		CODE           	A298	0000	222

PWM.c estimated size: 226

C:\Program Files\Microchip\xc8\v2.36\pic\sources\c99\common\doprnt.c
		_vfpfcnvrt     		CODE           	318C	0000	2002
		_efgtoa        		CODE           	10AA	0000	3224
		_pad           		CODE           	A452	0000	216
		_dtoa          		CODE           	6B6C	0000	768
		_vfprintf      		CODE           	B83C	0000	108
		_xtoa          		CODE           	7150	0000	692

C:\Program Files\Microchip\xc8\v2.36\pic\sources\c99\common\doprnt.c estimated size: 7010

C:\Program Files\Microchip\xc8\v2.36\pic\sources\c99\common\fltol.c
		___fltol       		CODE           	94D0	0000	286

C:\Program Files\Microchip\xc8\v2.36\pic\sources\c99\common\fltol.c estimated size: 286

C:\Program Files\Microchip\xc8\v2.36\pic\sources\c99\common\lbmod.c
		___lbmod       		CODE           	C774	0000	54

C:\Program Files\Microchip\xc8\v2.36\pic\sources\c99\common\lbmod.c estimated size: 54

shared
		_CMD8CRC       		MEDIUMCONST    	0000	0000	0
		i2_printf      		CODE           	C916	0000	40
		_CMD17         		MEDIUMCONST    	0000	0000	0
		_CMD55         		MEDIUMCONST    	0000	0000	0
		i2_vfpfcnvrt   		CODE           	395E	0000	1974
		i2_LCD_Write_4Bit		CODE           	C0B8	0000	74
		i2_pad         		CODE           	A786	0000	198
		i2_atoi        		CODE           	7EC4	0000	456
		i2_SCL_Low     		CODE           	CCAC	0000	14
		i2_abs         		CODE           	C488	0000	64
		i2_floorf      		CODE           	7ADC	0000	530
		i2_spiReceive  		CODE           	CD20	0000	8
		_R1_ILLEGAL_COMMAND		MEDIUMCONST    	0000	0000	0
		i2_putch       		CODE           	CCF4	0000	10
		i2___fleq      		CODE           	ADF2	0000	170
		i2_isspace     		CODE           	C402	0000	68
		i2_I2C_Delay   		CODE           	CCFE	0000	10
		_ACMD22        		MEDIUMCONST    	FD2A	0000	1
		_ACMD41        		MEDIUMCONST    	0000	0000	0
		_START_BLOCK   		MEDIUMCONST    	0000	0000	0
		_CMD12         		MEDIUMCONST    	0000	0000	0
		_CMD8          		MEDIUMCONST    	0000	0000	0
		i2_strncmp     		CODE           	A376	0000	220
		i2_LCD_CMD     		CODE           	CB58	0000	28
		_CMD18         		MEDIUMCONST    	0000	0000	0
		_CMD9          		MEDIUMCONST    	0000	0000	0
		i2_SDA_Low     		CODE           	CC9E	0000	14
		i2_vfprintf    		CODE           	BB16	0000	100
		i2_I2C_ReadFromAddress		CODE           	CCD4	0000	12
		i2_isdigit     		CODE           	C6D0	0000	56
		i2_xtoa        		CODE           	7404	0000	678
		_CMD0CRC       		MEDIUMCONST    	0000	0000	0
		i2_SCL_High    		CODE           	CD30	0000	8
		i2___flneg     		CODE           	C698	0000	56
		i2_strcpy      		CODE           	BC3A	0000	94
		_R1_READY_STATE		MEDIUMCONST    	0000	0000	0
		_CMD13         		MEDIUMCONST    	FD35	0000	1
		_CMD32         		MEDIUMCONST    	0000	0000	0
		i2___awdiv     		CODE           	A84C	0000	196
		i2_spiSend     		CODE           	CCEA	0000	10
		_CMD38         		MEDIUMCONST    	0000	0000	0
		i2___fladd     		CODE           	5014	0000	1216
		i2___wmul      		CODE           	C9D6	0000	38
		i2_dtoa        		CODE           	6E6C	0000	740
		i2___fldiv     		CODE           	6126	0000	922
		i2_I2C_WriteToAddress		CODE           	CBD2	0000	22
		i2_I2C_Stop    		CODE           	CA64	0000	34
		i2___fltol     		CODE           	980A	0000	262
		i2_I2C_Start   		CODE           	CB02	0000	30
		_CMD0          		MEDIUMCONST    	0000	0000	0
		__initialization		CODE           	B8A8	0000	96
		_ACMD23        		MEDIUMCONST    	0000	0000	0
		_Font2         		MEDIUMCONST    	FC46	0000	220
		i2___flge      		CODE           	9910	0000	260
		_CMD33         		MEDIUMCONST    	0000	0000	0
		i2_SDA_High    		CODE           	CD28	0000	8
		_CMD58         		MEDIUMCONST    	0000	0000	0
		i2___awmod     		CODE           	AC96	0000	176
		i2_I2C_SendOne 		CODE           	CBFE	0000	22
		_CMD1          		MEDIUMCONST    	0000	0000	0
		_CMD24         		MEDIUMCONST    	0000	0000	0
		i2___aodiv     		CODE           	859E	0000	392
		i2___flmul     		CODE           	5942	0000	1066
		i2___xxtofl    		CODE           	8244	0000	436
		_STOP_TRAN     		MEDIUMCONST    	0000	0000	0
		i2_USART_Asynchronous_WriteByte_Blocking		CODE           	CB8E	0000	24
		i2___fpclassifyf		CODE           	9C14	0000	254
		i2_I2C_SendZero		CODE           	CBE8	0000	22
		i2_islower     		CODE           	CD54	0000	2
		i2_I2C_WriteByte		CODE           	BE46	0000	84
		_R1_IDLE_STATE 		MEDIUMCONST    	0000	0000	0
		_START_BLOCK_TOKEN		MEDIUMCONST    	0000	0000	0
		i2___flsub     		CODE           	C2AC	0000	70
		_CMD25         		MEDIUMCONST    	0000	0000	0
		i2_efgtoa      		CODE           	1D42	0000	3108
		i2_spiTransfer 		CODE           	C7AA	0000	52
		i2_isupper     		CODE           	CD58	0000	2
		i2___aomod     		CODE           	8E6C	0000	356
		_CMD10         		MEDIUMCONST    	0000	0000	0
		i2_fputc       		CODE           	A5F6	0000	202
		i2_fputs       		CODE           	C3BE	0000	68
		_CMD16         		MEDIUMCONST    	0000	0000	0
		i2_strlen      		CODE           	BF3A	0000	80
		i2_tolower     		CODE           	C266	0000	70
		_Font          		MEDIUMCONST    	FB47	0000	255
		i2_SD_Command  		CODE           	B118	0000	140
		i2_toupper     		CODE           	C37A	0000	68
		i2_I2C_ReadResult		CODE           	B606	0000	114
		i2_isalpha     		CODE           	CD56	0000	2

shared estimated size: 16003

C:\Program Files\Microchip\xc8\v2.36\pic\sources\c99\common\isxdigit.c
		_isxdigit      		CODE           	B75C	0000	112

C:\Program Files\Microchip\xc8\v2.36\pic\sources\c99\common\isxdigit.c estimated size: 112

C:\Program Files\Microchip\xc8\v2.36\pic\sources\c99\common\abs.c
		_abs           		CODE           	C2F2	0000	68

C:\Program Files\Microchip\xc8\v2.36\pic\sources\c99\common\abs.c estimated size: 68

C:\Program Files\Microchip\xc8\v2.36\pic\sources\c99\common\strtof.c
		_atof          		CODE           	C964	0000	38
		_strtof        		CODE           	0012	0000	4248

C:\Program Files\Microchip\xc8\v2.36\pic\sources\c99\common\strtof.c estimated size: 4286

C:\Program Files\Microchip\xc8\v2.36\pic\sources\c99\common\nf_snprintf.c
		_snprintf      		CODE           	95EE	0000	278

C:\Program Files\Microchip\xc8\v2.36\pic\sources\c99\common\nf_snprintf.c estimated size: 278

ds18b20.c
		_OneWireRelease		CODE           	CD44	0000	6
		_OneWireReadBit		CODE           	C98A	0000	38
		_OneWireReadByte		CODE           	C022	0000	76
		_OneWireWriteBit		CODE           	C336	0000	68
		_print_temperature		CODE           	B6EA	0000	114
		_OneWireRead   		CODE           	CC14	0000	20
		_OneWireHigh   		CODE           	CD4A	0000	6
		_OneWireTemp   		CODE           	AB34	0000	178
		_OneWireReset  		CODE           	C73E	0000	54
		_OneWireWriteByte		CODE           	C5EE	0000	58

ds18b20.c estimated size: 618

C:\Program Files\Microchip\xc8\v2.36\pic\sources\c99\common\flge.c
		___flge        		CODE           	9704	0000	262

C:\Program Files\Microchip\xc8\v2.36\pic\sources\c99\common\flge.c estimated size: 262

./ssd1306_unbuffered.h
		_ssd1306_command		CODE           	CAA6	0000	32
		_SSD1306_Init  		CODE           	9E08	0000	246
		_SSD1306_ClearDisplay		CODE           	BBDA	0000	96
		_SSD1306_GotoXY		CODE           	C83E	0000	48
		_SSD1306_PutStretchC		CODE           	6836	0000	822
		_oled_puts     		CODE           	BA4C	0000	102

./ssd1306_unbuffered.h estimated size: 1346

lcd.c
		_LCD_Init      		CODE           	9FF2	0000	234
		_LCD_Write_4Bit		CODE           	BF8A	0000	76
		_LCD_Write_Char		CODE           	CB3C	0000	28
		_LCD_CMD       		CODE           	CA86	0000	32
		_LCD_Set_Cursor		CODE           	B97C	0000	106
		_LCD_Clear     		CODE           	CC48	0000	16

lcd.c estimated size: 492

C:\Program Files\Microchip\xc8\v2.36\pic\sources\c99\common\memcpy.c
		_memcpy        		CODE           	BEEA	0000	80

C:\Program Files\Microchip\xc8\v2.36\pic\sources\c99\common\memcpy.c estimated size: 80

mcal_interrupt_manager.c
		_InterruptManager		CODE           	0008	0000	252

mcal_interrupt_manager.c estimated size: 252

main.c
		_USART_OverrunDefaultErrorHandler		CODE           	CD38	0000	6
		_timer1_timer_init		CODE           	C7DE	0000	48
		_putch         		CODE           	CC58	0000	14
		_main          		CODE           	C93E	0000	38
		_Timer1_DefaultInterruptHandler		CODE           	9EFE	0000	244
		_USART_RxDefaultInterruptHandler		CODE           	912E	0000	322
		_execute_rx_command		CODE           	9270	0000	308
		_usart_module_init		CODE           	BE9A	0000	80
		_USART_FramingDefaultErrorHandler		CODE           	CC90	0000	14
		_USART_TxDefaultInterruptHandler		CODE           	CC38	0000	16

main.c estimated size: 1090

RTC.c
		_DisplayDateOnLCD		CODE           	88AC	0000	378
		_DisplayTimeToLCD		CODE           	8726	0000	390
		_Get_DS1307_RTC_Date		CODE           	B7CC	0000	112
		_Read_Bytes_From_DS1307_RTC		CODE           	BCF2	0000	88
		_Get_DS1307_RTC_Time		CODE           	A910	0000	188

RTC.c estimated size: 1156

C:\Program Files\Microchip\xc8\v2.36\pic\sources\c99\common\Umul16.c
		___wmul        		CODE           	C8EE	0000	40

C:\Program Files\Microchip\xc8\v2.36\pic\sources\c99\common\Umul16.c estimated size: 40

C:\Program Files\Microchip\xc8\v2.36\pic\sources\c99\common\flneg.c
		___flneg       		CODE           	C57A	0000	58

C:\Program Files\Microchip\xc8\v2.36\pic\sources\c99\common\flneg.c estimated size: 58

led.c
		_led_set_mode  		CODE           	B678	0000	114

led.c estimated size: 114

C:\Program Files\Microchip\xc8\v2.36\pic\sources\c99\common\isupper.c
		_isupper       		CODE           	C540	0000	58

C:\Program Files\Microchip\xc8\v2.36\pic\sources\c99\common\isupper.c estimated size: 58

