Microchip MPLAB XC8 Compiler V2.36

Linker command line:

-W-3 --edf=C:\Program Files\Microchip\xc8\v2.36\pic\dat\en_msgs.txt -cn \
  -h+dist/default/debug\Projet_pic18.X.debug.sym \
  --cmf=dist/default/debug\Projet_pic18.X.debug.cmf -z -Q18F4620 \
  -oC:\Users\NATHAN~1\AppData\Local\Temp\xcAsm6k.4 --defsym=__MPLAB_BUILD=1 \
  -Mdist/default/debug/Projet_pic18.X.debug.map \
  --md=C:\Users\NATHAN~1\AppData\Local\Temp\xcAsm6k.dat -E1 \
  -ver=XC8 Compiler --acfsm=1493 -ACODE=00h-0FCFFh -ACONST=00h-0FCFFh \
  -ASMALLCONST=01000h-010FFhx237 -AMEDIUMCONST=01000h-0FCFFh \
  -ACOMRAM=01h-07Fh -AABS1=00h-0EEEh,0F00h-0F7Fh \
  -ABIGRAM=01h-0EEEh,0F00h-0F7Fh \
  -ARAM=080h-0FFh,0100h-01FFhx13,0E00h-0EEEh,0F00h-0F7Fh -ABANK0=080h-0FFh \
  -ABANK1=0100h-01FFh -ABANK2=0200h-02FFh -ABANK3=0300h-03FFh \
  -ABANK4=0400h-04FFh -ABANK5=0500h-05FFh -ABANK6=0600h-06FFh \
  -ABANK7=0700h-07FFh -ABANK8=0800h-08FFh -ABANK9=0900h-09FFh \
  -ABANK10=0A00h-0AFFh -ABANK11=0B00h-0BFFh -ABANK12=0C00h-0CFFh \
  -ABANK13=0D00h-0DFFh -ABANK14=0E00h-0EEEh -ABANK15=0F00h-0F7Fh \
  -ASFR=0F80h-0F9Bh,0F9Dh-0FD3h,0FD5h-0FDAh,0FE0h-0FE2h,0FE8h-0FEAh,0FF0h-0FFBh \
  -ABIGSFR=0F80h-0F9Bh,0F9Dh-0FD3h,0FD5h-0FDAh,0FE0h-0FE2h,0FE8h-0FEAh,0FF0h-0FFBh \
  -ACONFIG=0300000h-030000Dh -AIDLOC=0200000h-0200007h \
  -AEEDATA=0F00000h-0F003FFh -peeprom_data=EEDATA \
  -preset_vec=00h,intcode=08h,intcodelo,powerup,init -pramtop=01000h \
  -psmallconst=SMALLCONST -pmediumconst=MEDIUMCONST -pconst=CONST \
  -AFARRAM=00h-00h \
  -prdata=COMRAM,nvrram=COMRAM,nvbit=COMRAM,rbss=COMRAM,rbit=COMRAM \
  -pfarbss=FARRAM,fardata=FARRAM,nvFARRAM=FARRAM \
  -pintsave_regs=BIGRAM,bigbss=BIGRAM,bigdata=BIGRAM -pbss=RAM \
  -pidata=CODE,irdata=CODE,ibigdata=CODE,ifardata=CODE -prparam=COMRAM \
  C:\Users\NATHAN~1\AppData\Local\Temp\xcAsm6k.o \
  dist/default/debug\Projet_pic18.X.debug.o 

Object code version is 3.11

Machine type is 18F4620



                Name                               Link     Load   Length Selector   Space Scale
C:\Users\NATHAN~1\AppData\Local\Temp\xcAsm6k.o
                config                           300000   300000        E        0       4
                init                                  E        E        4        4       0
                reset_vec                             0        0        6        0       0
dist/default/debug\Projet_pic18.X.debug.o
                intcode                               8        8        6        4       0
                config                           300000   300000        E        0       4
                temp                                 7F       7F        1        1       1
                mediumconst                        F832     F832      4CE     7C19       0
                text181                            A57A     A57A        E        4       0
                text180                            A112     A112       34        4       0
                text179                            A5DC     A5DC        8        4       0
                text178                            A5B2     A5B2        A        4       0
                text177                            8DCC     8DCC       A0        4       0
                text176                            8EF8     8EF8       8C        4       0
                text175                            928A     928A       78        4       0
                text174                            A3FC     A3FC       1E        4       0
                text173                            8F84     8F84       88        4       0
                text172                            A2F2     A2F2       26        4       0
                text171                            A60E     A60E        2     5301       0
                text170                            9D5E     9D5E       44        4       0
                text169                            6AC0     6AC0      160        4       0
                text168                            650A     650A      188        4       0
                text167                            695C     695C      164        4       0
                text166                            9E26     9E26       40        4       0
                text165                            A46C     A46C       18        4       0
                text164                            A5A8     A5A8        A        4       0
                text163                            834A     834A       CA        4       0
                text162                            9D1A     9D1A       44        4       0
                text161                            A0DC     A0DC       36        4       0
                text160                            84DA     84DA       C6        4       0
                text159                            4CFE     4CFE      2E4        4       0
                text158                            85A0     85A0       C4        4       0
                text157                            893A     893A       B0        4       0
                text156                            4352     4352      39A        4       0
                text155                            8A96     8A96       AA        4       0
                text154                            72F8     72F8      104        4       0
                text153                            3B8C     3B8C      42A        4       0
                text152                            A038     A038       38        4       0
                text151                            32A0     32A0      4C0        4       0
                text150                            9C4C     9C4C       46        4       0
                text149                            71F2     71F2      106        4       0
                text148                            75FC     75FC       FE        4       0
                text147                            59F8     59F8      212        4       0
                text146                            96C0     96C0       5E        4       0
                text145                            A60C     A60C        2     5301       0
                text144                            9C06     9C06       46        4       0
                text143                             C28      C28      BF0        4       0
                text142                            7F36     7F36       DC        4       0
                text141                            79D8     79D8       F0        4       0
                text140                            80E4     80E4       D0        4       0
                text139                            5E10     5E10      204        4       0
                text138                            A60A     A60A        2     5301       0
                text137                            A608     A608        2     5301       0
                text136                            9CD6     9CD6       44        4       0
                text135                            553C     553C      2A6        4       0
                text134                            1818     1818      86A        4       0
                text133                            94CA     94CA       6C        4       0
                text132                            A27E     A27E       28        4       0
                text131                            4FE2     4FE2      2B4        4       0
                text130                            A59E     A59E        A        4       0
                text129                            A5D4     A5D4        8        4       0
                text128                            A56C     A56C        E        4       0
                text127                            A5CC     A5CC        8        4       0
                text126                            A55E     A55E        E        4       0
                text125                            A3DE     A3DE       1E        4       0
                text124                            A35E     A35E       22        4       0
                text123                            A4DC     A4DC       16        4       0
                text122                            A4C6     A4C6       16        4       0
                text121                            9824     9824       54        4       0
                text120                            A4B0     A4B0       16        4       0
                text119                            A3A0     A3A0       20        4       0
                text118                            9660     9660       60        4       0
                text117                            A1A6     A1A6       30        4       0
                text116                            77F0     77F0       F6        4       0
                text115                            A0A6     A0A6       36        4       0
                text114                            46EC     46EC      32E        4       0
                text113                            9536     9536       66        4       0
                text112                            6ECE     6ECE      116        4       0
                text111                            93E8     93E8       72        4       0
                text110                            996C     996C       50        4       0
                text109                            A1D6     A1D6       2E        4       0
                text108                            9A9E     9A9E       4A        4       0
                text107                            9092     9092       82        4       0
                text106                            9210     9210       7A        4       0
                text105                            A318     A318       24        4       0
                text104                            74FC     74FC      100        4       0
                text103                            8D2C     8D2C       A0        4       0
                text102                            6D7E     6D7E      150        4       0
                text101                            A588     A588        C        4       0
                text100                            9376     9376       72        4       0
                text99                             A2CC     A2CC       26        4       0
                text98                             9778     9778       58        4       0
                text97                             945A     945A       70        4       0
                text96                             8664     8664       BC        4       0
                text95                             A5F6     A5F6        6        4       0
                text94                             A4F2     A4F2       14        4       0
                text93                             A5F0     A5F0        6        4       0
                text92                             A2A6     A2A6       26        4       0
                text91                             9A08     9A08       4C        4       0
                text90                             A070     A070       36        4       0
                text89                             9C92     9C92       44        4       0
                text88                             9FC6     9FC6       3A        4       0
                text87                             61CC     61CC      1B4        4       0
                text86                             8888     8888       B2        4       0
                text85                             6C20     6C20      15E        4       0
                text84                             7C98     7C98       E2        4       0
                text83                             A000     A000       38        4       0
                text82                             A204     A204       2A        4       0
                text81                             A550     A550        E        4       0
                text80                             A5EA     A5EA        6        4       0
                text79                             A5E4     A5E4        6        4       0
                text78                             A436     A436       1C        4       0
                text77                             900C     900C       86        4       0
                text76                             A516     A516       10        4       0
                text75                             A176     A176       30        4       0
                intcode_body                       76FA     76FA       F6        4       0
                text73                             A594     A594        A        4       0
                text72                             A5C4     A5C4        8        4       0
                text71                             A542     A542        E        4       0
                text70                             A5BC     A5BC        8        4       0
                text69                             A534     A534        E        4       0
                text68                             A3C0     A3C0       1E        4       0
                text67                             A33C     A33C       22        4       0
                text66                             A49A     A49A       16        4       0
                text65                             A484     A484       16        4       0
                text64                             971E     971E       5A        4       0
                text63                             A452     A452       1A        4       0
                text62                             99BC     99BC       4C        4       0
                text61                             A380     A380       20        4       0
                text60                             7AC8     7AC8       EA        4       0
                text59                             9A54     9A54       4A        4       0
                text58                             9302     9302       74        4       0
                text57                             A256     A256       28        4       0
                text56                             9F8C     9F8C       3A        4       0
                text55                             97D0     97D0       54        4       0
                text54                             67F8     67F8      164        4       0
                text53                             6380     6380      18A        4       0
                text52                             6692     6692      166        4       0
                text51                             9DE4     9DE4       42        4       0
                text50                             A41A     A41A       1C        4       0
                text49                             A526     A526        E        4       0
                text48                             81B4     81B4       CC        4       0
                text47                             9B78     9B78       48        4       0
                text46                             9F52     9F52       3A        4       0
                text45                             8280     8280       CA        4       0
                text44                             4A1A     4A1A      2E4        4       0
                text43                             8414     8414       C6        4       0
                text42                             87D6     87D6       B2        4       0
                text41                             3FB6     3FB6      39C        4       0
                text40                             89EA     89EA       AC        4       0
                text39                             70EC     70EC      106        4       0
                text38                             3760     3760      42C        4       0
                text37                             9F18     9F18       3A        4       0
                text36                             2DDE     2DDE      4C2        4       0
                text35                             9B30     9B30       48        4       0
                text34                             6FE4     6FE4      108        4       0
                text33                             73FC     73FC      100        4       0
                text32                             57E2     57E2      216        4       0
                text31                             9600     9600       60        4       0
                text30                             9EDE     9EDE       3A        4       0
                text29                             9AE8     9AE8       48        4       0
                text28                               12       12      C16        4       0
                text27                             7E58     7E58       DE        4       0
                text26                             78E6     78E6       F2        4       0
                text25                             8012     8012       D2        4       0
                text24                             5C0A     5C0A      206        4       0
                text23                             9E66     9E66       3E        4       0
                text22                             9EA4     9EA4       3A        4       0
                text21                             9BC0     9BC0       46        4       0
                text20                             5296     5296      2A6        4       0
                text19                             2082     2082      854        4       0
                text18                             959C     959C       64        4       0
                text17                             A22E     A22E       28        4       0
                text16                             A506     A506       10        4       0
                text15                             9194     9194       7C        4       0
                text14                             9DA2     9DA2       42        4       0
                text13                             8C8C     8C8C       A0        4       0
                text12                             8B40     8B40       A8        4       0
                text11                             6014     6014      1B8        4       0
                text10                             7BB2     7BB2       E6        4       0
                text9                              A602     A602        4     5301       0
                text8                              9114     9114       80        4       0
                text7                              8BE8     8BE8       A4        4       0
                text6                              A146     A146       30        4       0
                text5                              7D7A     7D7A       DE        4       0
                text4                              8720     8720       B6        4       0
                text3                              28D6     28D6      508        4       0
                text2                              98CA     98CA       52        4       0
                text1                              991C     991C       50        4       0
                text0                              9878     9878       52        4       0
                cstackCOMRAM                          1        1       7D        1       1
                cstackBANK0                          80       80       6A       80       1
                cstackBANK1                         100      100       CA      100       1
                cstackBANK3                         300      300       22      300       1
                bssBIGRAM                           322      322      400      322       1
                dataBANK2                           2FC      2FC        2      200       1
                bssBANK2                            200      200       FC      200       1
                dataBANK1                           1E6      1E6        5      100       1
                bssBANK1                            1CA      1CA       1C      100       1
                bssBANK0                             EA       EA        9       80       1
                dataCOMRAM                           7E       7E        1        1       1
                cinit                              8E6C     8E6C       8C        4       0
                idataBANK2                         A606     A606        2     5301       0
                idataBANK1                         A5FC     A5FC        5        4       0
                idataCOMRAM                        A610     A610        1     5301       0

TOTAL           Name                               Link     Load   Length     Space
        CLASS   CODE           
                intcode                               8        8        6         0
                init                                  E        E        4         0
                reset_vec                             0        0        6         0
                text181                            A57A     A57A        E         0
                text180                            A112     A112       34         0
                text179                            A5DC     A5DC        8         0
                text178                            A5B2     A5B2        A         0
                text177                            8DCC     8DCC       A0         0
                text176                            8EF8     8EF8       8C         0
                text175                            928A     928A       78         0
                text174                            A3FC     A3FC       1E         0
                text173                            8F84     8F84       88         0
                text172                            A2F2     A2F2       26         0
                text171                            A60E     A60E        2         0
                text170                            9D5E     9D5E       44         0
                text169                            6AC0     6AC0      160         0
                text168                            650A     650A      188         0
                text167                            695C     695C      164         0
                text166                            9E26     9E26       40         0
                text165                            A46C     A46C       18         0
                text164                            A5A8     A5A8        A         0
                text163                            834A     834A       CA         0
                text162                            9D1A     9D1A       44         0
                text161                            A0DC     A0DC       36         0
                text160                            84DA     84DA       C6         0
                text159                            4CFE     4CFE      2E4         0
                text158                            85A0     85A0       C4         0
                text157                            893A     893A       B0         0
                text156                            4352     4352      39A         0
                text155                            8A96     8A96       AA         0
                text154                            72F8     72F8      104         0
                text153                            3B8C     3B8C      42A         0
                text152                            A038     A038       38         0
                text151                            32A0     32A0      4C0         0
                text150                            9C4C     9C4C       46         0
                text149                            71F2     71F2      106         0
                text148                            75FC     75FC       FE         0
                text147                            59F8     59F8      212         0
                text146                            96C0     96C0       5E         0
                text145                            A60C     A60C        2         0
                text144                            9C06     9C06       46         0
                text143                             C28      C28      BF0         0
                text142                            7F36     7F36       DC         0
                text141                            79D8     79D8       F0         0
                text140                            80E4     80E4       D0         0
                text139                            5E10     5E10      204         0
                text138                            A60A     A60A        2         0
                text137                            A608     A608        2         0
                text136                            9CD6     9CD6       44         0
                text135                            553C     553C      2A6         0
                text134                            1818     1818      86A         0
                text133                            94CA     94CA       6C         0
                text132                            A27E     A27E       28         0
                text131                            4FE2     4FE2      2B4         0
                text130                            A59E     A59E        A         0
                text129                            A5D4     A5D4        8         0
                text128                            A56C     A56C        E         0
                text127                            A5CC     A5CC        8         0
                text126                            A55E     A55E        E         0
                text125                            A3DE     A3DE       1E         0
                text124                            A35E     A35E       22         0
                text123                            A4DC     A4DC       16         0
                text122                            A4C6     A4C6       16         0
                text121                            9824     9824       54         0
                text120                            A4B0     A4B0       16         0
                text119                            A3A0     A3A0       20         0
                text118                            9660     9660       60         0
                text117                            A1A6     A1A6       30         0
                text116                            77F0     77F0       F6         0
                text115                            A0A6     A0A6       36         0
                text114                            46EC     46EC      32E         0
                text113                            9536     9536       66         0
                text112                            6ECE     6ECE      116         0
                text111                            93E8     93E8       72         0
                text110                            996C     996C       50         0
                text109                            A1D6     A1D6       2E         0
                text108                            9A9E     9A9E       4A         0
                text107                            9092     9092       82         0
                text106                            9210     9210       7A         0
                text105                            A318     A318       24         0
                text104                            74FC     74FC      100         0
                text103                            8D2C     8D2C       A0         0
                text102                            6D7E     6D7E      150         0
                text101                            A588     A588        C         0
                text100                            9376     9376       72         0
                text99                             A2CC     A2CC       26         0
                text98                             9778     9778       58         0
                text97                             945A     945A       70         0
                text96                             8664     8664       BC         0
                text95                             A5F6     A5F6        6         0
                text94                             A4F2     A4F2       14         0
                text93                             A5F0     A5F0        6         0
                text92                             A2A6     A2A6       26         0
                text91                             9A08     9A08       4C         0
                text90                             A070     A070       36         0
                text89                             9C92     9C92       44         0
                text88                             9FC6     9FC6       3A         0
                text87                             61CC     61CC      1B4         0
                text86                             8888     8888       B2         0
                text85                             6C20     6C20      15E         0
                text84                             7C98     7C98       E2         0
                text83                             A000     A000       38         0
                text82                             A204     A204       2A         0
                text81                             A550     A550        E         0
                text80                             A5EA     A5EA        6         0
                text79                             A5E4     A5E4        6         0
                text78                             A436     A436       1C         0
                text77                             900C     900C       86         0
                text76                             A516     A516       10         0
                text75                             A176     A176       30         0
                intcode_body                       76FA     76FA       F6         0
                text73                             A594     A594        A         0
                text72                             A5C4     A5C4        8         0
                text71                             A542     A542        E         0
                text70                             A5BC     A5BC        8         0
                text69                             A534     A534        E         0
                text68                             A3C0     A3C0       1E         0
                text67                             A33C     A33C       22         0
                text66                             A49A     A49A       16         0
                text65                             A484     A484       16         0
                text64                             971E     971E       5A         0
                text63                             A452     A452       1A         0
                text62                             99BC     99BC       4C         0
                text61                             A380     A380       20         0
                text60                             7AC8     7AC8       EA         0
                text59                             9A54     9A54       4A         0
                text58                             9302     9302       74         0
                text57                             A256     A256       28         0
                text56                             9F8C     9F8C       3A         0
                text55                             97D0     97D0       54         0
                text54                             67F8     67F8      164         0
                text53                             6380     6380      18A         0
                text52                             6692     6692      166         0
                text51                             9DE4     9DE4       42         0
                text50                             A41A     A41A       1C         0
                text49                             A526     A526        E         0
                text48                             81B4     81B4       CC         0
                text47                             9B78     9B78       48         0
                text46                             9F52     9F52       3A         0
                text45                             8280     8280       CA         0
                text44                             4A1A     4A1A      2E4         0
                text43                             8414     8414       C6         0
                text42                             87D6     87D6       B2         0
                text41                             3FB6     3FB6      39C         0
                text40                             89EA     89EA       AC         0
                text39                             70EC     70EC      106         0
                text38                             3760     3760      42C         0
                text37                             9F18     9F18       3A         0
                text36                             2DDE     2DDE      4C2         0
                text35                             9B30     9B30       48         0
                text34                             6FE4     6FE4      108         0
                text33                             73FC     73FC      100         0
                text32                             57E2     57E2      216         0
                text31                             9600     9600       60         0
                text30                             9EDE     9EDE       3A         0
                text29                             9AE8     9AE8       48         0
                text28                               12       12      C16         0
                text27                             7E58     7E58       DE         0
                text26                             78E6     78E6       F2         0
                text25                             8012     8012       D2         0
                text24                             5C0A     5C0A      206         0
                text23                             9E66     9E66       3E         0
                text22                             9EA4     9EA4       3A         0
                text21                             9BC0     9BC0       46         0
                text20                             5296     5296      2A6         0
                text19                             2082     2082      854         0
                text18                             959C     959C       64         0
                text17                             A22E     A22E       28         0
                text16                             A506     A506       10         0
                text15                             9194     9194       7C         0
                text14                             9DA2     9DA2       42         0
                text13                             8C8C     8C8C       A0         0
                text12                             8B40     8B40       A8         0
                text11                             6014     6014      1B8         0
                text10                             7BB2     7BB2       E6         0
                text9                              A602     A602        4         0
                text8                              9114     9114       80         0
                text7                              8BE8     8BE8       A4         0
                text6                              A146     A146       30         0
                text5                              7D7A     7D7A       DE         0
                text4                              8720     8720       B6         0
                text3                              28D6     28D6      508         0
                text2                              98CA     98CA       52         0
                text1                              991C     991C       50         0
                text0                              9878     9878       52         0
                cinit                              8E6C     8E6C       8C         0
                idataBANK2                         A606     A606        2         0
                idataBANK1                         A5FC     A5FC        5         0
                idataCOMRAM                        A610     A610        1         0

        CLASS   CONST          

        CLASS   SMALLCONST     

        CLASS   MEDIUMCONST    
                mediumconst                        F832     F832      4CE         0

        CLASS   COMRAM         
                temp                                 7F       7F        1         1
                cstackCOMRAM                          1        1       7D         1
                dataCOMRAM                           7E       7E        1         1

        CLASS   ABS1           

        CLASS   BIGRAM         
                bssBIGRAM                           322      322      400         1

        CLASS   RAM            

        CLASS   BANK0          
                cstackBANK0                          80       80       6A         1
                bssBANK0                             EA       EA        9         1

        CLASS   BANK1          
                cstackBANK1                         100      100       CA         1
                dataBANK1                           1E6      1E6        5         1
                bssBANK1                            1CA      1CA       1C         1

        CLASS   BANK2          
                dataBANK2                           2FC      2FC        2         1
                bssBANK2                            200      200       FC         1

        CLASS   BANK3          
                cstackBANK3                         300      300       22         1

        CLASS   BANK4          

        CLASS   BANK5          

        CLASS   BANK6          

        CLASS   BANK7          

        CLASS   BANK8          

        CLASS   BANK9          

        CLASS   BANK10         

        CLASS   BANK11         

        CLASS   BANK12         

        CLASS   BANK13         

        CLASS   BANK14         

        CLASS   BANK15         

        CLASS   SFR            

        CLASS   BIGSFR         

        CLASS   CONFIG         
                config                           300000   300000        E         4

        CLASS   IDLOC          

        CLASS   EEDATA         

        CLASS   FARRAM         

        CLASS   HEAP           

        CLASS   STACK          



SEGMENTS        Name                           Load    Length   Top    Selector   Space  Class

                reset_vec                      000000  000006  000006         0       0  CODE    
                cstackCOMRAM                   000001  00007F  000080         1       1  COMRAM  
                intcode                        000008  00A5F9  00A601         4       0  CODE    
                cstackBANK0                    000080  000073  0000F3        80       1  BANK0   
                cstackBANK1                    000100  0000EB  0001EB       100       1  BANK1   
                bssBANK2                       000200  0000FE  0002FE       200       1  BANK2   
                cstackBANK3                    000300  000022  000322       300       1  BANK3   
                bssBIGRAM                      000322  000400  000722       322       1  BIGRAM  
                text9                          00A602  00000F  00A611      5301       0  CODE    
                mediumconst                    00F832  0004CE  00FD00      7C19       0  MEDIUMCO


UNUSED ADDRESS RANGES

        Name                Unused          Largest block    Delta
        BANK0            0000F3-0000FF                D
        BANK1            0001EB-0001FF               15
        BANK10           000A00-000AFF              100
        BANK11           000B00-000BFF              100
        BANK12           000C00-000CFF              100
        BANK13           000D00-000DFF              100
        BANK14           000E00-000EEE               EF
        BANK15           000F00-000F7F               80
        BANK2            0002FE-0002FF                2
        BANK7            000722-0007FF               DE
        BANK8            000800-0008FF              100
        BANK9            000900-0009FF              100
        BIGRAM           0000F3-0000FF                D
                         0001EB-0001FF               15
                         0002FE-0002FF                2
                         000722-000EEE              7CD
                         000F00-000F7F               80
        BIGSFR           000F80-000F9B               1C
                         000F9D-000FD3               37
                         000FD5-000FDA                6
                         000FE0-000FE2                3
                         000FE8-000FEA                3
                         000FF0-000FFB                C
        CODE             000006-000007                2
                         00A601-00A601                1
                         00A611-00F831             5221
        CONST            000006-000007                2
                         00A601-00A601                1
                         00A611-00F831             5221
        EEDATA           F00000-F003FF              400
        IDLOC            200000-200007                8
        MEDIUMCONST      00A601-00A601                1
                         00A611-00F831             5221
        RAM              0000F3-0000FF                D
                         0001EB-0001FF               15
                         0002FE-0002FF                2
                         000722-000EEE              100
                         000F00-000F7F               80
        SFR              000F80-000F9B               1C
                         000F9D-000FD3               37
                         000FD5-000FDA                6
                         000FE0-000FE2                3
                         000FE8-000FEA                3
                         000FF0-000FFB                C
        SMALLCONST       00A601-00A601                1
                         00A611-00F831              100

                                  Symbol Table

?_Get_DS1307_RTC_Date                            cstackCOMRAM 000011
?_Get_DS1307_RTC_Time                            cstackCOMRAM 000011
?_OneWireTemp                                    cstackCOMRAM 00001A
?___aodiv                                        cstackBANK1  00010E
?___aomod                                        cstackBANK1  00010E
?___awdiv                                        cstackBANK1  00010E
?___awmod                                        cstackBANK1  00010E
?___fladd                                        cstackBANK1  000135
?___fldiv                                        cstackBANK1  00011C
?___flmul                                        cstackBANK1  000135
?___flneg                                        cstackBANK1  00010E
?___flsub                                        cstackBANK1  00014E
?___fltol                                        cstackBANK1  00010E
?___fpclassifyf                                  cstackBANK1  00010E
?___llmod                                        cstackCOMRAM 000001
?___lodiv                                        cstackBANK1  00010E
?___lomod                                        cstackBANK1  00010E
?___wmul                                         cstackBANK1  00010E
?___xxtofl                                       cstackBANK1  00010E
?_abs                                            cstackBANK1  000120
?_atoi                                           cstackBANK1  000115
?_dtoa                                           cstackBANK1  00012B
?_efgtoa                                         cstackBANK1  00015A
?_floorf                                         cstackBANK1  000135
?_isalpha                                        cstackBANK1  00010E
?_isdigit                                        cstackBANK1  00010E
?_islower                                        cstackBANK1  00010E
?_isspace                                        cstackBANK1  00010E
?_isupper                                        cstackBANK1  00010E
?_pad                                            cstackBANK1  000120
?_printf                                         cstackBANK3  000300
?_snprintf                                       cstackBANK0  0000AA
?_strlen                                         cstackBANK1  00010E
?_strncmp                                        cstackBANK1  00010E
?_tolower                                        cstackBANK1  000114
?_toupper                                        cstackBANK1  000114
?_utoa                                           cstackBANK1  00012B
?_vfpfcnvrt                                      cstackBANK1  000198
?_vfprintf                                       cstackBANK1  0001BC
?_xtoa                                           cstackBANK1  00012B
?i2___aodiv                                      cstackCOMRAM 000001
?i2___aomod                                      cstackCOMRAM 000001
?i2___awdiv                                      cstackCOMRAM 000001
?i2___awmod                                      cstackCOMRAM 000001
?i2___fladd                                      cstackCOMRAM 000001
?i2___fldiv                                      cstackCOMRAM 000001
?i2___flmul                                      cstackCOMRAM 000019
?i2___flneg                                      cstackCOMRAM 000001
?i2___flsub                                      cstackCOMRAM 000011
?i2___fltol                                      cstackCOMRAM 000032
?i2___fpclassifyf                                cstackCOMRAM 000001
?i2___lodiv                                      cstackCOMRAM 000001
?i2___lomod                                      cstackCOMRAM 000001
?i2___wmul                                       cstackCOMRAM 000001
?i2___xxtofl                                     cstackCOMRAM 000001
?i2_abs                                          cstackCOMRAM 000013
?i2_atoi                                         cstackCOMRAM 000007
?i2_dtoa                                         cstackCOMRAM 00001E
?i2_efgtoa                                       cstackCOMRAM 00003E
?i2_floorf                                       cstackCOMRAM 00001A
?i2_pad                                          cstackCOMRAM 000013
?i2_printf                                       cstackBANK0  0000AA
?i2_strlen                                       cstackCOMRAM 000001
?i2_strncmp                                      cstackCOMRAM 000001
?i2_tolower                                      cstackCOMRAM 000003
?i2_toupper                                      cstackCOMRAM 000003
?i2_utoa                                         cstackCOMRAM 00001E
?i2_vfpfcnvrt                                    cstackBANK0  000080
?i2_vfprintf                                     cstackBANK0  0000A4
?i2_xtoa                                         cstackCOMRAM 00001E
Get_DS1307_RTC_Date@Temp                         cstackCOMRAM 00001E
Get_DS1307_RTC_Date@currentDate                  cstackCOMRAM 00001A
Get_DS1307_RTC_Date@pRTCArray                    cstackCOMRAM 000016
Get_DS1307_RTC_Time@Temp                         cstackCOMRAM 00001D
Get_DS1307_RTC_Time@currentTime                  cstackCOMRAM 000019
Get_DS1307_RTC_Time@pRTCArray                    cstackCOMRAM 000016
I2C_ReadFromAddress@deviceAddress                cstackBANK1  000112
I2C_ReadRegister@deviceAddress                   cstackCOMRAM 000009
I2C_ReadRegister@registerAddress                 cstackCOMRAM 000007
I2C_ReadRegister@result                          cstackCOMRAM 000008
I2C_ReadResult@readback                          cstackBANK1  000110
I2C_ReadResult@x                                 cstackBANK1  00010E
I2C_WriteByte@temp                               cstackBANK1  000111
I2C_WriteByte@theByte                            cstackBANK1  00010E
I2C_WriteByte@x                                  cstackBANK1  00010F
I2C_WriteToAddress@deviceAddress                 cstackBANK1  000112
I2C_WriteToAddress@temp                          cstackBANK1  000113
LCD_CMD@CMD                                      cstackBANK1  000115
LCD_Init@I2C_Add                                 cstackBANK1  000117
LCD_Write_4Bit@Nibble                            cstackBANK1  000114
OneWireReadBit@out                               cstackCOMRAM 000001
OneWireReadByte@i                                cstackCOMRAM 000003
OneWireReadByte@out                              cstackCOMRAM 000005
OneWireTemp@LSB                                  cstackCOMRAM 000026
OneWireTemp@MSB                                  cstackCOMRAM 000027
OneWireTemp@data                                 cstackCOMRAM 000024
OneWireTemp@temperature                          cstackCOMRAM 000020
OneWireWriteBit@b                                cstackCOMRAM 000001
OneWireWriteByte@b                               cstackCOMRAM 000004
OneWireWriteByte@i                               cstackCOMRAM 000002
Read_Bytes_From_DS1307_RTC@Address               cstackCOMRAM 00000E
Read_Bytes_From_DS1307_RTC@NoOfBytes             cstackCOMRAM 00000C
Read_Bytes_From_DS1307_RTC@i                     cstackCOMRAM 00000F
Read_Bytes_From_DS1307_RTC@pData                 cstackCOMRAM 00000A
SD_Command@arg                                   cstackCOMRAM 000004
SD_Command@cmd                                   cstackCOMRAM 000009
SD_Command@n                                     cstackCOMRAM 000008
SD_Command@response                              cstackCOMRAM 00000A
SD_EraseBlocks@firstBlock                        cstackCOMRAM 00000B
SD_EraseBlocks@lastBlock                         cstackCOMRAM 00000F
SD_MBR_Receive@bufReceive                        cstackCOMRAM 000004
SD_MBR_Receive@i                                 cstackCOMRAM 000006
SD_MBR_Start@response                            cstackCOMRAM 000010
SD_MBR_Start@startBlock                          cstackCOMRAM 00000B
SD_SendDummyBytes@n                              cstackCOMRAM 000005
SD_SendDummyBytes@numBytes                       cstackCOMRAM 000004
SD_SingleBlockWrite@arr                          cstackCOMRAM 00000F
SD_SingleBlockWrite@block                        cstackCOMRAM 00000B
SD_SingleBlockWrite@i                            cstackCOMRAM 000014
SD_SingleBlockWrite@response                     cstackCOMRAM 000013
SSD1306_ClearDisplay@i                           cstackCOMRAM 000008
SSD1306_GotoXY@x                                 cstackCOMRAM 000002
SSD1306_GotoXY@y                                 cstackCOMRAM 000001
SSD1306_Init@i2caddr                             cstackCOMRAM 000008
SSD1306_Init@vccstate                            cstackCOMRAM 000009
SSD1306_PutStretchC@F3472                        bssBANK2     00027F
SSD1306_PutStretchC@b                            cstackCOMRAM 000011
SSD1306_PutStretchC@bn                           cstackCOMRAM 000016
SSD1306_PutStretchC@bn_1286                      cstackCOMRAM 00001B
SSD1306_PutStretchC@c                            cstackCOMRAM 00001E
SSD1306_PutStretchC@font_c                       cstackCOMRAM 000019
SSD1306_PutStretchC@i                            cstackCOMRAM 000017
SSD1306_PutStretchC@i_1277                       cstackCOMRAM 00001D
SSD1306_PutStretchC@i_1281                       cstackCOMRAM 00001F
SSD1306_PutStretchC@i_1285                       cstackCOMRAM 000018
SSD1306_PutStretchC@offs                         cstackCOMRAM 00001A
SSD1306_PutStretchC@p                            cstackCOMRAM 00001C
SSD1306_PutStretchC@pos                          cstackCOMRAM 000015
SSD1306_PutStretchC@size_mult                    cstackCOMRAM 000009
Timer1_DefaultInterruptHandler@cpt_ms_eeprom     bssBANK2     000293
Timer1_DefaultInterruptHandler@cpt_ms_lcd        bssBANK1     0001E0
Timer1_DefaultInterruptHandler@cpt_ms_oled       bssBANK2     000295
Timer1_DefaultInterruptHandler@cpt_ms_sd         bssBANK2     000283
Timer1_Init@_timer                               cstackBANK1  000110
Timer1_Mode_Selection@_timer                     cstackBANK1  00010E
USART_ASYNCRONOUS_RX_Init@_usart                 cstackBANK1  00010E
USART_ASYNCRONOUS_TX_Init@_usart                 cstackBANK1  00010E
USART_Asynchronous_Initialize@_usart             cstackBANK1  000151
USART_Asynchronous_Initialize@ret                cstackBANK1  000153
USART_Asynchronous_ReadByte_NonBlocking@_data    cstackCOMRAM 000001
USART_Asynchronous_ReadByte_NonBlocking@ret      cstackCOMRAM 000003
USART_Asynchronous_WriteByte_Blocking@_data      cstackBANK1  00010E
USART_Baud_Rate_Calculation@Baud_Rate_Temp_Value cstackBANK1  000149
USART_Baud_Rate_Calculation@_usart               cstackBANK1  000145
USART_FramingDefaultErrorHandler@_data_          cstackCOMRAM 000004
_ACMD22                                          mediumconst  00FA16
_BAUDCONbits                                     (abs)        000FB8
_BackLight_State                                 dataBANK1    0001EA
_CCP1CON                                         (abs)        000FBD
_CCPR1L                                          (abs)        000FBE
_CMD13                                           mediumconst  00FA21
_Font                                            mediumconst  00F833
_Font2                                           mediumconst  00F932
_Get_DS1307_RTC_Date                             text97       00945A
_Get_DS1307_RTC_Time                             text96       008664
_I2C_Delay                                       text73       00A594
_I2C_ReadFromAddress                             text16       00A506
_I2C_ReadRegister                                text99       00A2CC
_I2C_ReadResult                                  text15       009194
_I2C_SendOne                                     text66       00A49A
_I2C_SendZero                                    text65       00A484
_I2C_Start                                       text68       00A3C0
_I2C_Stop                                        text67       00A33C
_I2C_WriteByte                                   text64       00971E
_I2C_WriteToAddress                              text63       00A452
_INTCONbits                                      (abs)        000FF2
_InterruptManager                                intcode      000008
_LATAbits                                        (abs)        000F89
_LATEbits                                        (abs)        000F8D
_LCD_CMD                                         text61       00A380
_LCD_Init                                        text60       007AC8
_LCD_Write_4Bit                                  text62       0099BC
_OSCCON                                          (abs)        000FD3
_OSCCONbits                                      (abs)        000FD3
_OSCTUNE                                         (abs)        000F9B
_OSCTUNEbits                                     (abs)        000F9B
_OneWireHigh                                     text95       00A5F6
_OneWireRead                                     text94       00A4F2
_OneWireReadBit                                  text92       00A2A6
_OneWireReadByte                                 text91       009A08
_OneWireRelease                                  text93       00A5F0
_OneWireReset                                    text90       00A070
_OneWireTemp                                     text86       008888
_OneWireWriteBit                                 text89       009C92
_OneWireWriteByte                                text88       009FC6
_PIE1bits                                        (abs)        000F9D
_PIR1bits                                        (abs)        000F9E
_PORTA                                           (abs)        000F80
_PORTCbits                                       (abs)        000F82
_PORTD                                           (abs)        000F83
_PORTDbits                                       (abs)        000F83
_PORTE                                           (abs)        000F84
_PR2                                             (abs)        000FCB
_RCREG                                           (abs)        000FAE
_RCSTAbits                                       (abs)        000FAB
_RS                                              bssBANK1     0001E5
_Read_Bytes_From_DS1307_RTC                      text98       009778
_SCL_High                                        text72       00A5C4
_SCL_Low                                         text71       00A542
_SDA_High                                        text70       00A5BC
_SDA_Low                                         text69       00A534
_SDCard                                          bssBANK2     000200
_SD_Command                                      text176      008EF8
_SD_EraseBlocks                                  text106      009210
_SD_MBR_Receive                                  text177      008DCC
_SD_MBR_Start                                    text175      00928A
_SD_MBR_Stop                                     text174      00A3FC
_SD_SendDummyBytes                               text105      00A318
_SD_SingleBlockWrite                             text104      0074FC
_SDreadBuffer                                    bssBIGRAM    000322
_SDwriteBuffer                                   bssBIGRAM    000522
_SPBRG                                           (abs)        000FAF
_SPBRGH                                          (abs)        000FB0
_SSD1306_ClearDisplay                            text118      009660
_SSD1306_GotoXY                                  text117      00A1A6
_SSD1306_Init                                    text116      0077F0
_SSD1306_PutStretchC                             text114      0046EC
_SSPBUF                                          (abs)        000FC9
_SSPCON1                                         (abs)        000FC6
_SSPCON1bits                                     (abs)        000FC6
_SSPIF                                           (abs)        007CF3
_SSPSTAT                                         (abs)        000FC7
_SSPSTATbits                                     (abs)        000FC7
_T0CONbits                                       (abs)        000FD5
_T1CONbits                                       (abs)        000FCD
_T2CON                                           (abs)        000FCA
_T2CONbits                                       (abs)        000FCA
_TMR0H                                           (abs)        000FD7
_TMR0L                                           (abs)        000FD6
_TMR0_ISR                                        text181      00A57A
_TMR0_InterruptHandler                           bssBANK2     000291
_TMR1H                                           (abs)        000FCF
_TMR1L                                           (abs)        000FCE
_TMR1_ISR                                        text83       00A000
_TMR1_InterruptHandler                           bssBANK1     0001D4
_TMR2                                            (abs)        000FCC
_TRISA                                           (abs)        000F92
_TRISAbits                                       (abs)        000F92
_TRISCbits                                       (abs)        000F94
_TRISD                                           (abs)        000F95
_TRISDbits                                       (abs)        000F95
_TRISEbits                                       (abs)        000F96
_TXREG                                           (abs)        000FAD
_TXSTAbits                                       (abs)        000FAC
_Temp                                            bssBANK0     0000F1
_Timer1_DefaultInterruptHandler                  text84       007C98
_Timer1_Init                                     text7        008BE8
_Timer1_Mode_Selection                           text8        009114
_USART_ASYNCRONOUS_RX_Init                       text5        007D7A
_USART_ASYNCRONOUS_TX_Init                       text4        008720
_USART_Asynchronous_Initialize                   text2        0098CA
_USART_Asynchronous_ReadByte_NonBlocking         text82       00A204
_USART_Asynchronous_Restart_RX                   text80       00A5EA
_USART_Asynchronous_WriteByte_Blocking           text50       00A41A
_USART_Baud_Rate_Calculation                     text3        0028D6
_USART_Baud_Rate_Calculation$4257                cstackBANK1  00014D
_USART_FramingDefaultErrorHandler                text81       00A550
_USART_FramingErrorHandler                       bssBANK1     0001DA
_USART_OverrunDefaultErrorHandler                text79       00A5E4
_USART_OverrunErrorHandler                       bssBANK1     0001D8
_USART_RX_ISR                                    text77       00900C
_USART_RxDefaultInterruptHandler                 text78       00A436
_USART_RxDefaultInterruptHandler@hal_usart$F881  bssBANK1     0001DC
_USART_TX_ISR                                    text75       00A176
_USART_TxDefaultInterruptHandler                 text76       00A516
_USART_TxDefaultInterruptHandler@hal_usart$F875  bssBANK1     0001DE
__HRAM                                           (abs)        000000
__Habs1                                          abs1         000000
__Hbank0                                         bank0        000000
__Hbank1                                         bank1        000000
__Hbank10                                        bank10       000000
__Hbank11                                        bank11       000000
__Hbank12                                        bank12       000000
__Hbank13                                        bank13       000000
__Hbank14                                        bank14       000000
__Hbank15                                        bank15       000000
__Hbank2                                         bank2        000000
__Hbank3                                         bank3        000000
__Hbank4                                         bank4        000000
__Hbank5                                         bank5        000000
__Hbank6                                         bank6        000000
__Hbank7                                         bank7        000000
__Hbank8                                         bank8        000000
__Hbank9                                         bank9        000000
__Hbigbss                                        bigbss       000000
__Hbigdata                                       bigdata      000000
__Hbigram                                        bigram       000000
__Hbigsfr                                        bigsfr       000000
__Hbss                                           bss          000000
__HbssBANK0                                      bssBANK0     000000
__HbssBANK1                                      bssBANK1     000000
__HbssBANK2                                      bssBANK2     000000
__HbssBIGRAM                                     bssBIGRAM    000000
__Hcinit                                         cinit        000000
__Hclrtext                                       clrtext      000000
__Hcomram                                        comram       000000
__Hconfig                                        config       30000E
__Hconst                                         const        000000
__HcstackBANK0                                   cstackBANK0  000000
__HcstackBANK1                                   cstackBANK1  000000
__HcstackBANK3                                   cstackBANK3  000000
__HcstackCOMRAM                                  cstackCOMRAM 000000
__Hdata                                          data         000000
__HdataBANK1                                     dataBANK1    000000
__HdataBANK2                                     dataBANK2    000000
__HdataCOMRAM                                    dataCOMRAM   000000
__Heeprom_data                                   eeprom_data  000000
__Hfarbss                                        farbss       000000
__Hfardata                                       fardata      000000
__Hheap                                          heap         000000
__Hibigdata                                      ibigdata     000000
__Hidata                                         idata        000000
__HidataBANK1                                    idataBANK1   000000
__HidataBANK2                                    idataBANK2   000000
__HidataCOMRAM                                   idataCOMRAM  000000
__Hidloc                                         idloc        000000
__Hifardata                                      ifardata     000000
__Hinit                                          init         000012
__Hintcode                                       intcode      00000E
__Hintcode_body                                  intcode_body 000000
__Hintcodelo                                     intcodelo    00000E
__Hintentry                                      intentry     000000
__Hintret                                        intret       000000
__Hintsave_regs                                  intsave_regs 000000
__Hirdata                                        irdata       000000
__Hmediumconst                                   mediumconst  00FD00
__HnvFARRAM                                      nvFARRAM     000000
__Hnvbit                                         nvbit        000000
__Hnvrram                                        nvrram       000000
__Hparam                                         rparam       000000
__Hpowerup                                       powerup      00000E
__Hram                                           ram          000000
__Hramtop                                        ramtop       001000
__Hrbit                                          rbit         000000
__Hrbss                                          rbss         000000
__Hrdata                                         rdata        000000
__Hreset_vec                                     reset_vec    000006
__Hrparam                                        rparam       000000
__Hsfr                                           sfr          000000
__Hsmallconst                                    smallconst   000000
__Hspace_0                                       (abs)        00FD00
__Hspace_1                                       (abs)        000722
__Hspace_2                                       (abs)        000000
__Hspace_4                                       (abs)        60000E
__Hstack                                         stack        000000
__Hstruct                                        struct       000000
__Htemp                                          temp         000080
__Htext                                          text         000000
__Htext0                                         text0        000000
__Htext1                                         text1        000000
__Htext10                                        text10       000000
__Htext100                                       text100      000000
__Htext101                                       text101      000000
__Htext102                                       text102      000000
__Htext103                                       text103      000000
__Htext104                                       text104      000000
__Htext105                                       text105      000000
__Htext106                                       text106      000000
__Htext107                                       text107      000000
__Htext108                                       text108      000000
__Htext109                                       text109      000000
__Htext11                                        text11       000000
__Htext110                                       text110      000000
__Htext111                                       text111      000000
__Htext112                                       text112      000000
__Htext113                                       text113      000000
__Htext114                                       text114      000000
__Htext115                                       text115      000000
__Htext116                                       text116      000000
__Htext117                                       text117      000000
__Htext118                                       text118      000000
__Htext119                                       text119      000000
__Htext12                                        text12       000000
__Htext120                                       text120      000000
__Htext121                                       text121      000000
__Htext122                                       text122      000000
__Htext123                                       text123      000000
__Htext124                                       text124      000000
__Htext125                                       text125      000000
__Htext126                                       text126      000000
__Htext127                                       text127      000000
__Htext128                                       text128      000000
__Htext129                                       text129      000000
__Htext13                                        text13       000000
__Htext130                                       text130      000000
__Htext131                                       text131      000000
__Htext132                                       text132      000000
__Htext133                                       text133      000000
__Htext134                                       text134      000000
__Htext135                                       text135      000000
__Htext136                                       text136      000000
__Htext137                                       text137      000000
__Htext138                                       text138      000000
__Htext139                                       text139      000000
__Htext14                                        text14       000000
__Htext140                                       text140      000000
__Htext141                                       text141      000000
__Htext142                                       text142      000000
__Htext143                                       text143      000000
__Htext144                                       text144      000000
__Htext145                                       text145      000000
__Htext146                                       text146      000000
__Htext147                                       text147      000000
__Htext148                                       text148      000000
__Htext149                                       text149      000000
__Htext15                                        text15       000000
__Htext150                                       text150      000000
__Htext151                                       text151      000000
__Htext152                                       text152      000000
__Htext153                                       text153      000000
__Htext154                                       text154      000000
__Htext155                                       text155      000000
__Htext156                                       text156      000000
__Htext157                                       text157      000000
__Htext158                                       text158      000000
__Htext159                                       text159      000000
__Htext16                                        text16       000000
__Htext160                                       text160      000000
__Htext161                                       text161      000000
__Htext162                                       text162      000000
__Htext163                                       text163      000000
__Htext164                                       text164      000000
__Htext165                                       text165      000000
__Htext166                                       text166      000000
__Htext167                                       text167      000000
__Htext168                                       text168      000000
__Htext169                                       text169      000000
__Htext17                                        text17       000000
__Htext170                                       text170      000000
__Htext171                                       text171      000000
__Htext172                                       text172      000000
__Htext173                                       text173      000000
__Htext174                                       text174      000000
__Htext175                                       text175      000000
__Htext176                                       text176      000000
__Htext177                                       text177      000000
__Htext178                                       text178      000000
__Htext179                                       text179      000000
__Htext18                                        text18       000000
__Htext180                                       text180      000000
__Htext181                                       text181      000000
__Htext182                                       text182      000000
__Htext19                                        text19       000000
__Htext2                                         text2        000000
__Htext20                                        text20       000000
__Htext21                                        text21       000000
__Htext22                                        text22       000000
__Htext23                                        text23       000000
__Htext24                                        text24       000000
__Htext25                                        text25       000000
__Htext26                                        text26       000000
__Htext27                                        text27       000000
__Htext28                                        text28       000000
__Htext29                                        text29       000000
__Htext3                                         text3        000000
__Htext30                                        text30       000000
__Htext31                                        text31       000000
__Htext32                                        text32       000000
__Htext33                                        text33       000000
__Htext34                                        text34       000000
__Htext35                                        text35       000000
__Htext36                                        text36       000000
__Htext37                                        text37       000000
__Htext38                                        text38       000000
__Htext39                                        text39       000000
__Htext4                                         text4        000000
__Htext40                                        text40       000000
__Htext41                                        text41       000000
__Htext42                                        text42       000000
__Htext43                                        text43       000000
__Htext44                                        text44       000000
__Htext45                                        text45       000000
__Htext46                                        text46       000000
__Htext47                                        text47       000000
__Htext48                                        text48       000000
__Htext49                                        text49       000000
__Htext5                                         text5        000000
__Htext50                                        text50       000000
__Htext51                                        text51       000000
__Htext52                                        text52       000000
__Htext53                                        text53       000000
__Htext54                                        text54       000000
__Htext55                                        text55       000000
__Htext56                                        text56       000000
__Htext57                                        text57       000000
__Htext58                                        text58       000000
__Htext59                                        text59       000000
__Htext6                                         text6        000000
__Htext60                                        text60       000000
__Htext61                                        text61       000000
__Htext62                                        text62       000000
__Htext63                                        text63       000000
__Htext64                                        text64       000000
__Htext65                                        text65       000000
__Htext66                                        text66       000000
__Htext67                                        text67       000000
__Htext68                                        text68       000000
__Htext69                                        text69       000000
__Htext7                                         text7        000000
__Htext70                                        text70       000000
__Htext71                                        text71       000000
__Htext72                                        text72       000000
__Htext73                                        text73       000000
__Htext75                                        text75       000000
__Htext76                                        text76       000000
__Htext77                                        text77       000000
__Htext78                                        text78       000000
__Htext79                                        text79       000000
__Htext8                                         text8        000000
__Htext80                                        text80       000000
__Htext81                                        text81       000000
__Htext82                                        text82       000000
__Htext83                                        text83       000000
__Htext84                                        text84       000000
__Htext85                                        text85       000000
__Htext86                                        text86       000000
__Htext87                                        text87       000000
__Htext88                                        text88       000000
__Htext89                                        text89       000000
__Htext9                                         text9        000000
__Htext90                                        text90       000000
__Htext91                                        text91       000000
__Htext92                                        text92       000000
__Htext93                                        text93       000000
__Htext94                                        text94       000000
__Htext95                                        text95       000000
__Htext96                                        text96       000000
__Htext97                                        text97       000000
__Htext98                                        text98       000000
__Htext99                                        text99       000000
__LRAM                                           (abs)        000001
[...]
update_system_data@temp_frac                     cstackCOMRAM 00003E
update_system_data@temp_int                      cstackCOMRAM 00003F
update_system_data@time                          cstackCOMRAM 000048
usart_module_init@usart_obj                      cstackBANK1  000154
utoa@d                                           cstackBANK1  00012D
utoa@fp                                          cstackBANK1  00012B
utoa@i                                           cstackBANK1  000149
utoa@n                                           cstackBANK1  000141
utoa@p                                           cstackBANK1  00013D
utoa@w                                           cstackBANK1  00013F
vfpfcnvrt@ap                                     cstackBANK1  00019C
vfpfcnvrt@c                                      cstackBANK1  0001BB
vfpfcnvrt@ct                                     cstackBANK1  0001B8
vfpfcnvrt@done                                   cstackBANK1  0001AA
vfpfcnvrt@f                                      cstackBANK1  0001B4
vfpfcnvrt@fmt                                    cstackBANK1  00019A
vfpfcnvrt@fp                                     cstackBANK1  000198
vfpfcnvrt@ll                                     cstackBANK1  0001A2
vfpfcnvrt@llu                                    cstackBANK1  0001AC
vfprintf@ap                                      cstackBANK1  0001C0
vfprintf@cfmt                                    cstackBANK1  0001C2
vfprintf@fmt                                     cstackBANK1  0001BE
vfprintf@fp                                      cstackBANK1  0001BC
write_one_byte_in_eeprom@address_lower_byte      cstackCOMRAM 00000B
write_one_byte_in_eeprom@address_upper_byte      cstackCOMRAM 00000A
write_one_byte_in_eeprom@c                       cstackCOMRAM 000009
write_one_byte_in_eeprom@register_address        cstackCOMRAM 000007
wtemp8                                           temp         000080
xtoa@c                                           cstackBANK1  00014C
xtoa@d                                           cstackBANK1  00012D
xtoa@fp                                          cstackBANK1  00012B
xtoa@i                                           cstackBANK1  00014A
xtoa@n                                           cstackBANK1  000142
xtoa@p                                           cstackBANK1  00013E
xtoa@w                                           cstackBANK1  000140
xtoa@x                                           cstackBANK1  000135


MODULE INFORMATION

Module		Function		Class		Link	Load	Size
hal_timer1.c
		_Timer1_Mode_Selection		CODE           	9114	0000	128
		_Timer1_Init   		CODE           	8BE8	0000	164
		_TMR1_ISR      		CODE           	A000	0000	56

hal_timer1.c estimated size: 348

hal_usart.c
		_USART_RX_ISR  		CODE           	900C	0000	134
		_USART_Baud_Rate_Calculation		CODE           	28D6	0000	1288
		_USART_Asynchronous_Restart_RX		CODE           	A5EA	0000	6
		_USART_ASYNCRONOUS_RX_Init		CODE           	7D7A	0000	222
		_USART_TX_ISR  		CODE           	A176	0000	48
		_USART_ASYNCRONOUS_TX_Init		CODE           	8720	0000	182
		_USART_Asynchronous_WriteByte_Blocking		CODE           	A41A	0000	28
		_USART_Asynchronous_Initialize		CODE           	98CA	0000	82
		_USART_Asynchronous_ReadByte_NonBlocking		CODE           	A204	0000	42

hal_usart.c estimated size: 2032

AT24C32.c
		_read_one_byte_in_eeprom		CODE           	9DA2	0000	66
		_write_one_byte_in_eeprom		CODE           	A1D6	0000	46

AT24C32.c estimated size: 112

C:\Program Files\Microchip\xc8\v2.36\pic\sources\c99\common\lomod.c
		___lomod       		CODE           	8012	0000	210

C:\Program Files\Microchip\xc8\v2.36\pic\sources\c99\common\lomod.c estimated size: 210

C:\Program Files\Microchip\xc8\v2.36\pic\sources\c99\common\nf_fputs.c
		_fputs         		CODE           	9B78	0000	72

C:\Program Files\Microchip\xc8\v2.36\pic\sources\c99\common\nf_fputs.c estimated size: 72

C:\Program Files\Microchip\xc8\v2.36\pic\sources\c99\common\printf.c
		_printf        		CODE           	A22E	0000	40

C:\Program Files\Microchip\xc8\v2.36\pic\sources\c99\common\printf.c estimated size: 40

C:\Program Files\Microchip\xc8\v2.36\pic\sources\c99\common\aomod.c
		___aomod       		CODE           	6692	0000	358

C:\Program Files\Microchip\xc8\v2.36\pic\sources\c99\common\aomod.c estimated size: 358

SD_PIC.c
		_SD_SendDummyBytes		CODE           	A318	0000	36
		_SD_MBR_Stop   		CODE           	A3FC	0000	30
		_SD_MBR_Start  		CODE           	928A	0000	120
		_SD_MBR_Receive		CODE           	8DCC	0000	160
		_single_block_write		CODE           	8D2C	0000	160
		_SD_SingleBlockWrite		CODE           	74FC	0000	256
		_SD_EraseBlocks		CODE           	9210	0000	122
		_SD_Command    		CODE           	8EF8	0000	140

SD_PIC.c estimated size: 1024

C:\Program Files\Microchip\xc8\v2.36\pic\sources\c99\common\islower.c
		_islower       		CODE           	9EA4	0000	58

C:\Program Files\Microchip\xc8\v2.36\pic\sources\c99\common\islower.c estimated size: 58

i2c_soft.c
		_I2C_ReadFromAddress		CODE           	A506	0000	16
		_SCL_High      		CODE           	A5C4	0000	8
		_I2C_WriteToAddress		CODE           	A452	0000	26
		_SDA_Low       		CODE           	A534	0000	14
		_I2C_Stop      		CODE           	A33C	0000	34
		_I2C_WriteByte 		CODE           	971E	0000	90
		_I2C_SendOne   		CODE           	A49A	0000	22
		_I2C_Delay     		CODE           	A594	0000	10
		_I2C_ReadRegister		CODE           	A2CC	0000	38
		_I2C_SendZero  		CODE           	A484	0000	22
		_SDA_High      		CODE           	A5BC	0000	8
		_I2C_ReadResult		CODE           	9194	0000	124
		_I2C_Start     		CODE           	A3C0	0000	30
		_SCL_Low       		CODE           	A542	0000	14

i2c_soft.c estimated size: 456

C:\Program Files\Microchip\xc8\v2.36\pic\sources\c99\common\strncmp.c
		_strncmp       		CODE           	7E58	0000	222

C:\Program Files\Microchip\xc8\v2.36\pic\sources\c99\common\strncmp.c estimated size: 222

C:\Program Files\Microchip\xc8\v2.36\pic\sources\c99\common\tolower.c
		_tolower       		CODE           	9AE8	0000	72

C:\Program Files\Microchip\xc8\v2.36\pic\sources\c99\common\tolower.c estimated size: 72

C:\Program Files\Microchip\xc8\v2.36\pic\sources\c99\common\__fpclassifyf.c
		___fpclassifyf 		CODE           	73FC	0000	256

C:\Program Files\Microchip\xc8\v2.36\pic\sources\c99\common\__fpclassifyf.c estimated size: 256

C:\Program Files\Microchip\xc8\v2.36\pic\sources\c99\common\sprcmul.c
		___flmul       		CODE           	3760	0000	1068

C:\Program Files\Microchip\xc8\v2.36\pic\sources\c99\common\sprcmul.c estimated size: 1068

heater.c
		_heater_set_mode		CODE           	9A54	0000	74

heater.c estimated size: 74

C:\Program Files\Microchip\xc8\v2.36\pic\sources\c99\common\floorf.c
		_floorf        		CODE           	57E2	0000	534

C:\Program Files\Microchip\xc8\v2.36\pic\sources\c99\common\floorf.c estimated size: 534

C:\Program Files\Microchip\xc8\v2.36\pic\sources\c99\common\sprcdiv.c
		___fldiv       		CODE           	3FB6	0000	924

C:\Program Files\Microchip\xc8\v2.36\pic\sources\c99\common\sprcdiv.c estimated size: 924

C:\Program Files\Microchip\xc8\v2.36\pic\sources\c99\common\atoi.c
		_atoi          		CODE           	67F8	0000	356

C:\Program Files\Microchip\xc8\v2.36\pic\sources\c99\common\atoi.c estimated size: 356

C:\Program Files\Microchip\xc8\v2.36\pic\sources\c99\common\fleq.c
		___fleq        		CODE           	89EA	0000	172

C:\Program Files\Microchip\xc8\v2.36\pic\sources\c99\common\fleq.c estimated size: 172

C:\Program Files\Microchip\xc8\v2.36\pic\sources\c99\common\toupper.c
		_toupper       		CODE           	9BC0	0000	70

C:\Program Files\Microchip\xc8\v2.36\pic\sources\c99\common\toupper.c estimated size: 70

C:\Program Files\Microchip\xc8\v2.36\pic\sources\c99\common\awmod.c
		___awmod       		CODE           	87D6	0000	178

C:\Program Files\Microchip\xc8\v2.36\pic\sources\c99\common\awmod.c estimated size: 178

C:\Program Files\Microchip\xc8\v2.36\pic\sources\c99\common\isalpha.c
		_isalpha       		CODE           	9E66	0000	62

C:\Program Files\Microchip\xc8\v2.36\pic\sources\c99\common\isalpha.c estimated size: 62

C:\Program Files\Microchip\xc8\v2.36\pic\sources\c99\common\isspace.c
		_isspace       		CODE           	97D0	0000	84

C:\Program Files\Microchip\xc8\v2.36\pic\sources\c99\common\isspace.c estimated size: 84

temp_monitoring.c
		_read_eep_address_in_eeprom		CODE           	8C8C	0000	160
		_reset_sd_address_in_eeprom		CODE           	9A9E	0000	74
		_save_sd_address_in_eeprom		CODE           	9092	0000	130
		_update_SD_tab 		CODE           	6D7E	0000	336
		_read_sd_address_in_eeprom		CODE           	8B40	0000	168
		_extract_data_for_days		CODE           	4FE2	0000	692
		_update_system_data		CODE           	6C20	0000	350

temp_monitoring.c estimated size: 1910

C:\Program Files\Microchip\xc8\v2.36\pic\sources\c99\common\llmod.c
		___llmod       		CODE           	8F84	0000	136

C:\Program Files\Microchip\xc8\v2.36\pic\sources\c99\common\llmod.c estimated size: 136

C:\Program Files\Microchip\xc8\v2.36\pic\sources\c99\common\xxtofl.c
		___xxtofl      		CODE           	6014	0000	440

C:\Program Files\Microchip\xc8\v2.36\pic\sources\c99\common\xxtofl.c estimated size: 440

C:\Program Files\Microchip\xc8\v2.36\pic\sources\c99\common\strlen.c
		_strlen        		CODE           	9F52	0000	58

C:\Program Files\Microchip\xc8\v2.36\pic\sources\c99\common\strlen.c estimated size: 58

C:\Program Files\Microchip\xc8\v2.36\pic\sources\c99\common\lodiv.c
		___lodiv       		CODE           	78E6	0000	242

C:\Program Files\Microchip\xc8\v2.36\pic\sources\c99\common\lodiv.c estimated size: 242

C:\Program Files\Microchip\xc8\v2.36\pic\sources\c99\common\strcpy.c
		_strcpy        		CODE           	9600	0000	96

C:\Program Files\Microchip\xc8\v2.36\pic\sources\c99\common\strcpy.c estimated size: 96

C:\Program Files\Microchip\xc8\v2.36\pic\sources\c99\common\aodiv.c
		___aodiv       		CODE           	6380	0000	394

C:\Program Files\Microchip\xc8\v2.36\pic\sources\c99\common\aodiv.c estimated size: 394

C:\Program Files\Microchip\xc8\v2.36\pic\sources\c99\common\nf_fputc.c
		_fputc         		CODE           	81B4	0000	204

C:\Program Files\Microchip\xc8\v2.36\pic\sources\c99\common\nf_fputc.c estimated size: 204

C:\Program Files\Microchip\xc8\v2.36\pic\sources\c99\common\isdigit.c
		_isdigit       		CODE           	9F8C	0000	58

C:\Program Files\Microchip\xc8\v2.36\pic\sources\c99\common\isdigit.c estimated size: 58

hal_timer0.c
		_TMR0_ISR      		CODE           	A57A	0000	14

hal_timer0.c estimated size: 14

C:\Program Files\Microchip\xc8\v2.36\pic\sources\c99\common\sprcadd.c
		___flsub       		CODE           	9B30	0000	72
		___fladd       		CODE           	2DDE	0000	1218

C:\Program Files\Microchip\xc8\v2.36\pic\sources\c99\common\sprcadd.c estimated size: 1290

SPI_PIC.c
		_spiTransfer   		CODE           	A112	0000	52
		_spiReceive    		CODE           	A5DC	0000	8
		_spiSend       		CODE           	A5B2	0000	10

SPI_PIC.c estimated size: 70

C:\Program Files\Microchip\xc8\v2.36\pic\sources\c99\common\awdiv.c
		___awdiv       		CODE           	8414	0000	198

C:\Program Files\Microchip\xc8\v2.36\pic\sources\c99\common\awdiv.c estimated size: 198

PWM.c
		_start_pwm     		CODE           	A602	0000	4
		_set_pwm_duty  		CODE           	7BB2	0000	230

PWM.c estimated size: 234

C:\Program Files\Microchip\xc8\v2.36\pic\sources\c99\common\doprnt.c
		_vfpfcnvrt     		CODE           	2082	0000	2132
		_efgtoa        		CODE           	0012	0000	3094
		_pad           		CODE           	8280	0000	202
		_dtoa          		CODE           	4A1A	0000	740
		_vfprintf      		CODE           	959C	0000	100
		_utoa          		CODE           	5C0A	0000	518
		_xtoa          		CODE           	5296	0000	678

C:\Program Files\Microchip\xc8\v2.36\pic\sources\c99\common\doprnt.c estimated size: 7464

C:\Program Files\Microchip\xc8\v2.36\pic\sources\c99\common\fltol.c
		___fltol       		CODE           	6FE4	0000	264

C:\Program Files\Microchip\xc8\v2.36\pic\sources\c99\common\fltol.c estimated size: 264

C:\Program Files\Microchip\xc8\v2.36\pic\sources\c99\common\lbmod.c
		___lbmod       		CODE           	A0A6	0000	54

C:\Program Files\Microchip\xc8\v2.36\pic\sources\c99\common\lbmod.c estimated size: 54

shared
		_CMD8CRC       		MEDIUMCONST    	0000	0000	0
		i2_printf      		CODE           	A27E	0000	40
		_CMD17         		MEDIUMCONST    	0000	0000	0
		_CMD55         		MEDIUMCONST    	0000	0000	0
		i2_vfpfcnvrt   		CODE           	1818	0000	2154
		i2_pad         		CODE           	84DA	0000	198
		i2_atoi        		CODE           	6AC0	0000	352
		i2_SCL_Low     		CODE           	A56C	0000	14
		i2_abs         		CODE           	9E26	0000	64
		i2_floorf      		CODE           	59F8	0000	530
		_R1_ILLEGAL_COMMAND		MEDIUMCONST    	0000	0000	0
		i2_putch       		CODE           	A5A8	0000	10
		i2___fleq      		CODE           	8A96	0000	170
		i2_isspace     		CODE           	9D5E	0000	68
		i2_I2C_Delay   		CODE           	A59E	0000	10
		_ACMD22        		MEDIUMCONST    	FA16	0000	1
		_ACMD41        		MEDIUMCONST    	0000	0000	0
		i2_utoa        		CODE           	5E10	0000	516
		_START_BLOCK   		MEDIUMCONST    	0000	0000	0
		_CMD12         		MEDIUMCONST    	0000	0000	0
		_CMD8          		MEDIUMCONST    	0000	0000	0
		i2_strncmp     		CODE           	7F36	0000	220
		_CMD18         		MEDIUMCONST    	0000	0000	0
		_CMD9          		MEDIUMCONST    	0000	0000	0
		i2_SDA_Low     		CODE           	A55E	0000	14
		i2_vfprintf    		CODE           	94CA	0000	108
		i2_I2C_ReadFromAddress		CODE           	A588	0000	12
		i2_isdigit     		CODE           	A60E	0000	2
		i2_xtoa        		CODE           	553C	0000	678
		_CMD0CRC       		MEDIUMCONST    	0000	0000	0
		i2_SCL_High    		CODE           	A5D4	0000	8
		i2___flneg     		CODE           	A038	0000	56
		i2_strcpy      		CODE           	96C0	0000	94
		_R1_READY_STATE		MEDIUMCONST    	0000	0000	0
		_CMD13         		MEDIUMCONST    	FA21	0000	1
		_CMD32         		MEDIUMCONST    	0000	0000	0
		i2___awdiv     		CODE           	85A0	0000	196
		_CMD38         		MEDIUMCONST    	0000	0000	0
		i2___fladd     		CODE           	32A0	0000	1216
		i2___wmul      		CODE           	A2F2	0000	38
		i2_dtoa        		CODE           	4CFE	0000	740
		i2___fldiv     		CODE           	4352	0000	922
		i2_I2C_WriteToAddress		CODE           	A4B0	0000	22
		i2_I2C_Stop    		CODE           	A35E	0000	34
		i2___fltol     		CODE           	71F2	0000	262
		i2_I2C_Start   		CODE           	A3DE	0000	30
		_CMD0          		MEDIUMCONST    	0000	0000	0
		__initialization		CODE           	8E6C	0000	130
		_ACMD23        		MEDIUMCONST    	0000	0000	0
		_Font2         		MEDIUMCONST    	F932	0000	220
		i2___flge      		CODE           	72F8	0000	260
		i2___lodiv     		CODE           	79D8	0000	240
		_CMD33         		MEDIUMCONST    	0000	0000	0
		i2_SDA_High    		CODE           	A5CC	0000	8
		_CMD58         		MEDIUMCONST    	0000	0000	0
		i2___awmod     		CODE           	893A	0000	176
		i2_I2C_SendOne 		CODE           	A4DC	0000	22
		_CMD1          		MEDIUMCONST    	0000	0000	0
		_CMD24         		MEDIUMCONST    	0000	0000	0
		i2___aodiv     		CODE           	650A	0000	392
		i2___flmul     		CODE           	3B8C	0000	1066
		i2___xxtofl    		CODE           	61CC	0000	436
		_STOP_TRAN     		MEDIUMCONST    	0000	0000	0
		i2_USART_Asynchronous_WriteByte_Blocking		CODE           	A46C	0000	24
		i2___lomod     		CODE           	80E4	0000	208
		i2___fpclassifyf		CODE           	75FC	0000	254
		i2_I2C_SendZero		CODE           	A4C6	0000	22
		i2_islower     		CODE           	A608	0000	2
		i2_I2C_WriteByte		CODE           	9824	0000	84
		_R1_IDLE_STATE 		MEDIUMCONST    	0000	0000	0
		_START_BLOCK_TOKEN		MEDIUMCONST    	0000	0000	0
		i2___flsub     		CODE           	9C4C	0000	70
		_CMD25         		MEDIUMCONST    	0000	0000	0
		i2_efgtoa      		CODE           	0C28	0000	3056
		i2_isupper     		CODE           	A60C	0000	2
		i2___aomod     		CODE           	695C	0000	356
		_CMD10         		MEDIUMCONST    	0000	0000	0
		i2_fputc       		CODE           	834A	0000	202
		i2_fputs       		CODE           	9D1A	0000	68
		_CMD16         		MEDIUMCONST    	0000	0000	0
		i2_strlen      		CODE           	A0DC	0000	54
		i2_tolower     		CODE           	9C06	0000	70
		_Font          		MEDIUMCONST    	F833	0000	255
		i2_toupper     		CODE           	9CD6	0000	68
		i2_I2C_ReadResult		CODE           	9376	0000	114
		i2_isalpha     		CODE           	A60A	0000	2

shared estimated size: 16641

C:\Program Files\Microchip\xc8\v2.36\pic\sources\c99\common\abs.c
		_abs           		CODE           	9DE4	0000	66

C:\Program Files\Microchip\xc8\v2.36\pic\sources\c99\common\abs.c estimated size: 66

C:\Program Files\Microchip\xc8\v2.36\pic\sources\c99\common\nf_snprintf.c
		_snprintf      		CODE           	6ECE	0000	278

C:\Program Files\Microchip\xc8\v2.36\pic\sources\c99\common\nf_snprintf.c estimated size: 278

ds18b20.c
		_OneWireRelease		CODE           	A5F0	0000	6
		_OneWireReadBit		CODE           	A2A6	0000	38
		_OneWireReadByte		CODE           	9A08	0000	76
		_OneWireWriteBit		CODE           	9C92	0000	68
		_print_temperature		CODE           	93E8	0000	114
		_OneWireRead   		CODE           	A4F2	0000	20
		_OneWireHigh   		CODE           	A5F6	0000	6
		_OneWireTemp   		CODE           	8888	0000	178
		_OneWireReset  		CODE           	A070	0000	54
		_OneWireWriteByte		CODE           	9FC6	0000	58

ds18b20.c estimated size: 618

C:\Program Files\Microchip\xc8\v2.36\pic\sources\c99\common\flge.c
		___flge        		CODE           	70EC	0000	262

C:\Program Files\Microchip\xc8\v2.36\pic\sources\c99\common\flge.c estimated size: 262

./ssd1306_unbuffered.h
		_ssd1306_command		CODE           	A3A0	0000	32
		_SSD1306_Init  		CODE           	77F0	0000	246
		_SSD1306_ClearDisplay		CODE           	9660	0000	96
		_SSD1306_GotoXY		CODE           	A1A6	0000	48
		_SSD1306_PutStretchC		CODE           	46EC	0000	814
		_oled_puts     		CODE           	9536	0000	102

./ssd1306_unbuffered.h estimated size: 1338

lcd.c
		_LCD_Init      		CODE           	7AC8	0000	234
		_LCD_Write_4Bit		CODE           	99BC	0000	76
		_LCD_CMD       		CODE           	A380	0000	32

lcd.c estimated size: 342

C:\Program Files\Microchip\xc8\v2.36\pic\sources\c99\common\memcpy.c
		_memcpy        		CODE           	996C	0000	80

C:\Program Files\Microchip\xc8\v2.36\pic\sources\c99\common\memcpy.c estimated size: 80

mcal_interrupt_manager.c
		_InterruptManager		CODE           	0008	0000	252

mcal_interrupt_manager.c estimated size: 252

main.c
		_USART_OverrunDefaultErrorHandler		CODE           	A5E4	0000	6
		_timer1_timer_init		CODE           	A146	0000	48
		_putch         		CODE           	A526	0000	14
		_main          		CODE           	9878	0000	82
		_Timer1_DefaultInterruptHandler		CODE           	7C98	0000	226
		_USART_RxDefaultInterruptHandler		CODE           	A436	0000	28
		_usart_module_init		CODE           	991C	0000	80
		_USART_FramingDefaultErrorHandler		CODE           	A550	0000	14
		_USART_TxDefaultInterruptHandler		CODE           	A516	0000	16

main.c estimated size: 514

RTC.c
		_Get_DS1307_RTC_Date		CODE           	945A	0000	112
		_Read_Bytes_From_DS1307_RTC		CODE           	9778	0000	88
		_Get_DS1307_RTC_Time		CODE           	8664	0000	188

RTC.c estimated size: 388

C:\Program Files\Microchip\xc8\v2.36\pic\sources\c99\common\Umul16.c
		___wmul        		CODE           	A256	0000	40

C:\Program Files\Microchip\xc8\v2.36\pic\sources\c99\common\Umul16.c estimated size: 40

C:\Program Files\Microchip\xc8\v2.36\pic\sources\c99\common\flneg.c
		___flneg       		CODE           	9F18	0000	58

C:\Program Files\Microchip\xc8\v2.36\pic\sources\c99\common\flneg.c estimated size: 58

led.c
		_led_set_mode  		CODE           	9302	0000	116

led.c estimated size: 116

C:\Program Files\Microchip\xc8\v2.36\pic\sources\c99\common\isupper.c
		_isupper       		CODE           	9EDE	0000	58

C:\Program Files\Microchip\xc8\v2.36\pic\sources\c99\common\isupper.c estimated size: 58

