Microchip MPLAB XC8 Compiler V2.36

Linker command line:

-W-3 --edf=C:\Program Files\Microchip\xc8\v2.36\pic\dat\en_msgs.txt -cn \
  -h+dist/default/debug\Projet_pic18.X.debug.sym \
  --cmf=dist/default/debug\Projet_pic18.X.debug.cmf -z -Q18F4620 \
  -oC:\Users\NATHAN~1\AppData\Local\Temp\xcAskec.4 --defsym=__MPLAB_BUILD=1 \
  -Mdist/default/debug/Projet_pic18.X.debug.map \
  --md=C:\Users\NATHAN~1\AppData\Local\Temp\xcAskec.dat -E1 \
  -ver=XC8 Compiler --acfsm=1493 -ACODE=00h-0FCFFh -ACONST=00h-0FCFFh \
  -ASMALLCONST=01000h-010FFhx237 -AMEDIUMCONST=01000h-0FCFFh \
  -ACOMRAM=01h-07Fh -AABS1=00h-0EEEh,0F00h-0F7Fh \
  -ABIGRAM=01h-0EEEh,0F00h-0F7Fh \
  -ARAM=080h-0FFh,0100h-01FFhx13,0E00h-0EEEh,0F00h-0F7Fh -ABANK0=080h-0FFh \
  -ABANK1=0100h-01FFh -ABANK2=0200h-02FFh -ABANK3=0300h-03FFh \
  -ABANK4=0400h-04FFh -ABANK5=0500h-05FFh -ABANK6=0600h-06FFh \
  -ABANK7=0700h-07FFh -ABANK8=0800h-08FFh -ABANK9=0900h-09FFh \
  -ABANK10=0A00h-0AFFh -ABANK11=0B00h-0BFFh -ABANK12=0C00h-0CFFh \
  -ABANK13=0D00h-0DFFh -ABANK14=0E00h-0EEEh -ABANK15=0F00h-0F7Fh \
  -ASFR=0F80h-0F9Bh,0F9Dh-0FD3h,0FD5h-0FDAh,0FE0h-0FE2h,0FE8h-0FEAh,0FF0h-0FFBh \
  -ABIGSFR=0F80h-0F9Bh,0F9Dh-0FD3h,0FD5h-0FDAh,0FE0h-0FE2h,0FE8h-0FEAh,0FF0h-0FFBh \
  -ACONFIG=0300000h-030000Dh -AIDLOC=0200000h-0200007h \
  -AEEDATA=0F00000h-0F003FFh -peeprom_data=EEDATA \
  -preset_vec=00h,intcode=08h,intcodelo,powerup,init -pramtop=01000h \
  -psmallconst=SMALLCONST -pmediumconst=MEDIUMCONST -pconst=CONST \
  -AFARRAM=00h-00h \
  -prdata=COMRAM,nvrram=COMRAM,nvbit=COMRAM,rbss=COMRAM,rbit=COMRAM \
  -pfarbss=FARRAM,fardata=FARRAM,nvFARRAM=FARRAM \
  -pintsave_regs=BIGRAM,bigbss=BIGRAM,bigdata=BIGRAM -pbss=RAM \
  -pidata=CODE,irdata=CODE,ibigdata=CODE,ifardata=CODE -prparam=COMRAM \
  C:\Users\NATHAN~1\AppData\Local\Temp\xcAskec.o \
  dist/default/debug\Projet_pic18.X.debug.o 

Object code version is 3.11

Machine type is 18F4620



                Name                               Link     Load   Length Selector   Space Scale
C:\Users\NATHAN~1\AppData\Local\Temp\xcAskec.o
                config                           300000   300000        E        0       4
                init                                  E        E        4        4       0
                reset_vec                             0        0        6        0       0
dist/default/debug\Projet_pic18.X.debug.o
                intcode                               8        8        6        4       0
                config                           300000   300000        E        0       4
                temp                                 7F       7F        1        1       1
                mediumconst                        F8E8     F8E8      418     7C74       0
                text164                            91CC     91CC        E        4       0
                text163                            91FA     91FA        A        4       0
                text162                            921C     921C        8        4       0
                text161                            91BE     91BE        E        4       0
                text160                            9214     9214        8        4       0
                text159                            91B0     91B0        E        4       0
                text158                            9006     9006       1E        4       0
                text157                            8F86     8F86       22        4       0
                text156                            911E     911E       16        4       0
                text155                            9108     9108       16        4       0
                text154                            856C     856C       54        4       0
                text153                            90F2     90F2       16        4       0
                text152                            874C     874C       4A        4       0
                text151                            9078     9078       1C        4       0
                text150                            81B4     81B4       6A        4       0
                text149                            905C     905C       1C        4       0
                text148                            7692     7692       C4        4       0
                text147                            7AE4     7AE4       B0        4       0
                text146                            5AF2     5AF2      17A        4       0
                text145                            9168     9168       10        4       0
                text144                            596C     596C      186        4       0
                text143                            8FC8     8FC8       20        4       0
                text142                            83A8     83A8       60        4       0
                text141                            8E18     8E18       30        4       0
                text140                            69C4     69C4       F6        4       0
                text139                            8D82     8D82       36        4       0
                text138                            4554     4554      32E        4       0
                text137                            821E     821E       66        4       0
                text136                            8F3E     8F3E       26        4       0
                text135                            9250     9250        2     4916       0
                text134                            8A0C     8A0C       44        4       0
                text133                            5DD0     5DD0      160        4       0
                text132                            41BA     41BA      39A        4       0
                text131                            7C40     7C40       AA        4       0
                text130                            65CC     65CC      104        4       0
                text129                            39F4     39F4      42A        4       0
                text128                            8CDE     8CDE       38        4       0
                text127                            3108     3108      4C0        4       0
                text126                            88FA     88FA       46        4       0
                text125                            64C6     64C6      106        4       0
                text124                            67D0     67D0       FE        4       0
                text123                            4FE4     4FE4      212        4       0
                text122                            90AE     90AE       18        4       0
                text121                            91F0     91F0        A        4       0
                text120                            743C     743C       CA        4       0
                text119                            89C8     89C8       44        4       0
                text118                            8D4C     8D4C       36        4       0
                text117                            75CC     75CC       C6        4       0
                text116                            8408     8408       5E        4       0
                text115                            924E     924E        2     4916       0
                text114                            88B4     88B4       46        4       0
                text113                             C28      C28      BF0        4       0
                text112                            7028     7028       DC        4       0
                text111                            6BAC     6BAC       F0        4       0
                text110                            71D6     71D6       D0        4       0
                text109                            53FC     53FC      204        4       0
                text108                            924C     924C        2     4916       0
                text107                            924A     924A        2     4916       0
                text106                            8984     8984       44        4       0
                text105                            4B28     4B28      2A6        4       0
                text104                            1818     1818      79E        4       0
                text103                            8148     8148       6C        4       0
                text102                            61A4     61A4      114        4       0
                text101                            7FF6     7FF6       72        4       0
                text100                            8E48     8E48       2E        4       0
                text99                             8B0E     8B0E       3C        4       0
                text98                             91DA     91DA        C        4       0
                text97                             7F84     7F84       72        4       0
                text96                             8F18     8F18       26        4       0
                text95                             84C0     84C0       58        4       0
                text94                             80D8     80D8       70        4       0
                text93                             7756     7756       BC        4       0
                text92                             923E     923E        6     4916       0
                text91                             9134     9134       14        4       0
                text90                             9238     9238        6     4916       0
                text89                             8EF2     8EF2       26        4       0
                text88                             8700     8700       4C        4       0
                text87                             8D16     8D16       36        4       0
                text86                             8940     8940       44        4       0
                text85                             8C6C     8C6C       3A        4       0
                text84                             57B8     57B8      1B4        4       0
                text83                             7A32     7A32       B2        4       0
                text82                             8348     8348       60        4       0
                text81                             608E     608E      116        4       0
                text80                             5F30     5F30      15E        4       0
                text79                             7812     7812       B8        4       0
                text78                             8CA6     8CA6       38        4       0
                text77                             8EA0     8EA0       2A        4       0
                text76                             91A2     91A2        E        4       0
                text75                             9232     9232        6     4916       0
                text74                             922C     922C        6     4916       0
                text73                             9040     9040       1C        4       0
                text72                             7D8E     7D8E       86        4       0
                text71                             9158     9158       10        4       0
                text70                             8DE8     8DE8       30        4       0
                intcode_body                       68CE     68CE       F6        4       0
                text68                             91E6     91E6        A        4       0
                text67                             920C     920C        8        4       0
                text66                             9194     9194        E        4       0
                text65                             9204     9204        8        4       0
                text64                             9186     9186        E        4       0
                text63                             8FE8     8FE8       1E        4       0
                text62                             8F64     8F64       22        4       0
                text61                             90DC     90DC       16        4       0
                text60                             90C6     90C6       16        4       0
                text59                             8466     8466       5A        4       0
                text58                             9094     9094       1A        4       0
                text57                             86B4     86B4       4C        4       0
                text56                             8FA8     8FA8       20        4       0
                text55                             6C9C     6C9C       EA        4       0
                text54                             9248     9248        2     4916       0
                text53                             8ECA     8ECA       28        4       0
                text52                             8C32     8C32       3A        4       0
                text51                             8518     8518       54        4       0
                text50                             5C6C     5C6C      164        4       0
                text49                             7506     7506       C6        4       0
                text48                             7980     7980       B2        4       0
                text47                             3E1E     3E1E      39C        4       0
                text46                             7B94     7B94       AC        4       0
                text45                             63C0     63C0      106        4       0
                text44                             35C8     35C8      42C        4       0
                text43                             8BF8     8BF8       3A        4       0
                text42                             2C46     2C46      4C2        4       0
                text41                             8826     8826       48        4       0
                text40                             62B8     62B8      108        4       0
                text39                             66D0     66D0      100        4       0
                text38                             4DCE     4DCE      216        4       0
                text37                             9024     9024       1C        4       0
                text36                             9178     9178        E        4       0
                text35                             72A6     72A6       CC        4       0
                text34                             87DE     87DE       48        4       0
                text33                             8BBE     8BBE       3A        4       0
                text32                             7372     7372       CA        4       0
                text31                             82E8     82E8       60        4       0
                text30                             8B84     8B84       3A        4       0
                text29                             8796     8796       48        4       0
                text28                               12       12      C16        4       0
                text27                             6F4A     6F4A       DE        4       0
                text26                             6ABA     6ABA       F2        4       0
                text25                             7104     7104       D2        4       0
                text24                             51F6     51F6      206        4       0
                text23                             8AD0     8AD0       3E        4       0
                text22                             8B4A     8B4A       3A        4       0
                text21                             886E     886E       46        4       0
                text20                             4882     4882      2A6        4       0
                text19                             1FB6     1FB6      788        4       0
                text18                             8284     8284       64        4       0
                text17                             8E76     8E76       2A        4       0
                text16                             9148     9148       10        4       0
                text15                             7E94     7E94       7C        4       0
                text14                             8A50     8A50       42        4       0
                text13                             8068     8068       70        4       0
                text12                             8612     8612       52        4       0
                text11                             5600     5600      1B8        4       0
                text10                             6D86     6D86       E6        4       0
                text9                              9244     9244        4     4916       0
                text8                              7E14     7E14       80        4       0
                text7                              7CEA     7CEA       A4        4       0
                text6                              8DB8     8DB8       30        4       0
                text5                              6E6C     6E6C       DE        4       0
                text4                              78CA     78CA       B6        4       0
                text3                              273E     273E      508        4       0
                text2                              85C0     85C0       52        4       0
                text1                              8664     8664       50        4       0
                text0                              8A92     8A92       3E        4       0
                cstackCOMRAM                          1        1       7D        1       1
                cstackBANK0                          80       80       4D       80       1
                cstackBANK1                         100      100       BC      100       1
                cstackBANK2                         297      297       18      200       1
                bssBIGRAM                           2AF      2AF      400      2AF       1
                bssBANK2                            200      200       97      200       1
                dataBANK1                           1EB      1EB        7      100       1
                bssBANK1                            1BC      1BC       2F      100       1
                bssBANK0                             CD       CD       27       80       1
                dataCOMRAM                           7E       7E        1        1       1
                cinit                              7F10     7F10       74        4       0
                idataBANK1                         9224     9224        7        4       0
                idataCOMRAM                        9252     9252        1     4916       0

TOTAL           Name                               Link     Load   Length     Space
        CLASS   CODE           
                intcode                               8        8        6         0
                init                                  E        E        4         0
                reset_vec                             0        0        6         0
                text164                            91CC     91CC        E         0
                text163                            91FA     91FA        A         0
                text162                            921C     921C        8         0
                text161                            91BE     91BE        E         0
                text160                            9214     9214        8         0
                text159                            91B0     91B0        E         0
                text158                            9006     9006       1E         0
                text157                            8F86     8F86       22         0
                text156                            911E     911E       16         0
                text155                            9108     9108       16         0
                text154                            856C     856C       54         0
                text153                            90F2     90F2       16         0
                text152                            874C     874C       4A         0
                text151                            9078     9078       1C         0
                text150                            81B4     81B4       6A         0
                text149                            905C     905C       1C         0
                text148                            7692     7692       C4         0
                text147                            7AE4     7AE4       B0         0
                text146                            5AF2     5AF2      17A         0
                text145                            9168     9168       10         0
                text144                            596C     596C      186         0
                text143                            8FC8     8FC8       20         0
                text142                            83A8     83A8       60         0
                text141                            8E18     8E18       30         0
                text140                            69C4     69C4       F6         0
                text139                            8D82     8D82       36         0
                text138                            4554     4554      32E         0
                text137                            821E     821E       66         0
                text136                            8F3E     8F3E       26         0
                text135                            9250     9250        2         0
                text134                            8A0C     8A0C       44         0
                text133                            5DD0     5DD0      160         0
                text132                            41BA     41BA      39A         0
                text131                            7C40     7C40       AA         0
                text130                            65CC     65CC      104         0
                text129                            39F4     39F4      42A         0
                text128                            8CDE     8CDE       38         0
                text127                            3108     3108      4C0         0
                text126                            88FA     88FA       46         0
                text125                            64C6     64C6      106         0
                text124                            67D0     67D0       FE         0
                text123                            4FE4     4FE4      212         0
                text122                            90AE     90AE       18         0
                text121                            91F0     91F0        A         0
                text120                            743C     743C       CA         0
                text119                            89C8     89C8       44         0
                text118                            8D4C     8D4C       36         0
                text117                            75CC     75CC       C6         0
                text116                            8408     8408       5E         0
                text115                            924E     924E        2         0
                text114                            88B4     88B4       46         0
                text113                             C28      C28      BF0         0
                text112                            7028     7028       DC         0
                text111                            6BAC     6BAC       F0         0
                text110                            71D6     71D6       D0         0
                text109                            53FC     53FC      204         0
                text108                            924C     924C        2         0
                text107                            924A     924A        2         0
                text106                            8984     8984       44         0
                text105                            4B28     4B28      2A6         0
                text104                            1818     1818      79E         0
                text103                            8148     8148       6C         0
                text102                            61A4     61A4      114         0
                text101                            7FF6     7FF6       72         0
                text100                            8E48     8E48       2E         0
                text99                             8B0E     8B0E       3C         0
                text98                             91DA     91DA        C         0
                text97                             7F84     7F84       72         0
                text96                             8F18     8F18       26         0
                text95                             84C0     84C0       58         0
                text94                             80D8     80D8       70         0
                text93                             7756     7756       BC         0
                text92                             923E     923E        6         0
                text91                             9134     9134       14         0
                text90                             9238     9238        6         0
                text89                             8EF2     8EF2       26         0
                text88                             8700     8700       4C         0
                text87                             8D16     8D16       36         0
                text86                             8940     8940       44         0
                text85                             8C6C     8C6C       3A         0
                text84                             57B8     57B8      1B4         0
                text83                             7A32     7A32       B2         0
                text82                             8348     8348       60         0
                text81                             608E     608E      116         0
                text80                             5F30     5F30      15E         0
                text79                             7812     7812       B8         0
                text78                             8CA6     8CA6       38         0
                text77                             8EA0     8EA0       2A         0
                text76                             91A2     91A2        E         0
                text75                             9232     9232        6         0
                text74                             922C     922C        6         0
                text73                             9040     9040       1C         0
                text72                             7D8E     7D8E       86         0
                text71                             9158     9158       10         0
                text70                             8DE8     8DE8       30         0
                intcode_body                       68CE     68CE       F6         0
                text68                             91E6     91E6        A         0
                text67                             920C     920C        8         0
                text66                             9194     9194        E         0
                text65                             9204     9204        8         0
                text64                             9186     9186        E         0
                text63                             8FE8     8FE8       1E         0
                text62                             8F64     8F64       22         0
                text61                             90DC     90DC       16         0
                text60                             90C6     90C6       16         0
                text59                             8466     8466       5A         0
                text58                             9094     9094       1A         0
                text57                             86B4     86B4       4C         0
                text56                             8FA8     8FA8       20         0
                text55                             6C9C     6C9C       EA         0
                text54                             9248     9248        2         0
                text53                             8ECA     8ECA       28         0
                text52                             8C32     8C32       3A         0
                text51                             8518     8518       54         0
                text50                             5C6C     5C6C      164         0
                text49                             7506     7506       C6         0
                text48                             7980     7980       B2         0
                text47                             3E1E     3E1E      39C         0
                text46                             7B94     7B94       AC         0
                text45                             63C0     63C0      106         0
                text44                             35C8     35C8      42C         0
                text43                             8BF8     8BF8       3A         0
                text42                             2C46     2C46      4C2         0
                text41                             8826     8826       48         0
                text40                             62B8     62B8      108         0
                text39                             66D0     66D0      100         0
                text38                             4DCE     4DCE      216         0
                text37                             9024     9024       1C         0
                text36                             9178     9178        E         0
                text35                             72A6     72A6       CC         0
                text34                             87DE     87DE       48         0
                text33                             8BBE     8BBE       3A         0
                text32                             7372     7372       CA         0
                text31                             82E8     82E8       60         0
                text30                             8B84     8B84       3A         0
                text29                             8796     8796       48         0
                text28                               12       12      C16         0
                text27                             6F4A     6F4A       DE         0
                text26                             6ABA     6ABA       F2         0
                text25                             7104     7104       D2         0
                text24                             51F6     51F6      206         0
                text23                             8AD0     8AD0       3E         0
                text22                             8B4A     8B4A       3A         0
                text21                             886E     886E       46         0
                text20                             4882     4882      2A6         0
                text19                             1FB6     1FB6      788         0
                text18                             8284     8284       64         0
                text17                             8E76     8E76       2A         0
                text16                             9148     9148       10         0
                text15                             7E94     7E94       7C         0
                text14                             8A50     8A50       42         0
                text13                             8068     8068       70         0
                text12                             8612     8612       52         0
                text11                             5600     5600      1B8         0
                text10                             6D86     6D86       E6         0
                text9                              9244     9244        4         0
                text8                              7E14     7E14       80         0
                text7                              7CEA     7CEA       A4         0
                text6                              8DB8     8DB8       30         0
                text5                              6E6C     6E6C       DE         0
                text4                              78CA     78CA       B6         0
                text3                              273E     273E      508         0
                text2                              85C0     85C0       52         0
                text1                              8664     8664       50         0
                text0                              8A92     8A92       3E         0
                cinit                              7F10     7F10       74         0
                idataBANK1                         9224     9224        7         0
                idataCOMRAM                        9252     9252        1         0

        CLASS   CONST          

        CLASS   SMALLCONST     

        CLASS   MEDIUMCONST    
                mediumconst                        F8E8     F8E8      418         0

        CLASS   COMRAM         
                temp                                 7F       7F        1         1
                cstackCOMRAM                          1        1       7D         1
                dataCOMRAM                           7E       7E        1         1

        CLASS   ABS1           

        CLASS   BIGRAM         
                bssBIGRAM                           2AF      2AF      400         1

        CLASS   RAM            

        CLASS   BANK0          
                cstackBANK0                          80       80       4D         1
                bssBANK0                             CD       CD       27         1

        CLASS   BANK1          
                cstackBANK1                         100      100       BC         1
                dataBANK1                           1EB      1EB        7         1
                bssBANK1                            1BC      1BC       2F         1

        CLASS   BANK2          
                cstackBANK2                         297      297       18         1
                bssBANK2                            200      200       97         1

        CLASS   BANK3          

        CLASS   BANK4          

        CLASS   BANK5          

        CLASS   BANK6          

        CLASS   BANK7          

        CLASS   BANK8          

        CLASS   BANK9          

        CLASS   BANK10         

        CLASS   BANK11         

        CLASS   BANK12         

        CLASS   BANK13         

        CLASS   BANK14         

        CLASS   BANK15         

        CLASS   SFR            

        CLASS   BIGSFR         

        CLASS   CONFIG         
                config                           300000   300000        E         4

        CLASS   IDLOC          

        CLASS   EEDATA         

        CLASS   FARRAM         

        CLASS   HEAP           

        CLASS   STACK          



SEGMENTS        Name                           Load    Length   Top    Selector   Space  Class

                reset_vec                      000000  000006  000006         0       0  CODE    
                cstackCOMRAM                   000001  00007F  000080         1       1  COMRAM  
                intcode                        000008  009223  00922B         4       0  CODE    
                cstackBANK0                    000080  000074  0000F4        80       1  BANK0   
                cstackBANK1                    000100  0000F2  0001F2       100       1  BANK1   
                bssBANK2                       000200  0000AF  0002AF       200       1  BANK2   
                bssBIGRAM                      0002AF  000400  0006AF       2AF       1  BIGRAM  
                text74                         00922C  000027  009253      4916       0  CODE    
                mediumconst                    00F8E8  000418  00FD00      7C74       0  MEDIUMCO


UNUSED ADDRESS RANGES

        Name                Unused          Largest block    Delta
        BANK0            0000F4-0000FF                C
        BANK1            0001F2-0001FF                E
        BANK10           000A00-000AFF              100
        BANK11           000B00-000BFF              100
        BANK12           000C00-000CFF              100
        BANK13           000D00-000DFF              100
        BANK14           000E00-000EEE               EF
        BANK15           000F00-000F7F               80
        BANK6            0006AF-0006FF               51
        BANK7            000700-0007FF              100
        BANK8            000800-0008FF              100
        BANK9            000900-0009FF              100
        BIGRAM           0000F4-0000FF                C
                         0001F2-0001FF                E
                         0006AF-000EEE              840
                         000F00-000F7F               80
        BIGSFR           000F80-000F9B               1C
                         000F9D-000FD3               37
                         000FD5-000FDA                6
                         000FE0-000FE2                3
                         000FE8-000FEA                3
                         000FF0-000FFB                C
        CODE             000006-000007                2
                         00922B-00922B                1
                         009253-00F8E7             6695
        CONST            000006-000007                2
                         00922B-00922B                1
                         009253-00F8E7             6695
        EEDATA           F00000-F003FF              400
        IDLOC            200000-200007                8
        MEDIUMCONST      00922B-00922B                1
                         009253-00F8E7             6695
        RAM              0000F4-0000FF                C
                         0001F2-0001FF                E
                         0006AF-000EEE              100
                         000F00-000F7F               80
        SFR              000F80-000F9B               1C
                         000F9D-000FD3               37
                         000FD5-000FDA                6
                         000FE0-000FE2                3
                         000FE8-000FEA                3
                         000FF0-000FFB                C
        SMALLCONST       00922B-00922B                1
                         009253-00F8E7              100

                                  Symbol Table

?_Get_DS1307_RTC_Date                            cstackCOMRAM 000011
?_Get_DS1307_RTC_Time                            cstackCOMRAM 000011
?_OneWireTemp                                    cstackCOMRAM 00001A
?___awdiv                                        cstackBANK1  00010E
?___awmod                                        cstackBANK1  00010E
?___fladd                                        cstackBANK1  000135
?___fldiv                                        cstackBANK1  00011C
?___flmul                                        cstackBANK1  000135
?___flneg                                        cstackBANK1  00010E
?___flsub                                        cstackBANK1  00014E
?___fltol                                        cstackBANK1  00010E
?___fpclassifyf                                  cstackBANK1  00010E
?___lodiv                                        cstackBANK1  00010E
?___lomod                                        cstackBANK1  00010E
?___wmul                                         cstackBANK1  00010E
?___xxtofl                                       cstackBANK1  00010E
?_atoi                                           cstackBANK1  000115
?_efgtoa                                         cstackBANK1  00015A
?_floorf                                         cstackBANK1  000135
?_isalpha                                        cstackBANK1  00010E
?_isdigit                                        cstackBANK1  00010E
?_islower                                        cstackBANK1  00010E
?_isspace                                        cstackBANK1  00010E
?_isupper                                        cstackBANK1  00010E
?_pad                                            cstackBANK1  000120
?_printf                                         cstackBANK2  000297
?_snprintf                                       cstackBANK0  0000A2
?_strlen                                         cstackBANK1  00010E
?_strncmp                                        cstackBANK1  00010E
?_tolower                                        cstackBANK1  000114
?_toupper                                        cstackBANK1  000114
?_utoa                                           cstackBANK1  00012B
?_vfpfcnvrt                                      cstackBANK1  000198
?_vfprintf                                       cstackBANK1  0001B4
?_xtoa                                           cstackBANK1  00012B
?i2___awdiv                                      cstackCOMRAM 000001
?i2___awmod                                      cstackCOMRAM 000001
?i2___fladd                                      cstackCOMRAM 000001
?i2___fldiv                                      cstackCOMRAM 000001
?i2___flmul                                      cstackCOMRAM 000019
?i2___flneg                                      cstackCOMRAM 000001
?i2___flsub                                      cstackCOMRAM 000011
?i2___fltol                                      cstackCOMRAM 000032
?i2___fpclassifyf                                cstackCOMRAM 000001
?i2___lodiv                                      cstackCOMRAM 000001
?i2___lomod                                      cstackCOMRAM 000001
?i2___wmul                                       cstackCOMRAM 000001
?i2___xxtofl                                     cstackCOMRAM 000001
?i2_atoi                                         cstackCOMRAM 000007
?i2_efgtoa                                       cstackCOMRAM 00003E
?i2_floorf                                       cstackCOMRAM 00001A
?i2_pad                                          cstackCOMRAM 000013
?i2_strlen                                       cstackCOMRAM 000001
?i2_strncmp                                      cstackCOMRAM 000001
?i2_tolower                                      cstackCOMRAM 000003
?i2_toupper                                      cstackCOMRAM 000003
?i2_utoa                                         cstackCOMRAM 00001E
?i2_vfpfcnvrt                                    cstackBANK0  000080
?i2_vfprintf                                     cstackBANK0  00009C
?i2_xtoa                                         cstackCOMRAM 00001E
DisplayDateOnLCD@pDate                           cstackCOMRAM 00000D
DisplayDateOnLCD@tens                            cstackCOMRAM 000010
DisplayDateOnLCD@units                           cstackCOMRAM 000011
DisplayTimeToLCD@pTime                           cstackCOMRAM 00000D
DisplayTimeToLCD@tens                            cstackCOMRAM 000010
DisplayTimeToLCD@units                           cstackCOMRAM 000011
Get_DS1307_RTC_Date@Temp                         cstackCOMRAM 00001E
Get_DS1307_RTC_Date@currentDate                  cstackCOMRAM 00001A
Get_DS1307_RTC_Date@pRTCArray                    cstackCOMRAM 000016
Get_DS1307_RTC_Time@Temp                         cstackCOMRAM 00001D
Get_DS1307_RTC_Time@currentTime                  cstackCOMRAM 000019
Get_DS1307_RTC_Time@pRTCArray                    cstackCOMRAM 000016
I2C_ReadFromAddress@deviceAddress                cstackBANK1  000112
I2C_ReadRegister@deviceAddress                   cstackCOMRAM 000009
I2C_ReadRegister@registerAddress                 cstackCOMRAM 000007
I2C_ReadRegister@result                          cstackCOMRAM 000008
I2C_ReadResult@readback                          cstackBANK1  000110
I2C_ReadResult@x                                 cstackBANK1  00010E
I2C_WriteByte@temp                               cstackBANK1  000111
I2C_WriteByte@theByte                            cstackBANK1  00010E
I2C_WriteByte@x                                  cstackBANK1  00010F
I2C_WriteToAddress@deviceAddress                 cstackBANK1  000112
I2C_WriteToAddress@temp                          cstackBANK1  000113
LCD_CMD@CMD                                      cstackBANK1  000115
LCD_Init@I2C_Add                                 cstackBANK1  000117
LCD_Set_Cursor@COL                               cstackCOMRAM 000009
LCD_Set_Cursor@ROW                               cstackCOMRAM 00000C
LCD_Write_4Bit@Nibble                            cstackBANK1  000114
LCD_Write_Char@Data                              cstackCOMRAM 000008
OneWireReadBit@out                               cstackCOMRAM 000001
OneWireReadByte@i                                cstackCOMRAM 000003
OneWireReadByte@out                              cstackCOMRAM 000005
OneWireTemp@LSB                                  cstackCOMRAM 000026
OneWireTemp@MSB                                  cstackCOMRAM 000027
OneWireTemp@data                                 cstackCOMRAM 000024
OneWireTemp@temperature                          cstackCOMRAM 000020
OneWireWriteBit@b                                cstackCOMRAM 000001
OneWireWriteByte@b                               cstackCOMRAM 000004
OneWireWriteByte@i                               cstackCOMRAM 000002
Read_Bytes_From_DS1307_RTC@Address               cstackCOMRAM 00000E
Read_Bytes_From_DS1307_RTC@NoOfBytes             cstackCOMRAM 00000C
Read_Bytes_From_DS1307_RTC@i                     cstackCOMRAM 00000F
Read_Bytes_From_DS1307_RTC@pData                 cstackCOMRAM 00000A
SSD1306_ClearDisplay@i                           cstackCOMRAM 000008
SSD1306_GotoXY@x                                 cstackCOMRAM 000002
SSD1306_GotoXY@y                                 cstackCOMRAM 000001
SSD1306_Init@i2caddr                             cstackCOMRAM 000008
SSD1306_Init@vccstate                            cstackCOMRAM 000009
SSD1306_PutStretchC@F3301                        bssBANK0     0000D5
SSD1306_PutStretchC@b                            cstackCOMRAM 000011
SSD1306_PutStretchC@bn                           cstackCOMRAM 000016
SSD1306_PutStretchC@bn_1270                      cstackCOMRAM 00001B
SSD1306_PutStretchC@c                            cstackCOMRAM 00001E
SSD1306_PutStretchC@font_c                       cstackCOMRAM 000019
SSD1306_PutStretchC@i                            cstackCOMRAM 000017
SSD1306_PutStretchC@i_1261                       cstackCOMRAM 00001D
SSD1306_PutStretchC@i_1265                       cstackCOMRAM 00001F
SSD1306_PutStretchC@i_1269                       cstackCOMRAM 000018
SSD1306_PutStretchC@offs                         cstackCOMRAM 00001A
SSD1306_PutStretchC@p                            cstackCOMRAM 00001C
SSD1306_PutStretchC@pos                          cstackCOMRAM 000015
SSD1306_PutStretchC@size_mult                    cstackCOMRAM 000009
Timer1_DefaultInterruptHandler@cpt_ms_eeprom     bssBANK0     0000EB
Timer1_DefaultInterruptHandler@cpt_ms_lcd        bssBANK0     0000EF
Timer1_DefaultInterruptHandler@cpt_ms_oled       bssBANK0     0000ED
Timer1_Init@_timer                               cstackBANK1  000110
Timer1_Mode_Selection@_timer                     cstackBANK1  00010E
USART_ASYNCRONOUS_RX_Init@_usart                 cstackBANK1  00010E
USART_ASYNCRONOUS_TX_Init@_usart                 cstackBANK1  00010E
USART_Asynchronous_Initialize@_usart             cstackBANK1  000151
USART_Asynchronous_Initialize@ret                cstackBANK1  000153
USART_Asynchronous_ReadByte_NonBlocking@_data    cstackCOMRAM 000001
USART_Asynchronous_ReadByte_NonBlocking@ret      cstackCOMRAM 000003
USART_Asynchronous_WriteByte_Blocking@_data      cstackBANK1  00010E
USART_Baud_Rate_Calculation@Baud_Rate_Temp_Value cstackBANK1  000149
USART_Baud_Rate_Calculation@_usart               cstackBANK1  000145
USART_FramingDefaultErrorHandler@_data_          cstackCOMRAM 000004
_ACMD22                                          mediumconst  00FACC
_BAUDCONbits                                     (abs)        000FB8
_BackLight_State                                 dataBANK1    0001F1
_CCP1CON                                         (abs)        000FBD
_CCPR1L                                          (abs)        000FBE
_CMD13                                           mediumconst  00FAD7
_DisplayDateOnLCD                                text146      005AF2
_DisplayTimeToLCD                                text144      00596C
_Font                                            mediumconst  00F8E9
_Font2                                           mediumconst  00F9E8
_Get_DS1307_RTC_Date                             text94       0080D8
_Get_DS1307_RTC_Time                             text93       007756
_I2C_Delay                                       text68       0091E6
_I2C_ReadFromAddress                             text16       009148
_I2C_ReadRegister                                text96       008F18
_I2C_ReadResult                                  text15       007E94
_I2C_SendOne                                     text61       0090DC
_I2C_SendZero                                    text60       0090C6
_I2C_Start                                       text63       008FE8
_I2C_Stop                                        text62       008F64
_I2C_WriteByte                                   text59       008466
_I2C_WriteToAddress                              text58       009094
_INTCONbits                                      (abs)        000FF2
_InterruptManager                                intcode      000008
_LATAbits                                        (abs)        000F89
_LATEbits                                        (abs)        000F8D
_LCD_CMD                                         text56       008FA8
_LCD_Clear                                       text145      009168
_LCD_Init                                        text55       006C9C
_LCD_Set_Cursor                                  text150      0081B4
_LCD_Write_4Bit                                  text57       0086B4
_LCD_Write_Char                                  text149      00905C
_OSCCON                                          (abs)        000FD3
_OSCCONbits                                      (abs)        000FD3
_OSCTUNE                                         (abs)        000F9B
_OSCTUNEbits                                     (abs)        000F9B
_OneWireHigh                                     text92       00923E
_OneWireRead                                     text91       009134
_OneWireReadBit                                  text89       008EF2
_OneWireReadByte                                 text88       008700
_OneWireRelease                                  text90       009238
_OneWireReset                                    text87       008D16
_OneWireTemp                                     text83       007A32
_OneWireWriteBit                                 text86       008940
_OneWireWriteByte                                text85       008C6C
_PIE1bits                                        (abs)        000F9D
_PIR1bits                                        (abs)        000F9E
_PORTA                                           (abs)        000F80
_PORTCbits                                       (abs)        000F82
_PORTD                                           (abs)        000F83
_PORTDbits                                       (abs)        000F83
_PORTE                                           (abs)        000F84
_PR2                                             (abs)        000FCB
_RCREG                                           (abs)        000FAE
_RCSTAbits                                       (abs)        000FAB
_RS                                              bssBANK1     0001D6
_Read_Bytes_From_DS1307_RTC                      text95       0084C0
_SCL_High                                        text67       00920C
_SCL_Low                                         text66       009194
_SDA_High                                        text65       009204
_SDA_Low                                         text64       009186
_SDCard                                          bssBANK2     000200
_SD_control                                      text54       009248
_SPBRG                                           (abs)        000FAF
_SPBRGH                                          (abs)        000FB0
_SSD1306_ClearDisplay                            text142      0083A8
_SSD1306_GotoXY                                  text141      008E18
_SSD1306_Init                                    text140      0069C4
_SSD1306_PutStretchC                             text138      004554
_SSPBUF                                          (abs)        000FC9
_SSPCON1                                         (abs)        000FC6
_SSPCON1bits                                     (abs)        000FC6
_SSPIF                                           (abs)        007CF3
_SSPSTAT                                         (abs)        000FC7
_SSPSTATbits                                     (abs)        000FC7
_T0CONbits                                       (abs)        000FD5
_T1CONbits                                       (abs)        000FCD
_T2CON                                           (abs)        000FCA
_T2CONbits                                       (abs)        000FCA
_TMR0H                                           (abs)        000FD7
_TMR0L                                           (abs)        000FD6
_TMR0_ISR                                        text164      0091CC
_TMR0_InterruptHandler                           bssBANK0     0000E7
_TMR1H                                           (abs)        000FCF
_TMR1L                                           (abs)        000FCE
_TMR1_ISR                                        text78       008CA6
_TMR1_InterruptHandler                           bssBANK0     0000E3
_TMR2                                            (abs)        000FCC
_TRISA                                           (abs)        000F92
_TRISAbits                                       (abs)        000F92
_TRISCbits                                       (abs)        000F94
_TRISD                                           (abs)        000F95
_TRISDbits                                       (abs)        000F95
_TRISEbits                                       (abs)        000F96
_TXREG                                           (abs)        000FAD
_TXSTAbits                                       (abs)        000FAC
_Temp                                            bssBANK0     0000F2
_Timer1_DefaultInterruptHandler                  text79       007812
_Timer1_Init                                     text7        007CEA
_Timer1_Mode_Selection                           text8        007E14
_USART_ASYNCRONOUS_RX_Init                       text5        006E6C
_USART_ASYNCRONOUS_TX_Init                       text4        0078CA
_USART_Asynchronous_Initialize                   text2        0085C0
_USART_Asynchronous_ReadByte_NonBlocking         text77       008EA0
_USART_Asynchronous_Restart_RX                   text75       009232
_USART_Asynchronous_WriteByte_Blocking           text37       009024
_USART_Baud_Rate_Calculation                     text3        00273E
_USART_Baud_Rate_Calculation$4002                cstackBANK1  00014D
_USART_FramingDefaultErrorHandler                text76       0091A2
_USART_FramingErrorHandler                       bssBANK1     0001CE
_USART_OverrunDefaultErrorHandler                text74       00922C
_USART_OverrunErrorHandler                       bssBANK1     0001CC
_USART_RX_ISR                                    text72       007D8E
_USART_RxDefaultInterruptHandler                 text73       009040
_USART_RxDefaultInterruptHandler@hal_usart$F865  bssBANK1     0001D0
_USART_TX_ISR                                    text70       008DE8
_USART_TxDefaultInterruptHandler                 text71       009158
_USART_TxDefaultInterruptHandler@hal_usart$F859  bssBANK1     0001D2
__HRAM                                           (abs)        000000
__Habs1                                          abs1         000000
__Hbank0                                         bank0        000000
__Hbank1                                         bank1        000000
__Hbank10                                        bank10       000000
__Hbank11                                        bank11       000000
__Hbank12                                        bank12       000000
__Hbank13                                        bank13       000000
__Hbank14                                        bank14       000000
__Hbank15                                        bank15       000000
__Hbank2                                         bank2        000000
__Hbank3                                         bank3        000000
__Hbank4                                         bank4        000000
__Hbank5                                         bank5        000000
__Hbank6                                         bank6        000000
__Hbank7                                         bank7        000000
__Hbank8                                         bank8        000000
__Hbank9                                         bank9        000000
__Hbigbss                                        bigbss       000000
__Hbigdata                                       bigdata      000000
__Hbigram                                        bigram       000000
__Hbigsfr                                        bigsfr       000000
__Hbss                                           bss          000000
__HbssBANK0                                      bssBANK0     000000
__HbssBANK1                                      bssBANK1     000000
__HbssBANK2                                      bssBANK2     000000
__HbssBIGRAM                                     bssBIGRAM    000000
__Hcinit                                         cinit        000000
__Hclrtext                                       clrtext      000000
__Hcomram                                        comram       000000
__Hconfig                                        config       30000E
__Hconst                                         const        000000
__HcstackBANK0                                   cstackBANK0  000000
__HcstackBANK1                                   cstackBANK1  000000
__HcstackBANK2                                   cstackBANK2  000000
__HcstackCOMRAM                                  cstackCOMRAM 000000
__Hdata                                          data         000000
__HdataBANK1                                     dataBANK1    000000
__HdataCOMRAM                                    dataCOMRAM   000000
__Heeprom_data                                   eeprom_data  000000
__Hfarbss                                        farbss       000000
__Hfardata                                       fardata      000000
__Hheap                                          heap         000000
__Hibigdata                                      ibigdata     000000
__Hidata                                         idata        000000
__HidataBANK1                                    idataBANK1   000000
__HidataCOMRAM                                   idataCOMRAM  000000
__Hidloc                                         idloc        000000
__Hifardata                                      ifardata     000000
__Hinit                                          init         000012
__Hintcode                                       intcode      00000E
__Hintcode_body                                  intcode_body 000000
__Hintcodelo                                     intcodelo    00000E
__Hintentry                                      intentry     000000
__Hintret                                        intret       000000
__Hintsave_regs                                  intsave_regs 000000
__Hirdata                                        irdata       000000
__Hmediumconst                                   mediumconst  00FD00
__HnvFARRAM                                      nvFARRAM     000000
__Hnvbit                                         nvbit        000000
__Hnvrram                                        nvrram       000000
__Hparam                                         rparam       000000
__Hpowerup                                       powerup      00000E
__Hram                                           ram          000000
__Hramtop                                        ramtop       001000
__Hrbit                                          rbit         000000
__Hrbss                                          rbss         000000
__Hrdata                                         rdata        000000
__Hreset_vec                                     reset_vec    000006
__Hrparam                                        rparam       000000
__Hsfr                                           sfr          000000
__Hsmallconst                                    smallconst   000000
__Hspace_0                                       (abs)        00FD00
__Hspace_1                                       (abs)        0006AF
__Hspace_2                                       (abs)        000000
__Hspace_4                                       (abs)        60000E
__Hstack                                         stack        000000
__Hstruct                                        struct       000000
__Htemp                                          temp         000080
__Htext                                          text         000000
__Htext0                                         text0        000000
__Htext1                                         text1        000000
__Htext10                                        text10       000000
__Htext100                                       text100      000000
__Htext101                                       text101      000000
__Htext102                                       text102      000000
__Htext103                                       text103      000000
__Htext104                                       text104      000000
__Htext105                                       text105      000000
__Htext106                                       text106      000000
__Htext107                                       text107      000000
__Htext108                                       text108      000000
__Htext109                                       text109      000000
__Htext11                                        text11       000000
__Htext110                                       text110      000000
__Htext111                                       text111      000000
__Htext112                                       text112      000000
__Htext113                                       text113      000000
__Htext114                                       text114      000000
__Htext115                                       text115      000000
__Htext116                                       text116      000000
__Htext117                                       text117      000000
__Htext118                                       text118      000000
__Htext119                                       text119      000000
__Htext12                                        text12       000000
__Htext120                                       text120      000000
__Htext121                                       text121      000000
__Htext122                                       text122      000000
__Htext123                                       text123      000000
__Htext124                                       text124      000000
__Htext125                                       text125      000000
__Htext126                                       text126      000000
__Htext127                                       text127      000000
__Htext128                                       text128      000000
__Htext129                                       text129      000000
__Htext13                                        text13       000000
__Htext130                                       text130      000000
__Htext131                                       text131      000000
__Htext132                                       text132      000000
__Htext133                                       text133      000000
__Htext134                                       text134      000000
__Htext135                                       text135      000000
__Htext136                                       text136      000000
__Htext137                                       text137      000000
__Htext138                                       text138      000000
__Htext139                                       text139      000000
__Htext14                                        text14       000000
__Htext140                                       text140      000000
__Htext141                                       text141      000000
__Htext142                                       text142      000000
__Htext143                                       text143      000000
__Htext144                                       text144      000000
__Htext145                                       text145      000000
__Htext146                                       text146      000000
__Htext147                                       text147      000000
__Htext148                                       text148      000000
__Htext149                                       text149      000000
__Htext15                                        text15       000000
__Htext150                                       text150      000000
__Htext151                                       text151      000000
__Htext152                                       text152      000000
__Htext153                                       text153      000000
__Htext154                                       text154      000000
__Htext155                                       text155      000000
__Htext156                                       text156      000000
__Htext157                                       text157      000000
__Htext158                                       text158      000000
__Htext159                                       text159      000000
__Htext16                                        text16       000000
__Htext160                                       text160      000000
__Htext161                                       text161      000000
__Htext162                                       text162      000000
__Htext163                                       text163      000000
__Htext164                                       text164      000000
__Htext165                                       text165      000000
__Htext17                                        text17       000000
__Htext18                                        text18       000000
__Htext19                                        text19       000000
__Htext2                                         text2        000000
__Htext20                                        text20       000000
__Htext21                                        text21       000000
__Htext22                                        text22       000000
__Htext23                                        text23       000000
__Htext24                                        text24       000000
__Htext25                                        text25       000000
__Htext26                                        text26       000000
__Htext27                                        text27       000000
__Htext28                                        text28       000000
__Htext29                                        text29       000000
__Htext3                                         text3        000000
__Htext30                                        text30       000000
__Htext31                                        text31       000000
__Htext32                                        text32       000000
__Htext33                                        text33       000000
__Htext34                                        text34       000000
__Htext35                                        text35       000000
__Htext36                                        text36       000000
__Htext37                                        text37       000000
__Htext38                                        text38       000000
__Htext39                                        text39       000000
__Htext4                                         text4        000000
__Htext40                                        text40       000000
__Htext41                                        text41       000000
__Htext42                                        text42       000000
__Htext43                                        text43       000000
__Htext44                                        text44       000000
__Htext45                                        text45       000000
__Htext46                                        text46       000000
__Htext47                                        text47       000000
__Htext48                                        text48       000000
__Htext49                                        text49       000000
__Htext5                                         text5        000000
__Htext50                                        text50       000000
__Htext51                                        text51       000000
__Htext52                                        text52       000000
__Htext53                                        text53       000000
__Htext54                                        text54       000000
__Htext55                                        text55       000000
__Htext56                                        text56       000000
__Htext57                                        text57       000000
__Htext58                                        text58       000000
__Htext59                                        text59       000000
__Htext6                                         text6        000000
__Htext60                                        text60       000000
__Htext61                                        text61       000000
__Htext62                                        text62       000000
__Htext63                                        text63       000000
__Htext64                                        text64       000000
__Htext65                                        text65       000000
__Htext66                                        text66       000000
__Htext67                                        text67       000000
__Htext68                                        text68       000000
__Htext7                                         text7        000000
__Htext70                                        text70       000000
__Htext71                                        text71       000000
__Htext72                                        text72       000000
__Htext73                                        text73       000000
__Htext74                                        text74       000000
__Htext75                                        text75       000000
__Htext76                                        text76       000000
__Htext77                                        text77       000000
__Htext78                                        text78       000000
__Htext79                                        text79       000000
__Htext8                                         text8        000000
__Htext80                                        text80       000000
__Htext81                                        text81       000000
__Htext82                                        text82       000000
__Htext83                                        text83       000000
__Htext84                                        text84       000000
__Htext85                                        text85       000000
__Htext86                                        text86       000000
__Htext87                                        text87       000000
__Htext88                                        text88       000000
__Htext89                                        text89       000000
__Htext9                                         text9        000000
__Htext90                                        text90       000000
__Htext91                                        text91       000000
__Htext92                                        text92       000000
__Htext93                                        text93       000000
__Htext94                                        text94       000000
__Htext95                                        text95       000000
__Htext96                                        text96       000000
__Htext97                                        text97       000000
__Htext98                                        text98       000000
__Htext99                                        text99       000000
__LRAM                                           (abs)        000001
__Labs1                                          abs1         000000
__Lbank0                                         bank0        000000
__Lbank1                                         bank1        000000
__Lbank10                                        bank10       000000
__Lbank11                                        bank11       000000
__Lbank12                                        bank12       000000
__Lbank13                                        bank13       000000
__Lbank14                                        bank14       000000
__Lbank15                                        bank15       000000
__Lbank2                                         bank2        000000
__Lbank3                                         bank3        000000
__Lbank4                                         bank4        000000
__Lbank5                                         bank5        000000
__Lbank6                                         bank6        000000
__Lbank7                                         bank7        000000
__Lbank8                                         bank8        000000
__Lbank9                                         bank9        000000
__Lbigbss                                        bigbss       000000
__Lbigdata                                       bigdata      000000
__Lbigram                                        bigram       000000
__Lbigsfr                                        bigsfr       000000
__Lbss                                           bss          000000
__LbssBANK0                                      bssBANK0     000000
__LbssBANK1                                      bssBANK1     000000
__LbssBANK2                                      bssBANK2     000000
__LbssBIGRAM                                     bssBIGRAM    000000
__Lcinit                                         cinit        000000
__Lclrtext                                       clrtext      000000
__Lcomram                                        comram       000000
__Lconfig                                        config       000000
__Lconst                                         const        000000
__LcstackBANK0                                   cstackBANK0  000000
__LcstackBANK1                                   cstackBANK1  000000
__LcstackBANK2                                   cstackBANK2  000000
__LcstackCOMRAM                                  cstackCOMRAM 000000
__Ldata                                          data         000000
__LdataBANK1                                     dataBANK1    000000
__LdataCOMRAM                                    dataCOMRAM   000000
__Leeprom_data                                   eeprom_data  000000
__Lfarbss                                        farbss       000000
__Lfardata                                       fardata      000000
__Lheap                                          heap         000000
__Libigdata                                      ibigdata     000000
__Lidata                                         idata        000000
__LidataBANK1                                    idataBANK1   000000
__LidataCOMRAM                                   idataCOMRAM  000000
__Lidloc                                         idloc        000000
__Lifardata                                      ifardata     000000
__Linit                                          init         00000E
__Lintcode                                       intcode      000008
__Lintcode_body                                  intcode_body 000000
__Lintcodelo                                     intcodelo    00000E
__Lintentry                                      intentry     000000
__Lintret                                        intret       000000
__Lintsave_regs                                  intsave_regs 000000
__Lirdata                                        irdata       000000
__Lmediumconst                                   mediumconst  00F8E8
__LnvFARRAM                                      nvFARRAM     000000
__Lnvbit                                         nvbit        000000
__Lnvrram                                        nvrram       000000
__Lparam                                         rparam       000000
__Lpowerup                                       powerup      00000E
__Lram                                           ram          000000
__Lramtop                                        ramtop       001000
__Lrbit                                          rbit         000000
__Lrbss                                          rbss         000000
__Lrdata                                         rdata        000000
__Lreset_vec                                     reset_vec    000000
__Lrparam                                        rparam       000000
__Lsfr                                           sfr          000000
__Lsmallconst                                    smallconst   000000
__Lspace_0                                       (abs)        000000
__Lspace_1                                       (abs)        000000
__Lspace_2                                       (abs)        000000
__Lspace_4                                       (abs)        000000
__Lstack                                         stack        000000
__Lstruct                                        struct       000000
__Ltemp                                          temp         00007F
__Ltext                                          text         000000
__Ltext0                                         text0        000000
__Ltext1                                         text1        000000
__Ltext10                                        text10       000000
__Ltext100                                       text100      000000
__Ltext101                                       text101      000000
__Ltext102                                       text102      000000
__Ltext103                                       text103      000000
__Ltext104                                       text104      000000
__Ltext105                                       text105      000000
__Ltext106                                       text106      000000
__Ltext107                                       text107      000000
__Ltext108                                       text108      000000
[...]
start                                            init         00000E
start_initialization                             cinit        007F10
strcpy@d                                         cstackBANK1  000116
strcpy@dest                                      cstackBANK1  00010E
strcpy@s                                         cstackBANK1  000114
strcpy@src                                       cstackBANK1  000110
strlen@a                                         cstackBANK1  000110
strlen@s                                         cstackBANK1  00010E
strncmp@_l                                       cstackBANK1  00010E
strncmp@_r                                       cstackBANK1  000110
strncmp@l                                        cstackBANK1  000115
strncmp@n                                        cstackBANK1  000112
strncmp@r                                        cstackBANK1  000117
timer1_timer_init@timer_obj                      cstackBANK1  000114
tolower@c                                        cstackBANK1  000114
toupper@c                                        cstackBANK1  000114
ttemp5                                           temp         000080
ttemp6                                           temp         000083
ttemp7                                           temp         000087
update_system_data@date                          cstackCOMRAM 000044
update_system_data@pSystem_data                  cstackCOMRAM 00003C
update_system_data@temp                          cstackCOMRAM 000040
update_system_data@temp_frac                     cstackCOMRAM 00003E
update_system_data@temp_int                      cstackCOMRAM 00003F
update_system_data@time                          cstackCOMRAM 000048
usart_module_init@usart_obj                      cstackBANK1  000154
utoa@d                                           cstackBANK1  00012D
utoa@fp                                          cstackBANK1  00012B
utoa@i                                           cstackBANK1  000149
utoa@n                                           cstackBANK1  000141
utoa@p                                           cstackBANK1  00013D
utoa@w                                           cstackBANK1  00013F
vfpfcnvrt@ap                                     cstackBANK1  00019C
vfpfcnvrt@c                                      cstackBANK1  0001B3
vfpfcnvrt@ct                                     cstackBANK1  0001B0
vfpfcnvrt@done                                   cstackBANK1  0001A2
vfpfcnvrt@f                                      cstackBANK1  0001AC
vfpfcnvrt@fmt                                    cstackBANK1  00019A
vfpfcnvrt@fp                                     cstackBANK1  000198
vfpfcnvrt@llu                                    cstackBANK1  0001A4
vfprintf@ap                                      cstackBANK1  0001B8
vfprintf@cfmt                                    cstackBANK1  0001BA
vfprintf@fmt                                     cstackBANK1  0001B6
vfprintf@fp                                      cstackBANK1  0001B4
write_one_byte_in_eeprom@address_lower_byte      cstackCOMRAM 00000B
write_one_byte_in_eeprom@address_upper_byte      cstackCOMRAM 00000A
write_one_byte_in_eeprom@c                       cstackCOMRAM 000009
write_one_byte_in_eeprom@register_address        cstackCOMRAM 000007
write_one_page_in_eeprom@address_lower_byte      cstackCOMRAM 00000C
write_one_page_in_eeprom@address_upper_byte      cstackCOMRAM 00000B
write_one_page_in_eeprom@c                       cstackCOMRAM 000007
write_one_page_in_eeprom@i                       cstackCOMRAM 00000D
write_one_page_in_eeprom@register_address        cstackCOMRAM 000009
wtemp8                                           temp         000080
xtoa@c                                           cstackBANK1  00014C
xtoa@d                                           cstackBANK1  00012D
xtoa@fp                                          cstackBANK1  00012B
xtoa@i                                           cstackBANK1  00014A
xtoa@n                                           cstackBANK1  000142
xtoa@p                                           cstackBANK1  00013E
xtoa@w                                           cstackBANK1  000140
xtoa@x                                           cstackBANK1  000135


MODULE INFORMATION

Module		Function		Class		Link	Load	Size
hal_timer1.c
		_Timer1_Mode_Selection		CODE           	7E14	0000	128
		_Timer1_Init   		CODE           	7CEA	0000	164
		_TMR1_ISR      		CODE           	8CA6	0000	56

hal_timer1.c estimated size: 348

hal_usart.c
		_USART_RX_ISR  		CODE           	7D8E	0000	134
		_USART_Baud_Rate_Calculation		CODE           	273E	0000	1288
		_USART_Asynchronous_Restart_RX		CODE           	9232	0000	6
		_USART_ASYNCRONOUS_RX_Init		CODE           	6E6C	0000	222
		_USART_TX_ISR  		CODE           	8DE8	0000	48
		_USART_ASYNCRONOUS_TX_Init		CODE           	78CA	0000	182
		_USART_Asynchronous_WriteByte_Blocking		CODE           	9024	0000	28
		_USART_Asynchronous_Initialize		CODE           	85C0	0000	82
		_USART_Asynchronous_ReadByte_NonBlocking		CODE           	8EA0	0000	42

hal_usart.c estimated size: 2032

AT24C32.c
		_read_one_byte_in_eeprom		CODE           	8A50	0000	66
		_write_one_page_in_eeprom		CODE           	8348	0000	96
		_write_one_byte_in_eeprom		CODE           	8E48	0000	46

AT24C32.c estimated size: 208

C:\Program Files\Microchip\xc8\v2.36\pic\sources\c99\common\lomod.c
		___lomod       		CODE           	7104	0000	210

C:\Program Files\Microchip\xc8\v2.36\pic\sources\c99\common\lomod.c estimated size: 210

C:\Program Files\Microchip\xc8\v2.36\pic\sources\c99\common\nf_fputs.c
		_fputs         		CODE           	87DE	0000	72

C:\Program Files\Microchip\xc8\v2.36\pic\sources\c99\common\nf_fputs.c estimated size: 72

C:\Program Files\Microchip\xc8\v2.36\pic\sources\c99\common\printf.c
		_printf        		CODE           	8E76	0000	42

C:\Program Files\Microchip\xc8\v2.36\pic\sources\c99\common\printf.c estimated size: 42

C:\Program Files\Microchip\xc8\v2.36\pic\sources\c99\common\islower.c
		_islower       		CODE           	8B4A	0000	58

C:\Program Files\Microchip\xc8\v2.36\pic\sources\c99\common\islower.c estimated size: 58

i2c_soft.c
		_I2C_ReadFromAddress		CODE           	9148	0000	16
		_SCL_High      		CODE           	920C	0000	8
		_I2C_WriteToAddress		CODE           	9094	0000	26
		_SDA_Low       		CODE           	9186	0000	14
		_I2C_Stop      		CODE           	8F64	0000	34
		_I2C_WriteByte 		CODE           	8466	0000	90
		_I2C_SendOne   		CODE           	90DC	0000	22
		_I2C_Delay     		CODE           	91E6	0000	10
		_I2C_ReadRegister		CODE           	8F18	0000	38
		_I2C_SendZero  		CODE           	90C6	0000	22
		_SDA_High      		CODE           	9204	0000	8
		_I2C_ReadResult		CODE           	7E94	0000	124
		_I2C_Start     		CODE           	8FE8	0000	30
		_SCL_Low       		CODE           	9194	0000	14

i2c_soft.c estimated size: 456

C:\Program Files\Microchip\xc8\v2.36\pic\sources\c99\common\strncmp.c
		_strncmp       		CODE           	6F4A	0000	222

C:\Program Files\Microchip\xc8\v2.36\pic\sources\c99\common\strncmp.c estimated size: 222

C:\Program Files\Microchip\xc8\v2.36\pic\sources\c99\common\tolower.c
		_tolower       		CODE           	8796	0000	72

C:\Program Files\Microchip\xc8\v2.36\pic\sources\c99\common\tolower.c estimated size: 72

C:\Program Files\Microchip\xc8\v2.36\pic\sources\c99\common\__fpclassifyf.c
		___fpclassifyf 		CODE           	66D0	0000	256

C:\Program Files\Microchip\xc8\v2.36\pic\sources\c99\common\__fpclassifyf.c estimated size: 256

C:\Program Files\Microchip\xc8\v2.36\pic\sources\c99\common\sprcmul.c
		___flmul       		CODE           	35C8	0000	1068

C:\Program Files\Microchip\xc8\v2.36\pic\sources\c99\common\sprcmul.c estimated size: 1068

C:\Program Files\Microchip\xc8\v2.36\pic\sources\c99\common\floorf.c
		_floorf        		CODE           	4DCE	0000	534

C:\Program Files\Microchip\xc8\v2.36\pic\sources\c99\common\floorf.c estimated size: 534

C:\Program Files\Microchip\xc8\v2.36\pic\sources\c99\common\sprcdiv.c
		___fldiv       		CODE           	3E1E	0000	924

C:\Program Files\Microchip\xc8\v2.36\pic\sources\c99\common\sprcdiv.c estimated size: 924

C:\Program Files\Microchip\xc8\v2.36\pic\sources\c99\common\atoi.c
		_atoi          		CODE           	5C6C	0000	356

C:\Program Files\Microchip\xc8\v2.36\pic\sources\c99\common\atoi.c estimated size: 356

C:\Program Files\Microchip\xc8\v2.36\pic\sources\c99\common\fleq.c
		___fleq        		CODE           	7B94	0000	172

C:\Program Files\Microchip\xc8\v2.36\pic\sources\c99\common\fleq.c estimated size: 172

C:\Program Files\Microchip\xc8\v2.36\pic\sources\c99\common\toupper.c
		_toupper       		CODE           	886E	0000	70

C:\Program Files\Microchip\xc8\v2.36\pic\sources\c99\common\toupper.c estimated size: 70

C:\Program Files\Microchip\xc8\v2.36\pic\sources\c99\common\awmod.c
		___awmod       		CODE           	7980	0000	178

C:\Program Files\Microchip\xc8\v2.36\pic\sources\c99\common\awmod.c estimated size: 178

C:\Program Files\Microchip\xc8\v2.36\pic\sources\c99\common\isalpha.c
		_isalpha       		CODE           	8AD0	0000	62

C:\Program Files\Microchip\xc8\v2.36\pic\sources\c99\common\isalpha.c estimated size: 62

C:\Program Files\Microchip\xc8\v2.36\pic\sources\c99\common\isspace.c
		_isspace       		CODE           	8518	0000	84

C:\Program Files\Microchip\xc8\v2.36\pic\sources\c99\common\isspace.c estimated size: 84

temp_monitoring.c
		_save_address_in_eeprom		CODE           	8B0E	0000	60
		_read_address_in_eeprom		CODE           	8068	0000	112
		_save_in_eeprom		CODE           	608E	0000	278
		_SD_control    		CODE           	9248	0000	2
		_update_system_data		CODE           	5F30	0000	350

temp_monitoring.c estimated size: 802

C:\Program Files\Microchip\xc8\v2.36\pic\sources\c99\common\xxtofl.c
		___xxtofl      		CODE           	5600	0000	440

C:\Program Files\Microchip\xc8\v2.36\pic\sources\c99\common\xxtofl.c estimated size: 440

C:\Program Files\Microchip\xc8\v2.36\pic\sources\c99\common\strlen.c
		_strlen        		CODE           	8BBE	0000	58

C:\Program Files\Microchip\xc8\v2.36\pic\sources\c99\common\strlen.c estimated size: 58

C:\Program Files\Microchip\xc8\v2.36\pic\sources\c99\common\lodiv.c
		___lodiv       		CODE           	6ABA	0000	242

C:\Program Files\Microchip\xc8\v2.36\pic\sources\c99\common\lodiv.c estimated size: 242

C:\Program Files\Microchip\xc8\v2.36\pic\sources\c99\common\strcpy.c
		_strcpy        		CODE           	82E8	0000	96

C:\Program Files\Microchip\xc8\v2.36\pic\sources\c99\common\strcpy.c estimated size: 96

C:\Program Files\Microchip\xc8\v2.36\pic\sources\c99\common\nf_fputc.c
		_fputc         		CODE           	72A6	0000	204

C:\Program Files\Microchip\xc8\v2.36\pic\sources\c99\common\nf_fputc.c estimated size: 204

C:\Program Files\Microchip\xc8\v2.36\pic\sources\c99\common\isdigit.c
		_isdigit       		CODE           	8C32	0000	58

C:\Program Files\Microchip\xc8\v2.36\pic\sources\c99\common\isdigit.c estimated size: 58

hal_timer0.c
		_TMR0_ISR      		CODE           	91CC	0000	14

hal_timer0.c estimated size: 14

C:\Program Files\Microchip\xc8\v2.36\pic\sources\c99\common\sprcadd.c
		___flsub       		CODE           	8826	0000	72
		___fladd       		CODE           	2C46	0000	1218

C:\Program Files\Microchip\xc8\v2.36\pic\sources\c99\common\sprcadd.c estimated size: 1290

C:\Program Files\Microchip\xc8\v2.36\pic\sources\c99\common\awdiv.c
		___awdiv       		CODE           	7506	0000	198

C:\Program Files\Microchip\xc8\v2.36\pic\sources\c99\common\awdiv.c estimated size: 198

PWM.c
		_start_pwm     		CODE           	9244	0000	4
		_set_pwm_duty  		CODE           	6D86	0000	230

PWM.c estimated size: 234

C:\Program Files\Microchip\xc8\v2.36\pic\sources\c99\common\doprnt.c
		_vfpfcnvrt     		CODE           	1FB6	0000	1928
		_efgtoa        		CODE           	0012	0000	3094
		_pad           		CODE           	7372	0000	202
		_vfprintf      		CODE           	8284	0000	100
		_utoa          		CODE           	51F6	0000	518
		_xtoa          		CODE           	4882	0000	678

C:\Program Files\Microchip\xc8\v2.36\pic\sources\c99\common\doprnt.c estimated size: 6520

C:\Program Files\Microchip\xc8\v2.36\pic\sources\c99\common\fltol.c
		___fltol       		CODE           	62B8	0000	264

C:\Program Files\Microchip\xc8\v2.36\pic\sources\c99\common\fltol.c estimated size: 264

C:\Program Files\Microchip\xc8\v2.36\pic\sources\c99\common\lbmod.c
		___lbmod       		CODE           	8D82	0000	54

C:\Program Files\Microchip\xc8\v2.36\pic\sources\c99\common\lbmod.c estimated size: 54

shared
		_CMD8CRC       		MEDIUMCONST    	0000	0000	0
		_CMD17         		MEDIUMCONST    	0000	0000	0
		_CMD55         		MEDIUMCONST    	0000	0000	0
		i2_vfpfcnvrt   		CODE           	1818	0000	1950
		i2_LCD_Write_4Bit		CODE           	874C	0000	74
		i2_pad         		CODE           	75CC	0000	198
		i2_atoi        		CODE           	5DD0	0000	352
		i2_SCL_Low     		CODE           	91BE	0000	14
		i2_floorf      		CODE           	4FE4	0000	530
		_R1_ILLEGAL_COMMAND		MEDIUMCONST    	0000	0000	0
		i2_putch       		CODE           	91F0	0000	10
		i2___fleq      		CODE           	7C40	0000	170
		i2_isspace     		CODE           	8A0C	0000	68
		i2_I2C_Delay   		CODE           	91FA	0000	10
		_ACMD22        		MEDIUMCONST    	FACC	0000	1
		_ACMD41        		MEDIUMCONST    	0000	0000	0
		i2_utoa        		CODE           	53FC	0000	516
		_START_BLOCK   		MEDIUMCONST    	0000	0000	0
		_CMD12         		MEDIUMCONST    	0000	0000	0
		_CMD8          		MEDIUMCONST    	0000	0000	0
		i2_strncmp     		CODE           	7028	0000	220
		i2_LCD_CMD     		CODE           	9078	0000	28
		_CMD18         		MEDIUMCONST    	0000	0000	0
		_CMD9          		MEDIUMCONST    	0000	0000	0
		i2_SDA_Low     		CODE           	91B0	0000	14
		i2_vfprintf    		CODE           	8148	0000	108
		i2_I2C_ReadFromAddress		CODE           	91DA	0000	12
		i2_isdigit     		CODE           	9250	0000	2
		i2_xtoa        		CODE           	4B28	0000	678
		_CMD0CRC       		MEDIUMCONST    	0000	0000	0
		i2_SCL_High    		CODE           	921C	0000	8
		i2___flneg     		CODE           	8CDE	0000	56
		i2_strcpy      		CODE           	8408	0000	94
		_R1_READY_STATE		MEDIUMCONST    	0000	0000	0
		_CMD13         		MEDIUMCONST    	FAD7	0000	1
		_CMD32         		MEDIUMCONST    	0000	0000	0
		i2___awdiv     		CODE           	7692	0000	196
		_CMD38         		MEDIUMCONST    	0000	0000	0
		i2___fladd     		CODE           	3108	0000	1216
		i2___wmul      		CODE           	8F3E	0000	38
		i2___fldiv     		CODE           	41BA	0000	922
		i2_I2C_WriteToAddress		CODE           	90F2	0000	22
		i2_I2C_Stop    		CODE           	8F86	0000	34
		i2___fltol     		CODE           	64C6	0000	262
		i2_I2C_Start   		CODE           	9006	0000	30
		_CMD0          		MEDIUMCONST    	0000	0000	0
		__initialization		CODE           	7F10	0000	106
		_ACMD23        		MEDIUMCONST    	0000	0000	0
		_Font2         		MEDIUMCONST    	F9E8	0000	220
		i2___flge      		CODE           	65CC	0000	260
		i2___lodiv     		CODE           	6BAC	0000	240
		_CMD33         		MEDIUMCONST    	0000	0000	0
		i2_SDA_High    		CODE           	9214	0000	8
		_CMD58         		MEDIUMCONST    	0000	0000	0
		i2___awmod     		CODE           	7AE4	0000	176
		i2_I2C_SendOne 		CODE           	911E	0000	22
		_CMD1          		MEDIUMCONST    	0000	0000	0
		_CMD24         		MEDIUMCONST    	0000	0000	0
		i2___flmul     		CODE           	39F4	0000	1066
		i2___xxtofl    		CODE           	57B8	0000	436
		_STOP_TRAN     		MEDIUMCONST    	0000	0000	0
		i2_USART_Asynchronous_WriteByte_Blocking		CODE           	90AE	0000	24
		i2___lomod     		CODE           	71D6	0000	208
		i2___fpclassifyf		CODE           	67D0	0000	254
		i2_I2C_SendZero		CODE           	9108	0000	22
		i2_islower     		CODE           	924A	0000	2
		i2_I2C_WriteByte		CODE           	856C	0000	84
		_R1_IDLE_STATE 		MEDIUMCONST    	0000	0000	0
		_START_BLOCK_TOKEN		MEDIUMCONST    	0000	0000	0
		i2___flsub     		CODE           	88FA	0000	70
		_CMD25         		MEDIUMCONST    	0000	0000	0
		i2_efgtoa      		CODE           	0C28	0000	3056
		i2_isupper     		CODE           	924E	0000	2
		_CMD10         		MEDIUMCONST    	0000	0000	0
		i2_fputc       		CODE           	743C	0000	202
		i2_fputs       		CODE           	89C8	0000	68
		_CMD16         		MEDIUMCONST    	0000	0000	0
		i2_strlen      		CODE           	8D4C	0000	54
		i2_tolower     		CODE           	88B4	0000	70
		_Font          		MEDIUMCONST    	F8E9	0000	255
		i2_toupper     		CODE           	8984	0000	68
		i2_I2C_ReadResult		CODE           	7F84	0000	114
		i2_isalpha     		CODE           	924C	0000	2

shared estimated size: 14923

C:\Program Files\Microchip\xc8\v2.36\pic\sources\c99\common\nf_snprintf.c
		_snprintf      		CODE           	61A4	0000	276

C:\Program Files\Microchip\xc8\v2.36\pic\sources\c99\common\nf_snprintf.c estimated size: 276

ds18b20.c
		_OneWireRelease		CODE           	9238	0000	6
		_OneWireReadBit		CODE           	8EF2	0000	38
		_OneWireReadByte		CODE           	8700	0000	76
		_OneWireWriteBit		CODE           	8940	0000	68
		_print_temperature		CODE           	7FF6	0000	114
		_OneWireRead   		CODE           	9134	0000	20
		_OneWireHigh   		CODE           	923E	0000	6
		_OneWireTemp   		CODE           	7A32	0000	178
		_OneWireReset  		CODE           	8D16	0000	54
		_OneWireWriteByte		CODE           	8C6C	0000	58

ds18b20.c estimated size: 618

C:\Program Files\Microchip\xc8\v2.36\pic\sources\c99\common\flge.c
		___flge        		CODE           	63C0	0000	262

C:\Program Files\Microchip\xc8\v2.36\pic\sources\c99\common\flge.c estimated size: 262

./ssd1306_unbuffered.h
		_ssd1306_command		CODE           	8FC8	0000	32
		_SSD1306_Init  		CODE           	69C4	0000	246
		_SSD1306_ClearDisplay		CODE           	83A8	0000	96
		_SSD1306_GotoXY		CODE           	8E18	0000	48
		_SSD1306_PutStretchC		CODE           	4554	0000	814
		_oled_puts     		CODE           	821E	0000	102

./ssd1306_unbuffered.h estimated size: 1338

lcd.c
		_LCD_Init      		CODE           	6C9C	0000	234
		_LCD_Write_4Bit		CODE           	86B4	0000	76
		_LCD_Write_Char		CODE           	905C	0000	28
		_LCD_CMD       		CODE           	8FA8	0000	32
		_LCD_Set_Cursor		CODE           	81B4	0000	106
		_LCD_Clear     		CODE           	9168	0000	16

lcd.c estimated size: 492

mcal_interrupt_manager.c
		_InterruptManager		CODE           	0008	0000	252

mcal_interrupt_manager.c estimated size: 252

main.c
		_USART_OverrunDefaultErrorHandler		CODE           	922C	0000	6
		_timer1_timer_init		CODE           	8DB8	0000	48
		_putch         		CODE           	9178	0000	14
		_main          		CODE           	8A92	0000	62
		_Timer1_DefaultInterruptHandler		CODE           	7812	0000	184
		_USART_RxDefaultInterruptHandler		CODE           	9040	0000	28
		_usart_module_init		CODE           	8664	0000	80
		_USART_FramingDefaultErrorHandler		CODE           	91A2	0000	14
		_USART_TxDefaultInterruptHandler		CODE           	9158	0000	16

main.c estimated size: 452

RTC.c
		_DisplayDateOnLCD		CODE           	5AF2	0000	378
		_DisplayTimeToLCD		CODE           	596C	0000	390
		_Get_DS1307_RTC_Date		CODE           	80D8	0000	112
		_Read_Bytes_From_DS1307_RTC		CODE           	84C0	0000	88
		_Get_DS1307_RTC_Time		CODE           	7756	0000	188

RTC.c estimated size: 1156

C:\Program Files\Microchip\xc8\v2.36\pic\sources\c99\common\Umul16.c
		___wmul        		CODE           	8ECA	0000	40

C:\Program Files\Microchip\xc8\v2.36\pic\sources\c99\common\Umul16.c estimated size: 40

C:\Program Files\Microchip\xc8\v2.36\pic\sources\c99\common\flneg.c
		___flneg       		CODE           	8BF8	0000	58

C:\Program Files\Microchip\xc8\v2.36\pic\sources\c99\common\flneg.c estimated size: 58

led.c
		_set_mode      		CODE           	8612	0000	82

led.c estimated size: 82

C:\Program Files\Microchip\xc8\v2.36\pic\sources\c99\common\isupper.c
		_isupper       		CODE           	8B84	0000	58

C:\Program Files\Microchip\xc8\v2.36\pic\sources\c99\common\isupper.c estimated size: 58

